2026-07-14 00:06:58.324 [http-nio-8081-exec-19] INFO  com.knockfish.security.JwtAuthenticationFilter - === 请求路径: /api/dashboard/article-trend, 方法: GET
2026-07-14 00:06:58.324 [http-nio-8081-exec-43] INFO  com.knockfish.security.JwtAuthenticationFilter - === 请求路径: /api/dashboard/category-stats, 方法: GET
2026-07-14 00:06:58.333 [http-nio-8081-exec-45] INFO  com.knockfish.security.JwtAuthenticationFilter - === 请求路径: /api/dashboard/activities, 方法: GET
2026-07-14 00:06:58.324 [http-nio-8081-exec-8] INFO  com.knockfish.security.JwtAuthenticationFilter - === 请求路径: /api/dashboard/overview, 方法: GET
2026-07-14 00:06:58.712 [http-nio-8081-exec-8] ERROR com.knockfish.security.JwtAuthenticationFilter - Token 验证异常：The Token has expired on 2026-07-13T13:41:56Z.，请求路径：/api/dashboard/overview
2026-07-14 00:06:58.712 [http-nio-8081-exec-45] ERROR com.knockfish.security.JwtAuthenticationFilter - Token 验证异常：The Token has expired on 2026-07-13T13:41:56Z.，请求路径：/api/dashboard/activities
2026-07-14 00:06:58.712 [http-nio-8081-exec-43] ERROR com.knockfish.security.JwtAuthenticationFilter - Token 验证异常：The Token has expired on 2026-07-13T13:41:56Z.，请求路径：/api/dashboard/category-stats
2026-07-14 00:06:58.712 [http-nio-8081-exec-19] ERROR com.knockfish.security.JwtAuthenticationFilter - Token 验证异常：The Token has expired on 2026-07-13T13:41:56Z.，请求路径：/api/dashboard/article-trend
2026-07-14 00:07:10.591 [http-nio-8081-exec-47] INFO  com.knockfish.security.JwtAuthenticationFilter - === 请求路径: /api/auth/login, 方法: POST
2026-07-14 00:07:10.662 [http-nio-8081-exec-47] INFO  com.knockfish.aspect.LogAspect - [用户登录] 请求开始 - POST /api/auth/login - AuthController.login - 参数: {"username":"knockfish","password":"3414338"}
2026-07-14 00:07:10.662 [http-nio-8081-exec-47] DEBUG com.knockfish.service.impl.AuthServiceImpl - 开始验证用户: username=knockfish
2026-07-14 00:07:10.770 [http-nio-8081-exec-47] DEBUG com.knockfish.service.impl.AuthServiceImpl - 用户验证通过: username=knockfish, userId=1
2026-07-14 00:07:10.779 [http-nio-8081-exec-47] INFO  com.knockfish.service.impl.AuthServiceImpl - 用户登录成功: username=knockfish, userId=1
2026-07-14 00:07:10.781 [http-nio-8081-exec-47] INFO  com.knockfish.aspect.LogAspect - [用户登录] 请求成功 - 执行时间: 117ms - 返回结果: {"code":200,"msg":"请求成功","data":{"userId":1,"username":"knockfish","email":"knockfish@qq.com","nickname":"knock_fish","avatar":"https://fishbarn.cn/blog/article-image/2026-06/168954af-15b9-4268-9743-080e1b495538.webp","description":"博客正在施工中……","githubUrl":"https://github.com/Knock-Fish","bilibiliUrl":"https://space.bilibili.com/185570350","background":"https://fishbarn.cn/blog/1/background/ee9c55fa-e731-4401-89ca-11782d01dcd4.webp","createTime":"2026-04-15 14:23:26","roles":null,"token":"eyJhbGciOiJIUzI1NiIsInR5cCI6IkpXVCJ9.eyJ1c2VySWQiOjEsInVzZXJuYW1lIjoia25vY2tmaXNoIiwiZXhwIjoxNzg0MzE4ODMwLCJpYXQiOjE3ODM5NTg4MzB9.rTyWyYMGhMPAocvivjM_lgtwxnTAqtmv8OJKxc-x3bc"}}
2026-07-14 00:07:10.797 [http-nio-8081-exec-50] INFO  com.knockfish.security.JwtAuthenticationFilter - === 请求路径: /api/permission/user/1, 方法: GET
2026-07-14 00:07:10.847 [http-nio-8081-exec-50] DEBUG com.knockfish.security.JwtAuthenticationFilter - 用户 [knockfish] (ID:1) JWT 认证通过
2026-07-14 00:07:10.979 [http-nio-8081-exec-49] INFO  com.knockfish.security.JwtAuthenticationFilter - === 请求路径: /api/dashboard/overview, 方法: GET
2026-07-14 00:07:10.979 [http-nio-8081-exec-11] INFO  com.knockfish.security.JwtAuthenticationFilter - === 请求路径: /api/dashboard/article-trend, 方法: GET
2026-07-14 00:07:10.979 [http-nio-8081-exec-7] INFO  com.knockfish.security.JwtAuthenticationFilter - === 请求路径: /api/dashboard/activities, 方法: GET
2026-07-14 00:07:10.980 [http-nio-8081-exec-1] INFO  com.knockfish.security.JwtAuthenticationFilter - === 请求路径: /api/dashboard/category-stats, 方法: GET
2026-07-14 00:07:10.996 [http-nio-8081-exec-11] DEBUG com.knockfish.security.JwtAuthenticationFilter - 用户 [knockfish] (ID:1) JWT 认证通过
2026-07-14 00:07:11.001 [http-nio-8081-exec-11] INFO  com.knockfish.aspect.LogAspect - [获取文章发布趋势] 请求开始 - GET /api/dashboard/article-trend - DashboardController.getArticleTrend - 参数: "monthly", null
2026-07-14 00:07:11.002 [http-nio-8081-exec-49] DEBUG com.knockfish.security.JwtAuthenticationFilter - 用户 [knockfish] (ID:1) JWT 认证通过
2026-07-14 00:07:11.002 [http-nio-8081-exec-7] DEBUG com.knockfish.security.JwtAuthenticationFilter - 用户 [knockfish] (ID:1) JWT 认证通过
2026-07-14 00:07:11.002 [http-nio-8081-exec-1] DEBUG com.knockfish.security.JwtAuthenticationFilter - 用户 [knockfish] (ID:1) JWT 认证通过
2026-07-14 00:07:11.002 [http-nio-8081-exec-49] INFO  com.knockfish.aspect.LogAspect - [获取仪表盘概览] 请求开始 - GET /api/dashboard/overview - DashboardController.getOverview - 参数: 无
2026-07-14 00:07:11.003 [http-nio-8081-exec-1] INFO  com.knockfish.aspect.LogAspect - [获取文章分类统计] 请求开始 - GET /api/dashboard/category-stats - DashboardController.getCategoryStats - 参数: 无
2026-07-14 00:07:11.005 [http-nio-8081-exec-7] INFO  com.knockfish.aspect.LogAspect - [获取最近动态] 请求开始 - GET /api/dashboard/activities - DashboardController.getActivities - 参数: 10
2026-07-14 00:07:11.006 [http-nio-8081-exec-1] INFO  com.knockfish.aspect.LogAspect - [获取文章分类统计] 请求成功 - 执行时间: 3ms
2026-07-14 00:07:11.010 [http-nio-8081-exec-11] INFO  com.knockfish.aspect.LogAspect - [获取文章发布趋势] 请求成功 - 执行时间: 9ms
2026-07-14 00:07:11.010 [http-nio-8081-exec-7] INFO  com.knockfish.aspect.LogAspect - [获取最近动态] 请求成功 - 执行时间: 5ms
2026-07-14 00:07:11.046 [http-nio-8081-exec-49] INFO  com.knockfish.aspect.LogAspect - [获取仪表盘概览] 请求成功 - 执行时间: 43ms
2026-07-14 00:07:12.560 [http-nio-8081-exec-14] INFO  com.knockfish.security.JwtAuthenticationFilter - === 请求路径: /api/category/with-site-count, 方法: GET
2026-07-14 00:07:12.570 [http-nio-8081-exec-14] DEBUG com.knockfish.security.JwtAuthenticationFilter - 用户 [knockfish] (ID:1) JWT 认证通过
2026-07-14 00:07:12.580 [http-nio-8081-exec-14] INFO  com.knockfish.aspect.LogAspect - [查询分类列表(含统计)] 请求开始 - GET /api/category/with-site-count - CategoryController.getCategoryWithSiteCountList - 参数: {"categoryName":null}, 1, 10
2026-07-14 00:07:12.608 [http-nio-8081-exec-14] INFO  com.knockfish.aspect.LogAspect - [查询分类列表(含统计)] 请求成功 - 执行时间: 27ms
2026-07-14 00:07:13.654 [http-nio-8081-exec-18] INFO  com.knockfish.security.JwtAuthenticationFilter - === 请求路径: /api/site/with-category, 方法: GET
2026-07-14 00:07:13.669 [http-nio-8081-exec-18] DEBUG com.knockfish.security.JwtAuthenticationFilter - 用户 [knockfish] (ID:1) JWT 认证通过
2026-07-14 00:07:13.782 [http-nio-8081-exec-24] INFO  com.knockfish.security.JwtAuthenticationFilter - === 请求路径: /api/category/options, 方法: GET
2026-07-14 00:07:13.798 [http-nio-8081-exec-24] DEBUG com.knockfish.security.JwtAuthenticationFilter - 用户 [knockfish] (ID:1) JWT 认证通过
2026-07-14 00:07:13.799 [http-nio-8081-exec-24] INFO  com.knockfish.aspect.LogAspect - [获取分类选项] 请求开始 - GET /api/category/options - CategoryController.getCategoryOption - 参数: 无
2026-07-14 00:07:13.804 [http-nio-8081-exec-24] INFO  com.knockfish.aspect.LogAspect - [获取分类选项] 请求成功 - 执行时间: 5ms
2026-07-14 00:07:15.306 [http-nio-8081-exec-37] INFO  com.knockfish.security.JwtAuthenticationFilter - === 请求路径: /api/article/list, 方法: GET
2026-07-14 00:07:15.329 [http-nio-8081-exec-37] DEBUG com.knockfish.security.JwtAuthenticationFilter - 用户 [knockfish] (ID:1) JWT 认证通过
2026-07-14 00:07:15.333 [http-nio-8081-exec-37] INFO  com.knockfish.aspect.LogAspect - [查询文章列表] 请求开始 - GET /api/article/list - ArticleController.getArticleList - 参数: {"userId":null,"title":null}, 1, 10
2026-07-14 00:07:15.349 [http-nio-8081-exec-37] INFO  com.knockfish.aspect.LogAspect - [查询文章列表] 请求成功 - 执行时间: 15ms
2026-07-14 00:07:16.398 [http-nio-8081-exec-34] INFO  com.knockfish.security.JwtAuthenticationFilter - === 请求路径: /api/link/page, 方法: GET
2026-07-14 00:07:16.423 [http-nio-8081-exec-34] DEBUG com.knockfish.security.JwtAuthenticationFilter - 用户 [knockfish] (ID:1) JWT 认证通过
2026-07-14 00:07:16.426 [http-nio-8081-exec-34] INFO  com.knockfish.aspect.LogAspect - [查询友链列表] 请求开始 - GET /api/link/page - LinkController.getLinkListVO - 参数: {"linkName":null}, 1, 10
2026-07-14 00:07:16.449 [http-nio-8081-exec-34] INFO  com.knockfish.aspect.LogAspect - [查询友链列表] 请求成功 - 执行时间: 22ms
2026-07-14 00:07:18.409 [http-nio-8081-exec-3] INFO  com.knockfish.security.JwtAuthenticationFilter - === 请求路径: /api/link/page, 方法: GET
2026-07-14 00:07:18.421 [http-nio-8081-exec-3] DEBUG com.knockfish.security.JwtAuthenticationFilter - 用户 [knockfish] (ID:1) JWT 认证通过
2026-07-14 00:07:18.423 [http-nio-8081-exec-3] INFO  com.knockfish.aspect.LogAspect - [查询友链列表] 请求开始 - GET /api/link/page - LinkController.getLinkListVO - 参数: {"linkName":null}, 1, 10
2026-07-14 00:07:18.429 [http-nio-8081-exec-3] INFO  com.knockfish.aspect.LogAspect - [查询友链列表] 请求成功 - 执行时间: 6ms
2026-07-14 00:07:27.674 [SpringApplicationShutdownHook] INFO  com.zaxxer.hikari.HikariDataSource - KnockfishHikariCP - Shutdown initiated...
2026-07-14 00:07:27.676 [SpringApplicationShutdownHook] INFO  com.zaxxer.hikari.HikariDataSource - KnockfishHikariCP - Shutdown completed.
2026-07-14 01:00:41.649 [background-preinit] INFO  org.hibernate.validator.internal.util.Version - HV000001: Hibernate Validator 8.0.3.Final
2026-07-14 01:00:41.814 [main] INFO  com.knockfish.KnockfishBlogBackendApplication - Starting KnockfishBlogBackendApplication using Java 17.0.9 with PID 14312 (E:\fish_blog\knockfish-blog-backend\target\classes started by DELL in E:\fish_blog\knockfish-blog-backend)
2026-07-14 01:00:41.816 [main] DEBUG com.knockfish.KnockfishBlogBackendApplication - Running with Spring Boot v3.5.13, Spring v6.2.17
2026-07-14 01:00:41.817 [main] INFO  com.knockfish.KnockfishBlogBackendApplication - No active profile set, falling back to 1 default profile: "default"
2026-07-14 01:00:46.983 [main] INFO  org.apache.coyote.http11.Http11NioProtocol - Initializing ProtocolHandler ["http-nio-8081"]
2026-07-14 01:00:46.986 [main] INFO  org.apache.catalina.core.StandardService - Starting service [Tomcat]
2026-07-14 01:00:46.987 [main] INFO  org.apache.catalina.core.StandardEngine - Starting Servlet engine: [Apache Tomcat/10.1.53]
2026-07-14 01:00:47.096 [main] INFO  o.a.c.core.ContainerBase.[Tomcat].[localhost].[/] - Initializing Spring embedded WebApplicationContext
2026-07-14 01:00:48.717 [main] DEBUG com.knockfish.security.JwtAuthenticationFilter - Filter 'jwtAuthenticationFilter' configured for use
2026-07-14 01:00:52.993 [main] INFO  org.apache.coyote.http11.Http11NioProtocol - Starting ProtocolHandler ["http-nio-8081"]
2026-07-14 01:00:53.080 [main] INFO  com.knockfish.KnockfishBlogBackendApplication - Started KnockfishBlogBackendApplication in 12.999 seconds (process running for 16.68)
2026-07-14 01:02:01.950 [http-nio-8081-exec-3] INFO  o.a.c.core.ContainerBase.[Tomcat].[localhost].[/] - Initializing Spring DispatcherServlet 'dispatcherServlet'
2026-07-14 01:02:02.165 [http-nio-8081-exec-3] INFO  com.knockfish.security.JwtAuthenticationFilter - === 请求路径: /api/tag, 方法: GET
2026-07-14 01:02:02.165 [http-nio-8081-exec-2] INFO  com.knockfish.security.JwtAuthenticationFilter - === 请求路径: /api/user/2, 方法: GET
2026-07-14 01:02:02.167 [http-nio-8081-exec-1] INFO  com.knockfish.security.JwtAuthenticationFilter - === 请求路径: /api/user/1, 方法: GET
2026-07-14 01:02:02.180 [http-nio-8081-exec-5] INFO  com.knockfish.security.JwtAuthenticationFilter - === 请求路径: /api/article/with-tag, 方法: GET
2026-07-14 01:02:02.329 [http-nio-8081-exec-2] INFO  com.knockfish.aspect.LogAspect - [查询用户信息] 请求开始 - GET /api/user/2 - UserController.getUserById - 参数: 2
2026-07-14 01:02:02.329 [http-nio-8081-exec-1] INFO  com.knockfish.aspect.LogAspect - [查询用户信息] 请求开始 - GET /api/user/1 - UserController.getUserById - 参数: 1
2026-07-14 01:02:02.361 [http-nio-8081-exec-2] INFO  com.zaxxer.hikari.HikariDataSource - KnockfishHikariCP - Starting...
2026-07-14 01:02:02.445 [http-nio-8081-exec-5] INFO  com.knockfish.aspect.LogAspect - [查询文章列表(含标签)] 请求开始 - GET /api/article/with-tag - ArticleController.getArticleWithTagList - 参数: {"userId":0,"title":null}, 1, 10
2026-07-14 01:02:02.969 [http-nio-8081-exec-2] INFO  com.zaxxer.hikari.pool.HikariPool - KnockfishHikariCP - Added connection com.mysql.cj.jdbc.ConnectionImpl@4bb392cd
2026-07-14 01:02:02.976 [http-nio-8081-exec-2] INFO  com.zaxxer.hikari.HikariDataSource - KnockfishHikariCP - Start completed.
2026-07-14 01:02:03.137 [http-nio-8081-exec-2] INFO  com.knockfish.aspect.LogAspect - [查询用户信息] 请求成功 - 执行时间: 807ms
2026-07-14 01:02:03.138 [http-nio-8081-exec-1] INFO  com.knockfish.aspect.LogAspect - [查询用户信息] 请求成功 - 执行时间: 808ms
2026-07-14 01:02:03.181 [http-nio-8081-exec-5] INFO  com.knockfish.aspect.LogAspect - [查询文章列表(含标签)] 请求成功 - 执行时间: 734ms
2026-07-14 01:02:09.972 [http-nio-8081-exec-6] INFO  com.knockfish.security.JwtAuthenticationFilter - === 请求路径: /api/article/archive, 方法: GET
2026-07-14 01:02:09.972 [http-nio-8081-exec-14] INFO  com.knockfish.security.JwtAuthenticationFilter - === 请求路径: /api/note/menu, 方法: GET
2026-07-14 01:02:09.975 [http-nio-8081-exec-6] INFO  com.knockfish.aspect.LogAspect - [获取文章归档列表] 请求开始 - GET /api/article/archive - ArticleController.getArticleArchiveList - 参数: 无
2026-07-14 01:02:09.976 [http-nio-8081-exec-14] INFO  com.knockfish.aspect.LogAspect - [获取笔记菜单] 请求开始 - GET /api/note/menu - NoteController.getNoteMenuList - 参数: 无
2026-07-14 01:02:09.990 [http-nio-8081-exec-14] INFO  com.knockfish.aspect.LogAspect - [获取笔记菜单] 请求成功 - 执行时间: 13ms
2026-07-14 01:02:09.999 [http-nio-8081-exec-6] INFO  com.knockfish.aspect.LogAspect - [获取文章归档列表] 请求成功 - 执行时间: 23ms
2026-07-14 01:02:14.257 [http-nio-8081-exec-9] INFO  com.knockfish.security.JwtAuthenticationFilter - === 请求路径: /api/category/with-site, 方法: GET
2026-07-14 01:02:14.261 [http-nio-8081-exec-9] INFO  com.knockfish.aspect.LogAspect - [获取分类列表(含站点)] 请求开始 - GET /api/category/with-site - CategoryController.getCategoryWithSiteList - 参数: 无
2026-07-14 01:02:14.315 [http-nio-8081-exec-9] INFO  com.knockfish.aspect.LogAspect - [获取分类列表(含站点)] 请求成功 - 执行时间: 53ms
2026-07-14 01:02:15.091 [http-nio-8081-exec-10] INFO  com.knockfish.security.JwtAuthenticationFilter - === 请求路径: /api/link/list, 方法: GET
2026-07-14 01:03:22.325 [http-nio-8081-exec-15] INFO  com.knockfish.security.JwtAuthenticationFilter - === 请求路径: /api/dashboard/article-trend, 方法: GET
2026-07-14 01:03:22.326 [http-nio-8081-exec-18] INFO  com.knockfish.security.JwtAuthenticationFilter - === 请求路径: /api/dashboard/overview, 方法: GET
2026-07-14 01:03:22.333 [http-nio-8081-exec-19] INFO  com.knockfish.security.JwtAuthenticationFilter - === 请求路径: /api/dashboard/category-stats, 方法: GET
2026-07-14 01:03:22.333 [http-nio-8081-exec-20] INFO  com.knockfish.security.JwtAuthenticationFilter - === 请求路径: /api/dashboard/activities, 方法: GET
2026-07-14 01:03:22.649 [http-nio-8081-exec-18] DEBUG com.knockfish.security.JwtAuthenticationFilter - 用户 [knockfish] (ID:1) JWT 认证通过
2026-07-14 01:03:22.649 [http-nio-8081-exec-19] DEBUG com.knockfish.security.JwtAuthenticationFilter - 用户 [knockfish] (ID:1) JWT 认证通过
2026-07-14 01:03:22.649 [http-nio-8081-exec-15] DEBUG com.knockfish.security.JwtAuthenticationFilter - 用户 [knockfish] (ID:1) JWT 认证通过
2026-07-14 01:03:22.649 [http-nio-8081-exec-20] DEBUG com.knockfish.security.JwtAuthenticationFilter - 用户 [knockfish] (ID:1) JWT 认证通过
2026-07-14 01:03:22.651 [http-nio-8081-exec-19] INFO  com.knockfish.aspect.LogAspect - [获取文章分类统计] 请求开始 - GET /api/dashboard/category-stats - DashboardController.getCategoryStats - 参数: 无
2026-07-14 01:03:22.652 [http-nio-8081-exec-20] INFO  com.knockfish.aspect.LogAspect - [获取最近动态] 请求开始 - GET /api/dashboard/activities - DashboardController.getActivities - 参数: 10
2026-07-14 01:03:22.653 [http-nio-8081-exec-18] INFO  com.knockfish.aspect.LogAspect - [获取仪表盘概览] 请求开始 - GET /api/dashboard/overview - DashboardController.getOverview - 参数: 无
2026-07-14 01:03:22.665 [http-nio-8081-exec-20] INFO  com.knockfish.aspect.LogAspect - [获取最近动态] 请求成功 - 执行时间: 13ms
2026-07-14 01:03:22.676 [http-nio-8081-exec-19] INFO  com.knockfish.aspect.LogAspect - [获取文章分类统计] 请求成功 - 执行时间: 24ms
2026-07-14 01:03:22.693 [http-nio-8081-exec-15] INFO  com.knockfish.aspect.LogAspect - [获取文章发布趋势] 请求开始 - GET /api/dashboard/article-trend - DashboardController.getArticleTrend - 参数: "monthly", null
2026-07-14 01:03:22.704 [http-nio-8081-exec-15] INFO  com.knockfish.aspect.LogAspect - [获取文章发布趋势] 请求成功 - 执行时间: 11ms
2026-07-14 01:03:22.836 [http-nio-8081-exec-18] INFO  com.knockfish.aspect.LogAspect - [获取仪表盘概览] 请求成功 - 执行时间: 181ms
2026-07-14 01:03:24.177 [http-nio-8081-exec-22] INFO  com.knockfish.security.JwtAuthenticationFilter - === 请求路径: /api/dashboard/overview, 方法: GET
2026-07-14 01:03:24.177 [http-nio-8081-exec-26] INFO  com.knockfish.security.JwtAuthenticationFilter - === 请求路径: /api/dashboard/article-trend, 方法: GET
2026-07-14 01:03:24.185 [http-nio-8081-exec-8] INFO  com.knockfish.security.JwtAuthenticationFilter - === 请求路径: /api/dashboard/tag-cloud, 方法: GET
2026-07-14 01:03:24.187 [http-nio-8081-exec-23] INFO  com.knockfish.security.JwtAuthenticationFilter - === 请求路径: /api/dashboard/latest-articles, 方法: GET
2026-07-14 01:03:24.208 [http-nio-8081-exec-22] DEBUG com.knockfish.security.JwtAuthenticationFilter - 用户 [knockfish] (ID:1) JWT 认证通过
2026-07-14 01:03:24.208 [http-nio-8081-exec-26] DEBUG com.knockfish.security.JwtAuthenticationFilter - 用户 [knockfish] (ID:1) JWT 认证通过
2026-07-14 01:03:24.209 [http-nio-8081-exec-22] INFO  com.knockfish.aspect.LogAspect - [获取仪表盘概览] 请求开始 - GET /api/dashboard/overview - DashboardController.getOverview - 参数: 无
2026-07-14 01:03:24.209 [http-nio-8081-exec-26] INFO  com.knockfish.aspect.LogAspect - [获取文章发布趋势] 请求开始 - GET /api/dashboard/article-trend - DashboardController.getArticleTrend - 参数: "monthly", null
2026-07-14 01:03:24.211 [http-nio-8081-exec-8] DEBUG com.knockfish.security.JwtAuthenticationFilter - 用户 [knockfish] (ID:1) JWT 认证通过
2026-07-14 01:03:24.213 [http-nio-8081-exec-8] INFO  com.knockfish.aspect.LogAspect - [获取标签云] 请求开始 - GET /api/dashboard/tag-cloud - DashboardController.getTagCloud - 参数: 无
2026-07-14 01:03:24.222 [http-nio-8081-exec-26] INFO  com.knockfish.aspect.LogAspect - [获取文章发布趋势] 请求成功 - 执行时间: 12ms
2026-07-14 01:03:24.223 [http-nio-8081-exec-8] INFO  com.knockfish.aspect.LogAspect - [获取标签云] 请求成功 - 执行时间: 10ms
2026-07-14 01:03:24.226 [http-nio-8081-exec-23] DEBUG com.knockfish.security.JwtAuthenticationFilter - 用户 [knockfish] (ID:1) JWT 认证通过
2026-07-14 01:03:24.229 [http-nio-8081-exec-23] INFO  com.knockfish.aspect.LogAspect - [获取最近文章] 请求开始 - GET /api/dashboard/latest-articles - DashboardController.getLatestArticles - 参数: 10
2026-07-14 01:03:24.238 [http-nio-8081-exec-23] INFO  com.knockfish.aspect.LogAspect - [获取最近文章] 请求成功 - 执行时间: 8ms
2026-07-14 01:03:24.260 [http-nio-8081-exec-22] INFO  com.knockfish.aspect.LogAspect - [获取仪表盘概览] 请求成功 - 执行时间: 51ms
2026-07-14 01:03:26.557 [http-nio-8081-exec-33] INFO  com.knockfish.security.JwtAuthenticationFilter - === 请求路径: /api/tag/page, 方法: GET
2026-07-14 01:03:26.570 [http-nio-8081-exec-33] DEBUG com.knockfish.security.JwtAuthenticationFilter - 用户 [knockfish] (ID:1) JWT 认证通过
2026-07-14 01:03:26.575 [http-nio-8081-exec-33] INFO  com.knockfish.aspect.LogAspect - [查询标签列表] 请求开始 - GET /api/tag/page - TagController.getTagListVO - 参数: {"tagName":null}, 1, 10
2026-07-14 01:03:26.624 [http-nio-8081-exec-33] INFO  com.knockfish.aspect.LogAspect - [查询标签列表] 请求成功 - 执行时间: 49ms
2026-07-14 01:03:27.802 [http-nio-8081-exec-38] INFO  com.knockfish.security.JwtAuthenticationFilter - === 请求路径: /api/category/with-site-count, 方法: GET
2026-07-14 01:03:27.816 [http-nio-8081-exec-38] DEBUG com.knockfish.security.JwtAuthenticationFilter - 用户 [knockfish] (ID:1) JWT 认证通过
2026-07-14 01:03:27.819 [http-nio-8081-exec-38] INFO  com.knockfish.aspect.LogAspect - [查询分类列表(含统计)] 请求开始 - GET /api/category/with-site-count - CategoryController.getCategoryWithSiteCountList - 参数: {"categoryName":null}, 1, 10
2026-07-14 01:03:27.854 [http-nio-8081-exec-38] INFO  com.knockfish.aspect.LogAspect - [查询分类列表(含统计)] 请求成功 - 执行时间: 35ms
2026-07-14 01:03:28.901 [http-nio-8081-exec-41] INFO  com.knockfish.security.JwtAuthenticationFilter - === 请求路径: /api/site/with-category, 方法: GET
2026-07-14 01:03:28.921 [http-nio-8081-exec-41] DEBUG com.knockfish.security.JwtAuthenticationFilter - 用户 [knockfish] (ID:1) JWT 认证通过
2026-07-14 01:03:29.169 [http-nio-8081-exec-24] INFO  com.knockfish.security.JwtAuthenticationFilter - === 请求路径: /api/category/options, 方法: GET
2026-07-14 01:03:29.187 [http-nio-8081-exec-24] DEBUG com.knockfish.security.JwtAuthenticationFilter - 用户 [knockfish] (ID:1) JWT 认证通过
2026-07-14 01:03:29.189 [http-nio-8081-exec-24] INFO  com.knockfish.aspect.LogAspect - [获取分类选项] 请求开始 - GET /api/category/options - CategoryController.getCategoryOption - 参数: 无
2026-07-14 01:03:29.194 [http-nio-8081-exec-24] INFO  com.knockfish.aspect.LogAspect - [获取分类选项] 请求成功 - 执行时间: 4ms
2026-07-14 01:03:31.286 [http-nio-8081-exec-28] INFO  com.knockfish.security.JwtAuthenticationFilter - === 请求路径: /api/note, 方法: GET
2026-07-14 01:03:31.296 [http-nio-8081-exec-28] INFO  com.knockfish.aspect.LogAspect - [获取笔记列表] 请求开始 - GET /api/note - NoteController.getNoteList - 参数: {"noteTitle":null}, 1, 10
2026-07-14 01:03:31.374 [http-nio-8081-exec-28] INFO  com.knockfish.aspect.LogAspect - [获取笔记列表] 请求成功 - 执行时间: 78ms
2026-07-14 01:03:32.272 [http-nio-8081-exec-31] INFO  com.knockfish.security.JwtAuthenticationFilter - === 请求路径: /api/code-category, 方法: GET
2026-07-14 01:03:32.294 [http-nio-8081-exec-31] DEBUG com.knockfish.security.JwtAuthenticationFilter - 用户 [knockfish] (ID:1) JWT 认证通过
2026-07-14 01:03:32.301 [http-nio-8081-exec-31] INFO  com.knockfish.aspect.LogAspect - [查询代码分类列表] 请求开始 - GET /api/code-category - CodeCategoryController.getCodeCategoryList - 参数: {"codeCategoryName":null}, 1, 10
2026-07-14 01:03:32.334 [http-nio-8081-exec-31] INFO  com.knockfish.aspect.LogAspect - [查询代码分类列表] 请求成功 - 执行时间: 33ms
2026-07-14 01:03:35.962 [http-nio-8081-exec-32] INFO  com.knockfish.security.JwtAuthenticationFilter - === 请求路径: /api/code-category/menu, 方法: GET
2026-07-14 01:03:35.964 [http-nio-8081-exec-32] INFO  com.knockfish.aspect.LogAspect - [获取代码分类菜单] 请求开始 - GET /api/code-category/menu - CodeCategoryController.getMenuList - 参数: 无
2026-07-14 01:03:35.971 [http-nio-8081-exec-32] INFO  com.knockfish.aspect.LogAspect - [获取代码分类菜单] 请求成功 - 执行时间: 6ms
2026-07-14 01:03:38.757 [http-nio-8081-exec-35] INFO  com.knockfish.security.JwtAuthenticationFilter - === 请求路径: /api/code-category, 方法: GET
2026-07-14 01:03:38.775 [http-nio-8081-exec-35] DEBUG com.knockfish.security.JwtAuthenticationFilter - 用户 [knockfish] (ID:1) JWT 认证通过
2026-07-14 01:03:38.777 [http-nio-8081-exec-35] INFO  com.knockfish.aspect.LogAspect - [查询代码分类列表] 请求开始 - GET /api/code-category - CodeCategoryController.getCodeCategoryList - 参数: {"codeCategoryName":null}, 1, 10
2026-07-14 01:03:38.791 [http-nio-8081-exec-35] INFO  com.knockfish.aspect.LogAspect - [查询代码分类列表] 请求成功 - 执行时间: 14ms
2026-07-14 01:03:48.276 [SpringApplicationShutdownHook] INFO  com.zaxxer.hikari.HikariDataSource - KnockfishHikariCP - Shutdown initiated...
2026-07-14 01:03:48.288 [SpringApplicationShutdownHook] INFO  com.zaxxer.hikari.HikariDataSource - KnockfishHikariCP - Shutdown completed.
