2026-07-18 00:04:40.034 [http-nio-8081-exec-44] INFO  com.knockfish.security.JwtAuthenticationFilter - === 请求路径: /api/tag/page, 方法: GET
2026-07-18 00:04:40.275 [http-nio-8081-exec-44] DEBUG com.knockfish.security.JwtAuthenticationFilter - 用户 [knockfish] (ID:1) JWT 认证通过
2026-07-18 00:04:40.284 [http-nio-8081-exec-44] INFO  com.knockfish.aspect.LogAspect - [查询标签列表] 请求开始 - GET /api/tag/page - TagController.getTagListVO - 参数: {"tagName":null}, 1, 10
2026-07-18 00:04:40.334 [http-nio-8081-exec-44] INFO  com.knockfish.aspect.LogAspect - [查询标签列表] 请求成功 - 执行时间: 50ms
2026-07-18 00:04:42.668 [http-nio-8081-exec-48] INFO  com.knockfish.security.JwtAuthenticationFilter - === 请求路径: /api/category/with-site-count, 方法: GET
2026-07-18 00:04:42.712 [http-nio-8081-exec-48] DEBUG com.knockfish.security.JwtAuthenticationFilter - 用户 [knockfish] (ID:1) JWT 认证通过
2026-07-18 00:04:42.719 [http-nio-8081-exec-48] INFO  com.knockfish.aspect.LogAspect - [查询分类列表(含统计)] 请求开始 - GET /api/category/with-site-count - CategoryController.getCategoryWithSiteCountList - 参数: {"categoryName":null}, 1, 10
2026-07-18 00:04:42.876 [http-nio-8081-exec-48] INFO  com.knockfish.aspect.LogAspect - [查询分类列表(含统计)] 请求成功 - 执行时间: 155ms
2026-07-18 00:04:50.506 [http-nio-8081-exec-45] INFO  com.knockfish.security.JwtAuthenticationFilter - === 请求路径: /api/site/with-category, 方法: GET
2026-07-18 00:04:50.570 [http-nio-8081-exec-45] DEBUG com.knockfish.security.JwtAuthenticationFilter - 用户 [knockfish] (ID:1) JWT 认证通过
2026-07-18 00:04:50.805 [http-nio-8081-exec-50] INFO  com.knockfish.security.JwtAuthenticationFilter - === 请求路径: /api/category/options, 方法: GET
2026-07-18 00:04:50.862 [http-nio-8081-exec-50] DEBUG com.knockfish.security.JwtAuthenticationFilter - 用户 [knockfish] (ID:1) JWT 认证通过
2026-07-18 00:04:50.865 [http-nio-8081-exec-50] INFO  com.knockfish.aspect.LogAspect - [获取分类选项] 请求开始 - GET /api/category/options - CategoryController.getCategoryOption - 参数: 无
2026-07-18 00:04:50.877 [http-nio-8081-exec-50] INFO  com.knockfish.aspect.LogAspect - [获取分类选项] 请求成功 - 执行时间: 12ms
2026-07-18 00:05:09.768 [http-nio-8081-exec-5] INFO  com.knockfish.security.JwtAuthenticationFilter - === 请求路径: /api/r2-file/prefix, 方法: GET
2026-07-18 00:05:09.811 [http-nio-8081-exec-5] DEBUG com.knockfish.security.JwtAuthenticationFilter - 用户 [knockfish] (ID:1) JWT 认证通过
2026-07-18 00:58:28.119 [http-nio-8081-exec-2] INFO  com.knockfish.security.JwtAuthenticationFilter - === 请求路径: /api/r2-file/prefix, 方法: GET
2026-07-18 00:58:28.425 [http-nio-8081-exec-2] DEBUG com.knockfish.security.JwtAuthenticationFilter - 用户 [knockfish] (ID:1) JWT 认证通过
2026-07-18 01:00:15.749 [http-nio-8081-exec-4] INFO  com.knockfish.security.JwtAuthenticationFilter - === 请求路径: /api/site/with-category, 方法: GET
2026-07-18 01:00:15.795 [http-nio-8081-exec-4] DEBUG com.knockfish.security.JwtAuthenticationFilter - 用户 [user_fish] (ID:3) JWT 认证通过
2026-07-18 01:00:16.110 [http-nio-8081-exec-9] INFO  com.knockfish.security.JwtAuthenticationFilter - === 请求路径: /api/category/options, 方法: GET
2026-07-18 01:00:16.143 [http-nio-8081-exec-9] DEBUG com.knockfish.security.JwtAuthenticationFilter - 用户 [user_fish] (ID:3) JWT 认证通过
2026-07-18 01:00:16.172 [http-nio-8081-exec-9] INFO  com.knockfish.aspect.LogAspect - [获取分类选项] 请求开始 - GET /api/category/options - CategoryController.getCategoryOption - 参数: 无
2026-07-18 01:00:16.186 [http-nio-8081-exec-9] INFO  com.knockfish.aspect.LogAspect - [获取分类选项] 请求成功 - 执行时间: 13ms
2026-07-18 02:00:00.594 [scheduling-1] INFO  com.knockfish.scheduler.FileCleanupScheduler - ========== 文件资源定时清理任务开始 ==========
2026-07-18 02:00:00.627 [scheduling-1] INFO  c.knockfish.service.impl.FileReferenceServiceImpl - ========== 文件资源清理任务开始 ==========
2026-07-18 02:00:00.746 [scheduling-1] INFO  c.knockfish.service.impl.FileReferenceServiceImpl - 未发现需要清理的孤立文件，任务结束
2026-07-18 02:00:00.746 [scheduling-1] INFO  c.knockfish.service.impl.FileReferenceServiceImpl - ========== 文件资源清理任务结束 ==========
2026-07-18 02:32:08.666 [http-nio-8081-exec-14] INFO  com.knockfish.security.JwtAuthenticationFilter - === 请求路径: /api/site/with-category, 方法: GET
2026-07-18 02:32:08.777 [http-nio-8081-exec-14] DEBUG com.knockfish.security.JwtAuthenticationFilter - 用户 [user_fish] (ID:3) JWT 认证通过
2026-07-18 02:32:09.144 [http-nio-8081-exec-16] INFO  com.knockfish.security.JwtAuthenticationFilter - === 请求路径: /api/category/options, 方法: GET
2026-07-18 02:32:09.170 [http-nio-8081-exec-16] DEBUG com.knockfish.security.JwtAuthenticationFilter - 用户 [user_fish] (ID:3) JWT 认证通过
2026-07-18 02:32:09.191 [http-nio-8081-exec-16] INFO  com.knockfish.aspect.LogAspect - [获取分类选项] 请求开始 - GET /api/category/options - CategoryController.getCategoryOption - 参数: 无
2026-07-18 02:32:09.200 [http-nio-8081-exec-16] INFO  com.knockfish.aspect.LogAspect - [获取分类选项] 请求成功 - 执行时间: 8ms
2026-07-18 02:32:13.694 [http-nio-8081-exec-13] INFO  com.knockfish.security.JwtAuthenticationFilter - === 请求路径: /api/category/with-site-count, 方法: GET
2026-07-18 02:32:13.712 [http-nio-8081-exec-13] DEBUG com.knockfish.security.JwtAuthenticationFilter - 用户 [user_fish] (ID:3) JWT 认证通过
2026-07-18 02:32:13.722 [http-nio-8081-exec-13] INFO  com.knockfish.aspect.LogAspect - [查询分类列表(含统计)] 请求开始 - GET /api/category/with-site-count - CategoryController.getCategoryWithSiteCountList - 参数: {"categoryName":null}, 1, 10
2026-07-18 02:32:13.753 [http-nio-8081-exec-13] INFO  com.knockfish.aspect.LogAspect - [查询分类列表(含统计)] 请求成功 - 执行时间: 31ms
2026-07-18 02:32:37.494 [http-nio-8081-exec-17] INFO  com.knockfish.security.JwtAuthenticationFilter - === 请求路径: /api/category/with-site-count, 方法: GET
2026-07-18 02:32:37.515 [http-nio-8081-exec-17] DEBUG com.knockfish.security.JwtAuthenticationFilter - 用户 [user_fish] (ID:3) JWT 认证通过
2026-07-18 02:32:37.517 [http-nio-8081-exec-17] INFO  com.knockfish.aspect.LogAspect - [查询分类列表(含统计)] 请求开始 - GET /api/category/with-site-count - CategoryController.getCategoryWithSiteCountList - 参数: {"categoryName":null}, 1, 10
2026-07-18 02:32:37.525 [http-nio-8081-exec-17] INFO  com.knockfish.aspect.LogAspect - [查询分类列表(含统计)] 请求成功 - 执行时间: 8ms
2026-07-18 02:32:38.778 [http-nio-8081-exec-21] INFO  com.knockfish.security.JwtAuthenticationFilter - === 请求路径: /api/tag/page, 方法: GET
2026-07-18 02:32:38.790 [http-nio-8081-exec-21] DEBUG com.knockfish.security.JwtAuthenticationFilter - 用户 [user_fish] (ID:3) JWT 认证通过
2026-07-18 02:32:38.797 [http-nio-8081-exec-21] INFO  com.knockfish.aspect.LogAspect - [查询标签列表] 请求开始 - GET /api/tag/page - TagController.getTagListVO - 参数: {"tagName":null}, 1, 10
2026-07-18 02:32:38.838 [http-nio-8081-exec-21] INFO  com.knockfish.aspect.LogAspect - [查询标签列表] 请求成功 - 执行时间: 41ms
2026-07-18 02:32:40.452 [http-nio-8081-exec-19] INFO  com.knockfish.security.JwtAuthenticationFilter - === 请求路径: /api/category/with-site-count, 方法: GET
2026-07-18 02:32:40.465 [http-nio-8081-exec-19] DEBUG com.knockfish.security.JwtAuthenticationFilter - 用户 [user_fish] (ID:3) JWT 认证通过
2026-07-18 02:32:40.466 [http-nio-8081-exec-19] INFO  com.knockfish.aspect.LogAspect - [查询分类列表(含统计)] 请求开始 - GET /api/category/with-site-count - CategoryController.getCategoryWithSiteCountList - 参数: {"categoryName":null}, 1, 10
2026-07-18 02:32:40.479 [http-nio-8081-exec-19] INFO  com.knockfish.aspect.LogAspect - [查询分类列表(含统计)] 请求成功 - 执行时间: 13ms
2026-07-18 02:32:42.036 [http-nio-8081-exec-23] INFO  com.knockfish.security.JwtAuthenticationFilter - === 请求路径: /api/tag/page, 方法: GET
2026-07-18 02:32:42.053 [http-nio-8081-exec-23] DEBUG com.knockfish.security.JwtAuthenticationFilter - 用户 [user_fish] (ID:3) JWT 认证通过
2026-07-18 02:32:42.054 [http-nio-8081-exec-23] INFO  com.knockfish.aspect.LogAspect - [查询标签列表] 请求开始 - GET /api/tag/page - TagController.getTagListVO - 参数: {"tagName":null}, 1, 10
2026-07-18 02:32:42.061 [http-nio-8081-exec-23] INFO  com.knockfish.aspect.LogAspect - [查询标签列表] 请求成功 - 执行时间: 7ms
2026-07-18 02:33:15.501 [http-nio-8081-exec-27] INFO  com.knockfish.security.JwtAuthenticationFilter - === 请求路径: /api/link/page, 方法: GET
2026-07-18 02:33:15.523 [http-nio-8081-exec-27] DEBUG com.knockfish.security.JwtAuthenticationFilter - 用户 [user_fish] (ID:3) JWT 认证通过
2026-07-18 02:33:15.527 [http-nio-8081-exec-27] INFO  com.knockfish.aspect.LogAspect - [查询友链列表] 请求开始 - GET /api/link/page - LinkController.getLinkListVO - 参数: {"linkName":null}, 1, 10
2026-07-18 02:33:15.545 [http-nio-8081-exec-27] INFO  com.knockfish.aspect.LogAspect - [查询友链列表] 请求成功 - 执行时间: 18ms
2026-07-18 02:33:19.948 [http-nio-8081-exec-25] INFO  com.knockfish.security.JwtAuthenticationFilter - === 请求路径: /api/category/with-site-count, 方法: GET
2026-07-18 02:33:19.960 [http-nio-8081-exec-25] DEBUG com.knockfish.security.JwtAuthenticationFilter - 用户 [user_fish] (ID:3) JWT 认证通过
2026-07-18 02:33:19.961 [http-nio-8081-exec-25] INFO  com.knockfish.aspect.LogAspect - [查询分类列表(含统计)] 请求开始 - GET /api/category/with-site-count - CategoryController.getCategoryWithSiteCountList - 参数: {"categoryName":null}, 1, 10
2026-07-18 02:33:19.971 [http-nio-8081-exec-25] INFO  com.knockfish.aspect.LogAspect - [查询分类列表(含统计)] 请求成功 - 执行时间: 8ms
2026-07-18 02:48:30.613 [http-nio-8081-exec-20] INFO  com.knockfish.security.JwtAuthenticationFilter - === 请求路径: /api/category/with-site-count, 方法: GET
2026-07-18 02:48:30.649 [http-nio-8081-exec-20] DEBUG com.knockfish.security.JwtAuthenticationFilter - 用户 [user_fish] (ID:3) JWT 认证通过
2026-07-18 02:48:30.651 [http-nio-8081-exec-20] INFO  com.knockfish.aspect.LogAspect - [查询分类列表(含统计)] 请求开始 - GET /api/category/with-site-count - CategoryController.getCategoryWithSiteCountList - 参数: {"categoryName":null}, 1, 10
2026-07-18 02:48:30.661 [http-nio-8081-exec-20] INFO  com.knockfish.aspect.LogAspect - [查询分类列表(含统计)] 请求成功 - 执行时间: 9ms
2026-07-18 03:01:49.364 [http-nio-8081-exec-30] INFO  com.knockfish.security.JwtAuthenticationFilter - === 请求路径: /api/site/with-category, 方法: GET
2026-07-18 03:01:49.399 [http-nio-8081-exec-30] DEBUG com.knockfish.security.JwtAuthenticationFilter - 用户 [user_fish] (ID:3) JWT 认证通过
2026-07-18 03:01:49.515 [http-nio-8081-exec-29] INFO  com.knockfish.security.JwtAuthenticationFilter - === 请求路径: /api/category/options, 方法: GET
2026-07-18 03:01:49.539 [http-nio-8081-exec-29] DEBUG com.knockfish.security.JwtAuthenticationFilter - 用户 [user_fish] (ID:3) JWT 认证通过
2026-07-18 03:01:49.540 [http-nio-8081-exec-29] INFO  com.knockfish.aspect.LogAspect - [获取分类选项] 请求开始 - GET /api/category/options - CategoryController.getCategoryOption - 参数: 无
2026-07-18 03:01:49.558 [http-nio-8081-exec-29] INFO  com.knockfish.aspect.LogAspect - [获取分类选项] 请求成功 - 执行时间: 17ms
2026-07-18 03:01:50.389 [http-nio-8081-exec-31] INFO  com.knockfish.security.JwtAuthenticationFilter - === 请求路径: /api/tag/page, 方法: GET
2026-07-18 03:01:50.407 [http-nio-8081-exec-31] DEBUG com.knockfish.security.JwtAuthenticationFilter - 用户 [user_fish] (ID:3) JWT 认证通过
2026-07-18 03:01:50.412 [http-nio-8081-exec-31] INFO  com.knockfish.aspect.LogAspect - [查询标签列表] 请求开始 - GET /api/tag/page - TagController.getTagListVO - 参数: {"tagName":null}, 1, 10
2026-07-18 03:01:50.430 [http-nio-8081-exec-31] INFO  com.knockfish.aspect.LogAspect - [查询标签列表] 请求成功 - 执行时间: 18ms
2026-07-18 03:04:23.283 [http-nio-8081-exec-35] INFO  com.knockfish.security.JwtAuthenticationFilter - === 请求路径: /api/tag/page, 方法: GET
2026-07-18 03:04:23.317 [http-nio-8081-exec-35] DEBUG com.knockfish.security.JwtAuthenticationFilter - 用户 [user_fish] (ID:3) JWT 认证通过
2026-07-18 03:04:23.320 [http-nio-8081-exec-35] INFO  com.knockfish.aspect.LogAspect - [查询标签列表] 请求开始 - GET /api/tag/page - TagController.getTagListVO - 参数: {"tagName":null}, 1, 10
2026-07-18 03:04:23.332 [http-nio-8081-exec-35] INFO  com.knockfish.aspect.LogAspect - [查询标签列表] 请求成功 - 执行时间: 11ms
2026-07-18 03:28:04.239 [SpringApplicationShutdownHook] INFO  com.zaxxer.hikari.HikariDataSource - KnockfishHikariCP - Shutdown initiated...
2026-07-18 03:28:04.247 [SpringApplicationShutdownHook] INFO  com.zaxxer.hikari.HikariDataSource - KnockfishHikariCP - Shutdown completed.
2026-07-18 14:31:30.177 [background-preinit] INFO  org.hibernate.validator.internal.util.Version - HV000001: Hibernate Validator 8.0.3.Final
2026-07-18 14:31:30.338 [main] INFO  com.knockfish.KnockfishBlogBackendApplication - Starting KnockfishBlogBackendApplication using Java 17.0.9 with PID 11596 (E:\fish_blog\knockfish-blog-backend\target\classes started by DELL in E:\fish_blog\knockfish-blog-backend)
2026-07-18 14:31:30.339 [main] DEBUG com.knockfish.KnockfishBlogBackendApplication - Running with Spring Boot v3.5.13, Spring v6.2.17
2026-07-18 14:31:30.340 [main] INFO  com.knockfish.KnockfishBlogBackendApplication - No active profile set, falling back to 1 default profile: "default"
2026-07-18 14:31:34.328 [main] INFO  org.apache.coyote.http11.Http11NioProtocol - Initializing ProtocolHandler ["http-nio-8081"]
2026-07-18 14:31:34.331 [main] INFO  org.apache.catalina.core.StandardService - Starting service [Tomcat]
2026-07-18 14:31:34.331 [main] INFO  org.apache.catalina.core.StandardEngine - Starting Servlet engine: [Apache Tomcat/10.1.53]
2026-07-18 14:31:34.433 [main] INFO  o.a.c.core.ContainerBase.[Tomcat].[localhost].[/] - Initializing Spring embedded WebApplicationContext
2026-07-18 14:31:35.597 [main] DEBUG com.knockfish.security.JwtAuthenticationFilter - Filter 'jwtAuthenticationFilter' configured for use
2026-07-18 14:31:38.894 [main] INFO  org.apache.coyote.http11.Http11NioProtocol - Starting ProtocolHandler ["http-nio-8081"]
2026-07-18 14:31:38.973 [main] INFO  com.knockfish.KnockfishBlogBackendApplication - Started KnockfishBlogBackendApplication in 10.267 seconds (process running for 12.68)
2026-07-18 17:37:12.031 [http-nio-8081-exec-1] INFO  o.a.c.core.ContainerBase.[Tomcat].[localhost].[/] - Initializing Spring DispatcherServlet 'dispatcherServlet'
2026-07-18 17:37:12.457 [http-nio-8081-exec-5] INFO  com.knockfish.security.JwtAuthenticationFilter - === 请求路径: /api/dashboard/overview, 方法: GET
2026-07-18 17:37:12.457 [http-nio-8081-exec-6] INFO  com.knockfish.security.JwtAuthenticationFilter - === 请求路径: /api/dashboard/category-stats, 方法: GET
2026-07-18 17:37:12.457 [http-nio-8081-exec-7] INFO  com.knockfish.security.JwtAuthenticationFilter - === 请求路径: /api/dashboard/activities, 方法: GET
2026-07-18 17:37:12.457 [http-nio-8081-exec-8] INFO  com.knockfish.security.JwtAuthenticationFilter - === 请求路径: /api/dashboard/article-trend, 方法: GET
2026-07-18 17:37:12.733 [http-nio-8081-exec-7] INFO  com.zaxxer.hikari.HikariDataSource - KnockfishHikariCP - Starting...
2026-07-18 17:37:13.343 [http-nio-8081-exec-7] INFO  com.zaxxer.hikari.pool.HikariPool - KnockfishHikariCP - Added connection com.mysql.cj.jdbc.ConnectionImpl@a32a9ca
2026-07-18 17:37:13.348 [http-nio-8081-exec-7] INFO  com.zaxxer.hikari.HikariDataSource - KnockfishHikariCP - Start completed.
2026-07-18 17:37:13.700 [http-nio-8081-exec-7] DEBUG com.knockfish.security.JwtAuthenticationFilter - 用户 [user_fish] (ID:3) JWT 认证通过
2026-07-18 17:37:13.700 [http-nio-8081-exec-5] DEBUG com.knockfish.security.JwtAuthenticationFilter - 用户 [user_fish] (ID:3) JWT 认证通过
2026-07-18 17:37:13.700 [http-nio-8081-exec-8] DEBUG com.knockfish.security.JwtAuthenticationFilter - 用户 [user_fish] (ID:3) JWT 认证通过
2026-07-18 17:37:13.703 [http-nio-8081-exec-6] DEBUG com.knockfish.security.JwtAuthenticationFilter - 用户 [user_fish] (ID:3) JWT 认证通过
2026-07-18 17:37:13.822 [http-nio-8081-exec-5] INFO  com.knockfish.aspect.LogAspect - [获取仪表盘概览] 请求开始 - GET /api/dashboard/overview - DashboardController.getOverview - 参数: 无
2026-07-18 17:37:13.822 [http-nio-8081-exec-6] INFO  com.knockfish.aspect.LogAspect - [获取文章分类统计] 请求开始 - GET /api/dashboard/category-stats - DashboardController.getCategoryStats - 参数: 无
2026-07-18 17:37:13.846 [http-nio-8081-exec-6] INFO  com.knockfish.aspect.LogAspect - [获取文章分类统计] 请求成功 - 执行时间: 22ms
2026-07-18 17:37:13.849 [http-nio-8081-exec-8] INFO  com.knockfish.aspect.LogAspect - [获取文章发布趋势] 请求开始 - GET /api/dashboard/article-trend - DashboardController.getArticleTrend - 参数: "monthly", null
2026-07-18 17:37:13.860 [http-nio-8081-exec-7] INFO  com.knockfish.aspect.LogAspect - [获取最近动态] 请求开始 - GET /api/dashboard/activities - DashboardController.getActivities - 参数: 10
2026-07-18 17:37:13.876 [http-nio-8081-exec-8] INFO  com.knockfish.aspect.LogAspect - [获取文章发布趋势] 请求成功 - 执行时间: 25ms
2026-07-18 17:37:13.879 [http-nio-8081-exec-7] INFO  com.knockfish.aspect.LogAspect - [获取最近动态] 请求成功 - 执行时间: 17ms
2026-07-18 17:37:13.931 [http-nio-8081-exec-5] INFO  com.knockfish.aspect.LogAspect - [获取仪表盘概览] 请求成功 - 执行时间: 108ms
2026-07-18 17:37:15.765 [http-nio-8081-exec-10] INFO  com.knockfish.security.JwtAuthenticationFilter - === 请求路径: /api/tag/page, 方法: GET
2026-07-18 17:37:15.783 [http-nio-8081-exec-10] DEBUG com.knockfish.security.JwtAuthenticationFilter - 用户 [user_fish] (ID:3) JWT 认证通过
2026-07-18 17:37:15.807 [http-nio-8081-exec-10] INFO  com.knockfish.aspect.LogAspect - [查询标签列表] 请求开始 - GET /api/tag/page - TagController.getTagListVO - 参数: {"tagName":null}, 1, 10
2026-07-18 17:37:16.060 [http-nio-8081-exec-10] INFO  com.knockfish.aspect.LogAspect - [查询标签列表] 请求成功 - 执行时间: 252ms
2026-07-18 17:37:41.980 [http-nio-8081-exec-14] INFO  com.knockfish.security.JwtAuthenticationFilter - === 请求路径: /api/auth/login, 方法: POST
2026-07-18 17:37:42.034 [http-nio-8081-exec-14] INFO  com.knockfish.aspect.LogAspect - [用户登录] 请求开始 - POST /api/auth/login - AuthController.login - 参数: {"username":"knockfish","password":"3414338"}
2026-07-18 17:37:42.035 [http-nio-8081-exec-14] DEBUG com.knockfish.service.impl.AuthServiceImpl - 开始验证用户: username=knockfish
2026-07-18 17:37:42.171 [http-nio-8081-exec-14] DEBUG com.knockfish.service.impl.AuthServiceImpl - 用户验证通过: username=knockfish, userId=1
2026-07-18 17:37:42.183 [http-nio-8081-exec-14] INFO  com.knockfish.service.impl.AuthServiceImpl - 用户登录成功: username=knockfish, userId=1
2026-07-18 17:37:42.188 [http-nio-8081-exec-14] INFO  com.knockfish.aspect.LogAspect - [用户登录] 请求成功 - 执行时间: 148ms - 返回结果: {"code":200,"msg":"请求成功","data":{"userId":1,"username":"knockfish","email":"knockfish@qq.com","nickname":"knock_fish","avatar":"https://fishbarn.cn/blog/article-image/2026-06/168954af-15b9-4268-9743-080e1b495538.webp","description":"博客正在施工中……","githubUrl":null,"bilibiliUrl":null,"background":"https://fishbarn.cn/blog/1/background/06ea1755-c1b9-4480-a017-d3886431b732.webp","createTime":"2026-04-15 14:23:26","roles":null,"token":"eyJhbGciOiJIUzI1NiIsInR5cCI6IkpXVCJ9.eyJ1c2VySWQiOjEsInVzZXJuYW1lIjoia25vY2tmaXNoIiwiZXhwIjoxNzg0NzI3NDYyLCJpYXQiOjE3ODQzNjc0NjJ9.hHAsu2cjAodmzl9oyRjkuToq5DmahHJUDjgOki-hJYI"}}
2026-07-18 17:37:42.205 [http-nio-8081-exec-17] INFO  com.knockfish.security.JwtAuthenticationFilter - === 请求路径: /api/permission/user/1, 方法: GET
2026-07-18 17:37:42.232 [http-nio-8081-exec-17] DEBUG com.knockfish.security.JwtAuthenticationFilter - 用户 [knockfish] (ID:1) JWT 认证通过
2026-07-18 17:37:42.522 [http-nio-8081-exec-12] INFO  com.knockfish.security.JwtAuthenticationFilter - === 请求路径: /api/dashboard/article-trend, 方法: GET
2026-07-18 17:37:42.523 [http-nio-8081-exec-11] INFO  com.knockfish.security.JwtAuthenticationFilter - === 请求路径: /api/dashboard/activities, 方法: GET
2026-07-18 17:37:42.523 [http-nio-8081-exec-13] INFO  com.knockfish.security.JwtAuthenticationFilter - === 请求路径: /api/dashboard/overview, 方法: GET
2026-07-18 17:37:42.523 [http-nio-8081-exec-18] INFO  com.knockfish.security.JwtAuthenticationFilter - === 请求路径: /api/dashboard/category-stats, 方法: GET
2026-07-18 17:37:42.548 [http-nio-8081-exec-11] DEBUG com.knockfish.security.JwtAuthenticationFilter - 用户 [knockfish] (ID:1) JWT 认证通过
2026-07-18 17:37:42.551 [http-nio-8081-exec-11] INFO  com.knockfish.aspect.LogAspect - [获取最近动态] 请求开始 - GET /api/dashboard/activities - DashboardController.getActivities - 参数: 10
2026-07-18 17:37:42.553 [http-nio-8081-exec-12] DEBUG com.knockfish.security.JwtAuthenticationFilter - 用户 [knockfish] (ID:1) JWT 认证通过
2026-07-18 17:37:42.554 [http-nio-8081-exec-12] INFO  com.knockfish.aspect.LogAspect - [获取文章发布趋势] 请求开始 - GET /api/dashboard/article-trend - DashboardController.getArticleTrend - 参数: "monthly", null
2026-07-18 17:37:42.556 [http-nio-8081-exec-18] DEBUG com.knockfish.security.JwtAuthenticationFilter - 用户 [knockfish] (ID:1) JWT 认证通过
2026-07-18 17:37:42.557 [http-nio-8081-exec-18] INFO  com.knockfish.aspect.LogAspect - [获取文章分类统计] 请求开始 - GET /api/dashboard/category-stats - DashboardController.getCategoryStats - 参数: 无
2026-07-18 17:37:42.560 [http-nio-8081-exec-11] INFO  com.knockfish.aspect.LogAspect - [获取最近动态] 请求成功 - 执行时间: 8ms
2026-07-18 17:37:42.560 [http-nio-8081-exec-12] INFO  com.knockfish.aspect.LogAspect - [获取文章发布趋势] 请求成功 - 执行时间: 5ms
2026-07-18 17:37:42.568 [http-nio-8081-exec-18] INFO  com.knockfish.aspect.LogAspect - [获取文章分类统计] 请求成功 - 执行时间: 10ms
2026-07-18 17:37:42.567 [http-nio-8081-exec-13] DEBUG com.knockfish.security.JwtAuthenticationFilter - 用户 [knockfish] (ID:1) JWT 认证通过
2026-07-18 17:37:42.569 [http-nio-8081-exec-13] INFO  com.knockfish.aspect.LogAspect - [获取仪表盘概览] 请求开始 - GET /api/dashboard/overview - DashboardController.getOverview - 参数: 无
2026-07-18 17:37:42.592 [http-nio-8081-exec-13] INFO  com.knockfish.aspect.LogAspect - [获取仪表盘概览] 请求成功 - 执行时间: 23ms
2026-07-18 17:37:44.202 [http-nio-8081-exec-19] INFO  com.knockfish.security.JwtAuthenticationFilter - === 请求路径: /api/tag/page, 方法: GET
2026-07-18 17:37:44.220 [http-nio-8081-exec-19] DEBUG com.knockfish.security.JwtAuthenticationFilter - 用户 [knockfish] (ID:1) JWT 认证通过
2026-07-18 17:37:44.222 [http-nio-8081-exec-19] INFO  com.knockfish.aspect.LogAspect - [查询标签列表] 请求开始 - GET /api/tag/page - TagController.getTagListVO - 参数: {"tagName":null}, 1, 10
2026-07-18 17:37:44.234 [http-nio-8081-exec-19] INFO  com.knockfish.aspect.LogAspect - [查询标签列表] 请求成功 - 执行时间: 12ms
2026-07-18 17:37:45.672 [http-nio-8081-exec-21] INFO  com.knockfish.security.JwtAuthenticationFilter - === 请求路径: /api/category/with-site-count, 方法: GET
2026-07-18 17:37:45.696 [http-nio-8081-exec-21] DEBUG com.knockfish.security.JwtAuthenticationFilter - 用户 [knockfish] (ID:1) JWT 认证通过
2026-07-18 17:37:45.701 [http-nio-8081-exec-21] INFO  com.knockfish.aspect.LogAspect - [查询分类列表(含统计)] 请求开始 - GET /api/category/with-site-count - CategoryController.getCategoryWithSiteCountList - 参数: {"categoryName":null}, 1, 10
2026-07-18 17:37:45.732 [http-nio-8081-exec-21] INFO  com.knockfish.aspect.LogAspect - [查询分类列表(含统计)] 请求成功 - 执行时间: 31ms
2026-07-18 17:49:06.930 [http-nio-8081-exec-30] INFO  com.knockfish.security.JwtAuthenticationFilter - === 请求路径: /api/dashboard/overview, 方法: GET
2026-07-18 17:49:06.930 [http-nio-8081-exec-31] INFO  com.knockfish.security.JwtAuthenticationFilter - === 请求路径: /api/dashboard/article-trend, 方法: GET
2026-07-18 17:49:06.931 [http-nio-8081-exec-32] INFO  com.knockfish.security.JwtAuthenticationFilter - === 请求路径: /api/dashboard/category-stats, 方法: GET
2026-07-18 17:49:06.933 [http-nio-8081-exec-33] INFO  com.knockfish.security.JwtAuthenticationFilter - === 请求路径: /api/dashboard/activities, 方法: GET
2026-07-18 17:49:06.947 [http-nio-8081-exec-30] DEBUG com.knockfish.security.JwtAuthenticationFilter - 用户 [knockfish] (ID:1) JWT 认证通过
2026-07-18 17:49:06.947 [http-nio-8081-exec-31] DEBUG com.knockfish.security.JwtAuthenticationFilter - 用户 [knockfish] (ID:1) JWT 认证通过
2026-07-18 17:49:06.948 [http-nio-8081-exec-30] INFO  com.knockfish.aspect.LogAspect - [获取仪表盘概览] 请求开始 - GET /api/dashboard/overview - DashboardController.getOverview - 参数: 无
2026-07-18 17:49:06.949 [http-nio-8081-exec-31] INFO  com.knockfish.aspect.LogAspect - [获取文章发布趋势] 请求开始 - GET /api/dashboard/article-trend - DashboardController.getArticleTrend - 参数: "monthly", null
2026-07-18 17:49:06.950 [http-nio-8081-exec-32] DEBUG com.knockfish.security.JwtAuthenticationFilter - 用户 [knockfish] (ID:1) JWT 认证通过
2026-07-18 17:49:06.951 [http-nio-8081-exec-32] INFO  com.knockfish.aspect.LogAspect - [获取文章分类统计] 请求开始 - GET /api/dashboard/category-stats - DashboardController.getCategoryStats - 参数: 无
2026-07-18 17:49:06.951 [http-nio-8081-exec-31] INFO  com.knockfish.aspect.LogAspect - [获取文章发布趋势] 请求成功 - 执行时间: 2ms
2026-07-18 17:49:06.954 [http-nio-8081-exec-32] INFO  com.knockfish.aspect.LogAspect - [获取文章分类统计] 请求成功 - 执行时间: 3ms
2026-07-18 17:49:06.965 [http-nio-8081-exec-33] DEBUG com.knockfish.security.JwtAuthenticationFilter - 用户 [knockfish] (ID:1) JWT 认证通过
2026-07-18 17:49:06.968 [http-nio-8081-exec-33] INFO  com.knockfish.aspect.LogAspect - [获取最近动态] 请求开始 - GET /api/dashboard/activities - DashboardController.getActivities - 参数: 10
2026-07-18 17:49:06.973 [http-nio-8081-exec-33] INFO  com.knockfish.aspect.LogAspect - [获取最近动态] 请求成功 - 执行时间: 5ms
2026-07-18 17:49:07.036 [http-nio-8081-exec-30] INFO  com.knockfish.aspect.LogAspect - [获取仪表盘概览] 请求成功 - 执行时间: 87ms
2026-07-18 17:49:18.626 [http-nio-8081-exec-35] INFO  com.knockfish.security.JwtAuthenticationFilter - === 请求路径: /api/tag/page, 方法: GET
2026-07-18 17:49:18.641 [http-nio-8081-exec-35] DEBUG com.knockfish.security.JwtAuthenticationFilter - 用户 [knockfish] (ID:1) JWT 认证通过
2026-07-18 17:49:18.643 [http-nio-8081-exec-35] INFO  com.knockfish.aspect.LogAspect - [查询标签列表] 请求开始 - GET /api/tag/page - TagController.getTagListVO - 参数: {"tagName":null}, 1, 10
2026-07-18 17:49:18.650 [http-nio-8081-exec-35] INFO  com.knockfish.aspect.LogAspect - [查询标签列表] 请求成功 - 执行时间: 7ms
2026-07-18 17:49:25.835 [http-nio-8081-exec-36] INFO  com.knockfish.security.JwtAuthenticationFilter - === 请求路径: /api/tag/page, 方法: GET
2026-07-18 17:49:25.850 [http-nio-8081-exec-36] DEBUG com.knockfish.security.JwtAuthenticationFilter - 用户 [knockfish] (ID:1) JWT 认证通过
2026-07-18 17:49:25.851 [http-nio-8081-exec-36] INFO  com.knockfish.aspect.LogAspect - [查询标签列表] 请求开始 - GET /api/tag/page - TagController.getTagListVO - 参数: {"tagName":null}, 1, 10
2026-07-18 17:49:25.864 [http-nio-8081-exec-36] INFO  com.knockfish.aspect.LogAspect - [查询标签列表] 请求成功 - 执行时间: 12ms
2026-07-18 17:49:48.549 [http-nio-8081-exec-40] INFO  com.knockfish.security.JwtAuthenticationFilter - === 请求路径: /api/tag/page, 方法: GET
2026-07-18 17:49:48.562 [http-nio-8081-exec-40] DEBUG com.knockfish.security.JwtAuthenticationFilter - 用户 [knockfish] (ID:1) JWT 认证通过
2026-07-18 17:49:48.564 [http-nio-8081-exec-40] INFO  com.knockfish.aspect.LogAspect - [查询标签列表] 请求开始 - GET /api/tag/page - TagController.getTagListVO - 参数: {"tagName":null}, 1, 10
2026-07-18 17:49:48.570 [http-nio-8081-exec-40] INFO  com.knockfish.aspect.LogAspect - [查询标签列表] 请求成功 - 执行时间: 6ms
2026-07-18 18:00:26.367 [http-nio-8081-exec-42] INFO  com.knockfish.security.JwtAuthenticationFilter - === 请求路径: /api/tag/page, 方法: GET
2026-07-18 18:00:26.386 [http-nio-8081-exec-42] DEBUG com.knockfish.security.JwtAuthenticationFilter - 用户 [knockfish] (ID:1) JWT 认证通过
2026-07-18 18:00:26.389 [http-nio-8081-exec-42] INFO  com.knockfish.aspect.LogAspect - [查询标签列表] 请求开始 - GET /api/tag/page - TagController.getTagListVO - 参数: {"tagName":null}, 1, 10
2026-07-18 18:00:26.398 [http-nio-8081-exec-42] INFO  com.knockfish.aspect.LogAspect - [查询标签列表] 请求成功 - 执行时间: 9ms
2026-07-18 18:00:46.542 [http-nio-8081-exec-44] INFO  com.knockfish.security.JwtAuthenticationFilter - === 请求路径: /api/auth/login, 方法: POST
2026-07-18 18:00:46.544 [http-nio-8081-exec-44] INFO  com.knockfish.aspect.LogAspect - [用户登录] 请求开始 - POST /api/auth/login - AuthController.login - 参数: {"username":"user_fish","password":"123456"}
2026-07-18 18:00:46.544 [http-nio-8081-exec-44] DEBUG com.knockfish.service.impl.AuthServiceImpl - 开始验证用户: username=user_fish
2026-07-18 18:00:46.673 [http-nio-8081-exec-44] DEBUG com.knockfish.service.impl.AuthServiceImpl - 用户验证通过: username=user_fish, userId=3
2026-07-18 18:00:46.674 [http-nio-8081-exec-44] INFO  com.knockfish.service.impl.AuthServiceImpl - 用户登录成功: username=user_fish, userId=3
2026-07-18 18:00:46.675 [http-nio-8081-exec-44] INFO  com.knockfish.aspect.LogAspect - [用户登录] 请求成功 - 执行时间: 130ms - 返回结果: {"code":200,"msg":"请求成功","data":{"userId":3,"username":"user_fish","email":"user_fish@qq.com","nickname":"user_fish","avatar":"https://fishbarn.cn/blog/article-image/2026-06/168954af-15b9-4268-9743-080e1b495538.webp","description":"演示账号","githubUrl":null,"bilibiliUrl":null,"background":null,"createTime":"2026-05-28 11:17:59","roles":null,"token":"eyJhbGciOiJIUzI1NiIsInR5cCI6IkpXVCJ9.eyJ1c2VySWQiOjMsInVzZXJuYW1lIjoidXNlcl9maXNoIiwiZXhwIjoxNzg0NzI4ODQ2LCJpYXQiOjE3ODQzNjg4NDZ9.m34ATTr9k5sN1KGXNP7_oNdhXvPpdtAHEwwPGhE3ZUA"}}
2026-07-18 18:00:46.683 [http-nio-8081-exec-46] INFO  com.knockfish.security.JwtAuthenticationFilter - === 请求路径: /api/permission/user/3, 方法: GET
2026-07-18 18:00:46.694 [http-nio-8081-exec-46] DEBUG com.knockfish.security.JwtAuthenticationFilter - 用户 [user_fish] (ID:3) JWT 认证通过
2026-07-18 18:00:47.681 [http-nio-8081-exec-47] INFO  com.knockfish.security.JwtAuthenticationFilter - === 请求路径: /api/dashboard/overview, 方法: GET
2026-07-18 18:00:47.684 [http-nio-8081-exec-48] INFO  com.knockfish.security.JwtAuthenticationFilter - === 请求路径: /api/dashboard/article-trend, 方法: GET
2026-07-18 18:00:47.685 [http-nio-8081-exec-50] INFO  com.knockfish.security.JwtAuthenticationFilter - === 请求路径: /api/dashboard/activities, 方法: GET
2026-07-18 18:00:47.691 [http-nio-8081-exec-49] INFO  com.knockfish.security.JwtAuthenticationFilter - === 请求路径: /api/dashboard/category-stats, 方法: GET
2026-07-18 18:00:47.695 [http-nio-8081-exec-47] DEBUG com.knockfish.security.JwtAuthenticationFilter - 用户 [user_fish] (ID:3) JWT 认证通过
2026-07-18 18:00:47.696 [http-nio-8081-exec-47] INFO  com.knockfish.aspect.LogAspect - [获取仪表盘概览] 请求开始 - GET /api/dashboard/overview - DashboardController.getOverview - 参数: 无
2026-07-18 18:00:47.698 [http-nio-8081-exec-48] DEBUG com.knockfish.security.JwtAuthenticationFilter - 用户 [user_fish] (ID:3) JWT 认证通过
2026-07-18 18:00:47.699 [http-nio-8081-exec-50] DEBUG com.knockfish.security.JwtAuthenticationFilter - 用户 [user_fish] (ID:3) JWT 认证通过
2026-07-18 18:00:47.700 [http-nio-8081-exec-48] INFO  com.knockfish.aspect.LogAspect - [获取文章发布趋势] 请求开始 - GET /api/dashboard/article-trend - DashboardController.getArticleTrend - 参数: "monthly", null
2026-07-18 18:00:47.700 [http-nio-8081-exec-50] INFO  com.knockfish.aspect.LogAspect - [获取最近动态] 请求开始 - GET /api/dashboard/activities - DashboardController.getActivities - 参数: 10
2026-07-18 18:00:47.703 [http-nio-8081-exec-49] DEBUG com.knockfish.security.JwtAuthenticationFilter - 用户 [user_fish] (ID:3) JWT 认证通过
2026-07-18 18:00:47.703 [http-nio-8081-exec-50] INFO  com.knockfish.aspect.LogAspect - [获取最近动态] 请求成功 - 执行时间: 2ms
2026-07-18 18:00:47.704 [http-nio-8081-exec-49] INFO  com.knockfish.aspect.LogAspect - [获取文章分类统计] 请求开始 - GET /api/dashboard/category-stats - DashboardController.getCategoryStats - 参数: 无
2026-07-18 18:00:47.705 [http-nio-8081-exec-48] INFO  com.knockfish.aspect.LogAspect - [获取文章发布趋势] 请求成功 - 执行时间: 4ms
2026-07-18 18:00:47.709 [http-nio-8081-exec-49] INFO  com.knockfish.aspect.LogAspect - [获取文章分类统计] 请求成功 - 执行时间: 4ms
2026-07-18 18:00:47.727 [http-nio-8081-exec-47] INFO  com.knockfish.aspect.LogAspect - [获取仪表盘概览] 请求成功 - 执行时间: 31ms
2026-07-18 18:00:49.158 [http-nio-8081-exec-3] INFO  com.knockfish.security.JwtAuthenticationFilter - === 请求路径: /api/category/with-site-count, 方法: GET
2026-07-18 18:00:49.169 [http-nio-8081-exec-3] DEBUG com.knockfish.security.JwtAuthenticationFilter - 用户 [user_fish] (ID:3) JWT 认证通过
2026-07-18 18:00:49.171 [http-nio-8081-exec-3] INFO  com.knockfish.aspect.LogAspect - [查询分类列表(含统计)] 请求开始 - GET /api/category/with-site-count - CategoryController.getCategoryWithSiteCountList - 参数: {"categoryName":null}, 1, 10
2026-07-18 18:00:49.185 [http-nio-8081-exec-3] INFO  com.knockfish.aspect.LogAspect - [查询分类列表(含统计)] 请求成功 - 执行时间: 13ms
2026-07-18 18:00:50.435 [http-nio-8081-exec-2] INFO  com.knockfish.security.JwtAuthenticationFilter - === 请求路径: /api/tag/page, 方法: GET
2026-07-18 18:00:50.445 [http-nio-8081-exec-2] DEBUG com.knockfish.security.JwtAuthenticationFilter - 用户 [user_fish] (ID:3) JWT 认证通过
2026-07-18 18:00:50.448 [http-nio-8081-exec-2] INFO  com.knockfish.aspect.LogAspect - [查询标签列表] 请求开始 - GET /api/tag/page - TagController.getTagListVO - 参数: {"tagName":null}, 1, 10
2026-07-18 18:00:50.459 [http-nio-8081-exec-2] INFO  com.knockfish.aspect.LogAspect - [查询标签列表] 请求成功 - 执行时间: 10ms
2026-07-18 18:45:59.908 [http-nio-8081-exec-7] INFO  com.knockfish.security.JwtAuthenticationFilter - === 请求路径: /api/category/with-site-count, 方法: GET
2026-07-18 18:45:59.926 [http-nio-8081-exec-7] DEBUG com.knockfish.security.JwtAuthenticationFilter - 用户 [user_fish] (ID:3) JWT 认证通过
2026-07-18 18:45:59.929 [http-nio-8081-exec-7] INFO  com.knockfish.aspect.LogAspect - [查询分类列表(含统计)] 请求开始 - GET /api/category/with-site-count - CategoryController.getCategoryWithSiteCountList - 参数: {"categoryName":null}, 1, 10
2026-07-18 18:45:59.945 [http-nio-8081-exec-7] INFO  com.knockfish.aspect.LogAspect - [查询分类列表(含统计)] 请求成功 - 执行时间: 16ms
2026-07-18 18:50:42.886 [http-nio-8081-exec-16] INFO  com.knockfish.security.JwtAuthenticationFilter - === 请求路径: /api/site/with-category, 方法: GET
2026-07-18 18:50:42.902 [http-nio-8081-exec-16] DEBUG com.knockfish.security.JwtAuthenticationFilter - 用户 [user_fish] (ID:3) JWT 认证通过
2026-07-18 18:50:42.984 [http-nio-8081-exec-15] INFO  com.knockfish.security.JwtAuthenticationFilter - === 请求路径: /api/category/options, 方法: GET
2026-07-18 18:50:42.998 [http-nio-8081-exec-15] DEBUG com.knockfish.security.JwtAuthenticationFilter - 用户 [user_fish] (ID:3) JWT 认证通过
2026-07-18 18:50:43.001 [http-nio-8081-exec-15] INFO  com.knockfish.aspect.LogAspect - [获取分类选项] 请求开始 - GET /api/category/options - CategoryController.getCategoryOption - 参数: 无
2026-07-18 18:50:43.007 [http-nio-8081-exec-15] INFO  com.knockfish.aspect.LogAspect - [获取分类选项] 请求成功 - 执行时间: 5ms
2026-07-18 18:50:44.054 [http-nio-8081-exec-12] INFO  com.knockfish.security.JwtAuthenticationFilter - === 请求路径: /api/tag/page, 方法: GET
2026-07-18 18:50:44.066 [http-nio-8081-exec-12] DEBUG com.knockfish.security.JwtAuthenticationFilter - 用户 [user_fish] (ID:3) JWT 认证通过
2026-07-18 18:50:44.070 [http-nio-8081-exec-12] INFO  com.knockfish.aspect.LogAspect - [查询标签列表] 请求开始 - GET /api/tag/page - TagController.getTagListVO - 参数: {"tagName":null}, 1, 10
2026-07-18 18:50:44.087 [http-nio-8081-exec-12] INFO  com.knockfish.aspect.LogAspect - [查询标签列表] 请求成功 - 执行时间: 15ms
2026-07-18 18:50:45.642 [http-nio-8081-exec-21] INFO  com.knockfish.security.JwtAuthenticationFilter - === 请求路径: /api/dashboard/tag-cloud, 方法: GET
2026-07-18 18:50:45.642 [http-nio-8081-exec-20] INFO  com.knockfish.security.JwtAuthenticationFilter - === 请求路径: /api/dashboard/overview, 方法: GET
2026-07-18 18:50:45.646 [http-nio-8081-exec-24] INFO  com.knockfish.security.JwtAuthenticationFilter - === 请求路径: /api/dashboard/article-trend, 方法: GET
2026-07-18 18:50:45.646 [http-nio-8081-exec-23] INFO  com.knockfish.security.JwtAuthenticationFilter - === 请求路径: /api/dashboard/latest-articles, 方法: GET
2026-07-18 18:50:45.656 [http-nio-8081-exec-20] DEBUG com.knockfish.security.JwtAuthenticationFilter - 用户 [user_fish] (ID:3) JWT 认证通过
2026-07-18 18:50:45.657 [http-nio-8081-exec-20] INFO  com.knockfish.aspect.LogAspect - [获取仪表盘概览] 请求开始 - GET /api/dashboard/overview - DashboardController.getOverview - 参数: 无
2026-07-18 18:50:45.661 [http-nio-8081-exec-21] DEBUG com.knockfish.security.JwtAuthenticationFilter - 用户 [user_fish] (ID:3) JWT 认证通过
2026-07-18 18:50:45.662 [http-nio-8081-exec-21] INFO  com.knockfish.aspect.LogAspect - [获取标签云] 请求开始 - GET /api/dashboard/tag-cloud - DashboardController.getTagCloud - 参数: 无
2026-07-18 18:50:45.666 [http-nio-8081-exec-24] DEBUG com.knockfish.security.JwtAuthenticationFilter - 用户 [user_fish] (ID:3) JWT 认证通过
2026-07-18 18:50:45.667 [http-nio-8081-exec-21] INFO  com.knockfish.aspect.LogAspect - [获取标签云] 请求成功 - 执行时间: 5ms
2026-07-18 18:50:45.667 [http-nio-8081-exec-24] INFO  com.knockfish.aspect.LogAspect - [获取文章发布趋势] 请求开始 - GET /api/dashboard/article-trend - DashboardController.getArticleTrend - 参数: "monthly", null
2026-07-18 18:50:45.673 [http-nio-8081-exec-23] DEBUG com.knockfish.security.JwtAuthenticationFilter - 用户 [user_fish] (ID:3) JWT 认证通过
2026-07-18 18:50:45.673 [http-nio-8081-exec-24] INFO  com.knockfish.aspect.LogAspect - [获取文章发布趋势] 请求成功 - 执行时间: 5ms
2026-07-18 18:50:45.676 [http-nio-8081-exec-23] INFO  com.knockfish.aspect.LogAspect - [获取最近文章] 请求开始 - GET /api/dashboard/latest-articles - DashboardController.getLatestArticles - 参数: 10
2026-07-18 18:50:45.682 [http-nio-8081-exec-23] INFO  com.knockfish.aspect.LogAspect - [获取最近文章] 请求成功 - 执行时间: 6ms
2026-07-18 18:50:45.692 [http-nio-8081-exec-20] INFO  com.knockfish.aspect.LogAspect - [获取仪表盘概览] 请求成功 - 执行时间: 35ms
2026-07-18 18:50:46.544 [http-nio-8081-exec-22] INFO  com.knockfish.security.JwtAuthenticationFilter - === 请求路径: /api/dashboard/overview, 方法: GET
2026-07-18 18:50:46.545 [http-nio-8081-exec-25] INFO  com.knockfish.security.JwtAuthenticationFilter - === 请求路径: /api/dashboard/article-trend, 方法: GET
2026-07-18 18:50:46.548 [http-nio-8081-exec-29] INFO  com.knockfish.security.JwtAuthenticationFilter - === 请求路径: /api/dashboard/activities, 方法: GET
2026-07-18 18:50:46.563 [http-nio-8081-exec-29] DEBUG com.knockfish.security.JwtAuthenticationFilter - 用户 [user_fish] (ID:3) JWT 认证通过
2026-07-18 18:50:46.565 [http-nio-8081-exec-28] INFO  com.knockfish.security.JwtAuthenticationFilter - === 请求路径: /api/dashboard/category-stats, 方法: GET
2026-07-18 18:50:46.565 [http-nio-8081-exec-29] INFO  com.knockfish.aspect.LogAspect - [获取最近动态] 请求开始 - GET /api/dashboard/activities - DashboardController.getActivities - 参数: 10
2026-07-18 18:50:46.568 [http-nio-8081-exec-25] DEBUG com.knockfish.security.JwtAuthenticationFilter - 用户 [user_fish] (ID:3) JWT 认证通过
2026-07-18 18:50:46.570 [http-nio-8081-exec-25] INFO  com.knockfish.aspect.LogAspect - [获取文章发布趋势] 请求开始 - GET /api/dashboard/article-trend - DashboardController.getArticleTrend - 参数: "monthly", null
2026-07-18 18:50:46.571 [http-nio-8081-exec-29] INFO  com.knockfish.aspect.LogAspect - [获取最近动态] 请求成功 - 执行时间: 6ms
2026-07-18 18:50:46.574 [http-nio-8081-exec-22] DEBUG com.knockfish.security.JwtAuthenticationFilter - 用户 [user_fish] (ID:3) JWT 认证通过
2026-07-18 18:50:46.575 [http-nio-8081-exec-25] INFO  com.knockfish.aspect.LogAspect - [获取文章发布趋势] 请求成功 - 执行时间: 5ms
2026-07-18 18:50:46.575 [http-nio-8081-exec-22] INFO  com.knockfish.aspect.LogAspect - [获取仪表盘概览] 请求开始 - GET /api/dashboard/overview - DashboardController.getOverview - 参数: 无
2026-07-18 18:50:46.582 [http-nio-8081-exec-28] DEBUG com.knockfish.security.JwtAuthenticationFilter - 用户 [user_fish] (ID:3) JWT 认证通过
2026-07-18 18:50:46.583 [http-nio-8081-exec-28] INFO  com.knockfish.aspect.LogAspect - [获取文章分类统计] 请求开始 - GET /api/dashboard/category-stats - DashboardController.getCategoryStats - 参数: 无
2026-07-18 18:50:46.587 [http-nio-8081-exec-28] INFO  com.knockfish.aspect.LogAspect - [获取文章分类统计] 请求成功 - 执行时间: 4ms
2026-07-18 18:50:46.603 [http-nio-8081-exec-22] INFO  com.knockfish.aspect.LogAspect - [获取仪表盘概览] 请求成功 - 执行时间: 27ms
2026-07-18 18:50:47.403 [http-nio-8081-exec-32] INFO  com.knockfish.security.JwtAuthenticationFilter - === 请求路径: /api/dashboard/tag-cloud, 方法: GET
2026-07-18 18:50:47.403 [http-nio-8081-exec-31] INFO  com.knockfish.security.JwtAuthenticationFilter - === 请求路径: /api/dashboard/overview, 方法: GET
2026-07-18 18:50:47.404 [http-nio-8081-exec-33] INFO  com.knockfish.security.JwtAuthenticationFilter - === 请求路径: /api/dashboard/latest-articles, 方法: GET
2026-07-18 18:50:47.404 [http-nio-8081-exec-30] INFO  com.knockfish.security.JwtAuthenticationFilter - === 请求路径: /api/dashboard/article-trend, 方法: GET
2026-07-18 18:50:47.416 [http-nio-8081-exec-31] DEBUG com.knockfish.security.JwtAuthenticationFilter - 用户 [user_fish] (ID:3) JWT 认证通过
2026-07-18 18:50:47.417 [http-nio-8081-exec-32] DEBUG com.knockfish.security.JwtAuthenticationFilter - 用户 [user_fish] (ID:3) JWT 认证通过
2026-07-18 18:50:47.417 [http-nio-8081-exec-33] DEBUG com.knockfish.security.JwtAuthenticationFilter - 用户 [user_fish] (ID:3) JWT 认证通过
2026-07-18 18:50:47.418 [http-nio-8081-exec-31] INFO  com.knockfish.aspect.LogAspect - [获取仪表盘概览] 请求开始 - GET /api/dashboard/overview - DashboardController.getOverview - 参数: 无
2026-07-18 18:50:47.418 [http-nio-8081-exec-32] INFO  com.knockfish.aspect.LogAspect - [获取标签云] 请求开始 - GET /api/dashboard/tag-cloud - DashboardController.getTagCloud - 参数: 无
2026-07-18 18:50:47.418 [http-nio-8081-exec-33] INFO  com.knockfish.aspect.LogAspect - [获取最近文章] 请求开始 - GET /api/dashboard/latest-articles - DashboardController.getLatestArticles - 参数: 10
2026-07-18 18:50:47.418 [http-nio-8081-exec-30] DEBUG com.knockfish.security.JwtAuthenticationFilter - 用户 [user_fish] (ID:3) JWT 认证通过
2026-07-18 18:50:47.419 [http-nio-8081-exec-30] INFO  com.knockfish.aspect.LogAspect - [获取文章发布趋势] 请求开始 - GET /api/dashboard/article-trend - DashboardController.getArticleTrend - 参数: "monthly", null
2026-07-18 18:50:47.422 [http-nio-8081-exec-32] INFO  com.knockfish.aspect.LogAspect - [获取标签云] 请求成功 - 执行时间: 4ms
2026-07-18 18:50:47.424 [http-nio-8081-exec-33] INFO  com.knockfish.aspect.LogAspect - [获取最近文章] 请求成功 - 执行时间: 6ms
2026-07-18 18:50:47.426 [http-nio-8081-exec-30] INFO  com.knockfish.aspect.LogAspect - [获取文章发布趋势] 请求成功 - 执行时间: 6ms
2026-07-18 18:50:47.449 [http-nio-8081-exec-31] INFO  com.knockfish.aspect.LogAspect - [获取仪表盘概览] 请求成功 - 执行时间: 31ms
2026-07-18 18:50:50.452 [http-nio-8081-exec-34] INFO  com.knockfish.security.JwtAuthenticationFilter - === 请求路径: /api/site/with-category, 方法: GET
2026-07-18 18:50:50.465 [http-nio-8081-exec-34] DEBUG com.knockfish.security.JwtAuthenticationFilter - 用户 [user_fish] (ID:3) JWT 认证通过
2026-07-18 18:50:50.526 [http-nio-8081-exec-35] INFO  com.knockfish.security.JwtAuthenticationFilter - === 请求路径: /api/category/options, 方法: GET
2026-07-18 18:50:50.540 [http-nio-8081-exec-35] DEBUG com.knockfish.security.JwtAuthenticationFilter - 用户 [user_fish] (ID:3) JWT 认证通过
2026-07-18 18:50:50.541 [http-nio-8081-exec-35] INFO  com.knockfish.aspect.LogAspect - [获取分类选项] 请求开始 - GET /api/category/options - CategoryController.getCategoryOption - 参数: 无
2026-07-18 18:50:50.545 [http-nio-8081-exec-35] INFO  com.knockfish.aspect.LogAspect - [获取分类选项] 请求成功 - 执行时间: 4ms
2026-07-18 18:50:52.350 [http-nio-8081-exec-37] INFO  com.knockfish.security.JwtAuthenticationFilter - === 请求路径: /api/r2-file/prefix, 方法: GET
2026-07-18 18:50:52.371 [http-nio-8081-exec-37] DEBUG com.knockfish.security.JwtAuthenticationFilter - 用户 [user_fish] (ID:3) JWT 认证通过
2026-07-18 21:32:22.795 [http-nio-8081-exec-43] INFO  com.knockfish.security.JwtAuthenticationFilter - === 请求路径: /api/r2-file/prefix, 方法: GET
2026-07-18 21:32:22.856 [http-nio-8081-exec-43] DEBUG com.knockfish.security.JwtAuthenticationFilter - 用户 [user_fish] (ID:3) JWT 认证通过
2026-07-18 21:43:59.882 [http-nio-8081-exec-45] INFO  com.knockfish.security.JwtAuthenticationFilter - === 请求路径: /api/r2-file/prefix, 方法: GET
2026-07-18 21:43:59.906 [http-nio-8081-exec-45] DEBUG com.knockfish.security.JwtAuthenticationFilter - 用户 [user_fish] (ID:3) JWT 认证通过
2026-07-18 21:44:03.919 [http-nio-8081-exec-46] INFO  com.knockfish.security.JwtAuthenticationFilter - === 请求路径: /api/r2-file/prefix, 方法: GET
2026-07-18 21:44:03.934 [http-nio-8081-exec-46] DEBUG com.knockfish.security.JwtAuthenticationFilter - 用户 [user_fish] (ID:3) JWT 认证通过
2026-07-18 21:49:11.182 [http-nio-8081-exec-49] INFO  com.knockfish.security.JwtAuthenticationFilter - === 请求路径: /api/r2-file/prefix, 方法: GET
2026-07-18 21:49:11.212 [http-nio-8081-exec-49] DEBUG com.knockfish.security.JwtAuthenticationFilter - 用户 [user_fish] (ID:3) JWT 认证通过
2026-07-18 21:49:14.002 [http-nio-8081-exec-1] INFO  com.knockfish.security.JwtAuthenticationFilter - === 请求路径: /api/r2-file/prefix, 方法: GET
2026-07-18 21:49:14.030 [http-nio-8081-exec-1] DEBUG com.knockfish.security.JwtAuthenticationFilter - 用户 [user_fish] (ID:3) JWT 认证通过
2026-07-18 21:49:15.831 [http-nio-8081-exec-2] INFO  com.knockfish.security.JwtAuthenticationFilter - === 请求路径: /api/r2-file/prefix, 方法: GET
2026-07-18 21:49:15.856 [http-nio-8081-exec-2] DEBUG com.knockfish.security.JwtAuthenticationFilter - 用户 [user_fish] (ID:3) JWT 认证通过
2026-07-18 21:49:20.911 [http-nio-8081-exec-4] INFO  com.knockfish.security.JwtAuthenticationFilter - === 请求路径: /api/r2-file/info, 方法: GET
2026-07-18 21:49:20.956 [http-nio-8081-exec-4] DEBUG com.knockfish.security.JwtAuthenticationFilter - 用户 [user_fish] (ID:3) JWT 认证通过
2026-07-18 21:49:26.791 [http-nio-8081-exec-8] INFO  com.knockfish.security.JwtAuthenticationFilter - === 请求路径: /api/r2-file/prefix, 方法: GET
2026-07-18 21:49:26.823 [http-nio-8081-exec-8] DEBUG com.knockfish.security.JwtAuthenticationFilter - 用户 [user_fish] (ID:3) JWT 认证通过
2026-07-18 21:49:28.823 [http-nio-8081-exec-7] INFO  com.knockfish.security.JwtAuthenticationFilter - === 请求路径: /api/r2-file/prefix, 方法: GET
2026-07-18 21:49:28.855 [http-nio-8081-exec-7] DEBUG com.knockfish.security.JwtAuthenticationFilter - 用户 [user_fish] (ID:3) JWT 认证通过
2026-07-18 23:23:13.731 [SpringApplicationShutdownHook] INFO  com.zaxxer.hikari.HikariDataSource - KnockfishHikariCP - Shutdown initiated...
2026-07-18 23:23:13.736 [SpringApplicationShutdownHook] INFO  com.zaxxer.hikari.HikariDataSource - KnockfishHikariCP - Shutdown completed.
