2026-08-10 02:09:28.460 [background-preinit] INFO  org.hibernate.validator.internal.util.Version - HV000001: Hibernate Validator 8.0.3.Final
2026-08-10 02:09:29.018 [main] INFO  com.knockfish.KnockfishBlogBackendApplication - Starting KnockfishBlogBackendApplication using Java 17.0.9 with PID 18252 (E:\fish_blog\knockfish-blog-backend\target\classes started by DELL in E:\fish_blog\knockfish-blog-backend)
2026-08-10 02:09:29.022 [main] DEBUG com.knockfish.KnockfishBlogBackendApplication - Running with Spring Boot v3.5.13, Spring v6.2.17
2026-08-10 02:09:29.023 [main] INFO  com.knockfish.KnockfishBlogBackendApplication - No active profile set, falling back to 1 default profile: "default"
2026-08-10 02:09:39.181 [main] INFO  org.apache.coyote.http11.Http11NioProtocol - Initializing ProtocolHandler ["http-nio-8081"]
2026-08-10 02:09:39.185 [main] INFO  org.apache.catalina.core.StandardService - Starting service [Tomcat]
2026-08-10 02:09:39.186 [main] INFO  org.apache.catalina.core.StandardEngine - Starting Servlet engine: [Apache Tomcat/10.1.53]
2026-08-10 02:09:39.356 [main] INFO  o.a.c.core.ContainerBase.[Tomcat].[localhost].[/] - Initializing Spring embedded WebApplicationContext
2026-08-10 02:09:43.869 [main] DEBUG com.knockfish.security.JwtAuthenticationFilter - Filter 'jwtAuthenticationFilter' configured for use
2026-08-10 02:09:51.705 [main] INFO  org.apache.coyote.http11.Http11NioProtocol - Starting ProtocolHandler ["http-nio-8081"]
2026-08-10 02:09:51.798 [main] INFO  com.knockfish.KnockfishBlogBackendApplication - Started KnockfishBlogBackendApplication in 25.375 seconds (process running for 27.16)
2026-08-10 02:11:11.208 [http-nio-8081-exec-2] INFO  o.a.c.core.ContainerBase.[Tomcat].[localhost].[/] - Initializing Spring DispatcherServlet 'dispatcherServlet'
2026-08-10 02:11:12.343 [http-nio-8081-exec-6] INFO  com.knockfish.security.JwtAuthenticationFilter - === 请求路径: /api/dashboard/activities, 方法: GET
2026-08-10 02:11:12.348 [http-nio-8081-exec-3] INFO  com.knockfish.security.JwtAuthenticationFilter - === 请求路径: /api/dashboard/overview, 方法: GET
2026-08-10 02:11:12.886 [http-nio-8081-exec-6] INFO  com.zaxxer.hikari.HikariDataSource - KnockfishHikariCP - Starting...
2026-08-10 02:11:14.042 [http-nio-8081-exec-8] INFO  com.knockfish.security.JwtAuthenticationFilter - === 请求路径: /api/dashboard/category-stats, 方法: GET
2026-08-10 02:11:14.171 [http-nio-8081-exec-7] INFO  com.knockfish.security.JwtAuthenticationFilter - === 请求路径: /api/dashboard/article-trend, 方法: GET
2026-08-10 02:11:14.448 [http-nio-8081-exec-6] INFO  com.zaxxer.hikari.pool.HikariPool - KnockfishHikariCP - Added connection com.mysql.cj.jdbc.ConnectionImpl@3bb0fa20
2026-08-10 02:11:14.454 [http-nio-8081-exec-6] INFO  com.zaxxer.hikari.HikariDataSource - KnockfishHikariCP - Start completed.
2026-08-10 02:11:15.727 [http-nio-8081-exec-7] DEBUG com.knockfish.security.JwtAuthenticationFilter - 用户 [knockfish] (ID:1) JWT 认证通过
2026-08-10 02:11:15.727 [http-nio-8081-exec-8] DEBUG com.knockfish.security.JwtAuthenticationFilter - 用户 [knockfish] (ID:1) JWT 认证通过
2026-08-10 02:11:15.727 [http-nio-8081-exec-3] DEBUG com.knockfish.security.JwtAuthenticationFilter - 用户 [knockfish] (ID:1) JWT 认证通过
2026-08-10 02:11:15.727 [http-nio-8081-exec-6] DEBUG com.knockfish.security.JwtAuthenticationFilter - 用户 [knockfish] (ID:1) JWT 认证通过
2026-08-10 02:11:15.820 [http-nio-8081-exec-8] INFO  com.knockfish.aspect.LogAspect - [获取文章分类统计] 请求开始 - GET /api/dashboard/category-stats - DashboardController.getCategoryStats - 参数: 无
2026-08-10 02:11:15.820 [http-nio-8081-exec-3] INFO  com.knockfish.aspect.LogAspect - [获取仪表盘概览] 请求开始 - GET /api/dashboard/overview - DashboardController.getOverview - 参数: 无
2026-08-10 02:11:15.853 [http-nio-8081-exec-6] INFO  com.knockfish.aspect.LogAspect - [获取最近动态] 请求开始 - GET /api/dashboard/activities - DashboardController.getActivities - 参数: 10
2026-08-10 02:11:15.863 [http-nio-8081-exec-8] INFO  com.knockfish.aspect.LogAspect - [获取文章分类统计] 请求成功 - 执行时间: 39ms
2026-08-10 02:11:15.882 [http-nio-8081-exec-7] INFO  com.knockfish.aspect.LogAspect - [获取文章发布趋势] 请求开始 - GET /api/dashboard/article-trend - DashboardController.getArticleTrend - 参数: "monthly", null
2026-08-10 02:11:16.234 [http-nio-8081-exec-7] INFO  com.knockfish.aspect.LogAspect - [获取文章发布趋势] 请求成功 - 执行时间: 352ms
2026-08-10 02:11:16.236 [http-nio-8081-exec-6] INFO  com.knockfish.aspect.LogAspect - [获取最近动态] 请求成功 - 执行时间: 380ms
2026-08-10 02:11:16.346 [http-nio-8081-exec-3] INFO  com.knockfish.aspect.LogAspect - [获取仪表盘概览] 请求成功 - 执行时间: 525ms
2026-08-10 03:01:39.488 [SpringApplicationShutdownHook] INFO  com.zaxxer.hikari.HikariDataSource - KnockfishHikariCP - Shutdown initiated...
2026-08-10 03:01:39.511 [SpringApplicationShutdownHook] INFO  com.zaxxer.hikari.HikariDataSource - KnockfishHikariCP - Shutdown completed.
2026-08-10 13:18:57.389 [background-preinit] INFO  org.hibernate.validator.internal.util.Version - HV000001: Hibernate Validator 8.0.3.Final
2026-08-10 13:18:57.436 [main] INFO  com.knockfish.KnockfishBlogBackendApplication - Starting KnockfishBlogBackendApplication using Java 17.0.9 with PID 9352 (E:\fish_blog\knockfish-blog-backend\target\classes started by DELL in E:\fish_blog\knockfish-blog-backend)
2026-08-10 13:18:57.483 [main] DEBUG com.knockfish.KnockfishBlogBackendApplication - Running with Spring Boot v3.5.13, Spring v6.2.17
2026-08-10 13:18:57.483 [main] INFO  com.knockfish.KnockfishBlogBackendApplication - No active profile set, falling back to 1 default profile: "default"
2026-08-10 13:19:04.905 [main] INFO  org.apache.coyote.http11.Http11NioProtocol - Initializing ProtocolHandler ["http-nio-8081"]
2026-08-10 13:19:04.908 [main] INFO  org.apache.catalina.core.StandardService - Starting service [Tomcat]
2026-08-10 13:19:04.908 [main] INFO  org.apache.catalina.core.StandardEngine - Starting Servlet engine: [Apache Tomcat/10.1.53]
2026-08-10 13:19:04.978 [main] INFO  o.a.c.core.ContainerBase.[Tomcat].[localhost].[/] - Initializing Spring embedded WebApplicationContext
2026-08-10 13:19:07.151 [main] DEBUG com.knockfish.security.JwtAuthenticationFilter - Filter 'jwtAuthenticationFilter' configured for use
2026-08-10 13:19:09.472 [main] INFO  org.apache.coyote.http11.Http11NioProtocol - Starting ProtocolHandler ["http-nio-8081"]
2026-08-10 13:19:09.505 [main] INFO  com.knockfish.KnockfishBlogBackendApplication - Started KnockfishBlogBackendApplication in 13.076 seconds (process running for 13.883)
2026-08-10 14:13:13.150 [background-preinit] INFO  org.hibernate.validator.internal.util.Version - HV000001: Hibernate Validator 8.0.3.Final
2026-08-10 14:13:13.210 [main] INFO  com.knockfish.KnockfishBlogBackendApplication - Starting KnockfishBlogBackendApplication using Java 17.0.9 with PID 13360 (E:\fish_blog\knockfish-blog-backend\target\classes started by DELL in E:\fish_blog\knockfish-blog-backend)
2026-08-10 14:13:13.211 [main] DEBUG com.knockfish.KnockfishBlogBackendApplication - Running with Spring Boot v3.5.13, Spring v6.2.17
2026-08-10 14:13:13.212 [main] INFO  com.knockfish.KnockfishBlogBackendApplication - No active profile set, falling back to 1 default profile: "default"
2026-08-10 14:13:15.395 [main] INFO  org.apache.coyote.http11.Http11NioProtocol - Initializing ProtocolHandler ["http-nio-8081"]
2026-08-10 14:13:15.396 [main] INFO  org.apache.catalina.core.StandardService - Starting service [Tomcat]
2026-08-10 14:13:15.398 [main] INFO  org.apache.catalina.core.StandardEngine - Starting Servlet engine: [Apache Tomcat/10.1.53]
2026-08-10 14:13:15.459 [main] INFO  o.a.c.core.ContainerBase.[Tomcat].[localhost].[/] - Initializing Spring embedded WebApplicationContext
2026-08-10 14:13:16.269 [main] DEBUG com.knockfish.security.JwtAuthenticationFilter - Filter 'jwtAuthenticationFilter' configured for use
2026-08-10 14:13:18.151 [main] INFO  org.apache.coyote.http11.Http11NioProtocol - Starting ProtocolHandler ["http-nio-8081"]
2026-08-10 14:13:18.182 [main] INFO  com.knockfish.KnockfishBlogBackendApplication - Started KnockfishBlogBackendApplication in 5.646 seconds (process running for 6.36)
2026-08-10 14:26:58.112 [http-nio-8081-exec-1] INFO  o.a.c.core.ContainerBase.[Tomcat].[localhost].[/] - Initializing Spring DispatcherServlet 'dispatcherServlet'
2026-08-10 14:26:58.285 [http-nio-8081-exec-3] INFO  com.knockfish.security.JwtAuthenticationFilter - === 请求路径: /api/dashboard/activities, 方法: GET
2026-08-10 14:26:58.285 [http-nio-8081-exec-2] INFO  com.knockfish.security.JwtAuthenticationFilter - === 请求路径: /api/dashboard/overview, 方法: GET
2026-08-10 14:26:58.411 [http-nio-8081-exec-3] ERROR com.knockfish.security.JwtAuthenticationFilter - Token 验证异常：The Token has expired on 2026-08-09T19:01:46Z.，请求路径：/api/dashboard/activities
2026-08-10 14:26:58.412 [http-nio-8081-exec-2] ERROR com.knockfish.security.JwtAuthenticationFilter - Token 验证异常：The Token has expired on 2026-08-09T19:01:46Z.，请求路径：/api/dashboard/overview
2026-08-10 14:26:58.866 [http-nio-8081-exec-6] INFO  com.knockfish.security.JwtAuthenticationFilter - === 请求路径: /api/dashboard/category-stats, 方法: GET
2026-08-10 14:26:58.869 [http-nio-8081-exec-6] ERROR com.knockfish.security.JwtAuthenticationFilter - Token 验证异常：The Token has expired on 2026-08-09T19:01:46Z.，请求路径：/api/dashboard/category-stats
2026-08-10 14:26:58.929 [http-nio-8081-exec-8] INFO  com.knockfish.security.JwtAuthenticationFilter - === 请求路径: /api/dashboard/article-trend, 方法: GET
2026-08-10 14:26:58.933 [http-nio-8081-exec-8] ERROR com.knockfish.security.JwtAuthenticationFilter - Token 验证异常：The Token has expired on 2026-08-09T19:01:46Z.，请求路径：/api/dashboard/article-trend
2026-08-10 14:27:10.552 [http-nio-8081-exec-9] INFO  com.knockfish.security.JwtAuthenticationFilter - === 请求路径: /api/auth/login, 方法: POST
2026-08-10 14:27:10.603 [http-nio-8081-exec-9] INFO  com.knockfish.aspect.LogAspect - [用户登录] 请求开始 - POST /api/auth/login - AuthController.login - 参数: {"username":"knockfish","password":"3414338"}
2026-08-10 14:27:10.604 [http-nio-8081-exec-9] DEBUG com.knockfish.service.impl.AuthServiceImpl - 开始验证用户: username=knockfish
2026-08-10 14:27:10.631 [http-nio-8081-exec-9] INFO  com.zaxxer.hikari.HikariDataSource - KnockfishHikariCP - Starting...
2026-08-10 14:27:10.899 [http-nio-8081-exec-9] INFO  com.zaxxer.hikari.pool.HikariPool - KnockfishHikariCP - Added connection com.mysql.cj.jdbc.ConnectionImpl@65137465
2026-08-10 14:27:10.899 [http-nio-8081-exec-9] INFO  com.zaxxer.hikari.HikariDataSource - KnockfishHikariCP - Start completed.
2026-08-10 14:27:11.091 [http-nio-8081-exec-9] DEBUG com.knockfish.service.impl.AuthServiceImpl - 用户验证通过: username=knockfish, userId=1
2026-08-10 14:27:11.097 [http-nio-8081-exec-9] INFO  com.knockfish.service.impl.AuthServiceImpl - 用户登录成功: username=knockfish, userId=1
2026-08-10 14:27:11.101 [http-nio-8081-exec-9] INFO  com.knockfish.aspect.LogAspect - [用户登录] 请求成功 - 执行时间: 494ms - 返回结果: {"code":200,"msg":"请求成功","data":{"userId":1,"username":"knockfish","email":"knockfish@qq.com","nickname":"knock_fish","avatar":"https://fishbarn.cn/blog/article-image/2026-06/168954af-15b9-4268-9743-080e1b495538.webp","description":"博客正在施工中……","githubUrl":null,"bilibiliUrl":null,"background":"","createTime":"2026-04-15 14:23:26","roles":null,"token":"eyJhbGciOiJIUzI1NiIsInR5cCI6IkpXVCJ9.eyJ1c2VySWQiOjEsInVzZXJuYW1lIjoia25vY2tmaXNoIiwiZXhwIjoxNzg2NzAzMjMxLCJpYXQiOjE3ODYzNDMyMzF9.3wVymqG-Zc68Z18Yn27EN8R7KAEb8Tj4J0z-ybUq5y8"}}
2026-08-10 14:27:11.113 [http-nio-8081-exec-12] INFO  com.knockfish.security.JwtAuthenticationFilter - === 请求路径: /api/permission/user/1, 方法: GET
2026-08-10 14:27:11.170 [http-nio-8081-exec-12] DEBUG com.knockfish.security.JwtAuthenticationFilter - 用户 [knockfish] (ID:1) JWT 认证通过
2026-08-10 14:27:11.302 [http-nio-8081-exec-27] INFO  com.knockfish.security.JwtAuthenticationFilter - === 请求路径: /api/dashboard/overview, 方法: GET
2026-08-10 14:27:11.302 [http-nio-8081-exec-15] INFO  com.knockfish.security.JwtAuthenticationFilter - === 请求路径: /api/dashboard/activities, 方法: GET
2026-08-10 14:27:11.320 [http-nio-8081-exec-15] DEBUG com.knockfish.security.JwtAuthenticationFilter - 用户 [knockfish] (ID:1) JWT 认证通过
2026-08-10 14:27:11.323 [http-nio-8081-exec-27] DEBUG com.knockfish.security.JwtAuthenticationFilter - 用户 [knockfish] (ID:1) JWT 认证通过
2026-08-10 14:27:11.324 [http-nio-8081-exec-15] INFO  com.knockfish.aspect.LogAspect - [获取最近动态] 请求开始 - GET /api/dashboard/activities - DashboardController.getActivities - 参数: 10
2026-08-10 14:27:11.324 [http-nio-8081-exec-27] INFO  com.knockfish.aspect.LogAspect - [获取仪表盘概览] 请求开始 - GET /api/dashboard/overview - DashboardController.getOverview - 参数: 无
2026-08-10 14:27:11.339 [http-nio-8081-exec-15] INFO  com.knockfish.aspect.LogAspect - [获取最近动态] 请求成功 - 执行时间: 15ms
2026-08-10 14:27:11.375 [http-nio-8081-exec-30] INFO  com.knockfish.security.JwtAuthenticationFilter - === 请求路径: /api/dashboard/article-trend, 方法: GET
2026-08-10 14:27:11.397 [http-nio-8081-exec-30] DEBUG com.knockfish.security.JwtAuthenticationFilter - 用户 [knockfish] (ID:1) JWT 认证通过
2026-08-10 14:27:11.404 [http-nio-8081-exec-27] INFO  com.knockfish.aspect.LogAspect - [获取仪表盘概览] 请求成功 - 执行时间: 80ms
2026-08-10 14:27:11.404 [http-nio-8081-exec-16] INFO  com.knockfish.security.JwtAuthenticationFilter - === 请求路径: /api/dashboard/category-stats, 方法: GET
2026-08-10 14:27:11.410 [http-nio-8081-exec-30] INFO  com.knockfish.aspect.LogAspect - [获取文章发布趋势] 请求开始 - GET /api/dashboard/article-trend - DashboardController.getArticleTrend - 参数: "monthly", null
2026-08-10 14:27:11.421 [http-nio-8081-exec-30] INFO  com.knockfish.aspect.LogAspect - [获取文章发布趋势] 请求成功 - 执行时间: 10ms
2026-08-10 14:27:11.422 [http-nio-8081-exec-16] DEBUG com.knockfish.security.JwtAuthenticationFilter - 用户 [knockfish] (ID:1) JWT 认证通过
2026-08-10 14:27:11.423 [http-nio-8081-exec-16] INFO  com.knockfish.aspect.LogAspect - [获取文章分类统计] 请求开始 - GET /api/dashboard/category-stats - DashboardController.getCategoryStats - 参数: 无
2026-08-10 14:27:11.436 [http-nio-8081-exec-16] INFO  com.knockfish.aspect.LogAspect - [获取文章分类统计] 请求成功 - 执行时间: 12ms
2026-08-10 14:29:40.020 [http-nio-8081-exec-21] INFO  com.knockfish.security.JwtAuthenticationFilter - === 请求路径: /api/tag/page, 方法: GET
2026-08-10 14:29:40.029 [http-nio-8081-exec-21] DEBUG com.knockfish.security.JwtAuthenticationFilter - 用户 [knockfish] (ID:1) JWT 认证通过
2026-08-10 14:29:40.034 [http-nio-8081-exec-21] INFO  com.knockfish.aspect.LogAspect - [查询标签列表] 请求开始 - GET /api/tag/page - TagController.getTagListVO - 参数: {"tagName":null}, 1, 10
2026-08-10 14:29:40.130 [http-nio-8081-exec-21] INFO  com.knockfish.aspect.LogAspect - [查询标签列表] 请求成功 - 执行时间: 95ms
2026-08-10 14:30:00.211 [http-nio-8081-exec-22] INFO  com.knockfish.security.JwtAuthenticationFilter - === 请求路径: /api/agent/article/33, 方法: GET
2026-08-10 14:30:00.221 [http-nio-8081-exec-22] DEBUG com.knockfish.security.JwtAuthenticationFilter - 用户 [knockfish] (ID:1) JWT 认证通过
2026-08-10 14:30:00.222 [http-nio-8081-exec-22] INFO  com.knockfish.aspect.LogAspect - [agent获取文章] 请求开始 - GET /api/agent/article/33 - AgentController.getArticleForAgent - 参数: 33
2026-08-10 14:30:00.231 [http-nio-8081-exec-22] INFO  com.knockfish.service.impl.AgentServiceImpl - Agent 请求获取文章: articleId=33
2026-08-10 14:30:00.241 [http-nio-8081-exec-22] INFO  com.knockfish.aspect.LogAspect - [agent获取文章] 请求成功 - 执行时间: 19ms
2026-08-10 14:30:40.155 [SpringApplicationShutdownHook] INFO  com.zaxxer.hikari.HikariDataSource - KnockfishHikariCP - Shutdown initiated...
2026-08-10 14:30:40.162 [SpringApplicationShutdownHook] INFO  com.zaxxer.hikari.HikariDataSource - KnockfishHikariCP - Shutdown completed.
2026-08-10 14:30:43.470 [background-preinit] INFO  org.hibernate.validator.internal.util.Version - HV000001: Hibernate Validator 8.0.3.Final
2026-08-10 14:30:43.524 [main] INFO  com.knockfish.KnockfishBlogBackendApplication - Starting KnockfishBlogBackendApplication using Java 17.0.9 with PID 18876 (E:\fish_blog\knockfish-blog-backend\target\classes started by DELL in E:\fish_blog\knockfish-blog-backend)
2026-08-10 14:30:43.525 [main] DEBUG com.knockfish.KnockfishBlogBackendApplication - Running with Spring Boot v3.5.13, Spring v6.2.17
2026-08-10 14:30:43.526 [main] INFO  com.knockfish.KnockfishBlogBackendApplication - No active profile set, falling back to 1 default profile: "default"
2026-08-10 14:30:45.530 [main] INFO  org.apache.coyote.http11.Http11NioProtocol - Initializing ProtocolHandler ["http-nio-8081"]
2026-08-10 14:30:45.531 [main] INFO  org.apache.catalina.core.StandardService - Starting service [Tomcat]
2026-08-10 14:30:45.531 [main] INFO  org.apache.catalina.core.StandardEngine - Starting Servlet engine: [Apache Tomcat/10.1.53]
2026-08-10 14:30:45.589 [main] INFO  o.a.c.core.ContainerBase.[Tomcat].[localhost].[/] - Initializing Spring embedded WebApplicationContext
2026-08-10 14:30:46.278 [main] DEBUG com.knockfish.security.JwtAuthenticationFilter - Filter 'jwtAuthenticationFilter' configured for use
2026-08-10 14:30:48.013 [main] INFO  org.apache.coyote.http11.Http11NioProtocol - Starting ProtocolHandler ["http-nio-8081"]
2026-08-10 14:30:48.047 [main] INFO  com.knockfish.KnockfishBlogBackendApplication - Started KnockfishBlogBackendApplication in 5.339 seconds (process running for 5.946)
2026-08-10 14:33:52.126 [http-nio-8081-exec-1] INFO  o.a.c.core.ContainerBase.[Tomcat].[localhost].[/] - Initializing Spring DispatcherServlet 'dispatcherServlet'
2026-08-10 14:33:52.160 [http-nio-8081-exec-1] INFO  com.knockfish.security.JwtAuthenticationFilter - === 请求路径: /api/agent/article/33, 方法: GET
2026-08-10 14:33:52.242 [http-nio-8081-exec-1] INFO  com.zaxxer.hikari.HikariDataSource - KnockfishHikariCP - Starting...
2026-08-10 14:33:52.535 [http-nio-8081-exec-1] INFO  com.zaxxer.hikari.pool.HikariPool - KnockfishHikariCP - Added connection com.mysql.cj.jdbc.ConnectionImpl@cf5faf1
2026-08-10 14:33:52.537 [http-nio-8081-exec-1] INFO  com.zaxxer.hikari.HikariDataSource - KnockfishHikariCP - Start completed.
2026-08-10 14:33:52.656 [http-nio-8081-exec-1] DEBUG com.knockfish.security.JwtAuthenticationFilter - 用户 [knockfish] (ID:1) JWT 认证通过
2026-08-10 14:33:52.700 [http-nio-8081-exec-1] INFO  com.knockfish.aspect.LogAspect - [agent获取文章] 请求开始 - GET /api/agent/article/33 - AgentController.getArticleForAgent - 参数: 33
2026-08-10 14:33:52.708 [http-nio-8081-exec-1] INFO  com.knockfish.service.impl.AgentServiceImpl - Agent 请求获取文章: articleId=33
2026-08-10 14:33:52.723 [http-nio-8081-exec-1] INFO  com.knockfish.aspect.LogAspect - [agent获取文章] 请求成功 - 执行时间: 23ms
2026-08-10 14:41:31.860 [http-nio-8081-exec-3] INFO  com.knockfish.security.JwtAuthenticationFilter - === 请求路径: /api/agent/article/55, 方法: GET
2026-08-10 14:41:31.884 [http-nio-8081-exec-3] DEBUG com.knockfish.security.JwtAuthenticationFilter - 用户 [knockfish] (ID:1) JWT 认证通过
2026-08-10 14:41:31.885 [http-nio-8081-exec-3] INFO  com.knockfish.aspect.LogAspect - [agent获取文章] 请求开始 - GET /api/agent/article/55 - AgentController.getArticleForAgent - 参数: 55
2026-08-10 14:41:31.887 [http-nio-8081-exec-3] INFO  com.knockfish.service.impl.AgentServiceImpl - Agent 请求获取文章: articleId=55
2026-08-10 14:41:31.890 [http-nio-8081-exec-3] INFO  com.knockfish.aspect.LogAspect - [agent获取文章] 请求成功 - 执行时间: 4ms
2026-08-10 15:00:49.607 [http-nio-8081-exec-5] INFO  com.knockfish.security.JwtAuthenticationFilter - === 请求路径: /api/agent/article/66, 方法: GET
2026-08-10 15:00:49.621 [http-nio-8081-exec-5] DEBUG com.knockfish.security.JwtAuthenticationFilter - 用户 [knockfish] (ID:1) JWT 认证通过
2026-08-10 15:00:49.623 [http-nio-8081-exec-5] INFO  com.knockfish.aspect.LogAspect - [agent获取文章] 请求开始 - GET /api/agent/article/66 - AgentController.getArticleForAgent - 参数: 66
2026-08-10 15:00:49.625 [http-nio-8081-exec-5] INFO  com.knockfish.service.impl.AgentServiceImpl - Agent 请求获取文章: articleId=66
2026-08-10 15:00:49.627 [http-nio-8081-exec-5] INFO  com.knockfish.aspect.LogAspect - [agent获取文章] 请求成功 - 执行时间: 3ms
2026-08-10 15:01:05.798 [http-nio-8081-exec-8] INFO  com.knockfish.security.JwtAuthenticationFilter - === 请求路径: /api/agent/article/60, 方法: GET
2026-08-10 15:01:05.811 [http-nio-8081-exec-8] DEBUG com.knockfish.security.JwtAuthenticationFilter - 用户 [knockfish] (ID:1) JWT 认证通过
2026-08-10 15:01:05.812 [http-nio-8081-exec-8] INFO  com.knockfish.aspect.LogAspect - [agent获取文章] 请求开始 - GET /api/agent/article/60 - AgentController.getArticleForAgent - 参数: 60
2026-08-10 15:01:05.813 [http-nio-8081-exec-8] INFO  com.knockfish.service.impl.AgentServiceImpl - Agent 请求获取文章: articleId=60
2026-08-10 15:01:05.817 [http-nio-8081-exec-8] INFO  com.knockfish.aspect.LogAspect - [agent获取文章] 请求成功 - 执行时间: 5ms
2026-08-10 16:04:32.030 [http-nio-8081-exec-16] INFO  com.knockfish.security.JwtAuthenticationFilter - === 请求路径: /api/agent/article/39, 方法: GET
2026-08-10 16:04:32.176 [http-nio-8081-exec-16] DEBUG com.knockfish.security.JwtAuthenticationFilter - 用户 [knockfish] (ID:1) JWT 认证通过
2026-08-10 16:04:32.197 [http-nio-8081-exec-16] INFO  com.knockfish.aspect.LogAspect - [agent获取文章] 请求开始 - GET /api/agent/article/39 - AgentController.getArticleForAgent - 参数: 39
2026-08-10 16:04:32.205 [http-nio-8081-exec-16] INFO  com.knockfish.service.impl.AgentServiceImpl - Agent 请求获取文章: articleId=39
2026-08-10 16:04:32.218 [http-nio-8081-exec-16] INFO  com.knockfish.aspect.LogAspect - [agent获取文章] 请求成功 - 执行时间: 20ms
2026-08-10 17:20:48.316 [SpringApplicationShutdownHook] INFO  com.zaxxer.hikari.HikariDataSource - KnockfishHikariCP - Shutdown initiated...
2026-08-10 17:20:48.348 [SpringApplicationShutdownHook] INFO  com.zaxxer.hikari.HikariDataSource - KnockfishHikariCP - Shutdown completed.
2026-08-10 18:56:45.253 [background-preinit] INFO  org.hibernate.validator.internal.util.Version - HV000001: Hibernate Validator 8.0.3.Final
2026-08-10 18:56:45.487 [main] INFO  com.knockfish.KnockfishBlogBackendApplication - Starting KnockfishBlogBackendApplication using Java 17.0.9 with PID 6768 (E:\fish_blog\knockfish-blog-backend\target\classes started by DELL in E:\fish_blog\knockfish-blog-backend)
2026-08-10 18:56:45.488 [main] DEBUG com.knockfish.KnockfishBlogBackendApplication - Running with Spring Boot v3.5.13, Spring v6.2.17
2026-08-10 18:56:45.490 [main] INFO  com.knockfish.KnockfishBlogBackendApplication - No active profile set, falling back to 1 default profile: "default"
2026-08-10 18:56:50.935 [main] INFO  org.apache.coyote.http11.Http11NioProtocol - Initializing ProtocolHandler ["http-nio-8081"]
2026-08-10 18:56:50.938 [main] INFO  org.apache.catalina.core.StandardService - Starting service [Tomcat]
2026-08-10 18:56:50.939 [main] INFO  org.apache.catalina.core.StandardEngine - Starting Servlet engine: [Apache Tomcat/10.1.53]
2026-08-10 18:56:51.058 [main] INFO  o.a.c.core.ContainerBase.[Tomcat].[localhost].[/] - Initializing Spring embedded WebApplicationContext
2026-08-10 18:56:53.332 [main] DEBUG com.knockfish.security.JwtAuthenticationFilter - Filter 'jwtAuthenticationFilter' configured for use
2026-08-10 18:56:57.412 [main] INFO  org.apache.coyote.http11.Http11NioProtocol - Starting ProtocolHandler ["http-nio-8081"]
2026-08-10 18:56:57.482 [main] INFO  com.knockfish.KnockfishBlogBackendApplication - Started KnockfishBlogBackendApplication in 13.835 seconds (process running for 16.23)
2026-08-10 20:04:30.102 [http-nio-8081-exec-3] INFO  o.a.c.core.ContainerBase.[Tomcat].[localhost].[/] - Initializing Spring DispatcherServlet 'dispatcherServlet'
2026-08-10 20:04:30.432 [http-nio-8081-exec-2] INFO  com.knockfish.security.JwtAuthenticationFilter - === 请求路径: /api/user/1, 方法: GET
2026-08-10 20:04:30.432 [http-nio-8081-exec-3] INFO  com.knockfish.security.JwtAuthenticationFilter - === 请求路径: /api/article/with-tag, 方法: GET
2026-08-10 20:04:30.432 [http-nio-8081-exec-1] INFO  com.knockfish.security.JwtAuthenticationFilter - === 请求路径: /api/tag, 方法: GET
2026-08-10 20:04:30.432 [http-nio-8081-exec-4] INFO  com.knockfish.security.JwtAuthenticationFilter - === 请求路径: /api/user/2, 方法: GET
2026-08-10 20:04:30.624 [http-nio-8081-exec-2] INFO  com.knockfish.aspect.LogAspect - [查询用户信息] 请求开始 - GET /api/user/1 - UserController.getUserById - 参数: 1
2026-08-10 20:04:30.624 [http-nio-8081-exec-4] INFO  com.knockfish.aspect.LogAspect - [查询用户信息] 请求开始 - GET /api/user/2 - UserController.getUserById - 参数: 2
2026-08-10 20:04:30.645 [http-nio-8081-exec-4] INFO  com.zaxxer.hikari.HikariDataSource - KnockfishHikariCP - Starting...
2026-08-10 20:04:30.722 [http-nio-8081-exec-3] INFO  com.knockfish.aspect.LogAspect - [查询文章列表(含标签)] 请求开始 - GET /api/article/with-tag - ArticleController.getArticleWithTagList - 参数: {"userId":0,"title":null}, 1, 10
2026-08-10 20:04:31.125 [http-nio-8081-exec-4] INFO  com.zaxxer.hikari.pool.HikariPool - KnockfishHikariCP - Added connection com.mysql.cj.jdbc.ConnectionImpl@7e1516a5
2026-08-10 20:04:31.129 [http-nio-8081-exec-4] INFO  com.zaxxer.hikari.HikariDataSource - KnockfishHikariCP - Start completed.
2026-08-10 20:04:31.356 [http-nio-8081-exec-2] INFO  com.knockfish.aspect.LogAspect - [查询用户信息] 请求成功 - 执行时间: 731ms
2026-08-10 20:04:31.356 [http-nio-8081-exec-4] INFO  com.knockfish.aspect.LogAspect - [查询用户信息] 请求成功 - 执行时间: 731ms
2026-08-10 20:04:31.383 [http-nio-8081-exec-3] INFO  com.knockfish.aspect.LogAspect - [查询文章列表(含标签)] 请求成功 - 执行时间: 661ms
2026-08-10 20:04:46.115 [http-nio-8081-exec-5] INFO  com.knockfish.security.JwtAuthenticationFilter - === 请求路径: /api/article/with-tag, 方法: GET
2026-08-10 20:04:46.115 [http-nio-8081-exec-8] INFO  com.knockfish.security.JwtAuthenticationFilter - === 请求路径: /api/tag, 方法: GET
2026-08-10 20:04:46.115 [http-nio-8081-exec-6] INFO  com.knockfish.security.JwtAuthenticationFilter - === 请求路径: /api/user/1, 方法: GET
2026-08-10 20:04:46.116 [http-nio-8081-exec-7] INFO  com.knockfish.security.JwtAuthenticationFilter - === 请求路径: /api/user/2, 方法: GET
2026-08-10 20:04:46.117 [http-nio-8081-exec-6] INFO  com.knockfish.aspect.LogAspect - [查询用户信息] 请求开始 - GET /api/user/1 - UserController.getUserById - 参数: 1
2026-08-10 20:04:46.117 [http-nio-8081-exec-5] INFO  com.knockfish.aspect.LogAspect - [查询文章列表(含标签)] 请求开始 - GET /api/article/with-tag - ArticleController.getArticleWithTagList - 参数: {"userId":0,"title":null}, 1, 10
2026-08-10 20:04:46.117 [http-nio-8081-exec-7] INFO  com.knockfish.aspect.LogAspect - [查询用户信息] 请求开始 - GET /api/user/2 - UserController.getUserById - 参数: 2
2026-08-10 20:04:46.132 [http-nio-8081-exec-7] INFO  com.knockfish.aspect.LogAspect - [查询用户信息] 请求成功 - 执行时间: 14ms
2026-08-10 20:04:46.132 [http-nio-8081-exec-6] INFO  com.knockfish.aspect.LogAspect - [查询用户信息] 请求成功 - 执行时间: 14ms
2026-08-10 20:04:46.156 [http-nio-8081-exec-5] INFO  com.knockfish.aspect.LogAspect - [查询文章列表(含标签)] 请求成功 - 执行时间: 38ms
2026-08-10 20:05:33.250 [http-nio-8081-exec-13] INFO  com.knockfish.security.JwtAuthenticationFilter - === 请求路径: /api/article/with-tag, 方法: GET
2026-08-10 20:05:33.252 [http-nio-8081-exec-14] INFO  com.knockfish.security.JwtAuthenticationFilter - === 请求路径: /api/user/1, 方法: GET
2026-08-10 20:05:33.252 [http-nio-8081-exec-15] INFO  com.knockfish.security.JwtAuthenticationFilter - === 请求路径: /api/user/2, 方法: GET
2026-08-10 20:05:33.253 [http-nio-8081-exec-16] INFO  com.knockfish.security.JwtAuthenticationFilter - === 请求路径: /api/tag, 方法: GET
2026-08-10 20:05:33.254 [http-nio-8081-exec-13] INFO  com.knockfish.aspect.LogAspect - [查询文章列表(含标签)] 请求开始 - GET /api/article/with-tag - ArticleController.getArticleWithTagList - 参数: {"userId":0,"title":null}, 1, 10
2026-08-10 20:05:33.255 [http-nio-8081-exec-15] INFO  com.knockfish.aspect.LogAspect - [查询用户信息] 请求开始 - GET /api/user/2 - UserController.getUserById - 参数: 2
2026-08-10 20:05:33.256 [http-nio-8081-exec-14] INFO  com.knockfish.aspect.LogAspect - [查询用户信息] 请求开始 - GET /api/user/1 - UserController.getUserById - 参数: 1
2026-08-10 20:05:33.268 [http-nio-8081-exec-15] INFO  com.knockfish.aspect.LogAspect - [查询用户信息] 请求成功 - 执行时间: 13ms
2026-08-10 20:05:33.275 [http-nio-8081-exec-14] INFO  com.knockfish.aspect.LogAspect - [查询用户信息] 请求成功 - 执行时间: 18ms
2026-08-10 20:05:33.282 [http-nio-8081-exec-13] INFO  com.knockfish.aspect.LogAspect - [查询文章列表(含标签)] 请求成功 - 执行时间: 28ms
2026-08-10 21:49:34.420 [http-nio-8081-exec-21] INFO  com.knockfish.security.JwtAuthenticationFilter - === 请求路径: /api/article/with-tag, 方法: GET
2026-08-10 21:49:34.420 [http-nio-8081-exec-22] INFO  com.knockfish.security.JwtAuthenticationFilter - === 请求路径: /api/user/1, 方法: GET
2026-08-10 21:49:34.421 [http-nio-8081-exec-23] INFO  com.knockfish.security.JwtAuthenticationFilter - === 请求路径: /api/user/2, 方法: GET
2026-08-10 21:49:34.423 [http-nio-8081-exec-23] INFO  com.knockfish.aspect.LogAspect - [查询用户信息] 请求开始 - GET /api/user/2 - UserController.getUserById - 参数: 2
2026-08-10 21:49:34.423 [http-nio-8081-exec-21] INFO  com.knockfish.aspect.LogAspect - [查询文章列表(含标签)] 请求开始 - GET /api/article/with-tag - ArticleController.getArticleWithTagList - 参数: {"userId":0,"title":null}, 1, 10
2026-08-10 21:49:34.423 [http-nio-8081-exec-24] INFO  com.knockfish.security.JwtAuthenticationFilter - === 请求路径: /api/tag, 方法: GET
2026-08-10 21:49:34.423 [http-nio-8081-exec-22] INFO  com.knockfish.aspect.LogAspect - [查询用户信息] 请求开始 - GET /api/user/1 - UserController.getUserById - 参数: 1
2026-08-10 21:49:34.448 [http-nio-8081-exec-22] INFO  com.knockfish.aspect.LogAspect - [查询用户信息] 请求成功 - 执行时间: 25ms
2026-08-10 21:49:34.448 [http-nio-8081-exec-23] INFO  com.knockfish.aspect.LogAspect - [查询用户信息] 请求成功 - 执行时间: 25ms
2026-08-10 21:49:34.462 [http-nio-8081-exec-21] INFO  com.knockfish.aspect.LogAspect - [查询文章列表(含标签)] 请求成功 - 执行时间: 39ms
2026-08-10 21:50:45.993 [http-nio-8081-exec-30] INFO  com.knockfish.security.JwtAuthenticationFilter - === 请求路径: /api/article/with-tag, 方法: GET
2026-08-10 21:50:45.997 [http-nio-8081-exec-30] INFO  com.knockfish.aspect.LogAspect - [查询文章列表(含标签)] 请求开始 - GET /api/article/with-tag - ArticleController.getArticleWithTagList - 参数: {"userId":0,"title":null}, 1, 10
2026-08-10 21:50:46.019 [http-nio-8081-exec-30] INFO  com.knockfish.aspect.LogAspect - [查询文章列表(含标签)] 请求成功 - 执行时间: 21ms
2026-08-10 21:50:46.020 [http-nio-8081-exec-29] INFO  com.knockfish.security.JwtAuthenticationFilter - === 请求路径: /api/user/1, 方法: GET
2026-08-10 21:50:46.021 [http-nio-8081-exec-31] INFO  com.knockfish.security.JwtAuthenticationFilter - === 请求路径: /api/user/2, 方法: GET
2026-08-10 21:50:46.024 [http-nio-8081-exec-29] INFO  com.knockfish.aspect.LogAspect - [查询用户信息] 请求开始 - GET /api/user/1 - UserController.getUserById - 参数: 1
2026-08-10 21:50:46.025 [http-nio-8081-exec-31] INFO  com.knockfish.aspect.LogAspect - [查询用户信息] 请求开始 - GET /api/user/2 - UserController.getUserById - 参数: 2
2026-08-10 21:50:46.033 [http-nio-8081-exec-32] INFO  com.knockfish.security.JwtAuthenticationFilter - === 请求路径: /api/tag, 方法: GET
2026-08-10 21:50:46.066 [http-nio-8081-exec-29] INFO  com.knockfish.aspect.LogAspect - [查询用户信息] 请求成功 - 执行时间: 41ms
2026-08-10 21:50:46.081 [http-nio-8081-exec-31] INFO  com.knockfish.aspect.LogAspect - [查询用户信息] 请求成功 - 执行时间: 56ms
2026-08-10 21:54:18.396 [http-nio-8081-exec-39] INFO  com.knockfish.security.JwtAuthenticationFilter - === 请求路径: /api/tag, 方法: GET
2026-08-10 21:54:18.396 [http-nio-8081-exec-36] INFO  com.knockfish.security.JwtAuthenticationFilter - === 请求路径: /api/article/with-tag, 方法: GET
2026-08-10 21:54:18.396 [http-nio-8081-exec-37] INFO  com.knockfish.security.JwtAuthenticationFilter - === 请求路径: /api/user/1, 方法: GET
2026-08-10 21:54:18.396 [http-nio-8081-exec-38] INFO  com.knockfish.security.JwtAuthenticationFilter - === 请求路径: /api/user/2, 方法: GET
2026-08-10 21:54:18.398 [http-nio-8081-exec-38] INFO  com.knockfish.aspect.LogAspect - [查询用户信息] 请求开始 - GET /api/user/2 - UserController.getUserById - 参数: 2
2026-08-10 21:54:18.398 [http-nio-8081-exec-37] INFO  com.knockfish.aspect.LogAspect - [查询用户信息] 请求开始 - GET /api/user/1 - UserController.getUserById - 参数: 1
2026-08-10 21:54:18.399 [http-nio-8081-exec-36] INFO  com.knockfish.aspect.LogAspect - [查询文章列表(含标签)] 请求开始 - GET /api/article/with-tag - ArticleController.getArticleWithTagList - 参数: {"userId":0,"title":null}, 1, 10
2026-08-10 21:54:18.403 [http-nio-8081-exec-38] INFO  com.knockfish.aspect.LogAspect - [查询用户信息] 请求成功 - 执行时间: 5ms
2026-08-10 21:54:18.410 [http-nio-8081-exec-37] INFO  com.knockfish.aspect.LogAspect - [查询用户信息] 请求成功 - 执行时间: 12ms
2026-08-10 21:54:18.411 [http-nio-8081-exec-36] INFO  com.knockfish.aspect.LogAspect - [查询文章列表(含标签)] 请求成功 - 执行时间: 12ms
2026-08-10 21:54:32.547 [http-nio-8081-exec-40] INFO  com.knockfish.security.JwtAuthenticationFilter - === 请求路径: /api/article/with-tag, 方法: GET
2026-08-10 21:54:32.548 [http-nio-8081-exec-42] INFO  com.knockfish.security.JwtAuthenticationFilter - === 请求路径: /api/user/2, 方法: GET
2026-08-10 21:54:32.547 [http-nio-8081-exec-41] INFO  com.knockfish.security.JwtAuthenticationFilter - === 请求路径: /api/user/1, 方法: GET
2026-08-10 21:54:32.548 [http-nio-8081-exec-44] INFO  com.knockfish.security.JwtAuthenticationFilter - === 请求路径: /api/tag, 方法: GET
2026-08-10 21:54:32.549 [http-nio-8081-exec-41] INFO  com.knockfish.aspect.LogAspect - [查询用户信息] 请求开始 - GET /api/user/1 - UserController.getUserById - 参数: 1
2026-08-10 21:54:32.549 [http-nio-8081-exec-42] INFO  com.knockfish.aspect.LogAspect - [查询用户信息] 请求开始 - GET /api/user/2 - UserController.getUserById - 参数: 2
2026-08-10 21:54:32.549 [http-nio-8081-exec-40] INFO  com.knockfish.aspect.LogAspect - [查询文章列表(含标签)] 请求开始 - GET /api/article/with-tag - ArticleController.getArticleWithTagList - 参数: {"userId":0,"title":null}, 1, 10
2026-08-10 21:54:32.555 [http-nio-8081-exec-41] INFO  com.knockfish.aspect.LogAspect - [查询用户信息] 请求成功 - 执行时间: 6ms
2026-08-10 21:54:32.556 [http-nio-8081-exec-42] INFO  com.knockfish.aspect.LogAspect - [查询用户信息] 请求成功 - 执行时间: 7ms
2026-08-10 21:54:32.559 [http-nio-8081-exec-40] INFO  com.knockfish.aspect.LogAspect - [查询文章列表(含标签)] 请求成功 - 执行时间: 9ms
2026-08-10 21:55:38.105 [http-nio-8081-exec-47] INFO  com.knockfish.security.JwtAuthenticationFilter - === 请求路径: /api/user/2, 方法: GET
2026-08-10 21:55:38.105 [http-nio-8081-exec-50] INFO  com.knockfish.security.JwtAuthenticationFilter - === 请求路径: /api/user/1, 方法: GET
2026-08-10 21:55:38.106 [http-nio-8081-exec-47] INFO  com.knockfish.aspect.LogAspect - [查询用户信息] 请求开始 - GET /api/user/2 - UserController.getUserById - 参数: 2
2026-08-10 21:55:38.107 [http-nio-8081-exec-50] INFO  com.knockfish.aspect.LogAspect - [查询用户信息] 请求开始 - GET /api/user/1 - UserController.getUserById - 参数: 1
2026-08-10 21:55:38.110 [http-nio-8081-exec-47] INFO  com.knockfish.aspect.LogAspect - [查询用户信息] 请求成功 - 执行时间: 4ms
2026-08-10 21:55:38.112 [http-nio-8081-exec-4] INFO  com.knockfish.security.JwtAuthenticationFilter - === 请求路径: /api/tag, 方法: GET
2026-08-10 21:55:38.112 [http-nio-8081-exec-49] INFO  com.knockfish.security.JwtAuthenticationFilter - === 请求路径: /api/article/with-tag, 方法: GET
2026-08-10 21:55:38.114 [http-nio-8081-exec-49] INFO  com.knockfish.aspect.LogAspect - [查询文章列表(含标签)] 请求开始 - GET /api/article/with-tag - ArticleController.getArticleWithTagList - 参数: {"userId":0,"title":null}, 1, 10
2026-08-10 21:55:38.118 [http-nio-8081-exec-50] INFO  com.knockfish.aspect.LogAspect - [查询用户信息] 请求成功 - 执行时间: 11ms
2026-08-10 21:55:38.125 [http-nio-8081-exec-49] INFO  com.knockfish.aspect.LogAspect - [查询文章列表(含标签)] 请求成功 - 执行时间: 11ms
2026-08-10 21:56:26.511 [http-nio-8081-exec-6] INFO  com.knockfish.security.JwtAuthenticationFilter - === 请求路径: /api/user/1, 方法: GET
2026-08-10 21:56:26.511 [http-nio-8081-exec-5] INFO  com.knockfish.security.JwtAuthenticationFilter - === 请求路径: /api/user/2, 方法: GET
2026-08-10 21:56:26.511 [http-nio-8081-exec-8] INFO  com.knockfish.security.JwtAuthenticationFilter - === 请求路径: /api/article/with-tag, 方法: GET
2026-08-10 21:56:26.513 [http-nio-8081-exec-5] INFO  com.knockfish.aspect.LogAspect - [查询用户信息] 请求开始 - GET /api/user/2 - UserController.getUserById - 参数: 2
2026-08-10 21:56:26.513 [http-nio-8081-exec-6] INFO  com.knockfish.aspect.LogAspect - [查询用户信息] 请求开始 - GET /api/user/1 - UserController.getUserById - 参数: 1
2026-08-10 21:56:26.513 [http-nio-8081-exec-8] INFO  com.knockfish.aspect.LogAspect - [查询文章列表(含标签)] 请求开始 - GET /api/article/with-tag - ArticleController.getArticleWithTagList - 参数: {"userId":0,"title":null}, 1, 10
2026-08-10 21:56:26.514 [http-nio-8081-exec-11] INFO  com.knockfish.security.JwtAuthenticationFilter - === 请求路径: /api/tag, 方法: GET
2026-08-10 21:56:26.522 [http-nio-8081-exec-6] INFO  com.knockfish.aspect.LogAspect - [查询用户信息] 请求成功 - 执行时间: 9ms
2026-08-10 21:56:26.523 [http-nio-8081-exec-8] INFO  com.knockfish.aspect.LogAspect - [查询文章列表(含标签)] 请求成功 - 执行时间: 10ms
2026-08-10 21:56:26.524 [http-nio-8081-exec-5] INFO  com.knockfish.aspect.LogAspect - [查询用户信息] 请求成功 - 执行时间: 11ms
2026-08-10 21:57:39.289 [http-nio-8081-exec-15] INFO  com.knockfish.security.JwtAuthenticationFilter - === 请求路径: /api/article/with-tag, 方法: GET
2026-08-10 21:57:39.292 [http-nio-8081-exec-15] INFO  com.knockfish.aspect.LogAspect - [查询文章列表(含标签)] 请求开始 - GET /api/article/with-tag - ArticleController.getArticleWithTagList - 参数: {"userId":0,"title":null}, 1, 10
2026-08-10 21:57:39.294 [http-nio-8081-exec-14] INFO  com.knockfish.security.JwtAuthenticationFilter - === 请求路径: /api/user/1, 方法: GET
2026-08-10 21:57:39.296 [http-nio-8081-exec-14] INFO  com.knockfish.aspect.LogAspect - [查询用户信息] 请求开始 - GET /api/user/1 - UserController.getUserById - 参数: 1
2026-08-10 21:57:39.296 [http-nio-8081-exec-13] INFO  com.knockfish.security.JwtAuthenticationFilter - === 请求路径: /api/user/2, 方法: GET
2026-08-10 21:57:39.296 [http-nio-8081-exec-17] INFO  com.knockfish.security.JwtAuthenticationFilter - === 请求路径: /api/tag, 方法: GET
2026-08-10 21:57:39.302 [http-nio-8081-exec-13] INFO  com.knockfish.aspect.LogAspect - [查询用户信息] 请求开始 - GET /api/user/2 - UserController.getUserById - 参数: 2
2026-08-10 21:57:39.311 [http-nio-8081-exec-15] INFO  com.knockfish.aspect.LogAspect - [查询文章列表(含标签)] 请求成功 - 执行时间: 18ms
2026-08-10 21:57:39.318 [http-nio-8081-exec-14] INFO  com.knockfish.aspect.LogAspect - [查询用户信息] 请求成功 - 执行时间: 22ms
2026-08-10 21:57:39.329 [http-nio-8081-exec-13] INFO  com.knockfish.aspect.LogAspect - [查询用户信息] 请求成功 - 执行时间: 26ms
2026-08-10 21:58:25.188 [http-nio-8081-exec-23] INFO  com.knockfish.security.JwtAuthenticationFilter - === 请求路径: /api/article/with-tag, 方法: GET
2026-08-10 21:58:25.189 [http-nio-8081-exec-25] INFO  com.knockfish.security.JwtAuthenticationFilter - === 请求路径: /api/tag, 方法: GET
2026-08-10 21:58:25.189 [http-nio-8081-exec-24] INFO  com.knockfish.security.JwtAuthenticationFilter - === 请求路径: /api/user/1, 方法: GET
2026-08-10 21:58:25.189 [http-nio-8081-exec-21] INFO  com.knockfish.security.JwtAuthenticationFilter - === 请求路径: /api/user/2, 方法: GET
2026-08-10 21:58:25.190 [http-nio-8081-exec-23] INFO  com.knockfish.aspect.LogAspect - [查询文章列表(含标签)] 请求开始 - GET /api/article/with-tag - ArticleController.getArticleWithTagList - 参数: {"userId":0,"title":null}, 1, 10
2026-08-10 21:58:25.191 [http-nio-8081-exec-21] INFO  com.knockfish.aspect.LogAspect - [查询用户信息] 请求开始 - GET /api/user/2 - UserController.getUserById - 参数: 2
2026-08-10 21:58:25.191 [http-nio-8081-exec-24] INFO  com.knockfish.aspect.LogAspect - [查询用户信息] 请求开始 - GET /api/user/1 - UserController.getUserById - 参数: 1
2026-08-10 21:58:25.202 [http-nio-8081-exec-21] INFO  com.knockfish.aspect.LogAspect - [查询用户信息] 请求成功 - 执行时间: 11ms
2026-08-10 21:58:25.205 [http-nio-8081-exec-24] INFO  com.knockfish.aspect.LogAspect - [查询用户信息] 请求成功 - 执行时间: 14ms
2026-08-10 21:58:25.207 [http-nio-8081-exec-23] INFO  com.knockfish.aspect.LogAspect - [查询文章列表(含标签)] 请求成功 - 执行时间: 17ms
2026-08-10 21:58:29.447 [http-nio-8081-exec-26] INFO  com.knockfish.security.JwtAuthenticationFilter - === 请求路径: /api/category/with-site, 方法: GET
2026-08-10 21:58:29.454 [http-nio-8081-exec-26] INFO  com.knockfish.aspect.LogAspect - [获取分类列表(含站点)] 请求开始 - GET /api/category/with-site - CategoryController.getCategoryWithSiteList - 参数: 无
2026-08-10 21:58:29.571 [http-nio-8081-exec-26] INFO  com.knockfish.aspect.LogAspect - [获取分类列表(含站点)] 请求成功 - 执行时间: 117ms
2026-08-10 22:09:48.171 [http-nio-8081-exec-48] INFO  com.knockfish.security.JwtAuthenticationFilter - === 请求路径: /api/article/with-tag, 方法: GET
2026-08-10 22:09:48.175 [http-nio-8081-exec-50] INFO  com.knockfish.security.JwtAuthenticationFilter - === 请求路径: /api/user/2, 方法: GET
2026-08-10 22:09:48.175 [http-nio-8081-exec-4] INFO  com.knockfish.security.JwtAuthenticationFilter - === 请求路径: /api/tag, 方法: GET
2026-08-10 22:09:48.175 [http-nio-8081-exec-47] INFO  com.knockfish.security.JwtAuthenticationFilter - === 请求路径: /api/user/1, 方法: GET
2026-08-10 22:09:48.187 [http-nio-8081-exec-50] INFO  com.knockfish.aspect.LogAspect - [查询用户信息] 请求开始 - GET /api/user/2 - UserController.getUserById - 参数: 2
2026-08-10 22:09:48.187 [http-nio-8081-exec-48] INFO  com.knockfish.aspect.LogAspect - [查询文章列表(含标签)] 请求开始 - GET /api/article/with-tag - ArticleController.getArticleWithTagList - 参数: {"userId":0,"title":null}, 1, 10
2026-08-10 22:09:48.187 [http-nio-8081-exec-47] INFO  com.knockfish.aspect.LogAspect - [查询用户信息] 请求开始 - GET /api/user/1 - UserController.getUserById - 参数: 1
2026-08-10 22:09:48.202 [http-nio-8081-exec-50] INFO  com.knockfish.aspect.LogAspect - [查询用户信息] 请求成功 - 执行时间: 14ms
2026-08-10 22:09:48.202 [http-nio-8081-exec-47] INFO  com.knockfish.aspect.LogAspect - [查询用户信息] 请求成功 - 执行时间: 14ms
2026-08-10 22:09:48.214 [http-nio-8081-exec-48] INFO  com.knockfish.aspect.LogAspect - [查询文章列表(含标签)] 请求成功 - 执行时间: 26ms
2026-08-10 22:14:17.023 [http-nio-8081-exec-7] INFO  com.knockfish.security.JwtAuthenticationFilter - === 请求路径: /api/article/with-tag, 方法: GET
2026-08-10 22:14:17.023 [http-nio-8081-exec-8] INFO  com.knockfish.security.JwtAuthenticationFilter - === 请求路径: /api/tag, 方法: GET
2026-08-10 22:14:17.023 [http-nio-8081-exec-5] INFO  com.knockfish.security.JwtAuthenticationFilter - === 请求路径: /api/user/2, 方法: GET
2026-08-10 22:14:17.023 [http-nio-8081-exec-11] INFO  com.knockfish.security.JwtAuthenticationFilter - === 请求路径: /api/user/1, 方法: GET
2026-08-10 22:14:17.027 [http-nio-8081-exec-5] INFO  com.knockfish.aspect.LogAspect - [查询用户信息] 请求开始 - GET /api/user/2 - UserController.getUserById - 参数: 2
2026-08-10 22:14:17.028 [http-nio-8081-exec-11] INFO  com.knockfish.aspect.LogAspect - [查询用户信息] 请求开始 - GET /api/user/1 - UserController.getUserById - 参数: 1
2026-08-10 22:14:17.028 [http-nio-8081-exec-7] INFO  com.knockfish.aspect.LogAspect - [查询文章列表(含标签)] 请求开始 - GET /api/article/with-tag - ArticleController.getArticleWithTagList - 参数: {"userId":0,"title":null}, 1, 10
2026-08-10 22:14:17.037 [http-nio-8081-exec-11] INFO  com.knockfish.aspect.LogAspect - [查询用户信息] 请求成功 - 执行时间: 9ms
2026-08-10 22:14:17.040 [http-nio-8081-exec-5] INFO  com.knockfish.aspect.LogAspect - [查询用户信息] 请求成功 - 执行时间: 12ms
2026-08-10 22:14:17.048 [http-nio-8081-exec-7] INFO  com.knockfish.aspect.LogAspect - [查询文章列表(含标签)] 请求成功 - 执行时间: 20ms
2026-08-10 22:17:04.302 [http-nio-8081-exec-12] INFO  com.knockfish.security.JwtAuthenticationFilter - === 请求路径: /api/article/with-tag, 方法: GET
2026-08-10 22:17:04.305 [http-nio-8081-exec-12] INFO  com.knockfish.aspect.LogAspect - [查询文章列表(含标签)] 请求开始 - GET /api/article/with-tag - ArticleController.getArticleWithTagList - 参数: {"userId":1,"title":null}, 1, 10
2026-08-10 22:17:04.368 [http-nio-8081-exec-12] INFO  com.knockfish.aspect.LogAspect - [查询文章列表(含标签)] 请求成功 - 执行时间: 62ms
2026-08-10 22:19:44.881 [http-nio-8081-exec-14] INFO  com.knockfish.security.JwtAuthenticationFilter - === 请求路径: /api/article/with-tag, 方法: GET
2026-08-10 22:19:44.881 [http-nio-8081-exec-20] INFO  com.knockfish.security.JwtAuthenticationFilter - === 请求路径: /api/tag, 方法: GET
2026-08-10 22:19:44.881 [http-nio-8081-exec-13] INFO  com.knockfish.security.JwtAuthenticationFilter - === 请求路径: /api/user/1, 方法: GET
2026-08-10 22:19:44.881 [http-nio-8081-exec-17] INFO  com.knockfish.security.JwtAuthenticationFilter - === 请求路径: /api/user/2, 方法: GET
2026-08-10 22:19:44.883 [http-nio-8081-exec-17] INFO  com.knockfish.aspect.LogAspect - [查询用户信息] 请求开始 - GET /api/user/2 - UserController.getUserById - 参数: 2
2026-08-10 22:19:44.883 [http-nio-8081-exec-13] INFO  com.knockfish.aspect.LogAspect - [查询用户信息] 请求开始 - GET /api/user/1 - UserController.getUserById - 参数: 1
2026-08-10 22:19:44.883 [http-nio-8081-exec-14] INFO  com.knockfish.aspect.LogAspect - [查询文章列表(含标签)] 请求开始 - GET /api/article/with-tag - ArticleController.getArticleWithTagList - 参数: {"userId":1,"title":null}, 1, 10
2026-08-10 22:19:44.890 [http-nio-8081-exec-17] INFO  com.knockfish.aspect.LogAspect - [查询用户信息] 请求成功 - 执行时间: 7ms
2026-08-10 22:19:44.893 [http-nio-8081-exec-13] INFO  com.knockfish.aspect.LogAspect - [查询用户信息] 请求成功 - 执行时间: 10ms
2026-08-10 22:19:44.916 [http-nio-8081-exec-14] INFO  com.knockfish.aspect.LogAspect - [查询文章列表(含标签)] 请求成功 - 执行时间: 31ms
2026-08-10 23:03:44.621 [http-nio-8081-exec-33] INFO  com.knockfish.security.JwtAuthenticationFilter - === 请求路径: /api/article/with-tag, 方法: GET
2026-08-10 23:03:44.621 [http-nio-8081-exec-29] INFO  com.knockfish.security.JwtAuthenticationFilter - === 请求路径: /api/tag, 方法: GET
2026-08-10 23:03:44.621 [http-nio-8081-exec-34] INFO  com.knockfish.security.JwtAuthenticationFilter - === 请求路径: /api/user/1, 方法: GET
2026-08-10 23:03:44.622 [http-nio-8081-exec-31] INFO  com.knockfish.security.JwtAuthenticationFilter - === 请求路径: /api/user/2, 方法: GET
2026-08-10 23:03:44.629 [http-nio-8081-exec-34] INFO  com.knockfish.aspect.LogAspect - [查询用户信息] 请求开始 - GET /api/user/1 - UserController.getUserById - 参数: 1
2026-08-10 23:03:44.629 [http-nio-8081-exec-31] INFO  com.knockfish.aspect.LogAspect - [查询用户信息] 请求开始 - GET /api/user/2 - UserController.getUserById - 参数: 2
2026-08-10 23:03:44.640 [http-nio-8081-exec-31] INFO  com.knockfish.aspect.LogAspect - [查询用户信息] 请求成功 - 执行时间: 11ms
2026-08-10 23:03:44.640 [http-nio-8081-exec-34] INFO  com.knockfish.aspect.LogAspect - [查询用户信息] 请求成功 - 执行时间: 11ms
2026-08-10 23:03:44.648 [http-nio-8081-exec-33] INFO  com.knockfish.aspect.LogAspect - [查询文章列表(含标签)] 请求开始 - GET /api/article/with-tag - ArticleController.getArticleWithTagList - 参数: {"userId":1,"title":null}, 1, 10
2026-08-10 23:03:44.664 [http-nio-8081-exec-33] INFO  com.knockfish.aspect.LogAspect - [查询文章列表(含标签)] 请求成功 - 执行时间: 16ms
2026-08-10 23:08:10.828 [http-nio-8081-exec-44] INFO  com.knockfish.security.JwtAuthenticationFilter - === 请求路径: /api/article/with-tag, 方法: GET
2026-08-10 23:08:10.828 [http-nio-8081-exec-36] INFO  com.knockfish.security.JwtAuthenticationFilter - === 请求路径: /api/user/2, 方法: GET
2026-08-10 23:08:10.828 [http-nio-8081-exec-42] INFO  com.knockfish.security.JwtAuthenticationFilter - === 请求路径: /api/user/1, 方法: GET
2026-08-10 23:08:10.828 [http-nio-8081-exec-41] INFO  com.knockfish.security.JwtAuthenticationFilter - === 请求路径: /api/tag, 方法: GET
2026-08-10 23:08:10.833 [http-nio-8081-exec-36] INFO  com.knockfish.aspect.LogAspect - [查询用户信息] 请求开始 - GET /api/user/2 - UserController.getUserById - 参数: 2
2026-08-10 23:08:10.834 [http-nio-8081-exec-42] INFO  com.knockfish.aspect.LogAspect - [查询用户信息] 请求开始 - GET /api/user/1 - UserController.getUserById - 参数: 1
2026-08-10 23:08:10.835 [http-nio-8081-exec-44] INFO  com.knockfish.aspect.LogAspect - [查询文章列表(含标签)] 请求开始 - GET /api/article/with-tag - ArticleController.getArticleWithTagList - 参数: {"userId":1,"title":null}, 1, 10
2026-08-10 23:08:10.843 [http-nio-8081-exec-42] INFO  com.knockfish.aspect.LogAspect - [查询用户信息] 请求成功 - 执行时间: 9ms
2026-08-10 23:08:10.848 [http-nio-8081-exec-36] INFO  com.knockfish.aspect.LogAspect - [查询用户信息] 请求成功 - 执行时间: 14ms
2026-08-10 23:08:10.852 [http-nio-8081-exec-44] INFO  com.knockfish.aspect.LogAspect - [查询文章列表(含标签)] 请求成功 - 执行时间: 17ms
2026-08-10 23:16:29.060 [http-nio-8081-exec-8] INFO  com.knockfish.security.JwtAuthenticationFilter - === 请求路径: /api/user/1, 方法: GET
2026-08-10 23:16:29.060 [http-nio-8081-exec-11] INFO  com.knockfish.security.JwtAuthenticationFilter - === 请求路径: /api/article/with-tag, 方法: GET
2026-08-10 23:16:29.060 [http-nio-8081-exec-5] INFO  com.knockfish.security.JwtAuthenticationFilter - === 请求路径: /api/tag, 方法: GET
2026-08-10 23:16:29.060 [http-nio-8081-exec-7] INFO  com.knockfish.security.JwtAuthenticationFilter - === 请求路径: /api/user/2, 方法: GET
2026-08-10 23:16:29.061 [http-nio-8081-exec-7] INFO  com.knockfish.aspect.LogAspect - [查询用户信息] 请求开始 - GET /api/user/2 - UserController.getUserById - 参数: 2
2026-08-10 23:16:29.062 [http-nio-8081-exec-8] INFO  com.knockfish.aspect.LogAspect - [查询用户信息] 请求开始 - GET /api/user/1 - UserController.getUserById - 参数: 1
2026-08-10 23:16:29.063 [http-nio-8081-exec-11] INFO  com.knockfish.aspect.LogAspect - [查询文章列表(含标签)] 请求开始 - GET /api/article/with-tag - ArticleController.getArticleWithTagList - 参数: {"userId":1,"title":null}, 1, 10
2026-08-10 23:16:29.072 [http-nio-8081-exec-7] INFO  com.knockfish.aspect.LogAspect - [查询用户信息] 请求成功 - 执行时间: 10ms
2026-08-10 23:16:29.072 [http-nio-8081-exec-8] INFO  com.knockfish.aspect.LogAspect - [查询用户信息] 请求成功 - 执行时间: 10ms
2026-08-10 23:16:29.080 [http-nio-8081-exec-11] INFO  com.knockfish.aspect.LogAspect - [查询文章列表(含标签)] 请求成功 - 执行时间: 17ms
2026-08-10 23:31:33.794 [http-nio-8081-exec-12] INFO  com.knockfish.security.JwtAuthenticationFilter - === 请求路径: /api/article/60, 方法: GET
2026-08-10 23:31:34.135 [http-nio-8081-exec-12] INFO  com.knockfish.aspect.LogAspect - [获取文章详情] 请求开始 - GET /api/article/60 - ArticleController.getArticleById - 参数: 60
2026-08-10 23:31:35.071 [http-nio-8081-exec-12] INFO  com.knockfish.aspect.LogAspect - [获取文章详情] 请求成功 - 执行时间: 935ms
2026-08-10 23:39:19.977 [http-nio-8081-exec-17] INFO  com.knockfish.security.JwtAuthenticationFilter - === 请求路径: /api/article/60, 方法: GET
2026-08-10 23:39:19.979 [http-nio-8081-exec-17] INFO  com.knockfish.aspect.LogAspect - [获取文章详情] 请求开始 - GET /api/article/60 - ArticleController.getArticleById - 参数: 60
2026-08-10 23:39:19.994 [http-nio-8081-exec-17] INFO  com.knockfish.aspect.LogAspect - [获取文章详情] 请求成功 - 执行时间: 14ms
2026-08-10 23:41:13.935 [http-nio-8081-exec-13] INFO  com.knockfish.security.JwtAuthenticationFilter - === 请求路径: /api/article/60, 方法: GET
2026-08-10 23:41:13.939 [http-nio-8081-exec-13] INFO  com.knockfish.aspect.LogAspect - [获取文章详情] 请求开始 - GET /api/article/60 - ArticleController.getArticleById - 参数: 60
2026-08-10 23:41:13.947 [http-nio-8081-exec-13] INFO  com.knockfish.aspect.LogAspect - [获取文章详情] 请求成功 - 执行时间: 7ms
2026-08-10 23:42:43.625 [http-nio-8081-exec-19] INFO  com.knockfish.security.JwtAuthenticationFilter - === 请求路径: /api/article/60, 方法: GET
2026-08-10 23:42:43.631 [http-nio-8081-exec-19] INFO  com.knockfish.aspect.LogAspect - [获取文章详情] 请求开始 - GET /api/article/60 - ArticleController.getArticleById - 参数: 60
2026-08-10 23:42:43.635 [http-nio-8081-exec-19] INFO  com.knockfish.aspect.LogAspect - [获取文章详情] 请求成功 - 执行时间: 4ms
2026-08-10 23:43:43.447 [http-nio-8081-exec-22] INFO  com.knockfish.security.JwtAuthenticationFilter - === 请求路径: /api/article/60, 方法: GET
2026-08-10 23:43:43.450 [http-nio-8081-exec-22] INFO  com.knockfish.aspect.LogAspect - [获取文章详情] 请求开始 - GET /api/article/60 - ArticleController.getArticleById - 参数: 60
2026-08-10 23:43:43.454 [http-nio-8081-exec-22] INFO  com.knockfish.aspect.LogAspect - [获取文章详情] 请求成功 - 执行时间: 3ms
2026-08-10 23:44:31.843 [http-nio-8081-exec-23] INFO  com.knockfish.security.JwtAuthenticationFilter - === 请求路径: /api/article/60, 方法: GET
2026-08-10 23:44:31.845 [http-nio-8081-exec-23] INFO  com.knockfish.aspect.LogAspect - [获取文章详情] 请求开始 - GET /api/article/60 - ArticleController.getArticleById - 参数: 60
2026-08-10 23:44:31.848 [http-nio-8081-exec-23] INFO  com.knockfish.aspect.LogAspect - [获取文章详情] 请求成功 - 执行时间: 3ms
2026-08-10 23:44:57.981 [http-nio-8081-exec-21] INFO  com.knockfish.security.JwtAuthenticationFilter - === 请求路径: /api/article/60, 方法: GET
2026-08-10 23:44:57.982 [http-nio-8081-exec-21] INFO  com.knockfish.aspect.LogAspect - [获取文章详情] 请求开始 - GET /api/article/60 - ArticleController.getArticleById - 参数: 60
2026-08-10 23:44:57.987 [http-nio-8081-exec-21] INFO  com.knockfish.aspect.LogAspect - [获取文章详情] 请求成功 - 执行时间: 4ms
2026-08-10 23:45:34.036 [http-nio-8081-exec-26] INFO  com.knockfish.security.JwtAuthenticationFilter - === 请求路径: /api/article/60, 方法: GET
2026-08-10 23:45:34.039 [http-nio-8081-exec-26] INFO  com.knockfish.aspect.LogAspect - [获取文章详情] 请求开始 - GET /api/article/60 - ArticleController.getArticleById - 参数: 60
2026-08-10 23:45:34.054 [http-nio-8081-exec-26] INFO  com.knockfish.aspect.LogAspect - [获取文章详情] 请求成功 - 执行时间: 15ms
2026-08-10 23:45:57.851 [http-nio-8081-exec-27] INFO  com.knockfish.security.JwtAuthenticationFilter - === 请求路径: /api/article/60, 方法: GET
2026-08-10 23:45:57.855 [http-nio-8081-exec-27] INFO  com.knockfish.aspect.LogAspect - [获取文章详情] 请求开始 - GET /api/article/60 - ArticleController.getArticleById - 参数: 60
2026-08-10 23:45:57.858 [http-nio-8081-exec-27] INFO  com.knockfish.aspect.LogAspect - [获取文章详情] 请求成功 - 执行时间: 3ms
