2026-07-13 17:26:04.945 [background-preinit] INFO  org.hibernate.validator.internal.util.Version - HV000001: Hibernate Validator 8.0.3.Final
2026-07-13 17:26:05.110 [main] INFO  com.knockfish.KnockfishBlogBackendApplication - Starting KnockfishBlogBackendApplication using Java 17.0.9 with PID 10044 (E:\fish_blog\knockfish-blog-backend\target\classes started by DELL in E:\fish_blog\knockfish-blog-backend)
2026-07-13 17:26:05.111 [main] DEBUG com.knockfish.KnockfishBlogBackendApplication - Running with Spring Boot v3.5.13, Spring v6.2.17
2026-07-13 17:26:05.113 [main] INFO  com.knockfish.KnockfishBlogBackendApplication - No active profile set, falling back to 1 default profile: "default"
2026-07-13 17:26:08.488 [main] INFO  org.apache.coyote.http11.Http11NioProtocol - Initializing ProtocolHandler ["http-nio-8081"]
2026-07-13 17:26:08.492 [main] INFO  org.apache.catalina.core.StandardService - Starting service [Tomcat]
2026-07-13 17:26:08.493 [main] INFO  org.apache.catalina.core.StandardEngine - Starting Servlet engine: [Apache Tomcat/10.1.53]
2026-07-13 17:26:08.639 [main] INFO  o.a.c.core.ContainerBase.[Tomcat].[localhost].[/] - Initializing Spring embedded WebApplicationContext
2026-07-13 17:26:09.999 [main] DEBUG com.knockfish.security.JwtAuthenticationFilter - Filter 'jwtAuthenticationFilter' configured for use
2026-07-13 17:26:12.457 [main] INFO  org.apache.coyote.http11.Http11NioProtocol - Starting ProtocolHandler ["http-nio-8081"]
2026-07-13 17:26:12.550 [main] INFO  com.knockfish.KnockfishBlogBackendApplication - Started KnockfishBlogBackendApplication in 8.453 seconds (process running for 9.175)
2026-07-13 17:26:58.714 [http-nio-8081-exec-1] INFO  o.a.c.core.ContainerBase.[Tomcat].[localhost].[/] - Initializing Spring DispatcherServlet 'dispatcherServlet'
2026-07-13 17:26:58.862 [http-nio-8081-exec-1] INFO  com.knockfish.security.JwtAuthenticationFilter - === 请求路径: /api/link/list, 方法: GET
2026-07-13 17:26:58.950 [http-nio-8081-exec-1] INFO  com.zaxxer.hikari.HikariDataSource - KnockfishHikariCP - Starting...
2026-07-13 17:26:59.367 [http-nio-8081-exec-1] INFO  com.zaxxer.hikari.pool.HikariPool - KnockfishHikariCP - Added connection com.mysql.cj.jdbc.ConnectionImpl@3c6566b3
2026-07-13 17:26:59.370 [http-nio-8081-exec-1] INFO  com.zaxxer.hikari.HikariDataSource - KnockfishHikariCP - Start completed.
2026-07-13 17:38:28.421 [http-nio-8081-exec-10] INFO  com.knockfish.security.JwtAuthenticationFilter - === 请求路径: /api/article/archive, 方法: GET
2026-07-13 17:38:28.423 [http-nio-8081-exec-3] INFO  com.knockfish.security.JwtAuthenticationFilter - === 请求路径: /api/note/menu, 方法: GET
2026-07-13 17:38:28.445 [http-nio-8081-exec-10] INFO  com.knockfish.aspect.LogAspect - [获取文章归档列表] 请求开始 - GET /api/article/archive - ArticleController.getArticleArchiveList - 参数: 无
2026-07-13 17:38:28.445 [http-nio-8081-exec-3] INFO  com.knockfish.aspect.LogAspect - [获取笔记菜单] 请求开始 - GET /api/note/menu - NoteController.getNoteMenuList - 参数: 无
2026-07-13 17:38:28.458 [http-nio-8081-exec-3] INFO  com.knockfish.aspect.LogAspect - [获取笔记菜单] 请求成功 - 执行时间: 11ms
2026-07-13 17:38:28.482 [http-nio-8081-exec-10] INFO  com.knockfish.aspect.LogAspect - [获取文章归档列表] 请求成功 - 执行时间: 36ms
2026-07-13 17:38:31.740 [http-nio-8081-exec-5] INFO  com.knockfish.security.JwtAuthenticationFilter - === 请求路径: /api/article/with-tag, 方法: GET
2026-07-13 17:38:31.742 [http-nio-8081-exec-6] INFO  com.knockfish.security.JwtAuthenticationFilter - === 请求路径: /api/user/1, 方法: GET
2026-07-13 17:38:31.747 [http-nio-8081-exec-7] INFO  com.knockfish.security.JwtAuthenticationFilter - === 请求路径: /api/user/2, 方法: GET
2026-07-13 17:38:31.756 [http-nio-8081-exec-17] INFO  com.knockfish.security.JwtAuthenticationFilter - === 请求路径: /api/tag, 方法: GET
2026-07-13 17:38:31.775 [http-nio-8081-exec-6] INFO  com.knockfish.aspect.LogAspect - [查询用户信息] 请求开始 - GET /api/user/1 - UserController.getUserById - 参数: 1
2026-07-13 17:38:31.775 [http-nio-8081-exec-7] INFO  com.knockfish.aspect.LogAspect - [查询用户信息] 请求开始 - GET /api/user/2 - UserController.getUserById - 参数: 2
2026-07-13 17:38:31.780 [http-nio-8081-exec-5] INFO  com.knockfish.aspect.LogAspect - [查询文章列表(含标签)] 请求开始 - GET /api/article/with-tag - ArticleController.getArticleWithTagList - 参数: {"userId":0,"title":null}, 1, 10
2026-07-13 17:38:31.806 [http-nio-8081-exec-7] INFO  com.knockfish.aspect.LogAspect - [查询用户信息] 请求成功 - 执行时间: 30ms
2026-07-13 17:38:31.806 [http-nio-8081-exec-6] INFO  com.knockfish.aspect.LogAspect - [查询用户信息] 请求成功 - 执行时间: 31ms
2026-07-13 17:38:32.001 [http-nio-8081-exec-5] INFO  com.knockfish.aspect.LogAspect - [查询文章列表(含标签)] 请求成功 - 执行时间: 220ms
2026-07-13 17:38:33.481 [http-nio-8081-exec-22] INFO  com.knockfish.security.JwtAuthenticationFilter - === 请求路径: /api/article/archive, 方法: GET
2026-07-13 17:38:33.481 [http-nio-8081-exec-21] INFO  com.knockfish.security.JwtAuthenticationFilter - === 请求路径: /api/note/menu, 方法: GET
2026-07-13 17:38:33.483 [http-nio-8081-exec-22] INFO  com.knockfish.aspect.LogAspect - [获取文章归档列表] 请求开始 - GET /api/article/archive - ArticleController.getArticleArchiveList - 参数: 无
2026-07-13 17:38:33.488 [http-nio-8081-exec-21] INFO  com.knockfish.aspect.LogAspect - [获取笔记菜单] 请求开始 - GET /api/note/menu - NoteController.getNoteMenuList - 参数: 无
2026-07-13 17:38:33.498 [http-nio-8081-exec-22] INFO  com.knockfish.aspect.LogAspect - [获取文章归档列表] 请求成功 - 执行时间: 15ms
2026-07-13 17:38:33.499 [http-nio-8081-exec-21] INFO  com.knockfish.aspect.LogAspect - [获取笔记菜单] 请求成功 - 执行时间: 10ms
2026-07-13 17:38:34.737 [http-nio-8081-exec-4] INFO  com.knockfish.security.JwtAuthenticationFilter - === 请求路径: /api/category/with-site, 方法: GET
2026-07-13 17:38:34.739 [http-nio-8081-exec-4] INFO  com.knockfish.aspect.LogAspect - [获取分类列表(含站点)] 请求开始 - GET /api/category/with-site - CategoryController.getCategoryWithSiteList - 参数: 无
2026-07-13 17:38:34.780 [http-nio-8081-exec-4] INFO  com.knockfish.aspect.LogAspect - [获取分类列表(含站点)] 请求成功 - 执行时间: 40ms
2026-07-13 17:38:36.635 [http-nio-8081-exec-12] INFO  com.knockfish.security.JwtAuthenticationFilter - === 请求路径: /api/article/archive, 方法: GET
2026-07-13 17:38:36.635 [http-nio-8081-exec-27] INFO  com.knockfish.security.JwtAuthenticationFilter - === 请求路径: /api/note/menu, 方法: GET
2026-07-13 17:38:36.636 [http-nio-8081-exec-27] INFO  com.knockfish.aspect.LogAspect - [获取笔记菜单] 请求开始 - GET /api/note/menu - NoteController.getNoteMenuList - 参数: 无
2026-07-13 17:38:36.636 [http-nio-8081-exec-12] INFO  com.knockfish.aspect.LogAspect - [获取文章归档列表] 请求开始 - GET /api/article/archive - ArticleController.getArticleArchiveList - 参数: 无
2026-07-13 17:38:36.642 [http-nio-8081-exec-27] INFO  com.knockfish.aspect.LogAspect - [获取笔记菜单] 请求成功 - 执行时间: 5ms
2026-07-13 17:38:36.644 [http-nio-8081-exec-12] INFO  com.knockfish.aspect.LogAspect - [获取文章归档列表] 请求成功 - 执行时间: 7ms
2026-07-13 17:50:59.044 [background-preinit] INFO  org.hibernate.validator.internal.util.Version - HV000001: Hibernate Validator 8.0.3.Final
2026-07-13 17:50:59.112 [main] INFO  c.knockfish.KnockfishBlogBackendApplicationTests - Starting KnockfishBlogBackendApplicationTests using Java 17.0.9 with PID 5072 (started by DELL in E:\fish_blog\knockfish-blog-backend)
2026-07-13 17:50:59.114 [main] DEBUG c.knockfish.KnockfishBlogBackendApplicationTests - Running with Spring Boot v3.5.13, Spring v6.2.17
2026-07-13 17:50:59.115 [main] INFO  c.knockfish.KnockfishBlogBackendApplicationTests - No active profile set, falling back to 1 default profile: "default"
2026-07-13 17:51:09.113 [main] INFO  c.knockfish.KnockfishBlogBackendApplicationTests - Started KnockfishBlogBackendApplicationTests in 10.726 seconds (process running for 12.736)
2026-07-13 17:53:49.840 [background-preinit] INFO  org.hibernate.validator.internal.util.Version - HV000001: Hibernate Validator 8.0.3.Final
2026-07-13 17:53:49.923 [main] INFO  c.knockfish.KnockfishBlogBackendApplicationTests - Starting KnockfishBlogBackendApplicationTests using Java 17.0.9 with PID 1924 (started by DELL in E:\fish_blog\knockfish-blog-backend)
2026-07-13 17:53:49.925 [main] DEBUG c.knockfish.KnockfishBlogBackendApplicationTests - Running with Spring Boot v3.5.13, Spring v6.2.17
2026-07-13 17:53:49.926 [main] INFO  c.knockfish.KnockfishBlogBackendApplicationTests - No active profile set, falling back to 1 default profile: "default"
2026-07-13 17:53:58.802 [main] INFO  c.knockfish.KnockfishBlogBackendApplicationTests - Started KnockfishBlogBackendApplicationTests in 9.643 seconds (process running for 11.256)
2026-07-13 20:30:00.674 [background-preinit] INFO  org.hibernate.validator.internal.util.Version - HV000001: Hibernate Validator 8.0.3.Final
2026-07-13 20:30:00.812 [main] INFO  com.knockfish.KnockfishBlogBackendApplication - Starting KnockfishBlogBackendApplication using Java 17.0.9 with PID 3872 (E:\fish_blog\knockfish-blog-backend\target\classes started by DELL in E:\fish_blog\knockfish-blog-backend)
2026-07-13 20:30:00.813 [main] DEBUG com.knockfish.KnockfishBlogBackendApplication - Running with Spring Boot v3.5.13, Spring v6.2.17
2026-07-13 20:30:00.815 [main] INFO  com.knockfish.KnockfishBlogBackendApplication - No active profile set, falling back to 1 default profile: "default"
2026-07-13 20:30:03.491 [main] INFO  org.apache.coyote.http11.Http11NioProtocol - Initializing ProtocolHandler ["http-nio-8081"]
2026-07-13 20:30:03.492 [main] INFO  org.apache.catalina.core.StandardService - Starting service [Tomcat]
2026-07-13 20:30:03.493 [main] INFO  org.apache.catalina.core.StandardEngine - Starting Servlet engine: [Apache Tomcat/10.1.53]
2026-07-13 20:30:03.560 [main] INFO  o.a.c.core.ContainerBase.[Tomcat].[localhost].[/] - Initializing Spring embedded WebApplicationContext
2026-07-13 20:30:04.546 [main] DEBUG com.knockfish.security.JwtAuthenticationFilter - Filter 'jwtAuthenticationFilter' configured for use
2026-07-13 20:30:06.735 [main] INFO  org.apache.coyote.http11.Http11NioProtocol - Starting ProtocolHandler ["http-nio-8081"]
2026-07-13 20:30:06.775 [main] INFO  com.knockfish.KnockfishBlogBackendApplication - Started KnockfishBlogBackendApplication in 7.53 seconds (process running for 9.012)
2026-07-13 20:30:51.263 [http-nio-8081-exec-2] INFO  o.a.c.core.ContainerBase.[Tomcat].[localhost].[/] - Initializing Spring DispatcherServlet 'dispatcherServlet'
2026-07-13 20:30:51.445 [http-nio-8081-exec-7] INFO  com.knockfish.security.JwtAuthenticationFilter - === 请求路径: /api/dashboard/activities, 方法: GET
2026-07-13 20:30:51.446 [http-nio-8081-exec-6] INFO  com.knockfish.security.JwtAuthenticationFilter - === 请求路径: /api/dashboard/overview, 方法: GET
2026-07-13 20:30:51.447 [http-nio-8081-exec-8] INFO  com.knockfish.security.JwtAuthenticationFilter - === 请求路径: /api/dashboard/category-stats, 方法: GET
2026-07-13 20:30:51.447 [http-nio-8081-exec-5] INFO  com.knockfish.security.JwtAuthenticationFilter - === 请求路径: /api/dashboard/article-trend, 方法: GET
2026-07-13 20:30:51.635 [http-nio-8081-exec-6] INFO  com.zaxxer.hikari.HikariDataSource - KnockfishHikariCP - Starting...
2026-07-13 20:30:52.149 [http-nio-8081-exec-6] INFO  com.zaxxer.hikari.pool.HikariPool - KnockfishHikariCP - Added connection com.mysql.cj.jdbc.ConnectionImpl@771a7bd7
2026-07-13 20:30:52.153 [http-nio-8081-exec-6] INFO  com.zaxxer.hikari.HikariDataSource - KnockfishHikariCP - Start completed.
2026-07-13 20:30:52.566 [http-nio-8081-exec-5] DEBUG com.knockfish.security.JwtAuthenticationFilter - 用户 [knockfish] (ID:1) JWT 认证通过
2026-07-13 20:30:52.566 [http-nio-8081-exec-7] DEBUG com.knockfish.security.JwtAuthenticationFilter - 用户 [knockfish] (ID:1) JWT 认证通过
2026-07-13 20:30:52.566 [http-nio-8081-exec-6] DEBUG com.knockfish.security.JwtAuthenticationFilter - 用户 [knockfish] (ID:1) JWT 认证通过
2026-07-13 20:30:52.568 [http-nio-8081-exec-8] DEBUG com.knockfish.security.JwtAuthenticationFilter - 用户 [knockfish] (ID:1) JWT 认证通过
2026-07-13 20:30:52.619 [http-nio-8081-exec-8] INFO  com.knockfish.aspect.LogAspect - [获取文章分类统计] 请求开始 - GET /api/dashboard/category-stats - DashboardController.getCategoryStats - 参数: 无
2026-07-13 20:30:52.620 [http-nio-8081-exec-6] INFO  com.knockfish.aspect.LogAspect - [获取仪表盘概览] 请求开始 - GET /api/dashboard/overview - DashboardController.getOverview - 参数: 无
2026-07-13 20:30:52.633 [http-nio-8081-exec-8] INFO  com.knockfish.aspect.LogAspect - [获取文章分类统计] 请求成功 - 执行时间: 12ms
2026-07-13 20:30:52.648 [http-nio-8081-exec-5] INFO  com.knockfish.aspect.LogAspect - [获取文章发布趋势] 请求开始 - GET /api/dashboard/article-trend - DashboardController.getArticleTrend - 参数: "monthly", null
2026-07-13 20:30:52.651 [http-nio-8081-exec-7] INFO  com.knockfish.aspect.LogAspect - [获取最近动态] 请求开始 - GET /api/dashboard/activities - DashboardController.getActivities - 参数: 10
2026-07-13 20:30:52.678 [http-nio-8081-exec-5] INFO  com.knockfish.aspect.LogAspect - [获取文章发布趋势] 请求成功 - 执行时间: 28ms
2026-07-13 20:30:52.678 [http-nio-8081-exec-7] INFO  com.knockfish.aspect.LogAspect - [获取最近动态] 请求成功 - 执行时间: 26ms
2026-07-13 20:30:52.808 [http-nio-8081-exec-6] INFO  com.knockfish.aspect.LogAspect - [获取仪表盘概览] 请求成功 - 执行时间: 186ms
2026-07-13 20:30:57.658 [http-nio-8081-exec-10] INFO  com.knockfish.security.JwtAuthenticationFilter - === 请求路径: /api/dashboard/overview, 方法: GET
2026-07-13 20:30:57.658 [http-nio-8081-exec-12] INFO  com.knockfish.security.JwtAuthenticationFilter - === 请求路径: /api/dashboard/article-trend, 方法: GET
2026-07-13 20:30:57.664 [http-nio-8081-exec-13] INFO  com.knockfish.security.JwtAuthenticationFilter - === 请求路径: /api/dashboard/latest-articles, 方法: GET
2026-07-13 20:30:57.665 [http-nio-8081-exec-14] INFO  com.knockfish.security.JwtAuthenticationFilter - === 请求路径: /api/dashboard/tag-cloud, 方法: GET
2026-07-13 20:30:57.689 [http-nio-8081-exec-12] DEBUG com.knockfish.security.JwtAuthenticationFilter - 用户 [knockfish] (ID:1) JWT 认证通过
2026-07-13 20:30:57.691 [http-nio-8081-exec-12] INFO  com.knockfish.aspect.LogAspect - [获取文章发布趋势] 请求开始 - GET /api/dashboard/article-trend - DashboardController.getArticleTrend - 参数: "monthly", null
2026-07-13 20:30:57.692 [http-nio-8081-exec-10] DEBUG com.knockfish.security.JwtAuthenticationFilter - 用户 [knockfish] (ID:1) JWT 认证通过
2026-07-13 20:30:57.693 [http-nio-8081-exec-10] INFO  com.knockfish.aspect.LogAspect - [获取仪表盘概览] 请求开始 - GET /api/dashboard/overview - DashboardController.getOverview - 参数: 无
2026-07-13 20:30:57.695 [http-nio-8081-exec-12] INFO  com.knockfish.aspect.LogAspect - [获取文章发布趋势] 请求成功 - 执行时间: 4ms
2026-07-13 20:30:57.697 [http-nio-8081-exec-13] DEBUG com.knockfish.security.JwtAuthenticationFilter - 用户 [knockfish] (ID:1) JWT 认证通过
2026-07-13 20:30:57.700 [http-nio-8081-exec-13] INFO  com.knockfish.aspect.LogAspect - [获取最近文章] 请求开始 - GET /api/dashboard/latest-articles - DashboardController.getLatestArticles - 参数: 10
2026-07-13 20:30:57.701 [http-nio-8081-exec-14] DEBUG com.knockfish.security.JwtAuthenticationFilter - 用户 [knockfish] (ID:1) JWT 认证通过
2026-07-13 20:30:57.703 [http-nio-8081-exec-14] INFO  com.knockfish.aspect.LogAspect - [获取标签云] 请求开始 - GET /api/dashboard/tag-cloud - DashboardController.getTagCloud - 参数: 无
2026-07-13 20:30:57.704 [http-nio-8081-exec-13] INFO  com.knockfish.aspect.LogAspect - [获取最近文章] 请求成功 - 执行时间: 4ms
2026-07-13 20:30:57.712 [http-nio-8081-exec-14] INFO  com.knockfish.aspect.LogAspect - [获取标签云] 请求成功 - 执行时间: 9ms
2026-07-13 20:30:57.741 [http-nio-8081-exec-10] INFO  com.knockfish.aspect.LogAspect - [获取仪表盘概览] 请求成功 - 执行时间: 48ms
2026-07-13 20:31:15.132 [http-nio-8081-exec-17] INFO  com.knockfish.security.JwtAuthenticationFilter - === 请求路径: /api/dashboard/article-trend, 方法: GET
2026-07-13 20:31:15.132 [http-nio-8081-exec-16] INFO  com.knockfish.security.JwtAuthenticationFilter - === 请求路径: /api/dashboard/tag-cloud, 方法: GET
2026-07-13 20:31:15.132 [http-nio-8081-exec-18] INFO  com.knockfish.security.JwtAuthenticationFilter - === 请求路径: /api/dashboard/latest-articles, 方法: GET
2026-07-13 20:31:15.132 [http-nio-8081-exec-15] INFO  com.knockfish.security.JwtAuthenticationFilter - === 请求路径: /api/dashboard/overview, 方法: GET
2026-07-13 20:31:15.148 [http-nio-8081-exec-16] DEBUG com.knockfish.security.JwtAuthenticationFilter - 用户 [knockfish] (ID:1) JWT 认证通过
2026-07-13 20:31:15.149 [http-nio-8081-exec-16] INFO  com.knockfish.aspect.LogAspect - [获取标签云] 请求开始 - GET /api/dashboard/tag-cloud - DashboardController.getTagCloud - 参数: 无
2026-07-13 20:31:15.151 [http-nio-8081-exec-17] DEBUG com.knockfish.security.JwtAuthenticationFilter - 用户 [knockfish] (ID:1) JWT 认证通过
2026-07-13 20:31:15.152 [http-nio-8081-exec-15] DEBUG com.knockfish.security.JwtAuthenticationFilter - 用户 [knockfish] (ID:1) JWT 认证通过
2026-07-13 20:31:15.153 [http-nio-8081-exec-15] INFO  com.knockfish.aspect.LogAspect - [获取仪表盘概览] 请求开始 - GET /api/dashboard/overview - DashboardController.getOverview - 参数: 无
2026-07-13 20:31:15.153 [http-nio-8081-exec-17] INFO  com.knockfish.aspect.LogAspect - [获取文章发布趋势] 请求开始 - GET /api/dashboard/article-trend - DashboardController.getArticleTrend - 参数: "monthly", null
2026-07-13 20:31:15.154 [http-nio-8081-exec-18] DEBUG com.knockfish.security.JwtAuthenticationFilter - 用户 [knockfish] (ID:1) JWT 认证通过
2026-07-13 20:31:15.155 [http-nio-8081-exec-18] INFO  com.knockfish.aspect.LogAspect - [获取最近文章] 请求开始 - GET /api/dashboard/latest-articles - DashboardController.getLatestArticles - 参数: 10
2026-07-13 20:31:15.155 [http-nio-8081-exec-16] INFO  com.knockfish.aspect.LogAspect - [获取标签云] 请求成功 - 执行时间: 6ms
2026-07-13 20:31:15.156 [http-nio-8081-exec-17] INFO  com.knockfish.aspect.LogAspect - [获取文章发布趋势] 请求成功 - 执行时间: 3ms
2026-07-13 20:31:15.159 [http-nio-8081-exec-18] INFO  com.knockfish.aspect.LogAspect - [获取最近文章] 请求成功 - 执行时间: 4ms
2026-07-13 20:31:15.174 [http-nio-8081-exec-15] INFO  com.knockfish.aspect.LogAspect - [获取仪表盘概览] 请求成功 - 执行时间: 20ms
2026-07-13 20:31:18.442 [http-nio-8081-exec-20] INFO  com.knockfish.security.JwtAuthenticationFilter - === 请求路径: /api/tag/page, 方法: GET
2026-07-13 20:31:18.455 [http-nio-8081-exec-20] DEBUG com.knockfish.security.JwtAuthenticationFilter - 用户 [knockfish] (ID:1) JWT 认证通过
2026-07-13 20:31:18.480 [http-nio-8081-exec-20] INFO  com.knockfish.aspect.LogAspect - [查询标签列表] 请求开始 - GET /api/tag/page - TagController.getTagListVO - 参数: {"tagName":null}, 1, 10
2026-07-13 20:31:18.635 [http-nio-8081-exec-20] INFO  com.knockfish.aspect.LogAspect - [查询标签列表] 请求成功 - 执行时间: 155ms
2026-07-13 20:31:20.223 [http-nio-8081-exec-22] INFO  com.knockfish.security.JwtAuthenticationFilter - === 请求路径: /api/category/with-site-count, 方法: GET
2026-07-13 20:31:20.247 [http-nio-8081-exec-22] DEBUG com.knockfish.security.JwtAuthenticationFilter - 用户 [knockfish] (ID:1) JWT 认证通过
2026-07-13 20:31:20.252 [http-nio-8081-exec-22] INFO  com.knockfish.aspect.LogAspect - [查询分类列表(含统计)] 请求开始 - GET /api/category/with-site-count - CategoryController.getCategoryWithSiteCountList - 参数: {"categoryName":null}, 1, 10
2026-07-13 20:31:20.290 [http-nio-8081-exec-22] INFO  com.knockfish.aspect.LogAspect - [查询分类列表(含统计)] 请求成功 - 执行时间: 37ms
2026-07-13 20:33:11.033 [http-nio-8081-exec-27] INFO  com.knockfish.security.JwtAuthenticationFilter - === 请求路径: /api/dashboard/overview, 方法: GET
2026-07-13 20:33:11.033 [http-nio-8081-exec-28] INFO  com.knockfish.security.JwtAuthenticationFilter - === 请求路径: /api/dashboard/article-trend, 方法: GET
2026-07-13 20:33:11.036 [http-nio-8081-exec-30] INFO  com.knockfish.security.JwtAuthenticationFilter - === 请求路径: /api/dashboard/category-stats, 方法: GET
2026-07-13 20:33:11.036 [http-nio-8081-exec-29] INFO  com.knockfish.security.JwtAuthenticationFilter - === 请求路径: /api/dashboard/activities, 方法: GET
2026-07-13 20:33:11.051 [http-nio-8081-exec-27] DEBUG com.knockfish.security.JwtAuthenticationFilter - 用户 [knockfish] (ID:1) JWT 认证通过
2026-07-13 20:33:11.051 [http-nio-8081-exec-30] DEBUG com.knockfish.security.JwtAuthenticationFilter - 用户 [knockfish] (ID:1) JWT 认证通过
2026-07-13 20:33:11.051 [http-nio-8081-exec-29] DEBUG com.knockfish.security.JwtAuthenticationFilter - 用户 [knockfish] (ID:1) JWT 认证通过
2026-07-13 20:33:11.051 [http-nio-8081-exec-28] DEBUG com.knockfish.security.JwtAuthenticationFilter - 用户 [knockfish] (ID:1) JWT 认证通过
2026-07-13 20:33:11.052 [http-nio-8081-exec-30] INFO  com.knockfish.aspect.LogAspect - [获取文章分类统计] 请求开始 - GET /api/dashboard/category-stats - DashboardController.getCategoryStats - 参数: 无
2026-07-13 20:33:11.052 [http-nio-8081-exec-27] INFO  com.knockfish.aspect.LogAspect - [获取仪表盘概览] 请求开始 - GET /api/dashboard/overview - DashboardController.getOverview - 参数: 无
2026-07-13 20:33:11.053 [http-nio-8081-exec-29] INFO  com.knockfish.aspect.LogAspect - [获取最近动态] 请求开始 - GET /api/dashboard/activities - DashboardController.getActivities - 参数: 10
2026-07-13 20:33:11.053 [http-nio-8081-exec-28] INFO  com.knockfish.aspect.LogAspect - [获取文章发布趋势] 请求开始 - GET /api/dashboard/article-trend - DashboardController.getArticleTrend - 参数: "monthly", null
2026-07-13 20:33:11.056 [http-nio-8081-exec-30] INFO  com.knockfish.aspect.LogAspect - [获取文章分类统计] 请求成功 - 执行时间: 4ms
2026-07-13 20:33:11.056 [http-nio-8081-exec-29] INFO  com.knockfish.aspect.LogAspect - [获取最近动态] 请求成功 - 执行时间: 3ms
2026-07-13 20:33:11.056 [http-nio-8081-exec-28] INFO  com.knockfish.aspect.LogAspect - [获取文章发布趋势] 请求成功 - 执行时间: 3ms
2026-07-13 20:33:11.076 [http-nio-8081-exec-27] INFO  com.knockfish.aspect.LogAspect - [获取仪表盘概览] 请求成功 - 执行时间: 24ms
2026-07-13 20:33:32.430 [http-nio-8081-exec-36] INFO  com.knockfish.security.JwtAuthenticationFilter - === 请求路径: /api/r2-file/prefix, 方法: GET
2026-07-13 20:33:32.441 [http-nio-8081-exec-36] DEBUG com.knockfish.security.JwtAuthenticationFilter - 用户 [knockfish] (ID:1) JWT 认证通过
2026-07-13 20:34:46.413 [http-nio-8081-exec-37] INFO  com.knockfish.security.JwtAuthenticationFilter - === 请求路径: /api/tag/page, 方法: GET
2026-07-13 20:34:46.431 [http-nio-8081-exec-37] DEBUG com.knockfish.security.JwtAuthenticationFilter - 用户 [knockfish] (ID:1) JWT 认证通过
2026-07-13 20:34:46.434 [http-nio-8081-exec-37] INFO  com.knockfish.aspect.LogAspect - [查询标签列表] 请求开始 - GET /api/tag/page - TagController.getTagListVO - 参数: {"tagName":null}, 1, 10
2026-07-13 20:34:46.443 [http-nio-8081-exec-37] INFO  com.knockfish.aspect.LogAspect - [查询标签列表] 请求成功 - 执行时间: 8ms
2026-07-13 20:35:10.640 [SpringApplicationShutdownHook] INFO  com.zaxxer.hikari.HikariDataSource - KnockfishHikariCP - Shutdown initiated...
2026-07-13 20:35:10.650 [SpringApplicationShutdownHook] INFO  com.zaxxer.hikari.HikariDataSource - KnockfishHikariCP - Shutdown completed.
2026-07-13 20:41:18.634 [background-preinit] INFO  org.hibernate.validator.internal.util.Version - HV000001: Hibernate Validator 8.0.3.Final
2026-07-13 20:41:18.737 [main] INFO  com.knockfish.KnockfishBlogBackendApplication - Starting KnockfishBlogBackendApplication using Java 17.0.9 with PID 14824 (E:\fish_blog\knockfish-blog-backend\target\classes started by DELL in E:\fish_blog\knockfish-blog-backend)
2026-07-13 20:41:18.738 [main] DEBUG com.knockfish.KnockfishBlogBackendApplication - Running with Spring Boot v3.5.13, Spring v6.2.17
2026-07-13 20:41:18.740 [main] INFO  com.knockfish.KnockfishBlogBackendApplication - No active profile set, falling back to 1 default profile: "default"
2026-07-13 20:41:22.100 [main] INFO  org.apache.coyote.http11.Http11NioProtocol - Initializing ProtocolHandler ["http-nio-8081"]
2026-07-13 20:41:22.102 [main] INFO  org.apache.catalina.core.StandardService - Starting service [Tomcat]
2026-07-13 20:41:22.102 [main] INFO  org.apache.catalina.core.StandardEngine - Starting Servlet engine: [Apache Tomcat/10.1.53]
2026-07-13 20:41:22.181 [main] INFO  o.a.c.core.ContainerBase.[Tomcat].[localhost].[/] - Initializing Spring embedded WebApplicationContext
2026-07-13 20:41:23.206 [main] DEBUG com.knockfish.security.JwtAuthenticationFilter - Filter 'jwtAuthenticationFilter' configured for use
2026-07-13 20:41:25.505 [main] INFO  org.apache.coyote.http11.Http11NioProtocol - Starting ProtocolHandler ["http-nio-8081"]
2026-07-13 20:41:25.555 [main] INFO  com.knockfish.KnockfishBlogBackendApplication - Started KnockfishBlogBackendApplication in 8.318 seconds (process running for 9.732)
2026-07-13 20:41:31.720 [http-nio-8081-exec-2] INFO  o.a.c.core.ContainerBase.[Tomcat].[localhost].[/] - Initializing Spring DispatcherServlet 'dispatcherServlet'
2026-07-13 20:41:31.794 [http-nio-8081-exec-3] INFO  com.knockfish.security.JwtAuthenticationFilter - === 请求路径: /api/dashboard/tag-cloud, 方法: GET
2026-07-13 20:41:31.794 [http-nio-8081-exec-4] INFO  com.knockfish.security.JwtAuthenticationFilter - === 请求路径: /api/dashboard/overview, 方法: GET
2026-07-13 20:41:31.794 [http-nio-8081-exec-1] INFO  com.knockfish.security.JwtAuthenticationFilter - === 请求路径: /api/dashboard/latest-articles, 方法: GET
2026-07-13 20:41:31.794 [http-nio-8081-exec-2] INFO  com.knockfish.security.JwtAuthenticationFilter - === 请求路径: /api/dashboard/article-trend, 方法: GET
2026-07-13 20:41:31.901 [http-nio-8081-exec-4] INFO  com.zaxxer.hikari.HikariDataSource - KnockfishHikariCP - Starting...
2026-07-13 20:41:32.242 [http-nio-8081-exec-4] INFO  com.zaxxer.hikari.pool.HikariPool - KnockfishHikariCP - Added connection com.mysql.cj.jdbc.ConnectionImpl@2d05d51b
2026-07-13 20:41:32.244 [http-nio-8081-exec-4] INFO  com.zaxxer.hikari.HikariDataSource - KnockfishHikariCP - Start completed.
2026-07-13 20:41:32.388 [http-nio-8081-exec-3] DEBUG com.knockfish.security.JwtAuthenticationFilter - 用户 [knockfish] (ID:1) JWT 认证通过
2026-07-13 20:41:32.390 [http-nio-8081-exec-4] DEBUG com.knockfish.security.JwtAuthenticationFilter - 用户 [knockfish] (ID:1) JWT 认证通过
2026-07-13 20:41:32.393 [http-nio-8081-exec-1] DEBUG com.knockfish.security.JwtAuthenticationFilter - 用户 [knockfish] (ID:1) JWT 认证通过
2026-07-13 20:41:32.393 [http-nio-8081-exec-2] DEBUG com.knockfish.security.JwtAuthenticationFilter - 用户 [knockfish] (ID:1) JWT 认证通过
2026-07-13 20:41:32.434 [http-nio-8081-exec-3] INFO  com.knockfish.aspect.LogAspect - [获取标签云] 请求开始 - GET /api/dashboard/tag-cloud - DashboardController.getTagCloud - 参数: 无
2026-07-13 20:41:32.434 [http-nio-8081-exec-4] INFO  com.knockfish.aspect.LogAspect - [获取仪表盘概览] 请求开始 - GET /api/dashboard/overview - DashboardController.getOverview - 参数: 无
2026-07-13 20:41:32.441 [http-nio-8081-exec-3] INFO  com.knockfish.aspect.LogAspect - [获取标签云] 请求成功 - 执行时间: 7ms
2026-07-13 20:41:32.456 [http-nio-8081-exec-2] INFO  com.knockfish.aspect.LogAspect - [获取文章发布趋势] 请求开始 - GET /api/dashboard/article-trend - DashboardController.getArticleTrend - 参数: "monthly", null
2026-07-13 20:41:32.459 [http-nio-8081-exec-1] INFO  com.knockfish.aspect.LogAspect - [获取最近文章] 请求开始 - GET /api/dashboard/latest-articles - DashboardController.getLatestArticles - 参数: 10
2026-07-13 20:41:32.466 [http-nio-8081-exec-2] INFO  com.knockfish.aspect.LogAspect - [获取文章发布趋势] 请求成功 - 执行时间: 9ms
2026-07-13 20:41:32.472 [http-nio-8081-exec-1] INFO  com.knockfish.aspect.LogAspect - [获取最近文章] 请求成功 - 执行时间: 12ms
2026-07-13 20:41:32.480 [http-nio-8081-exec-4] INFO  com.knockfish.aspect.LogAspect - [获取仪表盘概览] 请求成功 - 执行时间: 46ms
2026-07-13 20:41:34.979 [http-nio-8081-exec-6] INFO  com.knockfish.security.JwtAuthenticationFilter - === 请求路径: /api/site/with-category, 方法: GET
2026-07-13 20:41:35.004 [http-nio-8081-exec-6] DEBUG com.knockfish.security.JwtAuthenticationFilter - 用户 [knockfish] (ID:1) JWT 认证通过
2026-07-13 20:41:35.500 [http-nio-8081-exec-8] INFO  com.knockfish.security.JwtAuthenticationFilter - === 请求路径: /api/category/options, 方法: GET
2026-07-13 20:41:35.522 [http-nio-8081-exec-8] DEBUG com.knockfish.security.JwtAuthenticationFilter - 用户 [knockfish] (ID:1) JWT 认证通过
2026-07-13 20:41:35.523 [http-nio-8081-exec-8] INFO  com.knockfish.aspect.LogAspect - [获取分类选项] 请求开始 - GET /api/category/options - CategoryController.getCategoryOption - 参数: 无
2026-07-13 20:41:35.528 [http-nio-8081-exec-8] INFO  com.knockfish.aspect.LogAspect - [获取分类选项] 请求成功 - 执行时间: 4ms
2026-07-13 20:41:39.336 [http-nio-8081-exec-10] INFO  com.knockfish.security.JwtAuthenticationFilter - === 请求路径: /api/link/page, 方法: GET
2026-07-13 20:41:39.350 [http-nio-8081-exec-10] DEBUG com.knockfish.security.JwtAuthenticationFilter - 用户 [knockfish] (ID:1) JWT 认证通过
2026-07-13 20:41:39.353 [http-nio-8081-exec-10] INFO  com.knockfish.aspect.LogAspect - [查询友链列表] 请求开始 - GET /api/link/page - LinkController.getLinkListVO - 参数: {"linkName":null}, 1, 10
2026-07-13 20:41:39.367 [http-nio-8081-exec-10] INFO  com.knockfish.aspect.LogAspect - [查询友链列表] 请求成功 - 执行时间: 14ms
2026-07-13 20:41:42.018 [http-nio-8081-exec-12] INFO  com.knockfish.security.JwtAuthenticationFilter - === 请求路径: /api/note, 方法: GET
2026-07-13 20:41:42.022 [http-nio-8081-exec-12] INFO  com.knockfish.aspect.LogAspect - [获取笔记列表] 请求开始 - GET /api/note - NoteController.getNoteList - 参数: {"noteTitle":null}, 1, 10
2026-07-13 20:41:42.053 [http-nio-8081-exec-12] INFO  com.knockfish.aspect.LogAspect - [获取笔记列表] 请求成功 - 执行时间: 31ms
2026-07-13 20:41:44.779 [http-nio-8081-exec-14] INFO  com.knockfish.security.JwtAuthenticationFilter - === 请求路径: /api/article/list, 方法: GET
2026-07-13 20:41:44.792 [http-nio-8081-exec-14] DEBUG com.knockfish.security.JwtAuthenticationFilter - 用户 [knockfish] (ID:1) JWT 认证通过
2026-07-13 20:41:44.794 [http-nio-8081-exec-14] INFO  com.knockfish.aspect.LogAspect - [查询文章列表] 请求开始 - GET /api/article/list - ArticleController.getArticleList - 参数: {"userId":null,"title":null}, 1, 10
2026-07-13 20:41:44.811 [http-nio-8081-exec-14] INFO  com.knockfish.aspect.LogAspect - [查询文章列表] 请求成功 - 执行时间: 16ms
2026-07-13 20:41:53.102 [http-nio-8081-exec-16] INFO  com.knockfish.security.JwtAuthenticationFilter - === 请求路径: /api/article/44, 方法: GET
2026-07-13 20:41:53.105 [http-nio-8081-exec-16] INFO  com.knockfish.aspect.LogAspect - [获取文章详情] 请求开始 - GET /api/article/44 - ArticleController.getArticleById - 参数: 44
2026-07-13 20:41:53.116 [http-nio-8081-exec-16] INFO  com.knockfish.aspect.LogAspect - [获取文章详情] 请求成功 - 执行时间: 11ms
2026-07-13 20:42:00.100 [http-nio-8081-exec-17] INFO  com.knockfish.security.JwtAuthenticationFilter - === 请求路径: /api/r2-file/prefix, 方法: GET
2026-07-13 20:42:00.114 [http-nio-8081-exec-17] DEBUG com.knockfish.security.JwtAuthenticationFilter - 用户 [knockfish] (ID:1) JWT 认证通过
2026-07-13 20:42:11.034 [http-nio-8081-exec-21] INFO  com.knockfish.security.JwtAuthenticationFilter - === 请求路径: /api/tag/page, 方法: GET
2026-07-13 20:42:11.050 [http-nio-8081-exec-21] DEBUG com.knockfish.security.JwtAuthenticationFilter - 用户 [knockfish] (ID:1) JWT 认证通过
2026-07-13 20:42:11.054 [http-nio-8081-exec-21] INFO  com.knockfish.aspect.LogAspect - [查询标签列表] 请求开始 - GET /api/tag/page - TagController.getTagListVO - 参数: {"tagName":null}, 1, 10
2026-07-13 20:42:11.082 [http-nio-8081-exec-21] INFO  com.knockfish.aspect.LogAspect - [查询标签列表] 请求成功 - 执行时间: 28ms
2026-07-13 20:46:42.395 [SpringApplicationShutdownHook] INFO  com.zaxxer.hikari.HikariDataSource - KnockfishHikariCP - Shutdown initiated...
2026-07-13 20:46:42.402 [SpringApplicationShutdownHook] INFO  com.zaxxer.hikari.HikariDataSource - KnockfishHikariCP - Shutdown completed.
2026-07-13 20:49:20.539 [background-preinit] INFO  org.hibernate.validator.internal.util.Version - HV000001: Hibernate Validator 8.0.3.Final
2026-07-13 20:49:20.669 [main] INFO  com.knockfish.KnockfishBlogBackendApplication - Starting KnockfishBlogBackendApplication using Java 17.0.9 with PID 10860 (E:\fish_blog\knockfish-blog-backend\target\classes started by DELL in E:\fish_blog\knockfish-blog-backend)
2026-07-13 20:49:20.671 [main] DEBUG com.knockfish.KnockfishBlogBackendApplication - Running with Spring Boot v3.5.13, Spring v6.2.17
2026-07-13 20:49:20.673 [main] INFO  com.knockfish.KnockfishBlogBackendApplication - No active profile set, falling back to 1 default profile: "default"
2026-07-13 20:49:25.628 [main] INFO  org.apache.coyote.http11.Http11NioProtocol - Initializing ProtocolHandler ["http-nio-8081"]
2026-07-13 20:49:25.635 [main] INFO  org.apache.catalina.core.StandardService - Starting service [Tomcat]
2026-07-13 20:49:25.637 [main] INFO  org.apache.catalina.core.StandardEngine - Starting Servlet engine: [Apache Tomcat/10.1.53]
2026-07-13 20:49:25.799 [main] INFO  o.a.c.core.ContainerBase.[Tomcat].[localhost].[/] - Initializing Spring embedded WebApplicationContext
2026-07-13 20:49:27.611 [main] DEBUG com.knockfish.security.JwtAuthenticationFilter - Filter 'jwtAuthenticationFilter' configured for use
2026-07-13 20:49:30.075 [main] INFO  org.apache.coyote.http11.Http11NioProtocol - Starting ProtocolHandler ["http-nio-8081"]
2026-07-13 20:49:30.140 [main] INFO  com.knockfish.KnockfishBlogBackendApplication - Started KnockfishBlogBackendApplication in 10.668 seconds (process running for 11.843)
2026-07-13 20:49:44.118 [http-nio-8081-exec-4] INFO  o.a.c.core.ContainerBase.[Tomcat].[localhost].[/] - Initializing Spring DispatcherServlet 'dispatcherServlet'
2026-07-13 20:49:44.237 [http-nio-8081-exec-1] INFO  com.knockfish.security.JwtAuthenticationFilter - === 请求路径: /api/user/2, 方法: GET
2026-07-13 20:49:44.237 [http-nio-8081-exec-2] INFO  com.knockfish.security.JwtAuthenticationFilter - === 请求路径: /api/tag, 方法: GET
2026-07-13 20:49:44.237 [http-nio-8081-exec-3] INFO  com.knockfish.security.JwtAuthenticationFilter - === 请求路径: /api/user/1, 方法: GET
2026-07-13 20:49:44.237 [http-nio-8081-exec-4] INFO  com.knockfish.security.JwtAuthenticationFilter - === 请求路径: /api/article/with-tag, 方法: GET
2026-07-13 20:49:44.323 [http-nio-8081-exec-3] INFO  com.knockfish.aspect.LogAspect - [查询用户信息] 请求开始 - GET /api/user/1 - UserController.getUserById - 参数: 1
2026-07-13 20:49:44.323 [http-nio-8081-exec-1] INFO  com.knockfish.aspect.LogAspect - [查询用户信息] 请求开始 - GET /api/user/2 - UserController.getUserById - 参数: 2
2026-07-13 20:49:44.356 [http-nio-8081-exec-1] INFO  com.zaxxer.hikari.HikariDataSource - KnockfishHikariCP - Starting...
2026-07-13 20:49:44.419 [http-nio-8081-exec-4] INFO  com.knockfish.aspect.LogAspect - [查询文章列表(含标签)] 请求开始 - GET /api/article/with-tag - ArticleController.getArticleWithTagList - 参数: {"userId":1,"title":null}, 1, 10
2026-07-13 20:49:44.905 [http-nio-8081-exec-1] INFO  com.zaxxer.hikari.pool.HikariPool - KnockfishHikariCP - Added connection com.mysql.cj.jdbc.ConnectionImpl@693f7614
2026-07-13 20:49:44.908 [http-nio-8081-exec-1] INFO  com.zaxxer.hikari.HikariDataSource - KnockfishHikariCP - Start completed.
2026-07-13 20:49:45.015 [http-nio-8081-exec-1] INFO  com.knockfish.aspect.LogAspect - [查询用户信息] 请求成功 - 执行时间: 691ms
2026-07-13 20:49:45.015 [http-nio-8081-exec-3] INFO  com.knockfish.aspect.LogAspect - [查询用户信息] 请求成功 - 执行时间: 691ms
2026-07-13 20:49:45.037 [http-nio-8081-exec-4] INFO  com.knockfish.aspect.LogAspect - [查询文章列表(含标签)] 请求成功 - 执行时间: 617ms
2026-07-13 20:51:55.232 [http-nio-8081-exec-12] INFO  com.knockfish.security.JwtAuthenticationFilter - === 请求路径: /api/tag, 方法: GET
2026-07-13 20:51:55.234 [http-nio-8081-exec-9] INFO  com.knockfish.security.JwtAuthenticationFilter - === 请求路径: /api/article/with-tag, 方法: GET
2026-07-13 20:51:55.239 [http-nio-8081-exec-11] INFO  com.knockfish.security.JwtAuthenticationFilter - === 请求路径: /api/user/2, 方法: GET
2026-07-13 20:51:55.239 [http-nio-8081-exec-10] INFO  com.knockfish.security.JwtAuthenticationFilter - === 请求路径: /api/user/1, 方法: GET
2026-07-13 20:51:55.246 [http-nio-8081-exec-10] INFO  com.knockfish.aspect.LogAspect - [查询用户信息] 请求开始 - GET /api/user/1 - UserController.getUserById - 参数: 1
2026-07-13 20:51:55.246 [http-nio-8081-exec-11] INFO  com.knockfish.aspect.LogAspect - [查询用户信息] 请求开始 - GET /api/user/2 - UserController.getUserById - 参数: 2
2026-07-13 20:51:55.249 [http-nio-8081-exec-9] INFO  com.knockfish.aspect.LogAspect - [查询文章列表(含标签)] 请求开始 - GET /api/article/with-tag - ArticleController.getArticleWithTagList - 参数: {"userId":0,"title":null}, 1, 10
2026-07-13 20:51:55.324 [http-nio-8081-exec-9] INFO  com.knockfish.aspect.LogAspect - [查询文章列表(含标签)] 请求成功 - 执行时间: 74ms
2026-07-13 20:51:55.386 [http-nio-8081-exec-11] INFO  com.knockfish.aspect.LogAspect - [查询用户信息] 请求成功 - 执行时间: 140ms
2026-07-13 20:51:55.409 [http-nio-8081-exec-10] INFO  com.knockfish.aspect.LogAspect - [查询用户信息] 请求成功 - 执行时间: 163ms
2026-07-13 20:58:11.686 [http-nio-8081-exec-17] INFO  com.knockfish.security.JwtAuthenticationFilter - === 请求路径: /api/article/with-tag, 方法: GET
2026-07-13 20:58:11.686 [http-nio-8081-exec-20] INFO  com.knockfish.security.JwtAuthenticationFilter - === 请求路径: /api/tag, 方法: GET
2026-07-13 20:58:11.686 [http-nio-8081-exec-18] INFO  com.knockfish.security.JwtAuthenticationFilter - === 请求路径: /api/user/1, 方法: GET
2026-07-13 20:58:11.687 [http-nio-8081-exec-19] INFO  com.knockfish.security.JwtAuthenticationFilter - === 请求路径: /api/user/2, 方法: GET
2026-07-13 20:58:11.689 [http-nio-8081-exec-19] INFO  com.knockfish.aspect.LogAspect - [查询用户信息] 请求开始 - GET /api/user/2 - UserController.getUserById - 参数: 2
2026-07-13 20:58:11.689 [http-nio-8081-exec-18] INFO  com.knockfish.aspect.LogAspect - [查询用户信息] 请求开始 - GET /api/user/1 - UserController.getUserById - 参数: 1
2026-07-13 20:58:11.690 [http-nio-8081-exec-17] INFO  com.knockfish.aspect.LogAspect - [查询文章列表(含标签)] 请求开始 - GET /api/article/with-tag - ArticleController.getArticleWithTagList - 参数: {"userId":1,"title":null}, 1, 10
2026-07-13 20:58:11.699 [http-nio-8081-exec-19] INFO  com.knockfish.aspect.LogAspect - [查询用户信息] 请求成功 - 执行时间: 10ms
2026-07-13 20:58:11.699 [http-nio-8081-exec-18] INFO  com.knockfish.aspect.LogAspect - [查询用户信息] 请求成功 - 执行时间: 9ms
2026-07-13 20:58:11.723 [http-nio-8081-exec-17] INFO  com.knockfish.aspect.LogAspect - [查询文章列表(含标签)] 请求成功 - 执行时间: 33ms
2026-07-13 20:58:25.860 [http-nio-8081-exec-21] INFO  com.knockfish.security.JwtAuthenticationFilter - === 请求路径: /api/link/list, 方法: GET
2026-07-13 20:58:33.622 [http-nio-8081-exec-22] INFO  com.knockfish.security.JwtAuthenticationFilter - === 请求路径: /api/link/list, 方法: GET
2026-07-13 20:59:11.377 [http-nio-8081-exec-28] INFO  com.knockfish.security.JwtAuthenticationFilter - === 请求路径: /api/article/archive, 方法: GET
2026-07-13 20:59:11.377 [http-nio-8081-exec-27] INFO  com.knockfish.security.JwtAuthenticationFilter - === 请求路径: /api/note/menu, 方法: GET
2026-07-13 20:59:11.385 [http-nio-8081-exec-27] INFO  com.knockfish.aspect.LogAspect - [获取笔记菜单] 请求开始 - GET /api/note/menu - NoteController.getNoteMenuList - 参数: 无
2026-07-13 20:59:11.385 [http-nio-8081-exec-28] INFO  com.knockfish.aspect.LogAspect - [获取文章归档列表] 请求开始 - GET /api/article/archive - ArticleController.getArticleArchiveList - 参数: 无
2026-07-13 20:59:11.400 [http-nio-8081-exec-27] INFO  com.knockfish.aspect.LogAspect - [获取笔记菜单] 请求成功 - 执行时间: 14ms
2026-07-13 20:59:11.409 [http-nio-8081-exec-28] INFO  com.knockfish.aspect.LogAspect - [获取文章归档列表] 请求成功 - 执行时间: 23ms
2026-07-13 21:00:32.876 [http-nio-8081-exec-32] INFO  com.knockfish.security.JwtAuthenticationFilter - === 请求路径: /api/article/archive, 方法: GET
2026-07-13 21:00:32.877 [http-nio-8081-exec-31] INFO  com.knockfish.security.JwtAuthenticationFilter - === 请求路径: /api/note/menu, 方法: GET
2026-07-13 21:00:32.878 [http-nio-8081-exec-31] INFO  com.knockfish.aspect.LogAspect - [获取笔记菜单] 请求开始 - GET /api/note/menu - NoteController.getNoteMenuList - 参数: 无
2026-07-13 21:00:32.878 [http-nio-8081-exec-32] INFO  com.knockfish.aspect.LogAspect - [获取文章归档列表] 请求开始 - GET /api/article/archive - ArticleController.getArticleArchiveList - 参数: 无
2026-07-13 21:00:32.900 [http-nio-8081-exec-31] INFO  com.knockfish.aspect.LogAspect - [获取笔记菜单] 请求成功 - 执行时间: 22ms
2026-07-13 21:00:32.912 [http-nio-8081-exec-32] INFO  com.knockfish.aspect.LogAspect - [获取文章归档列表] 请求成功 - 执行时间: 34ms
2026-07-13 21:01:23.138 [http-nio-8081-exec-35] INFO  com.knockfish.security.JwtAuthenticationFilter - === 请求路径: /api/article/with-tag, 方法: GET
2026-07-13 21:01:23.141 [http-nio-8081-exec-37] INFO  com.knockfish.security.JwtAuthenticationFilter - === 请求路径: /api/user/2, 方法: GET
2026-07-13 21:01:23.141 [http-nio-8081-exec-36] INFO  com.knockfish.security.JwtAuthenticationFilter - === 请求路径: /api/user/1, 方法: GET
2026-07-13 21:01:23.141 [http-nio-8081-exec-38] INFO  com.knockfish.security.JwtAuthenticationFilter - === 请求路径: /api/tag, 方法: GET
2026-07-13 21:01:23.143 [http-nio-8081-exec-35] INFO  com.knockfish.aspect.LogAspect - [查询文章列表(含标签)] 请求开始 - GET /api/article/with-tag - ArticleController.getArticleWithTagList - 参数: {"userId":1,"title":null}, 1, 10
2026-07-13 21:01:23.143 [http-nio-8081-exec-37] INFO  com.knockfish.aspect.LogAspect - [查询用户信息] 请求开始 - GET /api/user/2 - UserController.getUserById - 参数: 2
2026-07-13 21:01:23.147 [http-nio-8081-exec-36] INFO  com.knockfish.aspect.LogAspect - [查询用户信息] 请求开始 - GET /api/user/1 - UserController.getUserById - 参数: 1
2026-07-13 21:01:23.169 [http-nio-8081-exec-37] INFO  com.knockfish.aspect.LogAspect - [查询用户信息] 请求成功 - 执行时间: 25ms
2026-07-13 21:01:23.183 [http-nio-8081-exec-36] INFO  com.knockfish.aspect.LogAspect - [查询用户信息] 请求成功 - 执行时间: 36ms
2026-07-13 21:01:23.196 [http-nio-8081-exec-35] INFO  com.knockfish.aspect.LogAspect - [查询文章列表(含标签)] 请求成功 - 执行时间: 53ms
2026-07-13 21:01:27.916 [http-nio-8081-exec-40] INFO  com.knockfish.security.JwtAuthenticationFilter - === 请求路径: /api/article/with-tag, 方法: GET
2026-07-13 21:01:27.916 [http-nio-8081-exec-42] INFO  com.knockfish.security.JwtAuthenticationFilter - === 请求路径: /api/tag, 方法: GET
2026-07-13 21:01:27.916 [http-nio-8081-exec-39] INFO  com.knockfish.security.JwtAuthenticationFilter - === 请求路径: /api/user/1, 方法: GET
2026-07-13 21:01:27.916 [http-nio-8081-exec-41] INFO  com.knockfish.security.JwtAuthenticationFilter - === 请求路径: /api/user/2, 方法: GET
2026-07-13 21:01:27.927 [http-nio-8081-exec-40] INFO  com.knockfish.aspect.LogAspect - [查询文章列表(含标签)] 请求开始 - GET /api/article/with-tag - ArticleController.getArticleWithTagList - 参数: {"userId":1,"title":null}, 1, 10
2026-07-13 21:01:27.932 [http-nio-8081-exec-41] INFO  com.knockfish.aspect.LogAspect - [查询用户信息] 请求开始 - GET /api/user/2 - UserController.getUserById - 参数: 2
2026-07-13 21:01:27.944 [http-nio-8081-exec-39] INFO  com.knockfish.aspect.LogAspect - [查询用户信息] 请求开始 - GET /api/user/1 - UserController.getUserById - 参数: 1
2026-07-13 21:01:27.977 [http-nio-8081-exec-40] INFO  com.knockfish.aspect.LogAspect - [查询文章列表(含标签)] 请求成功 - 执行时间: 49ms
2026-07-13 21:01:27.993 [http-nio-8081-exec-41] INFO  com.knockfish.aspect.LogAspect - [查询用户信息] 请求成功 - 执行时间: 60ms
2026-07-13 21:01:28.003 [http-nio-8081-exec-39] INFO  com.knockfish.aspect.LogAspect - [查询用户信息] 请求成功 - 执行时间: 58ms
2026-07-13 21:01:37.341 [http-nio-8081-exec-43] INFO  com.knockfish.security.JwtAuthenticationFilter - === 请求路径: /api/note/menu, 方法: GET
2026-07-13 21:01:37.341 [http-nio-8081-exec-44] INFO  com.knockfish.security.JwtAuthenticationFilter - === 请求路径: /api/article/archive, 方法: GET
2026-07-13 21:01:37.342 [http-nio-8081-exec-44] INFO  com.knockfish.aspect.LogAspect - [获取文章归档列表] 请求开始 - GET /api/article/archive - ArticleController.getArticleArchiveList - 参数: 无
2026-07-13 21:01:37.343 [http-nio-8081-exec-43] INFO  com.knockfish.aspect.LogAspect - [获取笔记菜单] 请求开始 - GET /api/note/menu - NoteController.getNoteMenuList - 参数: 无
2026-07-13 21:01:37.357 [http-nio-8081-exec-43] INFO  com.knockfish.aspect.LogAspect - [获取笔记菜单] 请求成功 - 执行时间: 14ms
2026-07-13 21:01:37.358 [http-nio-8081-exec-44] INFO  com.knockfish.aspect.LogAspect - [获取文章归档列表] 请求成功 - 执行时间: 15ms
2026-07-13 21:01:51.383 [http-nio-8081-exec-45] INFO  com.knockfish.security.JwtAuthenticationFilter - === 请求路径: /api/article/41, 方法: GET
2026-07-13 21:01:51.407 [http-nio-8081-exec-45] INFO  com.knockfish.aspect.LogAspect - [获取文章详情] 请求开始 - GET /api/article/41 - ArticleController.getArticleById - 参数: 41
2026-07-13 21:01:51.434 [http-nio-8081-exec-45] INFO  com.knockfish.aspect.LogAspect - [获取文章详情] 请求成功 - 执行时间: 26ms
2026-07-13 21:01:59.882 [http-nio-8081-exec-48] INFO  com.knockfish.security.JwtAuthenticationFilter - === 请求路径: /api/article/41, 方法: GET
2026-07-13 21:01:59.885 [http-nio-8081-exec-48] INFO  com.knockfish.aspect.LogAspect - [获取文章详情] 请求开始 - GET /api/article/41 - ArticleController.getArticleById - 参数: 41
2026-07-13 21:01:59.890 [http-nio-8081-exec-48] INFO  com.knockfish.aspect.LogAspect - [获取文章详情] 请求成功 - 执行时间: 5ms
2026-07-13 21:02:09.615 [http-nio-8081-exec-50] INFO  com.knockfish.security.JwtAuthenticationFilter - === 请求路径: /api/note/menu, 方法: GET
2026-07-13 21:02:09.615 [http-nio-8081-exec-3] INFO  com.knockfish.security.JwtAuthenticationFilter - === 请求路径: /api/article/archive, 方法: GET
2026-07-13 21:02:09.619 [http-nio-8081-exec-50] INFO  com.knockfish.aspect.LogAspect - [获取笔记菜单] 请求开始 - GET /api/note/menu - NoteController.getNoteMenuList - 参数: 无
2026-07-13 21:02:09.620 [http-nio-8081-exec-3] INFO  com.knockfish.aspect.LogAspect - [获取文章归档列表] 请求开始 - GET /api/article/archive - ArticleController.getArticleArchiveList - 参数: 无
2026-07-13 21:02:09.629 [http-nio-8081-exec-50] INFO  com.knockfish.aspect.LogAspect - [获取笔记菜单] 请求成功 - 执行时间: 9ms
2026-07-13 21:02:09.637 [http-nio-8081-exec-3] INFO  com.knockfish.aspect.LogAspect - [获取文章归档列表] 请求成功 - 执行时间: 14ms
2026-07-13 21:02:27.413 [http-nio-8081-exec-1] INFO  com.knockfish.security.JwtAuthenticationFilter - === 请求路径: /api/code-category/menu, 方法: GET
2026-07-13 21:02:27.417 [http-nio-8081-exec-1] INFO  com.knockfish.aspect.LogAspect - [获取代码分类菜单] 请求开始 - GET /api/code-category/menu - CodeCategoryController.getMenuList - 参数: 无
2026-07-13 21:02:27.509 [http-nio-8081-exec-1] INFO  com.knockfish.aspect.LogAspect - [获取代码分类菜单] 请求成功 - 执行时间: 91ms
2026-07-13 21:02:31.551 [http-nio-8081-exec-2] INFO  com.knockfish.security.JwtAuthenticationFilter - === 请求路径: /api/code-snippet/list/3, 方法: GET
2026-07-13 21:02:31.556 [http-nio-8081-exec-2] INFO  com.knockfish.aspect.LogAspect - [获取代码片段列表] 请求开始 - GET /api/code-snippet/list/3 - CodeSnippetController.getCodeSnippetListByCategoryId - 参数: 3, 1, 10
2026-07-13 21:02:31.604 [http-nio-8081-exec-2] INFO  com.knockfish.aspect.LogAspect - [获取代码片段列表] 请求成功 - 执行时间: 48ms
2026-07-13 21:02:39.636 [http-nio-8081-exec-4] INFO  com.knockfish.security.JwtAuthenticationFilter - === 请求路径: /api/tag, 方法: GET
2026-07-13 21:02:54.439 [http-nio-8081-exec-6] INFO  com.knockfish.security.JwtAuthenticationFilter - === 请求路径: /api/article/archive, 方法: GET
2026-07-13 21:02:54.441 [http-nio-8081-exec-6] INFO  com.knockfish.aspect.LogAspect - [获取文章归档列表] 请求开始 - GET /api/article/archive - ArticleController.getArticleArchiveList - 参数: 无
2026-07-13 21:02:54.452 [http-nio-8081-exec-6] INFO  com.knockfish.aspect.LogAspect - [获取文章归档列表] 请求成功 - 执行时间: 10ms
2026-07-13 21:03:35.087 [http-nio-8081-exec-7] INFO  com.knockfish.security.JwtAuthenticationFilter - === 请求路径: /api/article/with-tag, 方法: GET
2026-07-13 21:03:35.090 [http-nio-8081-exec-9] INFO  com.knockfish.security.JwtAuthenticationFilter - === 请求路径: /api/user/2, 方法: GET
2026-07-13 21:03:35.091 [http-nio-8081-exec-11] INFO  com.knockfish.security.JwtAuthenticationFilter - === 请求路径: /api/tag, 方法: GET
2026-07-13 21:03:35.090 [http-nio-8081-exec-12] INFO  com.knockfish.security.JwtAuthenticationFilter - === 请求路径: /api/user/1, 方法: GET
2026-07-13 21:03:35.096 [http-nio-8081-exec-7] INFO  com.knockfish.aspect.LogAspect - [查询文章列表(含标签)] 请求开始 - GET /api/article/with-tag - ArticleController.getArticleWithTagList - 参数: {"userId":1,"title":null}, 1, 10
2026-07-13 21:03:35.098 [http-nio-8081-exec-12] INFO  com.knockfish.aspect.LogAspect - [查询用户信息] 请求开始 - GET /api/user/1 - UserController.getUserById - 参数: 1
2026-07-13 21:03:35.103 [http-nio-8081-exec-9] INFO  com.knockfish.aspect.LogAspect - [查询用户信息] 请求开始 - GET /api/user/2 - UserController.getUserById - 参数: 2
2026-07-13 21:03:35.139 [http-nio-8081-exec-7] INFO  com.knockfish.aspect.LogAspect - [查询文章列表(含标签)] 请求成功 - 执行时间: 42ms
2026-07-13 21:03:35.179 [http-nio-8081-exec-12] INFO  com.knockfish.aspect.LogAspect - [查询用户信息] 请求成功 - 执行时间: 80ms
2026-07-13 21:03:35.185 [http-nio-8081-exec-9] INFO  com.knockfish.aspect.LogAspect - [查询用户信息] 请求成功 - 执行时间: 81ms
2026-07-13 21:03:38.303 [http-nio-8081-exec-10] INFO  com.knockfish.security.JwtAuthenticationFilter - === 请求路径: /api/link/list, 方法: GET
2026-07-13 21:03:39.335 [http-nio-8081-exec-14] INFO  com.knockfish.security.JwtAuthenticationFilter - === 请求路径: /api/category/with-site, 方法: GET
2026-07-13 21:03:39.338 [http-nio-8081-exec-14] INFO  com.knockfish.aspect.LogAspect - [获取分类列表(含站点)] 请求开始 - GET /api/category/with-site - CategoryController.getCategoryWithSiteList - 参数: 无
2026-07-13 21:03:39.403 [http-nio-8081-exec-14] INFO  com.knockfish.aspect.LogAspect - [获取分类列表(含站点)] 请求成功 - 执行时间: 63ms
2026-07-13 21:23:39.844 [SpringApplicationShutdownHook] INFO  com.zaxxer.hikari.HikariDataSource - KnockfishHikariCP - Shutdown initiated...
2026-07-13 21:23:39.852 [SpringApplicationShutdownHook] INFO  com.zaxxer.hikari.HikariDataSource - KnockfishHikariCP - Shutdown completed.
2026-07-13 22:16:45.259 [background-preinit] INFO  org.hibernate.validator.internal.util.Version - HV000001: Hibernate Validator 8.0.3.Final
2026-07-13 22:16:45.324 [main] INFO  com.knockfish.KnockfishBlogBackendApplication - Starting KnockfishBlogBackendApplication using Java 17.0.9 with PID 12196 (E:\fish_blog\knockfish-blog-backend\target\classes started by DELL in E:\fish_blog\knockfish-blog-backend)
2026-07-13 22:16:45.325 [main] DEBUG com.knockfish.KnockfishBlogBackendApplication - Running with Spring Boot v3.5.13, Spring v6.2.17
2026-07-13 22:16:45.325 [main] INFO  com.knockfish.KnockfishBlogBackendApplication - No active profile set, falling back to 1 default profile: "default"
2026-07-13 22:16:47.258 [main] INFO  org.apache.coyote.http11.Http11NioProtocol - Initializing ProtocolHandler ["http-nio-8081"]
2026-07-13 22:16:47.259 [main] INFO  org.apache.catalina.core.StandardService - Starting service [Tomcat]
2026-07-13 22:16:47.260 [main] INFO  org.apache.catalina.core.StandardEngine - Starting Servlet engine: [Apache Tomcat/10.1.53]
2026-07-13 22:16:47.322 [main] INFO  o.a.c.core.ContainerBase.[Tomcat].[localhost].[/] - Initializing Spring embedded WebApplicationContext
2026-07-13 22:16:48.072 [main] DEBUG com.knockfish.security.JwtAuthenticationFilter - Filter 'jwtAuthenticationFilter' configured for use
2026-07-13 22:16:49.763 [main] INFO  org.apache.coyote.http11.Http11NioProtocol - Starting ProtocolHandler ["http-nio-8081"]
2026-07-13 22:16:49.794 [main] INFO  com.knockfish.KnockfishBlogBackendApplication - Started KnockfishBlogBackendApplication in 5.109 seconds (process running for 6.014)
2026-07-13 22:17:31.072 [http-nio-8081-exec-1] INFO  o.a.c.core.ContainerBase.[Tomcat].[localhost].[/] - Initializing Spring DispatcherServlet 'dispatcherServlet'
2026-07-13 22:17:31.121 [http-nio-8081-exec-7] INFO  com.knockfish.security.JwtAuthenticationFilter - === 请求路径: /api/tag, 方法: GET
2026-07-13 22:17:31.121 [http-nio-8081-exec-1] INFO  com.knockfish.security.JwtAuthenticationFilter - === 请求路径: /api/article/with-tag, 方法: GET
2026-07-13 22:17:31.121 [http-nio-8081-exec-11] INFO  com.knockfish.security.JwtAuthenticationFilter - === 请求路径: /api/user, 方法: GET
2026-07-13 22:17:31.175 [http-nio-8081-exec-11] INFO  com.knockfish.aspect.LogAspect - [查询用户信息] 请求开始 - GET /api/user - UserController.getUserByUsername - 参数: "knockfish"
2026-07-13 22:17:31.188 [http-nio-8081-exec-11] INFO  com.zaxxer.hikari.HikariDataSource - KnockfishHikariCP - Starting...
2026-07-13 22:17:31.210 [http-nio-8081-exec-1] INFO  com.knockfish.aspect.LogAspect - [查询文章列表(含标签)] 请求开始 - GET /api/article/with-tag - ArticleController.getArticleWithTagList - 参数: {"userId":null,"title":null}, 1, 10
2026-07-13 22:17:31.428 [http-nio-8081-exec-11] INFO  com.zaxxer.hikari.pool.HikariPool - KnockfishHikariCP - Added connection com.mysql.cj.jdbc.ConnectionImpl@42581b2c
2026-07-13 22:17:31.430 [http-nio-8081-exec-11] INFO  com.zaxxer.hikari.HikariDataSource - KnockfishHikariCP - Start completed.
2026-07-13 22:17:31.490 [http-nio-8081-exec-11] INFO  com.knockfish.aspect.LogAspect - [查询用户信息] 请求成功 - 执行时间: 314ms
2026-07-13 22:17:31.503 [http-nio-8081-exec-1] INFO  com.knockfish.aspect.LogAspect - [查询文章列表(含标签)] 请求成功 - 执行时间: 291ms
2026-07-13 22:17:50.251 [http-nio-8081-exec-15] INFO  com.knockfish.security.JwtAuthenticationFilter - === 请求路径: /api/article/with-tag, 方法: GET
2026-07-13 22:17:50.254 [http-nio-8081-exec-13] INFO  com.knockfish.security.JwtAuthenticationFilter - === 请求路径: /api/user, 方法: GET
2026-07-13 22:17:50.254 [http-nio-8081-exec-14] INFO  com.knockfish.security.JwtAuthenticationFilter - === 请求路径: /api/tag, 方法: GET
2026-07-13 22:17:50.254 [http-nio-8081-exec-15] INFO  com.knockfish.aspect.LogAspect - [查询文章列表(含标签)] 请求开始 - GET /api/article/with-tag - ArticleController.getArticleWithTagList - 参数: {"userId":null,"title":null}, 1, 10
2026-07-13 22:17:50.255 [http-nio-8081-exec-13] INFO  com.knockfish.aspect.LogAspect - [查询用户信息] 请求开始 - GET /api/user - UserController.getUserByUsername - 参数: "knockfish"
2026-07-13 22:17:50.262 [http-nio-8081-exec-13] INFO  com.knockfish.aspect.LogAspect - [查询用户信息] 请求成功 - 执行时间: 6ms
2026-07-13 22:17:50.286 [http-nio-8081-exec-15] INFO  com.knockfish.aspect.LogAspect - [查询文章列表(含标签)] 请求成功 - 执行时间: 31ms
2026-07-13 22:18:13.252 [http-nio-8081-exec-18] INFO  com.knockfish.security.JwtAuthenticationFilter - === 请求路径: /api/category/with-site, 方法: GET
2026-07-13 22:18:13.256 [http-nio-8081-exec-18] INFO  com.knockfish.aspect.LogAspect - [获取分类列表(含站点)] 请求开始 - GET /api/category/with-site - CategoryController.getCategoryWithSiteList - 参数: 无
2026-07-13 22:18:13.291 [http-nio-8081-exec-18] INFO  com.knockfish.aspect.LogAspect - [获取分类列表(含站点)] 请求成功 - 执行时间: 34ms
2026-07-13 22:50:18.340 [http-nio-8081-exec-3] INFO  com.knockfish.security.JwtAuthenticationFilter - === 请求路径: /api/article/with-tag, 方法: GET
2026-07-13 22:50:18.343 [http-nio-8081-exec-37] INFO  com.knockfish.security.JwtAuthenticationFilter - === 请求路径: /api/tag, 方法: GET
2026-07-13 22:50:18.345 [http-nio-8081-exec-34] INFO  com.knockfish.security.JwtAuthenticationFilter - === 请求路径: /api/user/2, 方法: GET
2026-07-13 22:50:18.345 [http-nio-8081-exec-32] INFO  com.knockfish.security.JwtAuthenticationFilter - === 请求路径: /api/user/1, 方法: GET
2026-07-13 22:50:18.345 [http-nio-8081-exec-3] INFO  com.knockfish.aspect.LogAspect - [查询文章列表(含标签)] 请求开始 - GET /api/article/with-tag - ArticleController.getArticleWithTagList - 参数: {"userId":1,"title":null}, 1, 10
2026-07-13 22:50:18.347 [http-nio-8081-exec-34] INFO  com.knockfish.aspect.LogAspect - [查询用户信息] 请求开始 - GET /api/user/2 - UserController.getUserById - 参数: 2
2026-07-13 22:50:18.349 [http-nio-8081-exec-32] INFO  com.knockfish.aspect.LogAspect - [查询用户信息] 请求开始 - GET /api/user/1 - UserController.getUserById - 参数: 1
2026-07-13 22:50:18.363 [http-nio-8081-exec-34] INFO  com.knockfish.aspect.LogAspect - [查询用户信息] 请求成功 - 执行时间: 14ms
2026-07-13 22:50:18.363 [http-nio-8081-exec-32] INFO  com.knockfish.aspect.LogAspect - [查询用户信息] 请求成功 - 执行时间: 12ms
2026-07-13 22:50:18.370 [http-nio-8081-exec-3] INFO  com.knockfish.aspect.LogAspect - [查询文章列表(含标签)] 请求成功 - 执行时间: 25ms
2026-07-13 22:50:25.934 [http-nio-8081-exec-16] INFO  com.knockfish.security.JwtAuthenticationFilter - === 请求路径: /api/article/with-tag, 方法: GET
2026-07-13 22:50:25.934 [http-nio-8081-exec-42] INFO  com.knockfish.security.JwtAuthenticationFilter - === 请求路径: /api/tag, 方法: GET
2026-07-13 22:50:25.934 [http-nio-8081-exec-17] INFO  com.knockfish.security.JwtAuthenticationFilter - === 请求路径: /api/user/2, 方法: GET
2026-07-13 22:50:25.936 [http-nio-8081-exec-5] INFO  com.knockfish.security.JwtAuthenticationFilter - === 请求路径: /api/user/1, 方法: GET
2026-07-13 22:50:25.941 [http-nio-8081-exec-17] INFO  com.knockfish.aspect.LogAspect - [查询用户信息] 请求开始 - GET /api/user/2 - UserController.getUserById - 参数: 2
2026-07-13 22:50:25.941 [http-nio-8081-exec-5] INFO  com.knockfish.aspect.LogAspect - [查询用户信息] 请求开始 - GET /api/user/1 - UserController.getUserById - 参数: 1
2026-07-13 22:50:25.942 [http-nio-8081-exec-16] INFO  com.knockfish.aspect.LogAspect - [查询文章列表(含标签)] 请求开始 - GET /api/article/with-tag - ArticleController.getArticleWithTagList - 参数: {"userId":1,"title":null}, 1, 10
2026-07-13 22:50:25.955 [http-nio-8081-exec-17] INFO  com.knockfish.aspect.LogAspect - [查询用户信息] 请求成功 - 执行时间: 14ms
2026-07-13 22:50:25.955 [http-nio-8081-exec-5] INFO  com.knockfish.aspect.LogAspect - [查询用户信息] 请求成功 - 执行时间: 13ms
2026-07-13 22:50:25.965 [http-nio-8081-exec-16] INFO  com.knockfish.aspect.LogAspect - [查询文章列表(含标签)] 请求成功 - 执行时间: 23ms
2026-07-13 22:50:27.234 [http-nio-8081-exec-46] INFO  com.knockfish.security.JwtAuthenticationFilter - === 请求路径: /api/article/archive, 方法: GET
2026-07-13 22:50:27.234 [http-nio-8081-exec-44] INFO  com.knockfish.security.JwtAuthenticationFilter - === 请求路径: /api/note/menu, 方法: GET
2026-07-13 22:50:27.234 [http-nio-8081-exec-46] INFO  com.knockfish.aspect.LogAspect - [获取文章归档列表] 请求开始 - GET /api/article/archive - ArticleController.getArticleArchiveList - 参数: 无
2026-07-13 22:50:27.235 [http-nio-8081-exec-44] INFO  com.knockfish.aspect.LogAspect - [获取笔记菜单] 请求开始 - GET /api/note/menu - NoteController.getNoteMenuList - 参数: 无
2026-07-13 22:50:27.243 [http-nio-8081-exec-44] INFO  com.knockfish.aspect.LogAspect - [获取笔记菜单] 请求成功 - 执行时间: 8ms
2026-07-13 22:50:27.244 [http-nio-8081-exec-46] INFO  com.knockfish.aspect.LogAspect - [获取文章归档列表] 请求成功 - 执行时间: 9ms
2026-07-13 22:50:28.811 [http-nio-8081-exec-21] INFO  com.knockfish.security.JwtAuthenticationFilter - === 请求路径: /api/link/list, 方法: GET
2026-07-13 22:50:30.727 [http-nio-8081-exec-22] INFO  com.knockfish.security.JwtAuthenticationFilter - === 请求路径: /api/category/with-site, 方法: GET
2026-07-13 22:50:30.731 [http-nio-8081-exec-22] INFO  com.knockfish.aspect.LogAspect - [获取分类列表(含站点)] 请求开始 - GET /api/category/with-site - CategoryController.getCategoryWithSiteList - 参数: 无
2026-07-13 22:50:30.747 [http-nio-8081-exec-22] INFO  com.knockfish.aspect.LogAspect - [获取分类列表(含站点)] 请求成功 - 执行时间: 16ms
2026-07-13 22:50:33.587 [http-nio-8081-exec-23] INFO  com.knockfish.security.JwtAuthenticationFilter - === 请求路径: /api/note/menu, 方法: GET
2026-07-13 22:50:33.587 [http-nio-8081-exec-23] INFO  com.knockfish.aspect.LogAspect - [获取笔记菜单] 请求开始 - GET /api/note/menu - NoteController.getNoteMenuList - 参数: 无
2026-07-13 22:50:33.592 [http-nio-8081-exec-23] INFO  com.knockfish.aspect.LogAspect - [获取笔记菜单] 请求成功 - 执行时间: 5ms
2026-07-13 22:50:35.209 [http-nio-8081-exec-9] INFO  com.knockfish.security.JwtAuthenticationFilter - === 请求路径: /api/code-category/menu, 方法: GET
2026-07-13 22:50:35.210 [http-nio-8081-exec-9] INFO  com.knockfish.aspect.LogAspect - [获取代码分类菜单] 请求开始 - GET /api/code-category/menu - CodeCategoryController.getMenuList - 参数: 无
2026-07-13 22:50:35.216 [http-nio-8081-exec-9] INFO  com.knockfish.aspect.LogAspect - [获取代码分类菜单] 请求成功 - 执行时间: 6ms
2026-07-13 22:50:35.221 [http-nio-8081-exec-25] INFO  com.knockfish.security.JwtAuthenticationFilter - === 请求路径: /api/code-snippet/list/3, 方法: GET
2026-07-13 22:50:35.228 [http-nio-8081-exec-25] INFO  com.knockfish.aspect.LogAspect - [获取代码片段列表] 请求开始 - GET /api/code-snippet/list/3 - CodeSnippetController.getCodeSnippetListByCategoryId - 参数: 3, 1, 10
2026-07-13 22:50:35.241 [http-nio-8081-exec-25] INFO  com.knockfish.aspect.LogAspect - [获取代码片段列表] 请求成功 - 执行时间: 11ms
2026-07-13 23:07:16.118 [http-nio-8081-exec-30] INFO  com.knockfish.security.JwtAuthenticationFilter - === 请求路径: /api/note/9, 方法: GET
2026-07-13 23:07:16.118 [http-nio-8081-exec-30] INFO  com.knockfish.aspect.LogAspect - [获取笔记详情] 请求开始 - GET /api/note/9 - NoteController.getNoteById - 参数: 9
2026-07-13 23:07:16.125 [http-nio-8081-exec-30] INFO  com.knockfish.aspect.LogAspect - [获取笔记详情] 请求成功 - 执行时间: 7ms
2026-07-13 23:07:19.245 [http-nio-8081-exec-12] INFO  com.knockfish.security.JwtAuthenticationFilter - === 请求路径: /api/note/8, 方法: GET
2026-07-13 23:07:19.246 [http-nio-8081-exec-12] INFO  com.knockfish.aspect.LogAspect - [获取笔记详情] 请求开始 - GET /api/note/8 - NoteController.getNoteById - 参数: 8
2026-07-13 23:07:19.251 [http-nio-8081-exec-12] INFO  com.knockfish.aspect.LogAspect - [获取笔记详情] 请求成功 - 执行时间: 5ms
2026-07-13 23:07:20.190 [http-nio-8081-exec-31] INFO  com.knockfish.security.JwtAuthenticationFilter - === 请求路径: /api/note/9, 方法: GET
2026-07-13 23:07:20.192 [http-nio-8081-exec-31] INFO  com.knockfish.aspect.LogAspect - [获取笔记详情] 请求开始 - GET /api/note/9 - NoteController.getNoteById - 参数: 9
2026-07-13 23:07:20.196 [http-nio-8081-exec-31] INFO  com.knockfish.aspect.LogAspect - [获取笔记详情] 请求成功 - 执行时间: 4ms
2026-07-13 23:07:24.986 [http-nio-8081-exec-33] INFO  com.knockfish.security.JwtAuthenticationFilter - === 请求路径: /api/note/1, 方法: GET
2026-07-13 23:07:24.991 [http-nio-8081-exec-33] INFO  com.knockfish.aspect.LogAspect - [获取笔记详情] 请求开始 - GET /api/note/1 - NoteController.getNoteById - 参数: 1
2026-07-13 23:07:24.994 [http-nio-8081-exec-33] INFO  com.knockfish.aspect.LogAspect - [获取笔记详情] 请求成功 - 执行时间: 3ms
2026-07-13 23:07:29.287 [http-nio-8081-exec-4] INFO  com.knockfish.security.JwtAuthenticationFilter - === 请求路径: /api/note/3, 方法: GET
2026-07-13 23:07:29.291 [http-nio-8081-exec-4] INFO  com.knockfish.aspect.LogAspect - [获取笔记详情] 请求开始 - GET /api/note/3 - NoteController.getNoteById - 参数: 3
2026-07-13 23:07:29.299 [http-nio-8081-exec-4] INFO  com.knockfish.aspect.LogAspect - [获取笔记详情] 请求成功 - 执行时间: 7ms
2026-07-13 23:07:39.107 [http-nio-8081-exec-35] INFO  com.knockfish.security.JwtAuthenticationFilter - === 请求路径: /api/note/4, 方法: GET
2026-07-13 23:07:39.108 [http-nio-8081-exec-35] INFO  com.knockfish.aspect.LogAspect - [获取笔记详情] 请求开始 - GET /api/note/4 - NoteController.getNoteById - 参数: 4
2026-07-13 23:07:39.111 [http-nio-8081-exec-35] INFO  com.knockfish.aspect.LogAspect - [获取笔记详情] 请求成功 - 执行时间: 3ms
2026-07-13 23:07:39.803 [http-nio-8081-exec-36] INFO  com.knockfish.security.JwtAuthenticationFilter - === 请求路径: /api/note/6, 方法: GET
2026-07-13 23:07:39.803 [http-nio-8081-exec-36] INFO  com.knockfish.aspect.LogAspect - [获取笔记详情] 请求开始 - GET /api/note/6 - NoteController.getNoteById - 参数: 6
2026-07-13 23:07:39.807 [http-nio-8081-exec-36] INFO  com.knockfish.aspect.LogAspect - [获取笔记详情] 请求成功 - 执行时间: 4ms
