2026-08-03 00:01:10.561 [http-nio-8081-exec-42] INFO  com.knockfish.security.JwtAuthenticationFilter - === 请求路径: /api/article/list, 方法: GET
2026-08-03 00:01:10.687 [http-nio-8081-exec-42] DEBUG com.knockfish.security.JwtAuthenticationFilter - 用户 [knockfish] (ID:1) JWT 认证通过
2026-08-03 00:01:10.691 [http-nio-8081-exec-42] INFO  com.knockfish.aspect.LogAspect - [查询文章列表] 请求开始 - GET /api/article/list - ArticleController.getArticleList - 参数: {"userId":null,"title":null}, 1, 12
2026-08-03 00:01:10.701 [http-nio-8081-exec-42] INFO  com.knockfish.aspect.LogAspect - [查询文章列表] 请求成功 - 执行时间: 10ms
2026-08-03 00:02:25.408 [http-nio-8081-exec-44] INFO  com.knockfish.security.JwtAuthenticationFilter - === 请求路径: /api/article/list, 方法: GET
2026-08-03 00:02:25.448 [http-nio-8081-exec-44] DEBUG com.knockfish.security.JwtAuthenticationFilter - 用户 [knockfish] (ID:1) JWT 认证通过
2026-08-03 00:02:25.451 [http-nio-8081-exec-44] INFO  com.knockfish.aspect.LogAspect - [查询文章列表] 请求开始 - GET /api/article/list - ArticleController.getArticleList - 参数: {"userId":null,"title":null}, 1, 12
2026-08-03 00:02:25.462 [http-nio-8081-exec-44] INFO  com.knockfish.aspect.LogAspect - [查询文章列表] 请求成功 - 执行时间: 10ms
2026-08-03 00:02:49.130 [http-nio-8081-exec-45] INFO  com.knockfish.security.JwtAuthenticationFilter - === 请求路径: /api/article/list, 方法: GET
2026-08-03 00:02:49.158 [http-nio-8081-exec-45] DEBUG com.knockfish.security.JwtAuthenticationFilter - 用户 [knockfish] (ID:1) JWT 认证通过
2026-08-03 00:02:49.161 [http-nio-8081-exec-45] INFO  com.knockfish.aspect.LogAspect - [查询文章列表] 请求开始 - GET /api/article/list - ArticleController.getArticleList - 参数: {"userId":null,"title":null}, 1, 12
2026-08-03 00:02:49.169 [http-nio-8081-exec-45] INFO  com.knockfish.aspect.LogAspect - [查询文章列表] 请求成功 - 执行时间: 8ms
2026-08-03 00:06:28.946 [http-nio-8081-exec-47] INFO  com.knockfish.security.JwtAuthenticationFilter - === 请求路径: /api/article/list, 方法: GET
2026-08-03 00:06:28.982 [http-nio-8081-exec-47] DEBUG com.knockfish.security.JwtAuthenticationFilter - 用户 [knockfish] (ID:1) JWT 认证通过
2026-08-03 00:06:28.984 [http-nio-8081-exec-47] INFO  com.knockfish.aspect.LogAspect - [查询文章列表] 请求开始 - GET /api/article/list - ArticleController.getArticleList - 参数: {"userId":null,"title":null}, 2, 12
2026-08-03 00:06:28.993 [http-nio-8081-exec-47] INFO  com.knockfish.aspect.LogAspect - [查询文章列表] 请求成功 - 执行时间: 7ms
2026-08-03 00:06:35.023 [http-nio-8081-exec-48] INFO  com.knockfish.security.JwtAuthenticationFilter - === 请求路径: /api/article/list, 方法: GET
2026-08-03 00:06:35.057 [http-nio-8081-exec-48] DEBUG com.knockfish.security.JwtAuthenticationFilter - 用户 [knockfish] (ID:1) JWT 认证通过
2026-08-03 00:06:35.061 [http-nio-8081-exec-48] INFO  com.knockfish.aspect.LogAspect - [查询文章列表] 请求开始 - GET /api/article/list - ArticleController.getArticleList - 参数: {"userId":null,"title":null}, 1, 12
2026-08-03 00:06:35.081 [http-nio-8081-exec-48] INFO  com.knockfish.aspect.LogAspect - [查询文章列表] 请求成功 - 执行时间: 19ms
2026-08-03 00:14:16.253 [http-nio-8081-exec-50] INFO  com.knockfish.security.JwtAuthenticationFilter - === 请求路径: /api/article/list, 方法: GET
2026-08-03 00:14:16.457 [http-nio-8081-exec-50] DEBUG com.knockfish.security.JwtAuthenticationFilter - 用户 [knockfish] (ID:1) JWT 认证通过
2026-08-03 00:14:16.537 [http-nio-8081-exec-50] INFO  com.knockfish.aspect.LogAspect - [查询文章列表] 请求开始 - GET /api/article/list - ArticleController.getArticleList - 参数: {"userId":null,"title":null}, 1, 12
2026-08-03 00:14:16.593 [http-nio-8081-exec-50] INFO  com.knockfish.aspect.LogAspect - [查询文章列表] 请求成功 - 执行时间: 56ms
2026-08-03 00:15:17.058 [http-nio-8081-exec-1] INFO  com.knockfish.security.JwtAuthenticationFilter - === 请求路径: /api/article/list, 方法: GET
2026-08-03 00:15:17.079 [http-nio-8081-exec-1] DEBUG com.knockfish.security.JwtAuthenticationFilter - 用户 [knockfish] (ID:1) JWT 认证通过
2026-08-03 00:15:17.080 [http-nio-8081-exec-1] INFO  com.knockfish.aspect.LogAspect - [查询文章列表] 请求开始 - GET /api/article/list - ArticleController.getArticleList - 参数: {"userId":null,"title":null}, 2, 12
2026-08-03 00:15:17.095 [http-nio-8081-exec-1] INFO  com.knockfish.aspect.LogAspect - [查询文章列表] 请求成功 - 执行时间: 12ms
2026-08-03 00:15:47.813 [http-nio-8081-exec-3] INFO  com.knockfish.security.JwtAuthenticationFilter - === 请求路径: /api/article/list, 方法: GET
2026-08-03 00:15:47.839 [http-nio-8081-exec-3] DEBUG com.knockfish.security.JwtAuthenticationFilter - 用户 [knockfish] (ID:1) JWT 认证通过
2026-08-03 00:15:47.841 [http-nio-8081-exec-3] INFO  com.knockfish.aspect.LogAspect - [查询文章列表] 请求开始 - GET /api/article/list - ArticleController.getArticleList - 参数: {"userId":null,"title":null}, 1, 12
2026-08-03 00:15:47.854 [http-nio-8081-exec-3] INFO  com.knockfish.aspect.LogAspect - [查询文章列表] 请求成功 - 执行时间: 13ms
2026-08-03 00:16:10.029 [http-nio-8081-exec-6] INFO  com.knockfish.security.JwtAuthenticationFilter - === 请求路径: /api/article/list, 方法: GET
2026-08-03 00:16:10.051 [http-nio-8081-exec-6] DEBUG com.knockfish.security.JwtAuthenticationFilter - 用户 [knockfish] (ID:1) JWT 认证通过
2026-08-03 00:16:10.053 [http-nio-8081-exec-6] INFO  com.knockfish.aspect.LogAspect - [查询文章列表] 请求开始 - GET /api/article/list - ArticleController.getArticleList - 参数: {"userId":null,"title":null}, 2, 12
2026-08-03 00:16:10.057 [http-nio-8081-exec-6] INFO  com.knockfish.aspect.LogAspect - [查询文章列表] 请求成功 - 执行时间: 4ms
2026-08-03 00:16:15.215 [http-nio-8081-exec-4] INFO  com.knockfish.security.JwtAuthenticationFilter - === 请求路径: /api/article/list, 方法: GET
2026-08-03 00:16:15.248 [http-nio-8081-exec-4] DEBUG com.knockfish.security.JwtAuthenticationFilter - 用户 [knockfish] (ID:1) JWT 认证通过
2026-08-03 00:16:15.250 [http-nio-8081-exec-4] INFO  com.knockfish.aspect.LogAspect - [查询文章列表] 请求开始 - GET /api/article/list - ArticleController.getArticleList - 参数: {"userId":null,"title":null}, 1, 12
2026-08-03 00:16:15.261 [http-nio-8081-exec-4] INFO  com.knockfish.aspect.LogAspect - [查询文章列表] 请求成功 - 执行时间: 11ms
2026-08-03 00:16:16.791 [http-nio-8081-exec-9] INFO  com.knockfish.security.JwtAuthenticationFilter - === 请求路径: /api/article/list, 方法: GET
2026-08-03 00:16:16.822 [http-nio-8081-exec-9] DEBUG com.knockfish.security.JwtAuthenticationFilter - 用户 [knockfish] (ID:1) JWT 认证通过
2026-08-03 00:16:16.822 [http-nio-8081-exec-9] INFO  com.knockfish.aspect.LogAspect - [查询文章列表] 请求开始 - GET /api/article/list - ArticleController.getArticleList - 参数: {"userId":null,"title":null}, 2, 12
2026-08-03 00:16:16.832 [http-nio-8081-exec-9] INFO  com.knockfish.aspect.LogAspect - [查询文章列表] 请求成功 - 执行时间: 8ms
2026-08-03 00:16:29.742 [http-nio-8081-exec-5] INFO  com.knockfish.security.JwtAuthenticationFilter - === 请求路径: /api/article/list, 方法: GET
2026-08-03 00:16:29.765 [http-nio-8081-exec-5] DEBUG com.knockfish.security.JwtAuthenticationFilter - 用户 [knockfish] (ID:1) JWT 认证通过
2026-08-03 00:16:29.768 [http-nio-8081-exec-5] INFO  com.knockfish.aspect.LogAspect - [查询文章列表] 请求开始 - GET /api/article/list - ArticleController.getArticleList - 参数: {"userId":null,"title":null}, 1, 12
2026-08-03 00:16:29.779 [http-nio-8081-exec-5] INFO  com.knockfish.aspect.LogAspect - [查询文章列表] 请求成功 - 执行时间: 10ms
2026-08-03 00:18:44.510 [http-nio-8081-exec-11] INFO  com.knockfish.security.JwtAuthenticationFilter - === 请求路径: /api/article/list, 方法: GET
2026-08-03 00:18:44.525 [http-nio-8081-exec-11] DEBUG com.knockfish.security.JwtAuthenticationFilter - 用户 [knockfish] (ID:1) JWT 认证通过
2026-08-03 00:18:44.527 [http-nio-8081-exec-11] INFO  com.knockfish.aspect.LogAspect - [查询文章列表] 请求开始 - GET /api/article/list - ArticleController.getArticleList - 参数: {"userId":null,"title":null}, 1, 15
2026-08-03 00:18:44.536 [http-nio-8081-exec-11] INFO  com.knockfish.aspect.LogAspect - [查询文章列表] 请求成功 - 执行时间: 8ms
2026-08-03 00:18:46.599 [http-nio-8081-exec-13] INFO  com.knockfish.security.JwtAuthenticationFilter - === 请求路径: /api/article/list, 方法: GET
2026-08-03 00:18:46.623 [http-nio-8081-exec-13] DEBUG com.knockfish.security.JwtAuthenticationFilter - 用户 [knockfish] (ID:1) JWT 认证通过
2026-08-03 00:18:46.625 [http-nio-8081-exec-13] INFO  com.knockfish.aspect.LogAspect - [查询文章列表] 请求开始 - GET /api/article/list - ArticleController.getArticleList - 参数: {"userId":null,"title":null}, 1, 14
2026-08-03 00:18:46.634 [http-nio-8081-exec-13] INFO  com.knockfish.aspect.LogAspect - [查询文章列表] 请求成功 - 执行时间: 9ms
2026-08-03 00:18:54.504 [http-nio-8081-exec-14] INFO  com.knockfish.security.JwtAuthenticationFilter - === 请求路径: /api/article/list, 方法: GET
2026-08-03 00:18:54.587 [http-nio-8081-exec-14] DEBUG com.knockfish.security.JwtAuthenticationFilter - 用户 [knockfish] (ID:1) JWT 认证通过
2026-08-03 00:18:54.589 [http-nio-8081-exec-14] INFO  com.knockfish.aspect.LogAspect - [查询文章列表] 请求开始 - GET /api/article/list - ArticleController.getArticleList - 参数: {"userId":null,"title":null}, 1, 10
2026-08-03 00:18:54.597 [http-nio-8081-exec-14] INFO  com.knockfish.aspect.LogAspect - [查询文章列表] 请求成功 - 执行时间: 7ms
2026-08-03 00:19:11.713 [http-nio-8081-exec-15] INFO  com.knockfish.security.JwtAuthenticationFilter - === 请求路径: /api/article/list, 方法: GET
2026-08-03 00:19:11.736 [http-nio-8081-exec-15] DEBUG com.knockfish.security.JwtAuthenticationFilter - 用户 [knockfish] (ID:1) JWT 认证通过
2026-08-03 00:19:11.741 [http-nio-8081-exec-15] INFO  com.knockfish.aspect.LogAspect - [查询文章列表] 请求开始 - GET /api/article/list - ArticleController.getArticleList - 参数: {"userId":null,"title":null}, 1, 10
2026-08-03 00:19:11.756 [http-nio-8081-exec-15] INFO  com.knockfish.aspect.LogAspect - [查询文章列表] 请求成功 - 执行时间: 14ms
2026-08-03 00:22:22.858 [http-nio-8081-exec-17] INFO  com.knockfish.security.JwtAuthenticationFilter - === 请求路径: /api/article/list, 方法: GET
2026-08-03 00:22:22.907 [http-nio-8081-exec-17] DEBUG com.knockfish.security.JwtAuthenticationFilter - 用户 [knockfish] (ID:1) JWT 认证通过
2026-08-03 00:22:22.909 [http-nio-8081-exec-17] INFO  com.knockfish.aspect.LogAspect - [查询文章列表] 请求开始 - GET /api/article/list - ArticleController.getArticleList - 参数: {"userId":null,"title":null}, 1, 10
2026-08-03 00:22:22.927 [http-nio-8081-exec-17] INFO  com.knockfish.aspect.LogAspect - [查询文章列表] 请求成功 - 执行时间: 18ms
2026-08-03 00:23:00.010 [http-nio-8081-exec-19] INFO  com.knockfish.security.JwtAuthenticationFilter - === 请求路径: /api/article/list, 方法: GET
2026-08-03 00:23:00.039 [http-nio-8081-exec-19] DEBUG com.knockfish.security.JwtAuthenticationFilter - 用户 [knockfish] (ID:1) JWT 认证通过
2026-08-03 00:23:00.041 [http-nio-8081-exec-19] INFO  com.knockfish.aspect.LogAspect - [查询文章列表] 请求开始 - GET /api/article/list - ArticleController.getArticleList - 参数: {"userId":null,"title":null}, 1, 10
2026-08-03 00:23:00.052 [http-nio-8081-exec-19] INFO  com.knockfish.aspect.LogAspect - [查询文章列表] 请求成功 - 执行时间: 11ms
2026-08-03 00:23:02.017 [http-nio-8081-exec-20] INFO  com.knockfish.security.JwtAuthenticationFilter - === 请求路径: /api/article/list, 方法: GET
2026-08-03 00:23:02.033 [http-nio-8081-exec-20] DEBUG com.knockfish.security.JwtAuthenticationFilter - 用户 [knockfish] (ID:1) JWT 认证通过
2026-08-03 00:23:02.034 [http-nio-8081-exec-20] INFO  com.knockfish.aspect.LogAspect - [查询文章列表] 请求开始 - GET /api/article/list - ArticleController.getArticleList - 参数: {"userId":null,"title":null}, 2, 10
2026-08-03 00:23:02.043 [http-nio-8081-exec-20] INFO  com.knockfish.aspect.LogAspect - [查询文章列表] 请求成功 - 执行时间: 8ms
2026-08-03 00:23:08.072 [http-nio-8081-exec-21] INFO  com.knockfish.security.JwtAuthenticationFilter - === 请求路径: /api/article/list, 方法: GET
2026-08-03 00:23:08.097 [http-nio-8081-exec-21] DEBUG com.knockfish.security.JwtAuthenticationFilter - 用户 [knockfish] (ID:1) JWT 认证通过
2026-08-03 00:23:08.099 [http-nio-8081-exec-21] INFO  com.knockfish.aspect.LogAspect - [查询文章列表] 请求开始 - GET /api/article/list - ArticleController.getArticleList - 参数: {"userId":null,"title":null}, 1, 10
2026-08-03 00:23:08.105 [http-nio-8081-exec-21] INFO  com.knockfish.aspect.LogAspect - [查询文章列表] 请求成功 - 执行时间: 6ms
2026-08-03 00:23:13.031 [http-nio-8081-exec-22] INFO  com.knockfish.security.JwtAuthenticationFilter - === 请求路径: /api/article/list, 方法: GET
2026-08-03 00:23:13.050 [http-nio-8081-exec-22] DEBUG com.knockfish.security.JwtAuthenticationFilter - 用户 [knockfish] (ID:1) JWT 认证通过
2026-08-03 00:23:13.051 [http-nio-8081-exec-22] INFO  com.knockfish.aspect.LogAspect - [查询文章列表] 请求开始 - GET /api/article/list - ArticleController.getArticleList - 参数: {"userId":null,"title":null}, 2, 10
2026-08-03 00:23:13.060 [http-nio-8081-exec-22] INFO  com.knockfish.aspect.LogAspect - [查询文章列表] 请求成功 - 执行时间: 8ms
2026-08-03 00:24:48.216 [http-nio-8081-exec-24] INFO  com.knockfish.security.JwtAuthenticationFilter - === 请求路径: /api/article/list, 方法: GET
2026-08-03 00:24:48.237 [http-nio-8081-exec-24] DEBUG com.knockfish.security.JwtAuthenticationFilter - 用户 [knockfish] (ID:1) JWT 认证通过
2026-08-03 00:24:48.240 [http-nio-8081-exec-24] INFO  com.knockfish.aspect.LogAspect - [查询文章列表] 请求开始 - GET /api/article/list - ArticleController.getArticleList - 参数: {"userId":null,"title":null}, 1, 10
2026-08-03 00:24:48.249 [http-nio-8081-exec-24] INFO  com.knockfish.aspect.LogAspect - [查询文章列表] 请求成功 - 执行时间: 8ms
2026-08-03 00:24:49.828 [http-nio-8081-exec-25] INFO  com.knockfish.security.JwtAuthenticationFilter - === 请求路径: /api/article/list, 方法: GET
2026-08-03 00:24:49.855 [http-nio-8081-exec-25] DEBUG com.knockfish.security.JwtAuthenticationFilter - 用户 [knockfish] (ID:1) JWT 认证通过
2026-08-03 00:24:49.856 [http-nio-8081-exec-25] INFO  com.knockfish.aspect.LogAspect - [查询文章列表] 请求开始 - GET /api/article/list - ArticleController.getArticleList - 参数: {"userId":null,"title":null}, 2, 10
2026-08-03 00:24:49.869 [http-nio-8081-exec-25] INFO  com.knockfish.aspect.LogAspect - [查询文章列表] 请求成功 - 执行时间: 13ms
2026-08-03 00:24:59.450 [http-nio-8081-exec-26] INFO  com.knockfish.security.JwtAuthenticationFilter - === 请求路径: /api/article/list, 方法: GET
2026-08-03 00:24:59.474 [http-nio-8081-exec-26] DEBUG com.knockfish.security.JwtAuthenticationFilter - 用户 [knockfish] (ID:1) JWT 认证通过
2026-08-03 00:24:59.475 [http-nio-8081-exec-26] INFO  com.knockfish.aspect.LogAspect - [查询文章列表] 请求开始 - GET /api/article/list - ArticleController.getArticleList - 参数: {"userId":null,"title":null}, 1, 10
2026-08-03 00:24:59.484 [http-nio-8081-exec-26] INFO  com.knockfish.aspect.LogAspect - [查询文章列表] 请求成功 - 执行时间: 9ms
2026-08-03 00:25:00.402 [http-nio-8081-exec-27] INFO  com.knockfish.security.JwtAuthenticationFilter - === 请求路径: /api/article/list, 方法: GET
2026-08-03 00:25:00.427 [http-nio-8081-exec-27] DEBUG com.knockfish.security.JwtAuthenticationFilter - 用户 [knockfish] (ID:1) JWT 认证通过
2026-08-03 00:25:00.429 [http-nio-8081-exec-27] INFO  com.knockfish.aspect.LogAspect - [查询文章列表] 请求开始 - GET /api/article/list - ArticleController.getArticleList - 参数: {"userId":null,"title":null}, 2, 10
2026-08-03 00:25:00.439 [http-nio-8081-exec-27] INFO  com.knockfish.aspect.LogAspect - [查询文章列表] 请求成功 - 执行时间: 9ms
2026-08-03 00:25:04.194 [http-nio-8081-exec-29] INFO  com.knockfish.security.JwtAuthenticationFilter - === 请求路径: /api/article/42, 方法: GET
2026-08-03 00:25:04.279 [http-nio-8081-exec-29] INFO  com.knockfish.aspect.LogAspect - [获取文章详情] 请求开始 - GET /api/article/42 - ArticleController.getArticleById - 参数: 42
2026-08-03 00:25:04.322 [http-nio-8081-exec-29] INFO  com.knockfish.aspect.LogAspect - [获取文章详情] 请求成功 - 执行时间: 43ms
2026-08-03 00:25:11.371 [http-nio-8081-exec-30] INFO  com.knockfish.security.JwtAuthenticationFilter - === 请求路径: /api/article/list, 方法: GET
2026-08-03 00:25:11.389 [http-nio-8081-exec-30] DEBUG com.knockfish.security.JwtAuthenticationFilter - 用户 [knockfish] (ID:1) JWT 认证通过
2026-08-03 00:25:11.392 [http-nio-8081-exec-30] INFO  com.knockfish.aspect.LogAspect - [查询文章列表] 请求开始 - GET /api/article/list - ArticleController.getArticleList - 参数: {"userId":null,"title":null}, 1, 10
2026-08-03 00:25:11.400 [http-nio-8081-exec-30] INFO  com.knockfish.aspect.LogAspect - [查询文章列表] 请求成功 - 执行时间: 8ms
2026-08-03 00:25:12.458 [http-nio-8081-exec-31] INFO  com.knockfish.security.JwtAuthenticationFilter - === 请求路径: /api/article/list, 方法: GET
2026-08-03 00:25:12.482 [http-nio-8081-exec-31] DEBUG com.knockfish.security.JwtAuthenticationFilter - 用户 [knockfish] (ID:1) JWT 认证通过
2026-08-03 00:25:12.486 [http-nio-8081-exec-31] INFO  com.knockfish.aspect.LogAspect - [查询文章列表] 请求开始 - GET /api/article/list - ArticleController.getArticleList - 参数: {"userId":null,"title":null}, 2, 10
2026-08-03 00:25:12.492 [http-nio-8081-exec-31] INFO  com.knockfish.aspect.LogAspect - [查询文章列表] 请求成功 - 执行时间: 6ms
2026-08-03 00:25:27.972 [http-nio-8081-exec-35] INFO  com.knockfish.security.JwtAuthenticationFilter - === 请求路径: /api/article/list, 方法: GET
2026-08-03 00:25:27.996 [http-nio-8081-exec-35] DEBUG com.knockfish.security.JwtAuthenticationFilter - 用户 [knockfish] (ID:1) JWT 认证通过
2026-08-03 00:25:28.000 [http-nio-8081-exec-35] INFO  com.knockfish.aspect.LogAspect - [查询文章列表] 请求开始 - GET /api/article/list - ArticleController.getArticleList - 参数: {"userId":null,"title":null}, 1, 10
2026-08-03 00:25:28.011 [http-nio-8081-exec-35] INFO  com.knockfish.aspect.LogAspect - [查询文章列表] 请求成功 - 执行时间: 10ms
2026-08-03 00:28:17.936 [http-nio-8081-exec-34] INFO  com.knockfish.security.JwtAuthenticationFilter - === 请求路径: /api/article/list, 方法: GET
2026-08-03 00:28:17.959 [http-nio-8081-exec-34] DEBUG com.knockfish.security.JwtAuthenticationFilter - 用户 [knockfish] (ID:1) JWT 认证通过
2026-08-03 00:28:17.961 [http-nio-8081-exec-34] INFO  com.knockfish.aspect.LogAspect - [查询文章列表] 请求开始 - GET /api/article/list - ArticleController.getArticleList - 参数: {"userId":null,"title":null}, 2, 10
2026-08-03 00:28:17.973 [http-nio-8081-exec-34] INFO  com.knockfish.aspect.LogAspect - [查询文章列表] 请求成功 - 执行时间: 12ms
2026-08-03 00:28:20.370 [http-nio-8081-exec-32] INFO  com.knockfish.security.JwtAuthenticationFilter - === 请求路径: /api/article/list, 方法: GET
2026-08-03 00:28:20.400 [http-nio-8081-exec-32] DEBUG com.knockfish.security.JwtAuthenticationFilter - 用户 [knockfish] (ID:1) JWT 认证通过
2026-08-03 00:28:20.401 [http-nio-8081-exec-32] INFO  com.knockfish.aspect.LogAspect - [查询文章列表] 请求开始 - GET /api/article/list - ArticleController.getArticleList - 参数: {"userId":null,"title":null}, 1, 10
2026-08-03 00:28:20.414 [http-nio-8081-exec-32] INFO  com.knockfish.aspect.LogAspect - [查询文章列表] 请求成功 - 执行时间: 12ms
2026-08-03 00:28:21.342 [http-nio-8081-exec-36] INFO  com.knockfish.security.JwtAuthenticationFilter - === 请求路径: /api/article/list, 方法: GET
2026-08-03 00:28:21.367 [http-nio-8081-exec-36] DEBUG com.knockfish.security.JwtAuthenticationFilter - 用户 [knockfish] (ID:1) JWT 认证通过
2026-08-03 00:28:21.369 [http-nio-8081-exec-36] INFO  com.knockfish.aspect.LogAspect - [查询文章列表] 请求开始 - GET /api/article/list - ArticleController.getArticleList - 参数: {"userId":null,"title":null}, 2, 10
2026-08-03 00:28:21.377 [http-nio-8081-exec-36] INFO  com.knockfish.aspect.LogAspect - [查询文章列表] 请求成功 - 执行时间: 8ms
2026-08-03 00:28:27.308 [http-nio-8081-exec-38] INFO  com.knockfish.security.JwtAuthenticationFilter - === 请求路径: /api/article/with-tag/34, 方法: GET
2026-08-03 00:28:27.329 [http-nio-8081-exec-38] DEBUG com.knockfish.security.JwtAuthenticationFilter - 用户 [knockfish] (ID:1) JWT 认证通过
2026-08-03 00:28:27.336 [http-nio-8081-exec-38] INFO  com.knockfish.aspect.LogAspect - [获取文章详情(含标签)] 请求开始 - GET /api/article/with-tag/34 - ArticleController.getArticleWithTagsById - 参数: 34
2026-08-03 00:28:27.361 [http-nio-8081-exec-38] INFO  com.knockfish.aspect.LogAspect - [获取文章详情(含标签)] 请求成功 - 执行时间: 24ms
2026-08-03 00:28:27.678 [http-nio-8081-exec-40] INFO  com.knockfish.security.JwtAuthenticationFilter - === 请求路径: /api/article/draft-count, 方法: GET
2026-08-03 00:28:27.705 [http-nio-8081-exec-40] DEBUG com.knockfish.security.JwtAuthenticationFilter - 用户 [knockfish] (ID:1) JWT 认证通过
2026-08-03 00:28:27.706 [http-nio-8081-exec-40] INFO  com.knockfish.aspect.LogAspect - [获取草稿数量] 请求开始 - GET /api/article/draft-count - ArticleController.getDraftCount - 参数: 无
2026-08-03 00:28:27.731 [http-nio-8081-exec-40] INFO  com.knockfish.aspect.LogAspect - [获取草稿数量] 请求成功 - 执行时间: 24ms
2026-08-03 00:28:33.323 [http-nio-8081-exec-41] INFO  com.knockfish.security.JwtAuthenticationFilter - === 请求路径: /api/article/list, 方法: GET
2026-08-03 00:28:33.347 [http-nio-8081-exec-41] DEBUG com.knockfish.security.JwtAuthenticationFilter - 用户 [knockfish] (ID:1) JWT 认证通过
2026-08-03 00:28:33.350 [http-nio-8081-exec-41] INFO  com.knockfish.aspect.LogAspect - [查询文章列表] 请求开始 - GET /api/article/list - ArticleController.getArticleList - 参数: {"userId":null,"title":null}, 1, 10
2026-08-03 00:28:33.357 [http-nio-8081-exec-41] INFO  com.knockfish.aspect.LogAspect - [查询文章列表] 请求成功 - 执行时间: 7ms
2026-08-03 00:28:34.395 [http-nio-8081-exec-42] INFO  com.knockfish.security.JwtAuthenticationFilter - === 请求路径: /api/article/list, 方法: GET
2026-08-03 00:28:34.421 [http-nio-8081-exec-42] DEBUG com.knockfish.security.JwtAuthenticationFilter - 用户 [knockfish] (ID:1) JWT 认证通过
2026-08-03 00:28:34.424 [http-nio-8081-exec-42] INFO  com.knockfish.aspect.LogAspect - [查询文章列表] 请求开始 - GET /api/article/list - ArticleController.getArticleList - 参数: {"userId":null,"title":null}, 2, 10
2026-08-03 00:28:34.434 [http-nio-8081-exec-42] INFO  com.knockfish.aspect.LogAspect - [查询文章列表] 请求成功 - 执行时间: 10ms
2026-08-03 00:28:39.262 [http-nio-8081-exec-44] INFO  com.knockfish.security.JwtAuthenticationFilter - === 请求路径: /api/article/with-tag/39, 方法: GET
2026-08-03 00:28:39.283 [http-nio-8081-exec-44] DEBUG com.knockfish.security.JwtAuthenticationFilter - 用户 [knockfish] (ID:1) JWT 认证通过
2026-08-03 00:28:39.286 [http-nio-8081-exec-44] INFO  com.knockfish.aspect.LogAspect - [获取文章详情(含标签)] 请求开始 - GET /api/article/with-tag/39 - ArticleController.getArticleWithTagsById - 参数: 39
2026-08-03 00:28:39.290 [http-nio-8081-exec-44] INFO  com.knockfish.aspect.LogAspect - [获取文章详情(含标签)] 请求成功 - 执行时间: 3ms
2026-08-03 00:28:39.376 [http-nio-8081-exec-45] INFO  com.knockfish.security.JwtAuthenticationFilter - === 请求路径: /api/article/draft-count, 方法: GET
2026-08-03 00:28:39.399 [http-nio-8081-exec-45] DEBUG com.knockfish.security.JwtAuthenticationFilter - 用户 [knockfish] (ID:1) JWT 认证通过
2026-08-03 00:28:39.399 [http-nio-8081-exec-45] INFO  com.knockfish.aspect.LogAspect - [获取草稿数量] 请求开始 - GET /api/article/draft-count - ArticleController.getDraftCount - 参数: 无
2026-08-03 00:28:39.402 [http-nio-8081-exec-45] INFO  com.knockfish.aspect.LogAspect - [获取草稿数量] 请求成功 - 执行时间: 2ms
2026-08-03 00:31:52.019 [http-nio-8081-exec-47] INFO  com.knockfish.security.JwtAuthenticationFilter - === 请求路径: /api/article/list, 方法: GET
2026-08-03 00:31:52.043 [http-nio-8081-exec-47] DEBUG com.knockfish.security.JwtAuthenticationFilter - 用户 [knockfish] (ID:1) JWT 认证通过
2026-08-03 00:31:52.044 [http-nio-8081-exec-47] INFO  com.knockfish.aspect.LogAspect - [查询文章列表] 请求开始 - GET /api/article/list - ArticleController.getArticleList - 参数: {"userId":null,"title":null}, 1, 10
2026-08-03 00:31:52.050 [http-nio-8081-exec-47] INFO  com.knockfish.aspect.LogAspect - [查询文章列表] 请求成功 - 执行时间: 6ms
2026-08-03 00:38:24.714 [http-nio-8081-exec-49] INFO  com.knockfish.security.JwtAuthenticationFilter - === 请求路径: /api/article/list, 方法: GET
2026-08-03 00:38:24.740 [http-nio-8081-exec-49] DEBUG com.knockfish.security.JwtAuthenticationFilter - 用户 [knockfish] (ID:1) JWT 认证通过
2026-08-03 00:38:24.741 [http-nio-8081-exec-49] INFO  com.knockfish.aspect.LogAspect - [查询文章列表] 请求开始 - GET /api/article/list - ArticleController.getArticleList - 参数: {"userId":null,"title":null}, 2, 10
2026-08-03 00:38:24.746 [http-nio-8081-exec-49] INFO  com.knockfish.aspect.LogAspect - [查询文章列表] 请求成功 - 执行时间: 5ms
2026-08-03 00:42:02.745 [http-nio-8081-exec-2] INFO  com.knockfish.security.JwtAuthenticationFilter - === 请求路径: /api/article/with-tag/39, 方法: GET
2026-08-03 00:42:02.771 [http-nio-8081-exec-2] DEBUG com.knockfish.security.JwtAuthenticationFilter - 用户 [knockfish] (ID:1) JWT 认证通过
2026-08-03 00:42:02.776 [http-nio-8081-exec-2] INFO  com.knockfish.aspect.LogAspect - [获取文章详情(含标签)] 请求开始 - GET /api/article/with-tag/39 - ArticleController.getArticleWithTagsById - 参数: 39
2026-08-03 00:42:02.783 [http-nio-8081-exec-2] INFO  com.knockfish.aspect.LogAspect - [获取文章详情(含标签)] 请求成功 - 执行时间: 7ms
2026-08-03 00:42:02.808 [http-nio-8081-exec-1] INFO  com.knockfish.security.JwtAuthenticationFilter - === 请求路径: /api/article/draft-count, 方法: GET
2026-08-03 00:42:02.823 [http-nio-8081-exec-1] DEBUG com.knockfish.security.JwtAuthenticationFilter - 用户 [knockfish] (ID:1) JWT 认证通过
2026-08-03 00:42:02.824 [http-nio-8081-exec-1] INFO  com.knockfish.aspect.LogAspect - [获取草稿数量] 请求开始 - GET /api/article/draft-count - ArticleController.getDraftCount - 参数: 无
2026-08-03 00:42:02.827 [http-nio-8081-exec-1] INFO  com.knockfish.aspect.LogAspect - [获取草稿数量] 请求成功 - 执行时间: 3ms
2026-08-03 00:42:34.228 [http-nio-8081-exec-6] INFO  com.knockfish.security.JwtAuthenticationFilter - === 请求路径: /api/r2-file, 方法: POST
2026-08-03 00:42:34.245 [http-nio-8081-exec-6] DEBUG com.knockfish.security.JwtAuthenticationFilter - 用户 [knockfish] (ID:1) JWT 认证通过
2026-08-03 00:42:43.769 [http-nio-8081-exec-9] INFO  com.knockfish.security.JwtAuthenticationFilter - === 请求路径: /api/article, 方法: PUT
2026-08-03 00:42:43.794 [http-nio-8081-exec-9] DEBUG com.knockfish.security.JwtAuthenticationFilter - 用户 [knockfish] (ID:1) JWT 认证通过
2026-08-03 00:42:43.808 [http-nio-8081-exec-9] INFO  com.knockfish.aspect.LogAspect - [更新文章] 请求开始 - PUT /api/article - ArticleController.updateArticle - 参数: {"articleId":39,"title":"雪花算法ID传到前端后精度丢失问题","cover":"https://fishbarn.cn/blog/1/cover/24dbe4ae-82de-4bd4-bf3e-0e0ac67f9292.webp","description":"雪花算法ID通常为Long类型（64位整数），而后端接口序列化为JSON传输到前端时，JavaScript的Number类型无法精确表示超过2^53-1的整数，导致最后几位数字被四舍五入，造成精度丢失。","content":"**什么是雪花算法？**\n\n**雪花算法（Snowflake）是Twitter开源的一种分布式唯一ID生成算法**，其核心目标是在分布式系统中快速生成全局唯一且时间有序递增的64位长整型ID。通过组合时间戳、机器标识和序列号三部分信息，确保生成的ID在分布式环境下唯一且有序\n\n**前端精度丢失**\n\n服务端使用Long类型雪花算法id，例如 **1297873308628307970** 数据返回给前端，再将前端接收到的数据进行打印，此时打印出来的id为 **12978733086283000000**，出现精度丢失的情况\n\n**丢失原因**\n\nJavaScript的`Number`类型是 **双精度浮点数（64-bit）**，其能表示的整数范围是 $-2^{53}+1$ 到 $2^{53} - 1$（即 $± 9,007,199,254,740,991$），可以使用下面代码获取最大值和最小值：\n\n```javascript\nNumber.MAX_VALUE;\t// 1.7976931348623157e + 308\nNumber.MIN_VALUE;\t// 5e - 324\n```\n\n雪花算法生成的 id 通常是 19位 Long，远超 Js 的最大数值范围。浏览器在解析 JSON 时，会自动将其转换为 Number 类型，导致精度丢失\n\n> 举例：1961005746230337538 超过 $2^{53}$，JS 无法精确表示，自动\"对齐\"到最近的可表示值 → 1961005746230337500\n\n**解决方案**\n\n在 SpringBoot 返回 JSON时，将所有 Long 类型字段自动序列化为字符串，避免前端解析时精度丢失","status":"PUBLISH","publishTime":"2026-06-15 02:26:54","updatedTime":"2026-07-26 18:31:14","fileIds":null,"tags":[3]}
2026-08-03 00:42:43.838 [http-nio-8081-exec-9] INFO  com.knockfish.service.impl.ArticleServiceImpl - 文章更新成功: articleId=39
2026-08-03 00:42:43.841 [http-nio-8081-exec-9] INFO  com.knockfish.aspect.LogAspect - [更新文章] 请求成功 - 执行时间: 33ms
2026-08-03 00:42:43.848 [http-nio-8081-exec-5] INFO  com.knockfish.security.JwtAuthenticationFilter - === 请求路径: /api/article, 方法: PUT
2026-08-03 00:42:43.859 [http-nio-8081-exec-5] DEBUG com.knockfish.security.JwtAuthenticationFilter - 用户 [knockfish] (ID:1) JWT 认证通过
2026-08-03 00:42:43.860 [http-nio-8081-exec-5] INFO  com.knockfish.aspect.LogAspect - [更新文章] 请求开始 - PUT /api/article - ArticleController.updateArticle - 参数: {"articleId":39,"title":"雪花算法ID传到前端后精度丢失问题","cover":"https://fishbarn.cn/blog/1/cover/24dbe4ae-82de-4bd4-bf3e-0e0ac67f9292.webp","description":"雪花算法ID通常为Long类型（64位整数），而后端接口序列化为JSON传输到前端时，JavaScript的Number类型无法精确表示超过2^53-1的整数，导致最后几位数字被四舍五入，造成精度丢失。","content":"**什么是雪花算法？**\n\n**雪花算法（Snowflake）是Twitter开源的一种分布式唯一ID生成算法**，其核心目标是在分布式系统中快速生成全局唯一且时间有序递增的64位长整型ID。通过组合时间戳、机器标识和序列号三部分信息，确保生成的ID在分布式环境下唯一且有序\n\n**前端精度丢失**\n\n服务端使用Long类型雪花算法id，例如 **1297873308628307970** 数据返回给前端，再将前端接收到的数据进行打印，此时打印出来的id为 **12978733086283000000**，出现精度丢失的情况\n\n**丢失原因**\n\nJavaScript的`Number`类型是 **双精度浮点数（64-bit）**，其能表示的整数范围是 $-2^{53}+1$ 到 $2^{53} - 1$（即 $± 9,007,199,254,740,991$），可以使用下面代码获取最大值和最小值：\n\n```javascript\nNumber.MAX_VALUE;\t// 1.7976931348623157e + 308\nNumber.MIN_VALUE;\t// 5e - 324\n```\n\n雪花算法生成的 id 通常是 19位 Long，远超 Js 的最大数值范围。浏览器在解析 JSON 时，会自动将其转换为 Number 类型，导致精度丢失\n\n> 举例：1961005746230337538 超过 $2^{53}$，JS 无法精确表示，自动\"对齐\"到最近的可表示值 → 1961005746230337500\n\n**解决方案**\n\n在 SpringBoot 返回 JSON时，将所有 Long 类型字段自动序列化为字符串，避免前端解析时精度丢失","status":"PUBLISH","publishTime":"2026-06-15 02:26:54","updatedTime":"2026-07-26 18:31:14","fileIds":null,"tags":[3]}
2026-08-03 00:42:43.874 [http-nio-8081-exec-5] INFO  com.knockfish.service.impl.ArticleServiceImpl - 文章更新成功: articleId=39
2026-08-03 00:42:43.878 [http-nio-8081-exec-5] INFO  com.knockfish.aspect.LogAspect - [更新文章] 请求成功 - 执行时间: 18ms
2026-08-03 00:42:45.889 [http-nio-8081-exec-10] INFO  com.knockfish.security.JwtAuthenticationFilter - === 请求路径: /api/article/list, 方法: GET
2026-08-03 00:42:45.904 [http-nio-8081-exec-10] DEBUG com.knockfish.security.JwtAuthenticationFilter - 用户 [knockfish] (ID:1) JWT 认证通过
2026-08-03 00:42:45.906 [http-nio-8081-exec-10] INFO  com.knockfish.aspect.LogAspect - [查询文章列表] 请求开始 - GET /api/article/list - ArticleController.getArticleList - 参数: {"userId":null,"title":null}, 1, 10
2026-08-03 00:42:45.917 [http-nio-8081-exec-10] INFO  com.knockfish.aspect.LogAspect - [查询文章列表] 请求成功 - 执行时间: 11ms
2026-08-03 00:42:47.470 [http-nio-8081-exec-11] INFO  com.knockfish.security.JwtAuthenticationFilter - === 请求路径: /api/article/list, 方法: GET
2026-08-03 00:42:47.483 [http-nio-8081-exec-11] DEBUG com.knockfish.security.JwtAuthenticationFilter - 用户 [knockfish] (ID:1) JWT 认证通过
2026-08-03 00:42:47.485 [http-nio-8081-exec-11] INFO  com.knockfish.aspect.LogAspect - [查询文章列表] 请求开始 - GET /api/article/list - ArticleController.getArticleList - 参数: {"userId":null,"title":null}, 2, 10
2026-08-03 00:42:47.493 [http-nio-8081-exec-11] INFO  com.knockfish.aspect.LogAspect - [查询文章列表] 请求成功 - 执行时间: 8ms
2026-08-03 00:44:49.185 [http-nio-8081-exec-14] INFO  com.knockfish.security.JwtAuthenticationFilter - === 请求路径: /api/article/36, 方法: GET
2026-08-03 00:44:49.186 [http-nio-8081-exec-14] INFO  com.knockfish.aspect.LogAspect - [获取文章详情] 请求开始 - GET /api/article/36 - ArticleController.getArticleById - 参数: 36
2026-08-03 00:44:49.195 [http-nio-8081-exec-14] INFO  com.knockfish.aspect.LogAspect - [获取文章详情] 请求成功 - 执行时间: 9ms
2026-08-03 00:44:52.957 [http-nio-8081-exec-15] INFO  com.knockfish.security.JwtAuthenticationFilter - === 请求路径: /api/article/list, 方法: GET
2026-08-03 00:44:52.977 [http-nio-8081-exec-15] DEBUG com.knockfish.security.JwtAuthenticationFilter - 用户 [knockfish] (ID:1) JWT 认证通过
2026-08-03 00:44:52.979 [http-nio-8081-exec-15] INFO  com.knockfish.aspect.LogAspect - [查询文章列表] 请求开始 - GET /api/article/list - ArticleController.getArticleList - 参数: {"userId":null,"title":null}, 1, 10
2026-08-03 00:44:52.986 [http-nio-8081-exec-15] INFO  com.knockfish.aspect.LogAspect - [查询文章列表] 请求成功 - 执行时间: 7ms
2026-08-03 00:48:10.146 [http-nio-8081-exec-17] INFO  com.knockfish.security.JwtAuthenticationFilter - === 请求路径: /api/article/draft-count, 方法: GET
2026-08-03 00:48:10.190 [http-nio-8081-exec-17] DEBUG com.knockfish.security.JwtAuthenticationFilter - 用户 [knockfish] (ID:1) JWT 认证通过
2026-08-03 00:48:10.191 [http-nio-8081-exec-17] INFO  com.knockfish.aspect.LogAspect - [获取草稿数量] 请求开始 - GET /api/article/draft-count - ArticleController.getDraftCount - 参数: 无
2026-08-03 00:48:10.193 [http-nio-8081-exec-17] INFO  com.knockfish.aspect.LogAspect - [获取草稿数量] 请求成功 - 执行时间: 2ms
2026-08-03 00:48:12.310 [http-nio-8081-exec-19] INFO  com.knockfish.security.JwtAuthenticationFilter - === 请求路径: /api/tag/page, 方法: GET
2026-08-03 00:48:12.317 [http-nio-8081-exec-19] DEBUG com.knockfish.security.JwtAuthenticationFilter - 用户 [knockfish] (ID:1) JWT 认证通过
2026-08-03 00:48:12.340 [http-nio-8081-exec-19] INFO  com.knockfish.aspect.LogAspect - [查询标签列表] 请求开始 - GET /api/tag/page - TagController.getTagListVO - 参数: {"tagName":null}, 1, 30
2026-08-03 00:48:12.387 [http-nio-8081-exec-19] INFO  com.knockfish.aspect.LogAspect - [查询标签列表] 请求成功 - 执行时间: 47ms
2026-08-03 01:24:29.414 [http-nio-8081-exec-21] INFO  com.knockfish.security.JwtAuthenticationFilter - === 请求路径: /api/article, 方法: POST
2026-08-03 01:24:29.435 [http-nio-8081-exec-21] DEBUG com.knockfish.security.JwtAuthenticationFilter - 用户 [knockfish] (ID:1) JWT 认证通过
2026-08-03 01:24:29.521 [http-nio-8081-exec-21] INFO  com.knockfish.aspect.LogAspect - [新增文章] 请求开始 - POST /api/article - ArticleController.createArticle - 参数: {"title":"三层架构","cover":"","description":"三层架构（Three-Tier Architecture）是一种经典的软件架构模式，它将整个业务应用划分为三个层次：表现层（UI）、业务逻辑层（BLL）和数据访问层（DAL）。每一层各司其职，层与层之间通过明确的接口进行通信，从而实现\"高内聚、低耦合\"的设计目标","content":"# 架构分层\n## 表现层（UI / Presentation Layer）\n表现层是用户与系统交互的入口，负责数据的展示和用户输入的接收\n\n核心职责：\n\n- 渲染界面，向用户展示数据\n- 接收用户的操作指令（点击、输入、提交等）\n- 对输入数据进行基础格式校验\n- 调用业务逻辑层的服务完成业务操作\n\n注意事项：\n\n- 表现层不应包含任何业务规则\n- 不直接访问数据库\n- 只与业务逻辑层通信\n\n## 业务逻辑层（BLL / Business Logic Layer）\n业务逻辑层是系统的核心，承载所有业务规则和流程编排\n\n核心职责：\n\n- 实现具体的业务规则和流程\n- 对表现层传入的数据进行业务校验\n- 协调数据访问层完成数据的持久化\n- 提供事务管理、权限校验等横切关注点\n\n注意事项：\n\n- 不关心数据如何存储（不直接写 SQL）\n- 不关心数据如何展示（不返回 UI 专用结构）\n\n## 数据访问层（DAL / Data Access Layer）\n核心职责：\n\n- 执行 CRUD 操作\n- 封装 SQL 或 ORM 操作\n- 管理连接、事务（部分场景下交给 BLL）\n- 屏蔽底层数据源差异\n\n注意事项：\n\n- 不包含业务判断（例如\"余额不足不能转账\"应在 BLL）\n- 对上层提供抽象接口，便于替换数据源\n\n# 层与层之间的通信\n\n三层之间的依赖方向是单向的：表现层 → 业务逻辑层 → 数据访问层。每一层只依赖其直接下层，不跨层调用\n\n# 代码示例","status":"DRAFT","publishTime":null,"updateTime":null,"tags":[31,32],"fileIds":null,"userId":null}
2026-08-03 01:24:29.568 [http-nio-8081-exec-21] INFO  com.knockfish.service.impl.ArticleServiceImpl - 文章创建成功: articleId=57, title=三层架构
2026-08-03 01:24:29.574 [http-nio-8081-exec-21] INFO  com.knockfish.aspect.LogAspect - [新增文章] 请求成功 - 执行时间: 51ms - 返回结果: {"code":200,"msg":"请求成功","data":57}
2026-08-03 01:24:29.587 [http-nio-8081-exec-22] INFO  com.knockfish.security.JwtAuthenticationFilter - === 请求路径: /api/article/draft-count, 方法: GET
2026-08-03 01:24:29.594 [http-nio-8081-exec-22] DEBUG com.knockfish.security.JwtAuthenticationFilter - 用户 [knockfish] (ID:1) JWT 认证通过
2026-08-03 01:24:29.594 [http-nio-8081-exec-22] INFO  com.knockfish.aspect.LogAspect - [获取草稿数量] 请求开始 - GET /api/article/draft-count - ArticleController.getDraftCount - 参数: 无
2026-08-03 01:24:29.595 [http-nio-8081-exec-22] INFO  com.knockfish.aspect.LogAspect - [获取草稿数量] 请求成功 - 执行时间: 1ms
2026-08-03 01:24:29.823 [http-nio-8081-exec-24] INFO  com.knockfish.security.JwtAuthenticationFilter - === 请求路径: /api/article/draft, 方法: GET
2026-08-03 01:24:29.831 [http-nio-8081-exec-24] DEBUG com.knockfish.security.JwtAuthenticationFilter - 用户 [knockfish] (ID:1) JWT 认证通过
2026-08-03 01:24:29.832 [http-nio-8081-exec-24] INFO  com.knockfish.aspect.LogAspect - [获取10条草稿] 请求开始 - GET /api/article/draft - ArticleController.getDraftByUserId - 参数: 无
2026-08-03 01:24:29.872 [http-nio-8081-exec-24] INFO  com.knockfish.aspect.LogAspect - [获取10条草稿] 请求成功 - 执行时间: 40ms
2026-08-03 01:24:58.429 [http-nio-8081-exec-25] INFO  com.knockfish.security.JwtAuthenticationFilter - === 请求路径: /api/article/list, 方法: GET
2026-08-03 01:24:58.443 [http-nio-8081-exec-25] DEBUG com.knockfish.security.JwtAuthenticationFilter - 用户 [knockfish] (ID:1) JWT 认证通过
2026-08-03 01:24:58.446 [http-nio-8081-exec-25] INFO  com.knockfish.aspect.LogAspect - [查询文章列表] 请求开始 - GET /api/article/list - ArticleController.getArticleList - 参数: {"userId":null,"title":null}, 1, 10
2026-08-03 01:24:58.460 [http-nio-8081-exec-25] INFO  com.knockfish.aspect.LogAspect - [查询文章列表] 请求成功 - 执行时间: 14ms
2026-08-03 01:25:01.549 [http-nio-8081-exec-27] INFO  com.knockfish.security.JwtAuthenticationFilter - === 请求路径: /api/article/list, 方法: GET
2026-08-03 01:25:01.562 [http-nio-8081-exec-27] DEBUG com.knockfish.security.JwtAuthenticationFilter - 用户 [knockfish] (ID:1) JWT 认证通过
2026-08-03 01:25:01.563 [http-nio-8081-exec-27] INFO  com.knockfish.aspect.LogAspect - [查询文章列表] 请求开始 - GET /api/article/list - ArticleController.getArticleList - 参数: {"userId":null,"title":null}, 2, 10
2026-08-03 01:25:01.568 [http-nio-8081-exec-27] INFO  com.knockfish.aspect.LogAspect - [查询文章列表] 请求成功 - 执行时间: 5ms
2026-08-03 01:25:11.170 [http-nio-8081-exec-29] INFO  com.knockfish.security.JwtAuthenticationFilter - === 请求路径: /api/article/41, 方法: GET
2026-08-03 01:25:11.174 [http-nio-8081-exec-29] INFO  com.knockfish.aspect.LogAspect - [获取文章详情] 请求开始 - GET /api/article/41 - ArticleController.getArticleById - 参数: 41
2026-08-03 01:25:11.176 [http-nio-8081-exec-29] INFO  com.knockfish.aspect.LogAspect - [获取文章详情] 请求成功 - 执行时间: 2ms
2026-08-03 01:25:13.975 [http-nio-8081-exec-30] INFO  com.knockfish.security.JwtAuthenticationFilter - === 请求路径: /api/article/list, 方法: GET
2026-08-03 01:25:13.983 [http-nio-8081-exec-30] DEBUG com.knockfish.security.JwtAuthenticationFilter - 用户 [knockfish] (ID:1) JWT 认证通过
2026-08-03 01:25:13.984 [http-nio-8081-exec-30] INFO  com.knockfish.aspect.LogAspect - [查询文章列表] 请求开始 - GET /api/article/list - ArticleController.getArticleList - 参数: {"userId":null,"title":null}, 1, 10
2026-08-03 01:25:13.993 [http-nio-8081-exec-30] INFO  com.knockfish.aspect.LogAspect - [查询文章列表] 请求成功 - 执行时间: 9ms
2026-08-03 01:25:16.019 [http-nio-8081-exec-33] INFO  com.knockfish.security.JwtAuthenticationFilter - === 请求路径: /api/dashboard/overview, 方法: GET
2026-08-03 01:25:16.021 [http-nio-8081-exec-34] INFO  com.knockfish.security.JwtAuthenticationFilter - === 请求路径: /api/dashboard/activities, 方法: GET
2026-08-03 01:25:16.031 [http-nio-8081-exec-33] DEBUG com.knockfish.security.JwtAuthenticationFilter - 用户 [knockfish] (ID:1) JWT 认证通过
2026-08-03 01:25:16.033 [http-nio-8081-exec-33] INFO  com.knockfish.aspect.LogAspect - [获取仪表盘概览] 请求开始 - GET /api/dashboard/overview - DashboardController.getOverview - 参数: 无
2026-08-03 01:25:16.043 [http-nio-8081-exec-34] DEBUG com.knockfish.security.JwtAuthenticationFilter - 用户 [knockfish] (ID:1) JWT 认证通过
2026-08-03 01:25:16.048 [http-nio-8081-exec-34] INFO  com.knockfish.aspect.LogAspect - [获取最近动态] 请求开始 - GET /api/dashboard/activities - DashboardController.getActivities - 参数: 10
2026-08-03 01:25:16.100 [http-nio-8081-exec-33] INFO  com.knockfish.aspect.LogAspect - [获取仪表盘概览] 请求成功 - 执行时间: 67ms
2026-08-03 01:25:16.110 [http-nio-8081-exec-34] INFO  com.knockfish.aspect.LogAspect - [获取最近动态] 请求成功 - 执行时间: 58ms
2026-08-03 01:25:16.929 [http-nio-8081-exec-36] INFO  com.knockfish.security.JwtAuthenticationFilter - === 请求路径: /api/dashboard/article-trend, 方法: GET
2026-08-03 01:25:16.940 [http-nio-8081-exec-36] DEBUG com.knockfish.security.JwtAuthenticationFilter - 用户 [knockfish] (ID:1) JWT 认证通过
2026-08-03 01:25:16.953 [http-nio-8081-exec-36] INFO  com.knockfish.aspect.LogAspect - [获取文章发布趋势] 请求开始 - GET /api/dashboard/article-trend - DashboardController.getArticleTrend - 参数: "monthly", null
2026-08-03 01:25:16.962 [http-nio-8081-exec-36] INFO  com.knockfish.aspect.LogAspect - [获取文章发布趋势] 请求成功 - 执行时间: 9ms
2026-08-03 01:25:16.980 [http-nio-8081-exec-38] INFO  com.knockfish.security.JwtAuthenticationFilter - === 请求路径: /api/dashboard/category-stats, 方法: GET
2026-08-03 01:25:16.987 [http-nio-8081-exec-38] DEBUG com.knockfish.security.JwtAuthenticationFilter - 用户 [knockfish] (ID:1) JWT 认证通过
2026-08-03 01:25:16.987 [http-nio-8081-exec-38] INFO  com.knockfish.aspect.LogAspect - [获取文章分类统计] 请求开始 - GET /api/dashboard/category-stats - DashboardController.getCategoryStats - 参数: 无
2026-08-03 01:25:16.997 [http-nio-8081-exec-38] INFO  com.knockfish.aspect.LogAspect - [获取文章分类统计] 请求成功 - 执行时间: 10ms
2026-08-03 01:25:17.910 [http-nio-8081-exec-39] INFO  com.knockfish.security.JwtAuthenticationFilter - === 请求路径: /api/article/list, 方法: GET
2026-08-03 01:25:17.917 [http-nio-8081-exec-39] DEBUG com.knockfish.security.JwtAuthenticationFilter - 用户 [knockfish] (ID:1) JWT 认证通过
2026-08-03 01:25:17.918 [http-nio-8081-exec-39] INFO  com.knockfish.aspect.LogAspect - [查询文章列表] 请求开始 - GET /api/article/list - ArticleController.getArticleList - 参数: {"userId":null,"title":null}, 1, 10
2026-08-03 01:25:17.925 [http-nio-8081-exec-39] INFO  com.knockfish.aspect.LogAspect - [查询文章列表] 请求成功 - 执行时间: 7ms
2026-08-03 01:26:13.083 [SpringApplicationShutdownHook] INFO  com.zaxxer.hikari.HikariDataSource - KnockfishHikariCP - Shutdown initiated...
2026-08-03 01:26:13.099 [SpringApplicationShutdownHook] INFO  com.zaxxer.hikari.HikariDataSource - KnockfishHikariCP - Shutdown completed.
2026-08-03 14:54:15.286 [background-preinit] INFO  org.hibernate.validator.internal.util.Version - HV000001: Hibernate Validator 8.0.3.Final
2026-08-03 14:54:15.411 [main] INFO  com.knockfish.KnockfishBlogBackendApplication - Starting KnockfishBlogBackendApplication using Java 17.0.9 with PID 19388 (E:\fish_blog\knockfish-blog-backend\target\classes started by DELL in E:\fish_blog\knockfish-blog-backend)
2026-08-03 14:54:15.412 [main] DEBUG com.knockfish.KnockfishBlogBackendApplication - Running with Spring Boot v3.5.13, Spring v6.2.17
2026-08-03 14:54:15.412 [main] INFO  com.knockfish.KnockfishBlogBackendApplication - No active profile set, falling back to 1 default profile: "default"
2026-08-03 14:54:21.577 [main] INFO  org.apache.coyote.http11.Http11NioProtocol - Initializing ProtocolHandler ["http-nio-8081"]
2026-08-03 14:54:21.579 [main] INFO  org.apache.catalina.core.StandardService - Starting service [Tomcat]
2026-08-03 14:54:21.580 [main] INFO  org.apache.catalina.core.StandardEngine - Starting Servlet engine: [Apache Tomcat/10.1.53]
2026-08-03 14:54:21.650 [main] INFO  o.a.c.core.ContainerBase.[Tomcat].[localhost].[/] - Initializing Spring embedded WebApplicationContext
2026-08-03 14:54:22.656 [main] DEBUG com.knockfish.security.JwtAuthenticationFilter - Filter 'jwtAuthenticationFilter' configured for use
2026-08-03 14:54:24.668 [main] INFO  org.apache.coyote.http11.Http11NioProtocol - Starting ProtocolHandler ["http-nio-8081"]
2026-08-03 14:54:24.704 [main] INFO  com.knockfish.KnockfishBlogBackendApplication - Started KnockfishBlogBackendApplication in 10.47 seconds (process running for 12.322)
2026-08-03 14:55:33.785 [http-nio-8081-exec-2] INFO  o.a.c.core.ContainerBase.[Tomcat].[localhost].[/] - Initializing Spring DispatcherServlet 'dispatcherServlet'
2026-08-03 14:55:33.909 [http-nio-8081-exec-3] INFO  com.knockfish.security.JwtAuthenticationFilter - === 请求路径: /api/tag, 方法: GET
2026-08-03 14:55:33.909 [http-nio-8081-exec-1] INFO  com.knockfish.security.JwtAuthenticationFilter - === 请求路径: /api/article/with-tag, 方法: GET
2026-08-03 14:55:33.909 [http-nio-8081-exec-2] INFO  com.knockfish.security.JwtAuthenticationFilter - === 请求路径: /api/user/1, 方法: GET
2026-08-03 14:55:33.909 [http-nio-8081-exec-4] INFO  com.knockfish.security.JwtAuthenticationFilter - === 请求路径: /api/user/2, 方法: GET
2026-08-03 14:55:34.182 [http-nio-8081-exec-4] INFO  com.knockfish.aspect.LogAspect - [查询用户信息] 请求开始 - GET /api/user/2 - UserController.getUserById - 参数: 2
2026-08-03 14:55:34.182 [http-nio-8081-exec-2] INFO  com.knockfish.aspect.LogAspect - [查询用户信息] 请求开始 - GET /api/user/1 - UserController.getUserById - 参数: 1
2026-08-03 14:55:34.193 [http-nio-8081-exec-2] INFO  com.zaxxer.hikari.HikariDataSource - KnockfishHikariCP - Starting...
2026-08-03 14:55:34.205 [http-nio-8081-exec-1] INFO  com.knockfish.aspect.LogAspect - [查询文章列表(含标签)] 请求开始 - GET /api/article/with-tag - ArticleController.getArticleWithTagList - 参数: {"userId":0,"title":null}, 1, 10
2026-08-03 14:55:38.373 [http-nio-8081-exec-2] INFO  com.zaxxer.hikari.pool.HikariPool - KnockfishHikariCP - Added connection com.mysql.cj.jdbc.ConnectionImpl@6145d65e
2026-08-03 14:55:38.374 [http-nio-8081-exec-2] INFO  com.zaxxer.hikari.HikariDataSource - KnockfishHikariCP - Start completed.
2026-08-03 14:55:38.552 [http-nio-8081-exec-4] INFO  com.knockfish.aspect.LogAspect - [查询用户信息] 请求成功 - 执行时间: 4369ms
2026-08-03 14:55:38.552 [http-nio-8081-exec-2] INFO  com.knockfish.aspect.LogAspect - [查询用户信息] 请求成功 - 执行时间: 4369ms
2026-08-03 14:55:38.567 [http-nio-8081-exec-1] INFO  com.knockfish.aspect.LogAspect - [查询文章列表(含标签)] 请求成功 - 执行时间: 4362ms
2026-08-03 14:56:16.055 [http-nio-8081-exec-29] INFO  com.knockfish.security.JwtAuthenticationFilter - === 请求路径: /api/user/1, 方法: GET
2026-08-03 14:56:16.055 [http-nio-8081-exec-9] INFO  com.knockfish.security.JwtAuthenticationFilter - === 请求路径: /api/article/with-tag, 方法: GET
2026-08-03 14:56:16.056 [http-nio-8081-exec-32] INFO  com.knockfish.security.JwtAuthenticationFilter - === 请求路径: /api/tag, 方法: GET
2026-08-03 14:56:16.057 [http-nio-8081-exec-29] INFO  com.knockfish.aspect.LogAspect - [查询用户信息] 请求开始 - GET /api/user/1 - UserController.getUserById - 参数: 1
2026-08-03 14:56:16.057 [http-nio-8081-exec-28] INFO  com.knockfish.security.JwtAuthenticationFilter - === 请求路径: /api/user/2, 方法: GET
2026-08-03 14:56:16.064 [http-nio-8081-exec-28] INFO  com.knockfish.aspect.LogAspect - [查询用户信息] 请求开始 - GET /api/user/2 - UserController.getUserById - 参数: 2
2026-08-03 14:56:16.064 [http-nio-8081-exec-9] INFO  com.knockfish.aspect.LogAspect - [查询文章列表(含标签)] 请求开始 - GET /api/article/with-tag - ArticleController.getArticleWithTagList - 参数: {"userId":0,"title":null}, 1, 10
2026-08-03 14:56:16.075 [http-nio-8081-exec-29] INFO  com.knockfish.aspect.LogAspect - [查询用户信息] 请求成功 - 执行时间: 18ms
2026-08-03 14:56:16.077 [http-nio-8081-exec-28] INFO  com.knockfish.aspect.LogAspect - [查询用户信息] 请求成功 - 执行时间: 12ms
2026-08-03 14:56:16.088 [http-nio-8081-exec-9] INFO  com.knockfish.aspect.LogAspect - [查询文章列表(含标签)] 请求成功 - 执行时间: 22ms
2026-08-03 14:56:17.324 [http-nio-8081-exec-13] INFO  com.knockfish.security.JwtAuthenticationFilter - === 请求路径: /api/link/list, 方法: GET
2026-08-03 14:56:20.302 [http-nio-8081-exec-46] INFO  com.knockfish.security.JwtAuthenticationFilter - === 请求路径: /api/article/archive, 方法: GET
2026-08-03 14:56:20.303 [http-nio-8081-exec-6] INFO  com.knockfish.security.JwtAuthenticationFilter - === 请求路径: /api/note/menu, 方法: GET
2026-08-03 14:56:20.307 [http-nio-8081-exec-6] INFO  com.knockfish.aspect.LogAspect - [获取笔记菜单] 请求开始 - GET /api/note/menu - NoteController.getNoteMenuList - 参数: 无
2026-08-03 14:56:20.307 [http-nio-8081-exec-46] INFO  com.knockfish.aspect.LogAspect - [获取文章归档列表] 请求开始 - GET /api/article/archive - ArticleController.getArticleArchiveList - 参数: 无
2026-08-03 14:56:20.318 [http-nio-8081-exec-6] INFO  com.knockfish.aspect.LogAspect - [获取笔记菜单] 请求成功 - 执行时间: 11ms
2026-08-03 14:56:20.327 [http-nio-8081-exec-46] INFO  com.knockfish.aspect.LogAspect - [获取文章归档列表] 请求成功 - 执行时间: 20ms
2026-08-03 14:56:21.273 [http-nio-8081-exec-49] INFO  com.knockfish.security.JwtAuthenticationFilter - === 请求路径: /api/link/list, 方法: GET
2026-08-03 14:56:23.126 [http-nio-8081-exec-50] INFO  com.knockfish.security.JwtAuthenticationFilter - === 请求路径: /api/note/menu, 方法: GET
2026-08-03 14:56:23.126 [http-nio-8081-exec-23] INFO  com.knockfish.security.JwtAuthenticationFilter - === 请求路径: /api/article/archive, 方法: GET
2026-08-03 14:56:23.129 [http-nio-8081-exec-23] INFO  com.knockfish.aspect.LogAspect - [获取文章归档列表] 请求开始 - GET /api/article/archive - ArticleController.getArticleArchiveList - 参数: 无
2026-08-03 14:56:23.129 [http-nio-8081-exec-50] INFO  com.knockfish.aspect.LogAspect - [获取笔记菜单] 请求开始 - GET /api/note/menu - NoteController.getNoteMenuList - 参数: 无
2026-08-03 14:56:23.132 [http-nio-8081-exec-50] INFO  com.knockfish.aspect.LogAspect - [获取笔记菜单] 请求成功 - 执行时间: 3ms
2026-08-03 14:56:23.133 [http-nio-8081-exec-23] INFO  com.knockfish.aspect.LogAspect - [获取文章归档列表] 请求成功 - 执行时间: 4ms
2026-08-03 14:56:25.718 [http-nio-8081-exec-8] INFO  com.knockfish.security.JwtAuthenticationFilter - === 请求路径: /api/category/with-site, 方法: GET
2026-08-03 14:56:25.720 [http-nio-8081-exec-8] INFO  com.knockfish.aspect.LogAspect - [获取分类列表(含站点)] 请求开始 - GET /api/category/with-site - CategoryController.getCategoryWithSiteList - 参数: 无
2026-08-03 14:56:25.745 [http-nio-8081-exec-8] INFO  com.knockfish.aspect.LogAspect - [获取分类列表(含站点)] 请求成功 - 执行时间: 25ms
2026-08-03 14:56:29.652 [http-nio-8081-exec-24] INFO  com.knockfish.security.JwtAuthenticationFilter - === 请求路径: /api/note/menu, 方法: GET
2026-08-03 14:56:29.653 [http-nio-8081-exec-24] INFO  com.knockfish.aspect.LogAspect - [获取笔记菜单] 请求开始 - GET /api/note/menu - NoteController.getNoteMenuList - 参数: 无
2026-08-03 14:56:29.656 [http-nio-8081-exec-24] INFO  com.knockfish.aspect.LogAspect - [获取笔记菜单] 请求成功 - 执行时间: 3ms
2026-08-03 14:56:33.464 [http-nio-8081-exec-27] INFO  com.knockfish.security.JwtAuthenticationFilter - === 请求路径: /api/user/2, 方法: GET
2026-08-03 14:56:33.464 [http-nio-8081-exec-25] INFO  com.knockfish.security.JwtAuthenticationFilter - === 请求路径: /api/article/with-tag, 方法: GET
2026-08-03 14:56:33.464 [http-nio-8081-exec-26] INFO  com.knockfish.security.JwtAuthenticationFilter - === 请求路径: /api/user/1, 方法: GET
2026-08-03 14:56:33.465 [http-nio-8081-exec-27] INFO  com.knockfish.aspect.LogAspect - [查询用户信息] 请求开始 - GET /api/user/2 - UserController.getUserById - 参数: 2
2026-08-03 14:56:33.465 [http-nio-8081-exec-26] INFO  com.knockfish.aspect.LogAspect - [查询用户信息] 请求开始 - GET /api/user/1 - UserController.getUserById - 参数: 1
2026-08-03 14:56:33.466 [http-nio-8081-exec-25] INFO  com.knockfish.aspect.LogAspect - [查询文章列表(含标签)] 请求开始 - GET /api/article/with-tag - ArticleController.getArticleWithTagList - 参数: {"userId":0,"title":null}, 1, 10
2026-08-03 14:56:33.466 [http-nio-8081-exec-10] INFO  com.knockfish.security.JwtAuthenticationFilter - === 请求路径: /api/tag, 方法: GET
2026-08-03 14:56:33.475 [http-nio-8081-exec-27] INFO  com.knockfish.aspect.LogAspect - [查询用户信息] 请求成功 - 执行时间: 10ms
2026-08-03 14:56:33.475 [http-nio-8081-exec-26] INFO  com.knockfish.aspect.LogAspect - [查询用户信息] 请求成功 - 执行时间: 10ms
2026-08-03 14:56:33.478 [http-nio-8081-exec-25] INFO  com.knockfish.aspect.LogAspect - [查询文章列表(含标签)] 请求成功 - 执行时间: 12ms
2026-08-03 14:56:36.401 [http-nio-8081-exec-30] INFO  com.knockfish.security.JwtAuthenticationFilter - === 请求路径: /api/article/with-tag, 方法: GET
2026-08-03 14:56:36.403 [http-nio-8081-exec-30] INFO  com.knockfish.aspect.LogAspect - [查询文章列表(含标签)] 请求开始 - GET /api/article/with-tag - ArticleController.getArticleWithTagList - 参数: {"userId":1,"title":null}, 1, 10
2026-08-03 14:56:36.415 [http-nio-8081-exec-30] INFO  com.knockfish.aspect.LogAspect - [查询文章列表(含标签)] 请求成功 - 执行时间: 12ms
2026-08-03 14:56:37.553 [http-nio-8081-exec-11] INFO  com.knockfish.security.JwtAuthenticationFilter - === 请求路径: /api/article/with-tag, 方法: GET
2026-08-03 14:56:37.554 [http-nio-8081-exec-11] INFO  com.knockfish.aspect.LogAspect - [查询文章列表(含标签)] 请求开始 - GET /api/article/with-tag - ArticleController.getArticleWithTagList - 参数: {"userId":2,"title":null}, 1, 10
2026-08-03 14:56:37.559 [http-nio-8081-exec-11] INFO  com.knockfish.aspect.LogAspect - [查询文章列表(含标签)] 请求成功 - 执行时间: 5ms
2026-08-03 14:56:51.677 [http-nio-8081-exec-31] INFO  com.knockfish.security.JwtAuthenticationFilter - === 请求路径: /api/article/with-tag, 方法: GET
2026-08-03 14:56:51.678 [http-nio-8081-exec-31] INFO  com.knockfish.aspect.LogAspect - [查询文章列表(含标签)] 请求开始 - GET /api/article/with-tag - ArticleController.getArticleWithTagList - 参数: {"userId":1,"title":null}, 2, 10
2026-08-03 14:56:51.686 [http-nio-8081-exec-31] INFO  com.knockfish.aspect.LogAspect - [查询文章列表(含标签)] 请求成功 - 执行时间: 8ms
2026-08-03 14:57:00.960 [http-nio-8081-exec-35] INFO  com.knockfish.security.JwtAuthenticationFilter - === 请求路径: /api/tag, 方法: GET
2026-08-03 14:57:00.961 [http-nio-8081-exec-34] INFO  com.knockfish.security.JwtAuthenticationFilter - === 请求路径: /api/user/2, 方法: GET
2026-08-03 14:57:00.960 [http-nio-8081-exec-33] INFO  com.knockfish.security.JwtAuthenticationFilter - === 请求路径: /api/user/1, 方法: GET
2026-08-03 14:57:00.962 [http-nio-8081-exec-12] INFO  com.knockfish.security.JwtAuthenticationFilter - === 请求路径: /api/article/with-tag, 方法: GET
2026-08-03 14:57:00.963 [http-nio-8081-exec-33] INFO  com.knockfish.aspect.LogAspect - [查询用户信息] 请求开始 - GET /api/user/1 - UserController.getUserById - 参数: 1
2026-08-03 14:57:00.963 [http-nio-8081-exec-34] INFO  com.knockfish.aspect.LogAspect - [查询用户信息] 请求开始 - GET /api/user/2 - UserController.getUserById - 参数: 2
2026-08-03 14:57:00.964 [http-nio-8081-exec-12] INFO  com.knockfish.aspect.LogAspect - [查询文章列表(含标签)] 请求开始 - GET /api/article/with-tag - ArticleController.getArticleWithTagList - 参数: {"userId":1,"title":null}, 1, 10
2026-08-03 14:57:00.980 [http-nio-8081-exec-33] INFO  com.knockfish.aspect.LogAspect - [查询用户信息] 请求成功 - 执行时间: 16ms
2026-08-03 14:57:00.980 [http-nio-8081-exec-12] INFO  com.knockfish.aspect.LogAspect - [查询文章列表(含标签)] 请求成功 - 执行时间: 16ms
2026-08-03 14:57:00.981 [http-nio-8081-exec-34] INFO  com.knockfish.aspect.LogAspect - [查询用户信息] 请求成功 - 执行时间: 17ms
2026-08-03 14:57:01.887 [http-nio-8081-exec-36] INFO  com.knockfish.security.JwtAuthenticationFilter - === 请求路径: /api/link/list, 方法: GET
2026-08-03 14:57:02.762 [http-nio-8081-exec-14] INFO  com.knockfish.security.JwtAuthenticationFilter - === 请求路径: /api/article/archive, 方法: GET
2026-08-03 14:57:02.762 [http-nio-8081-exec-38] INFO  com.knockfish.security.JwtAuthenticationFilter - === 请求路径: /api/note/menu, 方法: GET
2026-08-03 14:57:02.764 [http-nio-8081-exec-38] INFO  com.knockfish.aspect.LogAspect - [获取笔记菜单] 请求开始 - GET /api/note/menu - NoteController.getNoteMenuList - 参数: 无
2026-08-03 14:57:02.764 [http-nio-8081-exec-14] INFO  com.knockfish.aspect.LogAspect - [获取文章归档列表] 请求开始 - GET /api/article/archive - ArticleController.getArticleArchiveList - 参数: 无
2026-08-03 14:57:02.766 [http-nio-8081-exec-38] INFO  com.knockfish.aspect.LogAspect - [获取笔记菜单] 请求成功 - 执行时间: 2ms
2026-08-03 14:57:02.766 [http-nio-8081-exec-14] INFO  com.knockfish.aspect.LogAspect - [获取文章归档列表] 请求成功 - 执行时间: 2ms
2026-08-03 14:57:03.431 [http-nio-8081-exec-15] INFO  com.knockfish.security.JwtAuthenticationFilter - === 请求路径: /api/category/with-site, 方法: GET
2026-08-03 14:57:03.432 [http-nio-8081-exec-15] INFO  com.knockfish.aspect.LogAspect - [获取分类列表(含站点)] 请求开始 - GET /api/category/with-site - CategoryController.getCategoryWithSiteList - 参数: 无
2026-08-03 14:57:03.439 [http-nio-8081-exec-15] INFO  com.knockfish.aspect.LogAspect - [获取分类列表(含站点)] 请求成功 - 执行时间: 7ms
2026-08-03 14:57:12.107 [http-nio-8081-exec-40] INFO  com.knockfish.security.JwtAuthenticationFilter - === 请求路径: /api/note/menu, 方法: GET
2026-08-03 14:57:12.108 [http-nio-8081-exec-40] INFO  com.knockfish.aspect.LogAspect - [获取笔记菜单] 请求开始 - GET /api/note/menu - NoteController.getNoteMenuList - 参数: 无
2026-08-03 14:57:12.110 [http-nio-8081-exec-40] INFO  com.knockfish.aspect.LogAspect - [获取笔记菜单] 请求成功 - 执行时间: 2ms
2026-08-03 14:57:19.511 [http-nio-8081-exec-41] INFO  com.knockfish.security.JwtAuthenticationFilter - === 请求路径: /api/link/list, 方法: GET
2026-08-03 14:57:20.564 [http-nio-8081-exec-17] INFO  com.knockfish.security.JwtAuthenticationFilter - === 请求路径: /api/article/archive, 方法: GET
2026-08-03 14:57:20.564 [http-nio-8081-exec-43] INFO  com.knockfish.security.JwtAuthenticationFilter - === 请求路径: /api/note/menu, 方法: GET
2026-08-03 14:57:20.565 [http-nio-8081-exec-43] INFO  com.knockfish.aspect.LogAspect - [获取笔记菜单] 请求开始 - GET /api/note/menu - NoteController.getNoteMenuList - 参数: 无
2026-08-03 14:57:20.565 [http-nio-8081-exec-17] INFO  com.knockfish.aspect.LogAspect - [获取文章归档列表] 请求开始 - GET /api/article/archive - ArticleController.getArticleArchiveList - 参数: 无
2026-08-03 14:57:20.567 [http-nio-8081-exec-43] INFO  com.knockfish.aspect.LogAspect - [获取笔记菜单] 请求成功 - 执行时间: 2ms
2026-08-03 14:57:20.568 [http-nio-8081-exec-17] INFO  com.knockfish.aspect.LogAspect - [获取文章归档列表] 请求成功 - 执行时间: 3ms
2026-08-03 14:57:34.085 [http-nio-8081-exec-19] INFO  com.knockfish.security.JwtAuthenticationFilter - === 请求路径: /api/article/with-tag, 方法: GET
2026-08-03 14:57:34.088 [http-nio-8081-exec-19] INFO  com.knockfish.aspect.LogAspect - [查询文章列表(含标签)] 请求开始 - GET /api/article/with-tag - ArticleController.getArticleWithTagList - 参数: {"userId":1,"title":null}, 1, 10
2026-08-03 14:57:34.088 [http-nio-8081-exec-48] INFO  com.knockfish.security.JwtAuthenticationFilter - === 请求路径: /api/tag, 方法: GET
2026-08-03 14:57:34.088 [http-nio-8081-exec-47] INFO  com.knockfish.security.JwtAuthenticationFilter - === 请求路径: /api/user/1, 方法: GET
2026-08-03 14:57:34.089 [http-nio-8081-exec-20] INFO  com.knockfish.security.JwtAuthenticationFilter - === 请求路径: /api/user/2, 方法: GET
2026-08-03 14:57:34.090 [http-nio-8081-exec-20] INFO  com.knockfish.aspect.LogAspect - [查询用户信息] 请求开始 - GET /api/user/2 - UserController.getUserById - 参数: 2
2026-08-03 14:57:34.090 [http-nio-8081-exec-47] INFO  com.knockfish.aspect.LogAspect - [查询用户信息] 请求开始 - GET /api/user/1 - UserController.getUserById - 参数: 1
2026-08-03 14:57:34.094 [http-nio-8081-exec-20] INFO  com.knockfish.aspect.LogAspect - [查询用户信息] 请求成功 - 执行时间: 4ms
2026-08-03 14:57:34.094 [http-nio-8081-exec-47] INFO  com.knockfish.aspect.LogAspect - [查询用户信息] 请求成功 - 执行时间: 4ms
2026-08-03 14:57:34.096 [http-nio-8081-exec-19] INFO  com.knockfish.aspect.LogAspect - [查询文章列表(含标签)] 请求成功 - 执行时间: 8ms
2026-08-03 14:57:38.735 [http-nio-8081-exec-21] INFO  com.knockfish.security.JwtAuthenticationFilter - === 请求路径: /api/article/56, 方法: GET
2026-08-03 14:57:38.739 [http-nio-8081-exec-21] INFO  com.knockfish.aspect.LogAspect - [获取文章详情] 请求开始 - GET /api/article/56 - ArticleController.getArticleById - 参数: 56
2026-08-03 14:57:38.746 [http-nio-8081-exec-21] INFO  com.knockfish.aspect.LogAspect - [获取文章详情] 请求成功 - 执行时间: 7ms
2026-08-03 14:57:46.260 [http-nio-8081-exec-2] INFO  com.knockfish.security.JwtAuthenticationFilter - === 请求路径: /api/article/53, 方法: GET
2026-08-03 14:57:46.262 [http-nio-8081-exec-2] INFO  com.knockfish.aspect.LogAspect - [获取文章详情] 请求开始 - GET /api/article/53 - ArticleController.getArticleById - 参数: 53
2026-08-03 14:57:46.265 [http-nio-8081-exec-2] INFO  com.knockfish.aspect.LogAspect - [获取文章详情] 请求成功 - 执行时间: 3ms
2026-08-03 14:59:23.302 [http-nio-8081-exec-29] INFO  com.knockfish.security.JwtAuthenticationFilter - === 请求路径: /api/tag, 方法: GET
2026-08-03 14:59:23.303 [http-nio-8081-exec-5] INFO  com.knockfish.security.JwtAuthenticationFilter - === 请求路径: /api/article/with-tag, 方法: GET
2026-08-03 14:59:23.302 [http-nio-8081-exec-22] INFO  com.knockfish.security.JwtAuthenticationFilter - === 请求路径: /api/user/1, 方法: GET
2026-08-03 14:59:23.304 [http-nio-8081-exec-7] INFO  com.knockfish.security.JwtAuthenticationFilter - === 请求路径: /api/user/2, 方法: GET
2026-08-03 14:59:23.305 [http-nio-8081-exec-22] INFO  com.knockfish.aspect.LogAspect - [查询用户信息] 请求开始 - GET /api/user/1 - UserController.getUserById - 参数: 1
2026-08-03 14:59:23.305 [http-nio-8081-exec-7] INFO  com.knockfish.aspect.LogAspect - [查询用户信息] 请求开始 - GET /api/user/2 - UserController.getUserById - 参数: 2
2026-08-03 14:59:23.305 [http-nio-8081-exec-5] INFO  com.knockfish.aspect.LogAspect - [查询文章列表(含标签)] 请求开始 - GET /api/article/with-tag - ArticleController.getArticleWithTagList - 参数: {"userId":1,"title":null}, 1, 10
2026-08-03 14:59:23.309 [http-nio-8081-exec-22] INFO  com.knockfish.aspect.LogAspect - [查询用户信息] 请求成功 - 执行时间: 4ms
2026-08-03 14:59:23.309 [http-nio-8081-exec-7] INFO  com.knockfish.aspect.LogAspect - [查询用户信息] 请求成功 - 执行时间: 4ms
2026-08-03 14:59:23.314 [http-nio-8081-exec-5] INFO  com.knockfish.aspect.LogAspect - [查询文章列表(含标签)] 请求成功 - 执行时间: 8ms
2026-08-03 15:03:06.157 [http-nio-8081-exec-16] INFO  com.knockfish.security.JwtAuthenticationFilter - === 请求路径: /api/article/archive, 方法: GET
2026-08-03 15:03:06.157 [http-nio-8081-exec-37] INFO  com.knockfish.security.JwtAuthenticationFilter - === 请求路径: /api/note/menu, 方法: GET
2026-08-03 15:03:06.159 [http-nio-8081-exec-37] INFO  com.knockfish.aspect.LogAspect - [获取笔记菜单] 请求开始 - GET /api/note/menu - NoteController.getNoteMenuList - 参数: 无
2026-08-03 15:03:06.159 [http-nio-8081-exec-16] INFO  com.knockfish.aspect.LogAspect - [获取文章归档列表] 请求开始 - GET /api/article/archive - ArticleController.getArticleArchiveList - 参数: 无
2026-08-03 15:03:06.162 [http-nio-8081-exec-37] INFO  com.knockfish.aspect.LogAspect - [获取笔记菜单] 请求成功 - 执行时间: 3ms
2026-08-03 15:03:06.162 [http-nio-8081-exec-16] INFO  com.knockfish.aspect.LogAspect - [获取文章归档列表] 请求成功 - 执行时间: 3ms
2026-08-03 15:03:08.017 [http-nio-8081-exec-39] INFO  com.knockfish.security.JwtAuthenticationFilter - === 请求路径: /api/link/list, 方法: GET
2026-08-03 15:04:50.903 [http-nio-8081-exec-46] INFO  com.knockfish.security.JwtAuthenticationFilter - === 请求路径: /api/link/list, 方法: GET
2026-08-03 15:04:52.751 [http-nio-8081-exec-49] INFO  com.knockfish.security.JwtAuthenticationFilter - === 请求路径: /api/category/with-site, 方法: GET
2026-08-03 15:04:52.753 [http-nio-8081-exec-49] INFO  com.knockfish.aspect.LogAspect - [获取分类列表(含站点)] 请求开始 - GET /api/category/with-site - CategoryController.getCategoryWithSiteList - 参数: 无
2026-08-03 15:04:52.758 [http-nio-8081-exec-49] INFO  com.knockfish.aspect.LogAspect - [获取分类列表(含站点)] 请求成功 - 执行时间: 5ms
2026-08-03 15:05:26.474 [http-nio-8081-exec-23] INFO  com.knockfish.security.JwtAuthenticationFilter - === 请求路径: /api/category/with-site, 方法: GET
2026-08-03 15:05:26.475 [http-nio-8081-exec-23] INFO  com.knockfish.aspect.LogAspect - [获取分类列表(含站点)] 请求开始 - GET /api/category/with-site - CategoryController.getCategoryWithSiteList - 参数: 无
2026-08-03 15:05:26.485 [http-nio-8081-exec-23] INFO  com.knockfish.aspect.LogAspect - [获取分类列表(含站点)] 请求成功 - 执行时间: 9ms
2026-08-03 15:08:12.368 [http-nio-8081-exec-24] INFO  com.knockfish.security.JwtAuthenticationFilter - === 请求路径: /api/article/with-tag, 方法: GET
2026-08-03 15:08:12.377 [http-nio-8081-exec-26] INFO  com.knockfish.security.JwtAuthenticationFilter - === 请求路径: /api/user/1, 方法: GET
2026-08-03 15:08:12.377 [http-nio-8081-exec-10] INFO  com.knockfish.security.JwtAuthenticationFilter - === 请求路径: /api/user/2, 方法: GET
2026-08-03 15:08:12.377 [http-nio-8081-exec-24] INFO  com.knockfish.aspect.LogAspect - [查询文章列表(含标签)] 请求开始 - GET /api/article/with-tag - ArticleController.getArticleWithTagList - 参数: {"userId":1,"title":null}, 1, 10
2026-08-03 15:08:12.378 [http-nio-8081-exec-26] INFO  com.knockfish.aspect.LogAspect - [查询用户信息] 请求开始 - GET /api/user/1 - UserController.getUserById - 参数: 1
2026-08-03 15:08:12.377 [http-nio-8081-exec-27] INFO  com.knockfish.security.JwtAuthenticationFilter - === 请求路径: /api/tag, 方法: GET
2026-08-03 15:08:12.378 [http-nio-8081-exec-10] INFO  com.knockfish.aspect.LogAspect - [查询用户信息] 请求开始 - GET /api/user/2 - UserController.getUserById - 参数: 2
2026-08-03 15:08:12.388 [http-nio-8081-exec-26] INFO  com.knockfish.aspect.LogAspect - [查询用户信息] 请求成功 - 执行时间: 6ms
2026-08-03 15:08:12.388 [http-nio-8081-exec-10] INFO  com.knockfish.aspect.LogAspect - [查询用户信息] 请求成功 - 执行时间: 6ms
2026-08-03 15:08:12.389 [http-nio-8081-exec-24] INFO  com.knockfish.aspect.LogAspect - [查询文章列表(含标签)] 请求成功 - 执行时间: 11ms
2026-08-03 15:09:53.980 [http-nio-8081-exec-35] INFO  com.knockfish.security.JwtAuthenticationFilter - === 请求路径: /api/note/menu, 方法: GET
2026-08-03 15:09:53.980 [http-nio-8081-exec-33] INFO  com.knockfish.security.JwtAuthenticationFilter - === 请求路径: /api/article/archive, 方法: GET
2026-08-03 15:09:53.980 [http-nio-8081-exec-33] INFO  com.knockfish.aspect.LogAspect - [获取文章归档列表] 请求开始 - GET /api/article/archive - ArticleController.getArticleArchiveList - 参数: 无
2026-08-03 15:09:53.980 [http-nio-8081-exec-35] INFO  com.knockfish.aspect.LogAspect - [获取笔记菜单] 请求开始 - GET /api/note/menu - NoteController.getNoteMenuList - 参数: 无
2026-08-03 15:09:53.983 [http-nio-8081-exec-35] INFO  com.knockfish.aspect.LogAspect - [获取笔记菜单] 请求成功 - 执行时间: 3ms
2026-08-03 15:09:53.983 [http-nio-8081-exec-33] INFO  com.knockfish.aspect.LogAspect - [获取文章归档列表] 请求成功 - 执行时间: 3ms
2026-08-03 15:11:10.845 [http-nio-8081-exec-36] INFO  com.knockfish.security.JwtAuthenticationFilter - === 请求路径: /api/article/50, 方法: GET
2026-08-03 15:11:10.847 [http-nio-8081-exec-36] INFO  com.knockfish.aspect.LogAspect - [获取文章详情] 请求开始 - GET /api/article/50 - ArticleController.getArticleById - 参数: 50
2026-08-03 15:11:10.852 [http-nio-8081-exec-36] INFO  com.knockfish.aspect.LogAspect - [获取文章详情] 请求成功 - 执行时间: 5ms
2026-08-03 15:11:25.565 [http-nio-8081-exec-38] INFO  com.knockfish.security.JwtAuthenticationFilter - === 请求路径: /api/link/list, 方法: GET
2026-08-03 15:11:41.777 [http-nio-8081-exec-14] INFO  com.knockfish.security.JwtAuthenticationFilter - === 请求路径: /api/article/with-tag, 方法: GET
2026-08-03 15:11:41.777 [http-nio-8081-exec-15] INFO  com.knockfish.security.JwtAuthenticationFilter - === 请求路径: /api/user/1, 方法: GET
2026-08-03 15:11:41.778 [http-nio-8081-exec-15] INFO  com.knockfish.aspect.LogAspect - [查询用户信息] 请求开始 - GET /api/user/1 - UserController.getUserById - 参数: 1
2026-08-03 15:11:41.778 [http-nio-8081-exec-14] INFO  com.knockfish.aspect.LogAspect - [查询文章列表(含标签)] 请求开始 - GET /api/article/with-tag - ArticleController.getArticleWithTagList - 参数: {"userId":1,"title":null}, 1, 10
2026-08-03 15:11:41.779 [http-nio-8081-exec-41] INFO  com.knockfish.security.JwtAuthenticationFilter - === 请求路径: /api/tag, 方法: GET
2026-08-03 15:11:41.779 [http-nio-8081-exec-40] INFO  com.knockfish.security.JwtAuthenticationFilter - === 请求路径: /api/user/2, 方法: GET
2026-08-03 15:11:41.780 [http-nio-8081-exec-40] INFO  com.knockfish.aspect.LogAspect - [查询用户信息] 请求开始 - GET /api/user/2 - UserController.getUserById - 参数: 2
2026-08-03 15:11:41.784 [http-nio-8081-exec-15] INFO  com.knockfish.aspect.LogAspect - [查询用户信息] 请求成功 - 执行时间: 6ms
2026-08-03 15:11:41.786 [http-nio-8081-exec-40] INFO  com.knockfish.aspect.LogAspect - [查询用户信息] 请求成功 - 执行时间: 6ms
2026-08-03 15:11:41.788 [http-nio-8081-exec-14] INFO  com.knockfish.aspect.LogAspect - [查询文章列表(含标签)] 请求成功 - 执行时间: 10ms
2026-08-03 15:11:43.500 [http-nio-8081-exec-43] INFO  com.knockfish.security.JwtAuthenticationFilter - === 请求路径: /api/link/list, 方法: GET
2026-08-03 15:11:44.361 [http-nio-8081-exec-17] INFO  com.knockfish.security.JwtAuthenticationFilter - === 请求路径: /api/note/menu, 方法: GET
2026-08-03 15:11:44.361 [http-nio-8081-exec-45] INFO  com.knockfish.security.JwtAuthenticationFilter - === 请求路径: /api/article/archive, 方法: GET
2026-08-03 15:11:44.362 [http-nio-8081-exec-45] INFO  com.knockfish.aspect.LogAspect - [获取文章归档列表] 请求开始 - GET /api/article/archive - ArticleController.getArticleArchiveList - 参数: 无
2026-08-03 15:11:44.362 [http-nio-8081-exec-17] INFO  com.knockfish.aspect.LogAspect - [获取笔记菜单] 请求开始 - GET /api/note/menu - NoteController.getNoteMenuList - 参数: 无
2026-08-03 15:11:44.364 [http-nio-8081-exec-17] INFO  com.knockfish.aspect.LogAspect - [获取笔记菜单] 请求成功 - 执行时间: 2ms
2026-08-03 15:11:44.364 [http-nio-8081-exec-45] INFO  com.knockfish.aspect.LogAspect - [获取文章归档列表] 请求成功 - 执行时间: 2ms
2026-08-03 15:11:44.824 [http-nio-8081-exec-44] INFO  com.knockfish.security.JwtAuthenticationFilter - === 请求路径: /api/category/with-site, 方法: GET
2026-08-03 15:11:44.824 [http-nio-8081-exec-44] INFO  com.knockfish.aspect.LogAspect - [获取分类列表(含站点)] 请求开始 - GET /api/category/with-site - CategoryController.getCategoryWithSiteList - 参数: 无
2026-08-03 15:11:44.829 [http-nio-8081-exec-44] INFO  com.knockfish.aspect.LogAspect - [获取分类列表(含站点)] 请求成功 - 执行时间: 5ms
2026-08-03 15:11:53.783 [http-nio-8081-exec-48] INFO  com.knockfish.security.JwtAuthenticationFilter - === 请求路径: /api/note/menu, 方法: GET
2026-08-03 15:11:53.784 [http-nio-8081-exec-48] INFO  com.knockfish.aspect.LogAspect - [获取笔记菜单] 请求开始 - GET /api/note/menu - NoteController.getNoteMenuList - 参数: 无
2026-08-03 15:11:53.787 [http-nio-8081-exec-48] INFO  com.knockfish.aspect.LogAspect - [获取笔记菜单] 请求成功 - 执行时间: 3ms
2026-08-03 15:12:01.534 [http-nio-8081-exec-47] INFO  com.knockfish.security.JwtAuthenticationFilter - === 请求路径: /api/article/with-tag, 方法: GET
2026-08-03 15:12:01.537 [http-nio-8081-exec-47] INFO  com.knockfish.aspect.LogAspect - [查询文章列表(含标签)] 请求开始 - GET /api/article/with-tag - ArticleController.getArticleWithTagList - 参数: {"userId":2,"title":null}, 1, 10
2026-08-03 15:12:01.540 [http-nio-8081-exec-47] INFO  com.knockfish.aspect.LogAspect - [查询文章列表(含标签)] 请求成功 - 执行时间: 3ms
2026-08-03 15:13:25.979 [http-nio-8081-exec-3] INFO  com.knockfish.security.JwtAuthenticationFilter - === 请求路径: /api/dashboard/overview, 方法: GET
2026-08-03 15:13:25.979 [http-nio-8081-exec-18] INFO  com.knockfish.security.JwtAuthenticationFilter - === 请求路径: /api/dashboard/activities, 方法: GET
2026-08-03 15:13:26.134 [http-nio-8081-exec-18] DEBUG com.knockfish.security.JwtAuthenticationFilter - 用户 [knockfish] (ID:1) JWT 认证通过
2026-08-03 15:13:26.134 [http-nio-8081-exec-3] DEBUG com.knockfish.security.JwtAuthenticationFilter - 用户 [knockfish] (ID:1) JWT 认证通过
2026-08-03 15:13:26.136 [http-nio-8081-exec-3] INFO  com.knockfish.aspect.LogAspect - [获取仪表盘概览] 请求开始 - GET /api/dashboard/overview - DashboardController.getOverview - 参数: 无
2026-08-03 15:13:26.136 [http-nio-8081-exec-18] INFO  com.knockfish.aspect.LogAspect - [获取最近动态] 请求开始 - GET /api/dashboard/activities - DashboardController.getActivities - 参数: 10
2026-08-03 15:13:26.147 [http-nio-8081-exec-18] INFO  com.knockfish.aspect.LogAspect - [获取最近动态] 请求成功 - 执行时间: 11ms
2026-08-03 15:13:26.179 [http-nio-8081-exec-3] INFO  com.knockfish.aspect.LogAspect - [获取仪表盘概览] 请求成功 - 执行时间: 43ms
2026-08-03 15:13:26.710 [http-nio-8081-exec-22] INFO  com.knockfish.security.JwtAuthenticationFilter - === 请求路径: /api/dashboard/category-stats, 方法: GET
2026-08-03 15:13:26.722 [http-nio-8081-exec-22] DEBUG com.knockfish.security.JwtAuthenticationFilter - 用户 [knockfish] (ID:1) JWT 认证通过
2026-08-03 15:13:26.722 [http-nio-8081-exec-22] INFO  com.knockfish.aspect.LogAspect - [获取文章分类统计] 请求开始 - GET /api/dashboard/category-stats - DashboardController.getCategoryStats - 参数: 无
2026-08-03 15:13:26.727 [http-nio-8081-exec-22] INFO  com.knockfish.aspect.LogAspect - [获取文章分类统计] 请求成功 - 执行时间: 0ms
2026-08-03 15:13:26.771 [http-nio-8081-exec-5] INFO  com.knockfish.security.JwtAuthenticationFilter - === 请求路径: /api/dashboard/article-trend, 方法: GET
2026-08-03 15:13:26.784 [http-nio-8081-exec-5] DEBUG com.knockfish.security.JwtAuthenticationFilter - 用户 [knockfish] (ID:1) JWT 认证通过
2026-08-03 15:13:26.794 [http-nio-8081-exec-5] INFO  com.knockfish.aspect.LogAspect - [获取文章发布趋势] 请求开始 - GET /api/dashboard/article-trend - DashboardController.getArticleTrend - 参数: "monthly", null
2026-08-03 15:13:26.802 [http-nio-8081-exec-5] INFO  com.knockfish.aspect.LogAspect - [获取文章发布趋势] 请求成功 - 执行时间: 8ms
2026-08-03 15:13:29.521 [http-nio-8081-exec-28] INFO  com.knockfish.security.JwtAuthenticationFilter - === 请求路径: /api/article/list, 方法: GET
2026-08-03 15:13:29.531 [http-nio-8081-exec-28] DEBUG com.knockfish.security.JwtAuthenticationFilter - 用户 [knockfish] (ID:1) JWT 认证通过
2026-08-03 15:13:29.536 [http-nio-8081-exec-28] INFO  com.knockfish.aspect.LogAspect - [查询文章列表] 请求开始 - GET /api/article/list - ArticleController.getArticleList - 参数: {"userId":null,"title":null}, 1, 10
2026-08-03 15:13:29.541 [http-nio-8081-exec-28] INFO  com.knockfish.aspect.LogAspect - [查询文章列表] 请求成功 - 执行时间: 5ms
2026-08-03 15:13:30.864 [http-nio-8081-exec-16] INFO  com.knockfish.security.JwtAuthenticationFilter - === 请求路径: /api/article/list, 方法: GET
2026-08-03 15:13:30.873 [http-nio-8081-exec-16] DEBUG com.knockfish.security.JwtAuthenticationFilter - 用户 [knockfish] (ID:1) JWT 认证通过
2026-08-03 15:13:30.873 [http-nio-8081-exec-16] INFO  com.knockfish.aspect.LogAspect - [查询文章列表] 请求开始 - GET /api/article/list - ArticleController.getArticleList - 参数: {"userId":null,"title":null}, 2, 10
2026-08-03 15:13:30.880 [http-nio-8081-exec-16] INFO  com.knockfish.aspect.LogAspect - [查询文章列表] 请求成功 - 执行时间: 7ms
2026-08-03 15:13:34.346 [http-nio-8081-exec-42] INFO  com.knockfish.security.JwtAuthenticationFilter - === 请求路径: /api/category/with-site-count, 方法: GET
2026-08-03 15:13:34.356 [http-nio-8081-exec-42] DEBUG com.knockfish.security.JwtAuthenticationFilter - 用户 [knockfish] (ID:1) JWT 认证通过
2026-08-03 15:13:34.359 [http-nio-8081-exec-42] INFO  com.knockfish.aspect.LogAspect - [查询分类列表(含统计)] 请求开始 - GET /api/category/with-site-count - CategoryController.getCategoryWithSiteCountList - 参数: {"categoryName":null}, 1, 10
2026-08-03 15:13:34.368 [http-nio-8081-exec-42] INFO  com.knockfish.aspect.LogAspect - [查询分类列表(含统计)] 请求成功 - 执行时间: 9ms
2026-08-03 15:13:37.201 [http-nio-8081-exec-46] INFO  com.knockfish.security.JwtAuthenticationFilter - === 请求路径: /api/dashboard/activities, 方法: GET
2026-08-03 15:13:37.201 [http-nio-8081-exec-6] INFO  com.knockfish.security.JwtAuthenticationFilter - === 请求路径: /api/dashboard/overview, 方法: GET
2026-08-03 15:13:37.210 [http-nio-8081-exec-46] DEBUG com.knockfish.security.JwtAuthenticationFilter - 用户 [knockfish] (ID:1) JWT 认证通过
2026-08-03 15:13:37.210 [http-nio-8081-exec-6] DEBUG com.knockfish.security.JwtAuthenticationFilter - 用户 [knockfish] (ID:1) JWT 认证通过
2026-08-03 15:13:37.210 [http-nio-8081-exec-6] INFO  com.knockfish.aspect.LogAspect - [获取仪表盘概览] 请求开始 - GET /api/dashboard/overview - DashboardController.getOverview - 参数: 无
2026-08-03 15:13:37.210 [http-nio-8081-exec-46] INFO  com.knockfish.aspect.LogAspect - [获取最近动态] 请求开始 - GET /api/dashboard/activities - DashboardController.getActivities - 参数: 10
2026-08-03 15:13:37.212 [http-nio-8081-exec-46] INFO  com.knockfish.aspect.LogAspect - [获取最近动态] 请求成功 - 执行时间: 1ms
2026-08-03 15:13:37.228 [http-nio-8081-exec-6] INFO  com.knockfish.aspect.LogAspect - [获取仪表盘概览] 请求成功 - 执行时间: 18ms
2026-08-03 15:13:37.256 [http-nio-8081-exec-49] INFO  com.knockfish.security.JwtAuthenticationFilter - === 请求路径: /api/dashboard/article-trend, 方法: GET
2026-08-03 15:13:37.264 [http-nio-8081-exec-49] DEBUG com.knockfish.security.JwtAuthenticationFilter - 用户 [knockfish] (ID:1) JWT 认证通过
2026-08-03 15:13:37.264 [http-nio-8081-exec-49] INFO  com.knockfish.aspect.LogAspect - [获取文章发布趋势] 请求开始 - GET /api/dashboard/article-trend - DashboardController.getArticleTrend - 参数: "monthly", null
2026-08-03 15:13:37.266 [http-nio-8081-exec-50] INFO  com.knockfish.security.JwtAuthenticationFilter - === 请求路径: /api/dashboard/category-stats, 方法: GET
2026-08-03 15:13:37.266 [http-nio-8081-exec-49] INFO  com.knockfish.aspect.LogAspect - [获取文章发布趋势] 请求成功 - 执行时间: 2ms
2026-08-03 15:13:37.276 [http-nio-8081-exec-50] DEBUG com.knockfish.security.JwtAuthenticationFilter - 用户 [knockfish] (ID:1) JWT 认证通过
2026-08-03 15:13:37.277 [http-nio-8081-exec-50] INFO  com.knockfish.aspect.LogAspect - [获取文章分类统计] 请求开始 - GET /api/dashboard/category-stats - DashboardController.getCategoryStats - 参数: 无
2026-08-03 15:13:37.282 [http-nio-8081-exec-50] INFO  com.knockfish.aspect.LogAspect - [获取文章分类统计] 请求成功 - 执行时间: 5ms
2026-08-03 15:13:40.511 [http-nio-8081-exec-8] INFO  com.knockfish.security.JwtAuthenticationFilter - === 请求路径: /api/link/page, 方法: GET
2026-08-03 15:13:40.520 [http-nio-8081-exec-8] DEBUG com.knockfish.security.JwtAuthenticationFilter - 用户 [knockfish] (ID:1) JWT 认证通过
2026-08-03 15:13:40.521 [http-nio-8081-exec-8] INFO  com.knockfish.aspect.LogAspect - [查询友链列表] 请求开始 - GET /api/link/page - LinkController.getLinkListVO - 参数: {"linkName":null}, 1, 10
2026-08-03 15:13:40.526 [http-nio-8081-exec-8] INFO  com.knockfish.aspect.LogAspect - [查询友链列表] 请求成功 - 执行时间: 5ms
2026-08-03 15:13:43.122 [http-nio-8081-exec-27] INFO  com.knockfish.security.JwtAuthenticationFilter - === 请求路径: /api/user/page, 方法: GET
2026-08-03 15:13:43.127 [http-nio-8081-exec-27] DEBUG com.knockfish.security.JwtAuthenticationFilter - 用户 [knockfish] (ID:1) JWT 认证通过
2026-08-03 15:13:43.132 [http-nio-8081-exec-27] INFO  com.knockfish.aspect.LogAspect - [查询用户列表] 请求开始 - GET /api/user/page - UserController.getUserList - 参数: {"username":null,"nickname":null,"email":null}, 1, 10
2026-08-03 15:13:43.140 [http-nio-8081-exec-27] INFO  com.knockfish.aspect.LogAspect - [查询用户列表] 请求成功 - 执行时间: 8ms
2026-08-03 15:13:44.276 [http-nio-8081-exec-24] INFO  com.knockfish.security.JwtAuthenticationFilter - === 请求路径: /api/permission, 方法: GET
2026-08-03 15:13:44.288 [http-nio-8081-exec-24] DEBUG com.knockfish.security.JwtAuthenticationFilter - 用户 [knockfish] (ID:1) JWT 认证通过
2026-08-03 15:13:45.666 [http-nio-8081-exec-11] INFO  com.knockfish.security.JwtAuthenticationFilter - === 请求路径: /api/role/with-permission, 方法: GET
2026-08-03 15:13:45.674 [http-nio-8081-exec-11] DEBUG com.knockfish.security.JwtAuthenticationFilter - 用户 [knockfish] (ID:1) JWT 认证通过
2026-08-03 15:13:47.395 [http-nio-8081-exec-30] INFO  com.knockfish.security.JwtAuthenticationFilter - === 请求路径: /api/category/with-site-count, 方法: GET
2026-08-03 15:13:47.402 [http-nio-8081-exec-30] DEBUG com.knockfish.security.JwtAuthenticationFilter - 用户 [knockfish] (ID:1) JWT 认证通过
2026-08-03 15:13:47.403 [http-nio-8081-exec-30] INFO  com.knockfish.aspect.LogAspect - [查询分类列表(含统计)] 请求开始 - GET /api/category/with-site-count - CategoryController.getCategoryWithSiteCountList - 参数: {"categoryName":null}, 1, 10
2026-08-03 15:13:47.407 [http-nio-8081-exec-30] INFO  com.knockfish.aspect.LogAspect - [查询分类列表(含统计)] 请求成功 - 执行时间: 4ms
2026-08-03 15:13:48.332 [http-nio-8081-exec-35] INFO  com.knockfish.security.JwtAuthenticationFilter - === 请求路径: /api/site/with-category, 方法: GET
2026-08-03 15:13:48.342 [http-nio-8081-exec-35] DEBUG com.knockfish.security.JwtAuthenticationFilter - 用户 [knockfish] (ID:1) JWT 认证通过
2026-08-03 15:13:48.412 [http-nio-8081-exec-12] INFO  com.knockfish.security.JwtAuthenticationFilter - === 请求路径: /api/category/options, 方法: GET
2026-08-03 15:13:48.425 [http-nio-8081-exec-12] DEBUG com.knockfish.security.JwtAuthenticationFilter - 用户 [knockfish] (ID:1) JWT 认证通过
2026-08-03 15:13:48.426 [http-nio-8081-exec-12] INFO  com.knockfish.aspect.LogAspect - [获取分类选项] 请求开始 - GET /api/category/options - CategoryController.getCategoryOption - 参数: 无
2026-08-03 15:13:48.427 [http-nio-8081-exec-12] INFO  com.knockfish.aspect.LogAspect - [获取分类选项] 请求成功 - 执行时间: 1ms
2026-08-03 15:31:25.681 [SpringApplicationShutdownHook] INFO  com.zaxxer.hikari.HikariDataSource - KnockfishHikariCP - Shutdown initiated...
2026-08-03 15:31:25.685 [SpringApplicationShutdownHook] INFO  com.zaxxer.hikari.HikariDataSource - KnockfishHikariCP - Shutdown completed.
2026-08-03 19:11:36.777 [background-preinit] INFO  org.hibernate.validator.internal.util.Version - HV000001: Hibernate Validator 8.0.3.Final
2026-08-03 19:11:36.893 [main] INFO  com.knockfish.KnockfishBlogBackendApplication - Starting KnockfishBlogBackendApplication using Java 17.0.9 with PID 19076 (E:\fish_blog\knockfish-blog-backend\target\classes started by DELL in E:\fish_blog\knockfish-blog-backend)
2026-08-03 19:11:36.895 [main] DEBUG com.knockfish.KnockfishBlogBackendApplication - Running with Spring Boot v3.5.13, Spring v6.2.17
2026-08-03 19:11:36.896 [main] INFO  com.knockfish.KnockfishBlogBackendApplication - No active profile set, falling back to 1 default profile: "default"
2026-08-03 19:11:40.733 [main] INFO  org.apache.coyote.http11.Http11NioProtocol - Initializing ProtocolHandler ["http-nio-8081"]
2026-08-03 19:11:40.736 [main] INFO  org.apache.catalina.core.StandardService - Starting service [Tomcat]
2026-08-03 19:11:40.737 [main] INFO  org.apache.catalina.core.StandardEngine - Starting Servlet engine: [Apache Tomcat/10.1.53]
2026-08-03 19:11:40.852 [main] INFO  o.a.c.core.ContainerBase.[Tomcat].[localhost].[/] - Initializing Spring embedded WebApplicationContext
2026-08-03 19:11:42.240 [main] DEBUG com.knockfish.security.JwtAuthenticationFilter - Filter 'jwtAuthenticationFilter' configured for use
2026-08-03 19:11:45.499 [main] INFO  org.apache.coyote.http11.Http11NioProtocol - Starting ProtocolHandler ["http-nio-8081"]
2026-08-03 19:11:45.562 [main] INFO  com.knockfish.KnockfishBlogBackendApplication - Started KnockfishBlogBackendApplication in 9.956 seconds (process running for 11.332)
2026-08-03 19:12:11.956 [http-nio-8081-exec-1] INFO  o.a.c.core.ContainerBase.[Tomcat].[localhost].[/] - Initializing Spring DispatcherServlet 'dispatcherServlet'
2026-08-03 19:12:12.602 [http-nio-8081-exec-3] INFO  com.knockfish.security.JwtAuthenticationFilter - === 请求路径: /api/dashboard/activities, 方法: GET
2026-08-03 19:12:12.604 [http-nio-8081-exec-4] INFO  com.knockfish.security.JwtAuthenticationFilter - === 请求路径: /api/dashboard/overview, 方法: GET
2026-08-03 19:12:13.122 [http-nio-8081-exec-4] INFO  com.zaxxer.hikari.HikariDataSource - KnockfishHikariCP - Starting...
2026-08-03 19:12:14.394 [http-nio-8081-exec-5] INFO  com.knockfish.security.JwtAuthenticationFilter - === 请求路径: /api/dashboard/article-trend, 方法: GET
2026-08-03 19:12:14.476 [http-nio-8081-exec-8] INFO  com.knockfish.security.JwtAuthenticationFilter - === 请求路径: /api/dashboard/category-stats, 方法: GET
2026-08-03 19:12:14.688 [http-nio-8081-exec-4] INFO  com.zaxxer.hikari.pool.HikariPool - KnockfishHikariCP - Added connection com.mysql.cj.jdbc.ConnectionImpl@d9b38ed
2026-08-03 19:12:14.699 [http-nio-8081-exec-4] INFO  com.zaxxer.hikari.HikariDataSource - KnockfishHikariCP - Start completed.
2026-08-03 19:12:15.204 [http-nio-8081-exec-8] DEBUG com.knockfish.security.JwtAuthenticationFilter - 用户 [knockfish] (ID:1) JWT 认证通过
2026-08-03 19:12:15.208 [http-nio-8081-exec-4] DEBUG com.knockfish.security.JwtAuthenticationFilter - 用户 [knockfish] (ID:1) JWT 认证通过
2026-08-03 19:12:15.253 [http-nio-8081-exec-5] DEBUG com.knockfish.security.JwtAuthenticationFilter - 用户 [knockfish] (ID:1) JWT 认证通过
2026-08-03 19:12:15.305 [http-nio-8081-exec-3] DEBUG com.knockfish.security.JwtAuthenticationFilter - 用户 [knockfish] (ID:1) JWT 认证通过
2026-08-03 19:12:15.333 [http-nio-8081-exec-4] INFO  com.knockfish.aspect.LogAspect - [获取仪表盘概览] 请求开始 - GET /api/dashboard/overview - DashboardController.getOverview - 参数: 无
2026-08-03 19:12:15.333 [http-nio-8081-exec-8] INFO  com.knockfish.aspect.LogAspect - [获取文章分类统计] 请求开始 - GET /api/dashboard/category-stats - DashboardController.getCategoryStats - 参数: 无
2026-08-03 19:12:15.351 [http-nio-8081-exec-8] INFO  com.knockfish.aspect.LogAspect - [获取文章分类统计] 请求成功 - 执行时间: 17ms
2026-08-03 19:12:15.402 [http-nio-8081-exec-3] INFO  com.knockfish.aspect.LogAspect - [获取最近动态] 请求开始 - GET /api/dashboard/activities - DashboardController.getActivities - 参数: 10
2026-08-03 19:12:15.425 [http-nio-8081-exec-3] INFO  com.knockfish.aspect.LogAspect - [获取最近动态] 请求成功 - 执行时间: 22ms
2026-08-03 19:12:15.431 [http-nio-8081-exec-5] INFO  com.knockfish.aspect.LogAspect - [获取文章发布趋势] 请求开始 - GET /api/dashboard/article-trend - DashboardController.getArticleTrend - 参数: "monthly", null
2026-08-03 19:12:15.500 [http-nio-8081-exec-5] INFO  com.knockfish.aspect.LogAspect - [获取文章发布趋势] 请求成功 - 执行时间: 30ms
2026-08-03 19:12:16.018 [http-nio-8081-exec-4] INFO  com.knockfish.aspect.LogAspect - [获取仪表盘概览] 请求成功 - 执行时间: 684ms
2026-08-03 19:12:24.877 [http-nio-8081-exec-10] INFO  com.knockfish.security.JwtAuthenticationFilter - === 请求路径: /api/article/list, 方法: GET
2026-08-03 19:12:24.905 [http-nio-8081-exec-10] DEBUG com.knockfish.security.JwtAuthenticationFilter - 用户 [knockfish] (ID:1) JWT 认证通过
2026-08-03 19:12:24.925 [http-nio-8081-exec-10] INFO  com.knockfish.aspect.LogAspect - [查询文章列表] 请求开始 - GET /api/article/list - ArticleController.getArticleList - 参数: {"userId":null,"title":null}, 1, 10
2026-08-03 19:12:25.143 [http-nio-8081-exec-10] INFO  com.knockfish.aspect.LogAspect - [查询文章列表] 请求成功 - 执行时间: 217ms
2026-08-03 19:12:27.955 [http-nio-8081-exec-12] INFO  com.knockfish.security.JwtAuthenticationFilter - === 请求路径: /api/article/list, 方法: GET
2026-08-03 19:12:27.978 [http-nio-8081-exec-12] DEBUG com.knockfish.security.JwtAuthenticationFilter - 用户 [knockfish] (ID:1) JWT 认证通过
2026-08-03 19:12:27.982 [http-nio-8081-exec-12] INFO  com.knockfish.aspect.LogAspect - [查询文章列表] 请求开始 - GET /api/article/list - ArticleController.getArticleList - 参数: {"userId":null,"title":null}, 2, 10
2026-08-03 19:12:27.996 [http-nio-8081-exec-12] INFO  com.knockfish.aspect.LogAspect - [查询文章列表] 请求成功 - 执行时间: 14ms
2026-08-03 19:13:16.334 [http-nio-8081-exec-19] INFO  com.knockfish.security.JwtAuthenticationFilter - === 请求路径: /api/article/draft-count, 方法: GET
2026-08-03 19:13:16.351 [http-nio-8081-exec-19] DEBUG com.knockfish.security.JwtAuthenticationFilter - 用户 [knockfish] (ID:1) JWT 认证通过
2026-08-03 19:13:16.353 [http-nio-8081-exec-19] INFO  com.knockfish.aspect.LogAspect - [获取草稿数量] 请求开始 - GET /api/article/draft-count - ArticleController.getDraftCount - 参数: 无
2026-08-03 19:13:16.355 [http-nio-8081-exec-19] INFO  com.knockfish.aspect.LogAspect - [获取草稿数量] 请求成功 - 执行时间: 2ms
2026-08-03 19:38:25.059 [http-nio-8081-exec-18] INFO  com.knockfish.security.JwtAuthenticationFilter - === 请求路径: /api/article/draft-count, 方法: GET
2026-08-03 19:38:25.294 [http-nio-8081-exec-18] DEBUG com.knockfish.security.JwtAuthenticationFilter - 用户 [knockfish] (ID:1) JWT 认证通过
2026-08-03 19:38:25.338 [http-nio-8081-exec-18] INFO  com.knockfish.aspect.LogAspect - [获取草稿数量] 请求开始 - GET /api/article/draft-count - ArticleController.getDraftCount - 参数: 无
2026-08-03 19:38:25.380 [http-nio-8081-exec-18] INFO  com.knockfish.aspect.LogAspect - [获取草稿数量] 请求成功 - 执行时间: 42ms
2026-08-03 19:38:25.474 [http-nio-8081-exec-24] INFO  com.knockfish.security.JwtAuthenticationFilter - === 请求路径: /api/article, 方法: POST
2026-08-03 19:38:25.502 [http-nio-8081-exec-24] DEBUG com.knockfish.security.JwtAuthenticationFilter - 用户 [knockfish] (ID:1) JWT 认证通过
2026-08-03 19:38:26.220 [http-nio-8081-exec-24] INFO  com.knockfish.aspect.LogAspect - [新增文章] 请求开始 - POST /api/article - ArticleController.createArticle - 参数: {"title":"","cover":"","description":"","content":"","status":"DRAFT","publishTime":null,"updateTime":null,"tags":[],"fileIds":null,"userId":null}
2026-08-03 19:38:26.497 [http-nio-8081-exec-24] INFO  com.knockfish.service.impl.ArticleServiceImpl - 文章创建成功: articleId=58, title=
2026-08-03 19:38:26.527 [http-nio-8081-exec-24] INFO  com.knockfish.aspect.LogAspect - [新增文章] 请求成功 - 执行时间: 303ms - 返回结果: {"code":200,"msg":"请求成功","data":58}
2026-08-03 19:41:34.328 [http-nio-8081-exec-25] INFO  com.knockfish.security.JwtAuthenticationFilter - === 请求路径: /api/article/draft, 方法: GET
2026-08-03 19:41:34.367 [http-nio-8081-exec-25] DEBUG com.knockfish.security.JwtAuthenticationFilter - 用户 [knockfish] (ID:1) JWT 认证通过
2026-08-03 19:41:34.373 [http-nio-8081-exec-25] INFO  com.knockfish.aspect.LogAspect - [获取10条草稿] 请求开始 - GET /api/article/draft - ArticleController.getDraftByUserId - 参数: 无
2026-08-03 19:41:34.471 [http-nio-8081-exec-25] INFO  com.knockfish.aspect.LogAspect - [获取10条草稿] 请求成功 - 执行时间: 98ms
2026-08-03 19:41:40.161 [http-nio-8081-exec-26] INFO  com.knockfish.security.JwtAuthenticationFilter - === 请求路径: /api/article/list, 方法: GET
2026-08-03 19:41:40.191 [http-nio-8081-exec-26] DEBUG com.knockfish.security.JwtAuthenticationFilter - 用户 [knockfish] (ID:1) JWT 认证通过
2026-08-03 19:41:40.213 [http-nio-8081-exec-26] INFO  com.knockfish.aspect.LogAspect - [查询文章列表] 请求开始 - GET /api/article/list - ArticleController.getArticleList - 参数: {"userId":null,"title":null}, 1, 10
2026-08-03 19:41:40.262 [http-nio-8081-exec-26] INFO  com.knockfish.aspect.LogAspect - [查询文章列表] 请求成功 - 执行时间: 48ms
2026-08-03 19:41:42.114 [http-nio-8081-exec-27] INFO  com.knockfish.security.JwtAuthenticationFilter - === 请求路径: /api/article/draft-count, 方法: GET
2026-08-03 19:41:42.138 [http-nio-8081-exec-27] DEBUG com.knockfish.security.JwtAuthenticationFilter - 用户 [knockfish] (ID:1) JWT 认证通过
2026-08-03 19:41:42.138 [http-nio-8081-exec-27] INFO  com.knockfish.aspect.LogAspect - [获取草稿数量] 请求开始 - GET /api/article/draft-count - ArticleController.getDraftCount - 参数: 无
2026-08-03 19:41:42.142 [http-nio-8081-exec-27] INFO  com.knockfish.aspect.LogAspect - [获取草稿数量] 请求成功 - 执行时间: 4ms
2026-08-03 19:41:42.153 [http-nio-8081-exec-28] INFO  com.knockfish.security.JwtAuthenticationFilter - === 请求路径: /api/article, 方法: POST
2026-08-03 19:41:42.173 [http-nio-8081-exec-28] DEBUG com.knockfish.security.JwtAuthenticationFilter - 用户 [knockfish] (ID:1) JWT 认证通过
2026-08-03 19:41:42.175 [http-nio-8081-exec-28] INFO  com.knockfish.aspect.LogAspect - [新增文章] 请求开始 - POST /api/article - ArticleController.createArticle - 参数: {"title":"","cover":"","description":"","content":"","status":"DRAFT","publishTime":null,"updateTime":null,"tags":[],"fileIds":null,"userId":null}
2026-08-03 19:41:42.182 [http-nio-8081-exec-28] INFO  com.knockfish.service.impl.ArticleServiceImpl - 文章创建成功: articleId=59, title=
2026-08-03 19:41:42.186 [http-nio-8081-exec-28] INFO  com.knockfish.aspect.LogAspect - [新增文章] 请求成功 - 执行时间: 11ms - 返回结果: {"code":200,"msg":"请求成功","data":59}
2026-08-03 19:41:43.149 [http-nio-8081-exec-29] INFO  com.knockfish.security.JwtAuthenticationFilter - === 请求路径: /api/article/draft, 方法: GET
2026-08-03 19:41:43.312 [http-nio-8081-exec-29] DEBUG com.knockfish.security.JwtAuthenticationFilter - 用户 [knockfish] (ID:1) JWT 认证通过
2026-08-03 19:41:43.313 [http-nio-8081-exec-29] INFO  com.knockfish.aspect.LogAspect - [获取10条草稿] 请求开始 - GET /api/article/draft - ArticleController.getDraftByUserId - 参数: 无
2026-08-03 19:41:43.320 [http-nio-8081-exec-29] INFO  com.knockfish.aspect.LogAspect - [获取10条草稿] 请求成功 - 执行时间: 7ms
2026-08-03 19:41:47.051 [http-nio-8081-exec-31] INFO  com.knockfish.security.JwtAuthenticationFilter - === 请求路径: /api/article/58, 方法: DELETE
2026-08-03 19:41:47.077 [http-nio-8081-exec-31] DEBUG com.knockfish.security.JwtAuthenticationFilter - 用户 [knockfish] (ID:1) JWT 认证通过
2026-08-03 19:41:47.091 [http-nio-8081-exec-31] INFO  com.knockfish.aspect.LogAspect - [删除文章] 请求开始 - DELETE /api/article/58 - ArticleController.deleteArticle - 参数: 58
2026-08-03 19:41:47.177 [http-nio-8081-exec-31] INFO  com.knockfish.service.impl.ArticleServiceImpl - 文章删除成功: articleId=58, title=
2026-08-03 19:41:47.184 [http-nio-8081-exec-31] INFO  com.knockfish.aspect.LogAspect - [删除文章] 请求成功 - 执行时间: 91ms
2026-08-03 19:41:47.207 [http-nio-8081-exec-33] INFO  com.knockfish.security.JwtAuthenticationFilter - === 请求路径: /api/article/draft, 方法: GET
2026-08-03 19:41:47.232 [http-nio-8081-exec-33] DEBUG com.knockfish.security.JwtAuthenticationFilter - 用户 [knockfish] (ID:1) JWT 认证通过
2026-08-03 19:41:47.234 [http-nio-8081-exec-33] INFO  com.knockfish.aspect.LogAspect - [获取10条草稿] 请求开始 - GET /api/article/draft - ArticleController.getDraftByUserId - 参数: 无
2026-08-03 19:41:47.247 [http-nio-8081-exec-33] INFO  com.knockfish.aspect.LogAspect - [获取10条草稿] 请求成功 - 执行时间: 13ms
2026-08-03 19:41:52.159 [http-nio-8081-exec-35] INFO  com.knockfish.security.JwtAuthenticationFilter - === 请求路径: /api/article/59, 方法: DELETE
2026-08-03 19:41:52.183 [http-nio-8081-exec-35] DEBUG com.knockfish.security.JwtAuthenticationFilter - 用户 [knockfish] (ID:1) JWT 认证通过
2026-08-03 19:41:52.186 [http-nio-8081-exec-35] INFO  com.knockfish.aspect.LogAspect - [删除文章] 请求开始 - DELETE /api/article/59 - ArticleController.deleteArticle - 参数: 59
2026-08-03 19:41:52.202 [http-nio-8081-exec-35] INFO  com.knockfish.service.impl.ArticleServiceImpl - 文章删除成功: articleId=59, title=
2026-08-03 19:41:52.209 [http-nio-8081-exec-35] INFO  com.knockfish.aspect.LogAspect - [删除文章] 请求成功 - 执行时间: 23ms
2026-08-03 19:41:52.225 [http-nio-8081-exec-34] INFO  com.knockfish.security.JwtAuthenticationFilter - === 请求路径: /api/article/draft, 方法: GET
2026-08-03 19:41:52.256 [http-nio-8081-exec-34] DEBUG com.knockfish.security.JwtAuthenticationFilter - 用户 [knockfish] (ID:1) JWT 认证通过
2026-08-03 19:41:52.257 [http-nio-8081-exec-34] INFO  com.knockfish.aspect.LogAspect - [获取10条草稿] 请求开始 - GET /api/article/draft - ArticleController.getDraftByUserId - 参数: 无
2026-08-03 19:41:52.268 [http-nio-8081-exec-34] INFO  com.knockfish.aspect.LogAspect - [获取10条草稿] 请求成功 - 执行时间: 10ms
2026-08-03 19:41:55.045 [http-nio-8081-exec-36] INFO  com.knockfish.security.JwtAuthenticationFilter - === 请求路径: /api/article/draft, 方法: GET
2026-08-03 19:41:55.061 [http-nio-8081-exec-36] DEBUG com.knockfish.security.JwtAuthenticationFilter - 用户 [knockfish] (ID:1) JWT 认证通过
2026-08-03 19:41:55.062 [http-nio-8081-exec-36] INFO  com.knockfish.aspect.LogAspect - [获取10条草稿] 请求开始 - GET /api/article/draft - ArticleController.getDraftByUserId - 参数: 无
2026-08-03 19:41:55.074 [http-nio-8081-exec-36] INFO  com.knockfish.aspect.LogAspect - [获取10条草稿] 请求成功 - 执行时间: 11ms
2026-08-03 19:41:58.894 [http-nio-8081-exec-37] INFO  com.knockfish.security.JwtAuthenticationFilter - === 请求路径: /api/article/list, 方法: GET
2026-08-03 19:41:58.921 [http-nio-8081-exec-37] DEBUG com.knockfish.security.JwtAuthenticationFilter - 用户 [knockfish] (ID:1) JWT 认证通过
2026-08-03 19:41:58.923 [http-nio-8081-exec-37] INFO  com.knockfish.aspect.LogAspect - [查询文章列表] 请求开始 - GET /api/article/list - ArticleController.getArticleList - 参数: {"userId":null,"title":null}, 1, 10
2026-08-03 19:41:58.938 [http-nio-8081-exec-37] INFO  com.knockfish.aspect.LogAspect - [查询文章列表] 请求成功 - 执行时间: 14ms
2026-08-03 19:44:29.080 [http-nio-8081-exec-39] INFO  com.knockfish.security.JwtAuthenticationFilter - === 请求路径: /api/article/draft-count, 方法: GET
2026-08-03 19:44:29.117 [http-nio-8081-exec-39] DEBUG com.knockfish.security.JwtAuthenticationFilter - 用户 [knockfish] (ID:1) JWT 认证通过
2026-08-03 19:44:29.119 [http-nio-8081-exec-39] INFO  com.knockfish.aspect.LogAspect - [获取草稿数量] 请求开始 - GET /api/article/draft-count - ArticleController.getDraftCount - 参数: 无
2026-08-03 19:44:29.120 [http-nio-8081-exec-39] INFO  com.knockfish.aspect.LogAspect - [获取草稿数量] 请求成功 - 执行时间: 1ms
2026-08-03 19:44:29.138 [http-nio-8081-exec-38] INFO  com.knockfish.security.JwtAuthenticationFilter - === 请求路径: /api/article, 方法: POST
2026-08-03 19:44:29.159 [http-nio-8081-exec-38] DEBUG com.knockfish.security.JwtAuthenticationFilter - 用户 [knockfish] (ID:1) JWT 认证通过
2026-08-03 19:44:29.161 [http-nio-8081-exec-38] INFO  com.knockfish.aspect.LogAspect - [新增文章] 请求开始 - POST /api/article - ArticleController.createArticle - 参数: {"title":"","cover":"","description":"","content":"","status":"DRAFT","publishTime":null,"updateTime":null,"tags":[],"fileIds":null,"userId":null}
2026-08-03 19:44:29.173 [http-nio-8081-exec-38] INFO  com.knockfish.service.impl.ArticleServiceImpl - 文章创建成功: articleId=60, title=
2026-08-03 19:44:29.178 [http-nio-8081-exec-38] INFO  com.knockfish.aspect.LogAspect - [新增文章] 请求成功 - 执行时间: 16ms - 返回结果: {"code":200,"msg":"请求成功","data":60}
2026-08-03 19:45:49.995 [http-nio-8081-exec-42] INFO  com.knockfish.security.JwtAuthenticationFilter - === 请求路径: /api/article/draft, 方法: GET
2026-08-03 19:45:50.037 [http-nio-8081-exec-42] DEBUG com.knockfish.security.JwtAuthenticationFilter - 用户 [knockfish] (ID:1) JWT 认证通过
2026-08-03 19:45:50.040 [http-nio-8081-exec-42] INFO  com.knockfish.aspect.LogAspect - [获取10条草稿] 请求开始 - GET /api/article/draft - ArticleController.getDraftByUserId - 参数: 无
2026-08-03 19:45:50.056 [http-nio-8081-exec-42] INFO  com.knockfish.aspect.LogAspect - [获取10条草稿] 请求成功 - 执行时间: 16ms
2026-08-03 19:46:22.939 [http-nio-8081-exec-43] INFO  com.knockfish.security.JwtAuthenticationFilter - === 请求路径: /api/article/list, 方法: GET
2026-08-03 19:46:22.972 [http-nio-8081-exec-43] DEBUG com.knockfish.security.JwtAuthenticationFilter - 用户 [knockfish] (ID:1) JWT 认证通过
2026-08-03 19:46:22.977 [http-nio-8081-exec-43] INFO  com.knockfish.aspect.LogAspect - [查询文章列表] 请求开始 - GET /api/article/list - ArticleController.getArticleList - 参数: {"userId":null,"title":null}, 1, 10
2026-08-03 19:46:22.996 [http-nio-8081-exec-43] INFO  com.knockfish.aspect.LogAspect - [查询文章列表] 请求成功 - 执行时间: 17ms
2026-08-03 19:51:55.453 [http-nio-8081-exec-46] INFO  com.knockfish.security.JwtAuthenticationFilter - === 请求路径: /api/article/draft-count, 方法: GET
2026-08-03 19:51:55.474 [http-nio-8081-exec-46] DEBUG com.knockfish.security.JwtAuthenticationFilter - 用户 [knockfish] (ID:1) JWT 认证通过
2026-08-03 19:51:55.474 [http-nio-8081-exec-46] INFO  com.knockfish.aspect.LogAspect - [获取草稿数量] 请求开始 - GET /api/article/draft-count - ArticleController.getDraftCount - 参数: 无
2026-08-03 19:51:55.479 [http-nio-8081-exec-46] INFO  com.knockfish.aspect.LogAspect - [获取草稿数量] 请求成功 - 执行时间: 4ms
2026-08-03 19:51:55.487 [http-nio-8081-exec-47] INFO  com.knockfish.security.JwtAuthenticationFilter - === 请求路径: /api/article, 方法: POST
2026-08-03 19:51:55.509 [http-nio-8081-exec-47] DEBUG com.knockfish.security.JwtAuthenticationFilter - 用户 [knockfish] (ID:1) JWT 认证通过
2026-08-03 19:51:55.511 [http-nio-8081-exec-47] INFO  com.knockfish.aspect.LogAspect - [新增文章] 请求开始 - POST /api/article - ArticleController.createArticle - 参数: {"title":"","cover":"","description":"","content":"","status":"DRAFT","publishTime":null,"updateTime":null,"tags":[],"fileIds":null,"userId":null}
2026-08-03 19:51:55.514 [http-nio-8081-exec-47] INFO  com.knockfish.service.impl.ArticleServiceImpl - 文章创建成功: articleId=61, title=
2026-08-03 19:51:55.519 [http-nio-8081-exec-47] INFO  com.knockfish.aspect.LogAspect - [新增文章] 请求成功 - 执行时间: 8ms - 返回结果: {"code":200,"msg":"请求成功","data":61}
2026-08-03 19:51:56.968 [http-nio-8081-exec-49] INFO  com.knockfish.security.JwtAuthenticationFilter - === 请求路径: /api/article/draft, 方法: GET
2026-08-03 19:51:56.986 [http-nio-8081-exec-49] DEBUG com.knockfish.security.JwtAuthenticationFilter - 用户 [knockfish] (ID:1) JWT 认证通过
2026-08-03 19:51:56.986 [http-nio-8081-exec-49] INFO  com.knockfish.aspect.LogAspect - [获取10条草稿] 请求开始 - GET /api/article/draft - ArticleController.getDraftByUserId - 参数: 无
2026-08-03 19:51:57.002 [http-nio-8081-exec-49] INFO  com.knockfish.aspect.LogAspect - [获取10条草稿] 请求成功 - 执行时间: 14ms
2026-08-03 19:51:59.677 [http-nio-8081-exec-50] INFO  com.knockfish.security.JwtAuthenticationFilter - === 请求路径: /api/article/60, 方法: DELETE
2026-08-03 19:51:59.695 [http-nio-8081-exec-50] DEBUG com.knockfish.security.JwtAuthenticationFilter - 用户 [knockfish] (ID:1) JWT 认证通过
2026-08-03 19:51:59.698 [http-nio-8081-exec-50] INFO  com.knockfish.aspect.LogAspect - [删除文章] 请求开始 - DELETE /api/article/60 - ArticleController.deleteArticle - 参数: 60
2026-08-03 19:51:59.713 [http-nio-8081-exec-50] INFO  com.knockfish.service.impl.ArticleServiceImpl - 文章删除成功: articleId=60, title=
2026-08-03 19:51:59.718 [http-nio-8081-exec-50] INFO  com.knockfish.aspect.LogAspect - [删除文章] 请求成功 - 执行时间: 19ms
2026-08-03 19:51:59.728 [http-nio-8081-exec-1] INFO  com.knockfish.security.JwtAuthenticationFilter - === 请求路径: /api/article/draft, 方法: GET
2026-08-03 19:51:59.753 [http-nio-8081-exec-1] DEBUG com.knockfish.security.JwtAuthenticationFilter - 用户 [knockfish] (ID:1) JWT 认证通过
2026-08-03 19:51:59.754 [http-nio-8081-exec-1] INFO  com.knockfish.aspect.LogAspect - [获取10条草稿] 请求开始 - GET /api/article/draft - ArticleController.getDraftByUserId - 参数: 无
2026-08-03 19:51:59.760 [http-nio-8081-exec-1] INFO  com.knockfish.aspect.LogAspect - [获取10条草稿] 请求成功 - 执行时间: 6ms
2026-08-03 19:52:02.743 [http-nio-8081-exec-6] INFO  com.knockfish.security.JwtAuthenticationFilter - === 请求路径: /api/article/61, 方法: DELETE
2026-08-03 19:52:02.759 [http-nio-8081-exec-6] DEBUG com.knockfish.security.JwtAuthenticationFilter - 用户 [knockfish] (ID:1) JWT 认证通过
2026-08-03 19:52:02.762 [http-nio-8081-exec-6] INFO  com.knockfish.aspect.LogAspect - [删除文章] 请求开始 - DELETE /api/article/61 - ArticleController.deleteArticle - 参数: 61
2026-08-03 19:52:02.774 [http-nio-8081-exec-6] INFO  com.knockfish.service.impl.ArticleServiceImpl - 文章删除成功: articleId=61, title=
2026-08-03 19:52:02.782 [http-nio-8081-exec-6] INFO  com.knockfish.aspect.LogAspect - [删除文章] 请求成功 - 执行时间: 19ms
2026-08-03 19:52:02.790 [http-nio-8081-exec-7] INFO  com.knockfish.security.JwtAuthenticationFilter - === 请求路径: /api/article/draft, 方法: GET
2026-08-03 19:52:02.820 [http-nio-8081-exec-7] DEBUG com.knockfish.security.JwtAuthenticationFilter - 用户 [knockfish] (ID:1) JWT 认证通过
2026-08-03 19:52:02.821 [http-nio-8081-exec-7] INFO  com.knockfish.aspect.LogAspect - [获取10条草稿] 请求开始 - GET /api/article/draft - ArticleController.getDraftByUserId - 参数: 无
2026-08-03 19:52:02.831 [http-nio-8081-exec-7] INFO  com.knockfish.aspect.LogAspect - [获取10条草稿] 请求成功 - 执行时间: 10ms
2026-08-03 19:52:04.708 [http-nio-8081-exec-3] INFO  com.knockfish.security.JwtAuthenticationFilter - === 请求路径: /api/article/list, 方法: GET
2026-08-03 19:52:04.731 [http-nio-8081-exec-3] DEBUG com.knockfish.security.JwtAuthenticationFilter - 用户 [knockfish] (ID:1) JWT 认证通过
2026-08-03 19:52:04.732 [http-nio-8081-exec-3] INFO  com.knockfish.aspect.LogAspect - [查询文章列表] 请求开始 - GET /api/article/list - ArticleController.getArticleList - 参数: {"userId":null,"title":null}, 1, 10
2026-08-03 19:52:04.740 [http-nio-8081-exec-3] INFO  com.knockfish.aspect.LogAspect - [查询文章列表] 请求成功 - 执行时间: 8ms
2026-08-03 20:05:12.740 [SpringApplicationShutdownHook] INFO  com.zaxxer.hikari.HikariDataSource - KnockfishHikariCP - Shutdown initiated...
2026-08-03 20:05:12.766 [SpringApplicationShutdownHook] INFO  com.zaxxer.hikari.HikariDataSource - KnockfishHikariCP - Shutdown completed.
