2026-08-11 00:07:27.986 [http-nio-8081-exec-28] INFO  com.knockfish.security.JwtAuthenticationFilter - === 请求路径: /api/article/60, 方法: GET
2026-08-11 00:07:28.090 [http-nio-8081-exec-28] INFO  com.knockfish.aspect.LogAspect - [获取文章详情] 请求开始 - GET /api/article/60 - ArticleController.getArticleById - 参数: 60
2026-08-11 00:07:28.101 [http-nio-8081-exec-28] INFO  com.knockfish.aspect.LogAspect - [获取文章详情] 请求成功 - 执行时间: 11ms
2026-08-11 00:07:46.526 [http-nio-8081-exec-30] INFO  com.knockfish.security.JwtAuthenticationFilter - === 请求路径: /api/article/60, 方法: GET
2026-08-11 00:07:46.529 [http-nio-8081-exec-30] INFO  com.knockfish.aspect.LogAspect - [获取文章详情] 请求开始 - GET /api/article/60 - ArticleController.getArticleById - 参数: 60
2026-08-11 00:07:46.532 [http-nio-8081-exec-30] INFO  com.knockfish.aspect.LogAspect - [获取文章详情] 请求成功 - 执行时间: 3ms
2026-08-11 00:08:39.106 [http-nio-8081-exec-34] INFO  com.knockfish.security.JwtAuthenticationFilter - === 请求路径: /api/article/60, 方法: GET
2026-08-11 00:08:39.109 [http-nio-8081-exec-34] INFO  com.knockfish.aspect.LogAspect - [获取文章详情] 请求开始 - GET /api/article/60 - ArticleController.getArticleById - 参数: 60
2026-08-11 00:08:39.114 [http-nio-8081-exec-34] INFO  com.knockfish.aspect.LogAspect - [获取文章详情] 请求成功 - 执行时间: 4ms
2026-08-11 00:13:05.742 [http-nio-8081-exec-33] INFO  com.knockfish.security.JwtAuthenticationFilter - === 请求路径: /api/article/60, 方法: GET
2026-08-11 00:13:05.745 [http-nio-8081-exec-33] INFO  com.knockfish.aspect.LogAspect - [获取文章详情] 请求开始 - GET /api/article/60 - ArticleController.getArticleById - 参数: 60
2026-08-11 00:13:05.750 [http-nio-8081-exec-33] INFO  com.knockfish.aspect.LogAspect - [获取文章详情] 请求成功 - 执行时间: 5ms
2026-08-11 00:17:52.408 [http-nio-8081-exec-37] INFO  com.knockfish.security.JwtAuthenticationFilter - === 请求路径: /api/article/60, 方法: GET
2026-08-11 00:17:52.411 [http-nio-8081-exec-37] INFO  com.knockfish.aspect.LogAspect - [获取文章详情] 请求开始 - GET /api/article/60 - ArticleController.getArticleById - 参数: 60
2026-08-11 00:17:52.416 [http-nio-8081-exec-37] INFO  com.knockfish.aspect.LogAspect - [获取文章详情] 请求成功 - 执行时间: 5ms
2026-08-11 00:18:20.292 [http-nio-8081-exec-38] INFO  com.knockfish.security.JwtAuthenticationFilter - === 请求路径: /api/article/with-tag, 方法: GET
2026-08-11 00:18:20.294 [http-nio-8081-exec-35] INFO  com.knockfish.security.JwtAuthenticationFilter - === 请求路径: /api/user/1, 方法: GET
2026-08-11 00:18:20.298 [http-nio-8081-exec-42] INFO  com.knockfish.security.JwtAuthenticationFilter - === 请求路径: /api/tag, 方法: GET
2026-08-11 00:18:20.299 [http-nio-8081-exec-41] INFO  com.knockfish.security.JwtAuthenticationFilter - === 请求路径: /api/user/2, 方法: GET
2026-08-11 00:18:20.309 [http-nio-8081-exec-41] INFO  com.knockfish.aspect.LogAspect - [查询用户信息] 请求开始 - GET /api/user/2 - UserController.getUserById - 参数: 2
2026-08-11 00:18:20.309 [http-nio-8081-exec-35] INFO  com.knockfish.aspect.LogAspect - [查询用户信息] 请求开始 - GET /api/user/1 - UserController.getUserById - 参数: 1
2026-08-11 00:18:20.319 [http-nio-8081-exec-38] INFO  com.knockfish.aspect.LogAspect - [查询文章列表(含标签)] 请求开始 - GET /api/article/with-tag - ArticleController.getArticleWithTagList - 参数: {"userId":1,"title":null}, 1, 10
2026-08-11 00:18:20.415 [http-nio-8081-exec-41] INFO  com.knockfish.aspect.LogAspect - [查询用户信息] 请求成功 - 执行时间: 106ms
2026-08-11 00:18:20.416 [http-nio-8081-exec-35] INFO  com.knockfish.aspect.LogAspect - [查询用户信息] 请求成功 - 执行时间: 107ms
2026-08-11 00:18:20.427 [http-nio-8081-exec-38] INFO  com.knockfish.aspect.LogAspect - [查询文章列表(含标签)] 请求成功 - 执行时间: 108ms
2026-08-11 00:21:02.887 [http-nio-8081-exec-43] INFO  com.knockfish.security.JwtAuthenticationFilter - === 请求路径: /api/article/with-tag, 方法: GET
2026-08-11 00:21:02.887 [http-nio-8081-exec-46] INFO  com.knockfish.security.JwtAuthenticationFilter - === 请求路径: /api/user/1, 方法: GET
2026-08-11 00:21:02.889 [http-nio-8081-exec-48] INFO  com.knockfish.security.JwtAuthenticationFilter - === 请求路径: /api/user/2, 方法: GET
2026-08-11 00:21:02.890 [http-nio-8081-exec-50] INFO  com.knockfish.security.JwtAuthenticationFilter - === 请求路径: /api/tag, 方法: GET
2026-08-11 00:21:02.890 [http-nio-8081-exec-46] INFO  com.knockfish.aspect.LogAspect - [查询用户信息] 请求开始 - GET /api/user/1 - UserController.getUserById - 参数: 1
2026-08-11 00:21:02.892 [http-nio-8081-exec-48] INFO  com.knockfish.aspect.LogAspect - [查询用户信息] 请求开始 - GET /api/user/2 - UserController.getUserById - 参数: 2
2026-08-11 00:21:02.892 [http-nio-8081-exec-43] INFO  com.knockfish.aspect.LogAspect - [查询文章列表(含标签)] 请求开始 - GET /api/article/with-tag - ArticleController.getArticleWithTagList - 参数: {"userId":1,"title":null}, 1, 10
2026-08-11 00:21:02.898 [http-nio-8081-exec-46] INFO  com.knockfish.aspect.LogAspect - [查询用户信息] 请求成功 - 执行时间: 8ms
2026-08-11 00:21:02.900 [http-nio-8081-exec-48] INFO  com.knockfish.aspect.LogAspect - [查询用户信息] 请求成功 - 执行时间: 8ms
2026-08-11 00:21:02.912 [http-nio-8081-exec-43] INFO  com.knockfish.aspect.LogAspect - [查询文章列表(含标签)] 请求成功 - 执行时间: 20ms
2026-08-11 00:21:11.626 [http-nio-8081-exec-47] INFO  com.knockfish.security.JwtAuthenticationFilter - === 请求路径: /api/article/with-tag, 方法: GET
2026-08-11 00:21:11.626 [http-nio-8081-exec-4] INFO  com.knockfish.security.JwtAuthenticationFilter - === 请求路径: /api/user/1, 方法: GET
2026-08-11 00:21:11.628 [http-nio-8081-exec-47] INFO  com.knockfish.aspect.LogAspect - [查询文章列表(含标签)] 请求开始 - GET /api/article/with-tag - ArticleController.getArticleWithTagList - 参数: {"userId":1,"title":null}, 1, 10
2026-08-11 00:21:11.628 [http-nio-8081-exec-49] INFO  com.knockfish.security.JwtAuthenticationFilter - === 请求路径: /api/user/2, 方法: GET
2026-08-11 00:21:11.628 [http-nio-8081-exec-4] INFO  com.knockfish.aspect.LogAspect - [查询用户信息] 请求开始 - GET /api/user/1 - UserController.getUserById - 参数: 1
2026-08-11 00:21:11.629 [http-nio-8081-exec-3] INFO  com.knockfish.security.JwtAuthenticationFilter - === 请求路径: /api/tag, 方法: GET
2026-08-11 00:21:11.631 [http-nio-8081-exec-49] INFO  com.knockfish.aspect.LogAspect - [查询用户信息] 请求开始 - GET /api/user/2 - UserController.getUserById - 参数: 2
2026-08-11 00:21:11.636 [http-nio-8081-exec-4] INFO  com.knockfish.aspect.LogAspect - [查询用户信息] 请求成功 - 执行时间: 7ms
2026-08-11 00:21:11.637 [http-nio-8081-exec-49] INFO  com.knockfish.aspect.LogAspect - [查询用户信息] 请求成功 - 执行时间: 5ms
2026-08-11 00:21:11.645 [http-nio-8081-exec-47] INFO  com.knockfish.aspect.LogAspect - [查询文章列表(含标签)] 请求成功 - 执行时间: 17ms
2026-08-11 00:21:35.612 [http-nio-8081-exec-2] INFO  com.knockfish.security.JwtAuthenticationFilter - === 请求路径: /api/article/with-tag, 方法: GET
2026-08-11 00:21:35.612 [http-nio-8081-exec-7] INFO  com.knockfish.security.JwtAuthenticationFilter - === 请求路径: /api/user/2, 方法: GET
2026-08-11 00:21:35.612 [http-nio-8081-exec-8] INFO  com.knockfish.security.JwtAuthenticationFilter - === 请求路径: /api/tag, 方法: GET
2026-08-11 00:21:35.613 [http-nio-8081-exec-7] INFO  com.knockfish.aspect.LogAspect - [查询用户信息] 请求开始 - GET /api/user/2 - UserController.getUserById - 参数: 2
2026-08-11 00:21:35.614 [http-nio-8081-exec-2] INFO  com.knockfish.aspect.LogAspect - [查询文章列表(含标签)] 请求开始 - GET /api/article/with-tag - ArticleController.getArticleWithTagList - 参数: {"userId":1,"title":null}, 1, 10
2026-08-11 00:21:35.616 [http-nio-8081-exec-1] INFO  com.knockfish.security.JwtAuthenticationFilter - === 请求路径: /api/user/1, 方法: GET
2026-08-11 00:21:35.619 [http-nio-8081-exec-1] INFO  com.knockfish.aspect.LogAspect - [查询用户信息] 请求开始 - GET /api/user/1 - UserController.getUserById - 参数: 1
2026-08-11 00:21:35.620 [http-nio-8081-exec-7] INFO  com.knockfish.aspect.LogAspect - [查询用户信息] 请求成功 - 执行时间: 7ms
2026-08-11 00:21:35.631 [http-nio-8081-exec-1] INFO  com.knockfish.aspect.LogAspect - [查询用户信息] 请求成功 - 执行时间: 12ms
2026-08-11 00:21:35.633 [http-nio-8081-exec-2] INFO  com.knockfish.aspect.LogAspect - [查询文章列表(含标签)] 请求成功 - 执行时间: 18ms
2026-08-11 00:22:12.077 [http-nio-8081-exec-16] INFO  com.knockfish.security.JwtAuthenticationFilter - === 请求路径: /api/article/with-tag, 方法: GET
2026-08-11 00:22:12.077 [http-nio-8081-exec-9] INFO  com.knockfish.security.JwtAuthenticationFilter - === 请求路径: /api/user/1, 方法: GET
2026-08-11 00:22:12.079 [http-nio-8081-exec-9] INFO  com.knockfish.aspect.LogAspect - [查询用户信息] 请求开始 - GET /api/user/1 - UserController.getUserById - 参数: 1
2026-08-11 00:22:12.079 [http-nio-8081-exec-16] INFO  com.knockfish.aspect.LogAspect - [查询文章列表(含标签)] 请求开始 - GET /api/article/with-tag - ArticleController.getArticleWithTagList - 参数: {"userId":1,"title":null}, 1, 10
2026-08-11 00:22:12.078 [http-nio-8081-exec-15] INFO  com.knockfish.security.JwtAuthenticationFilter - === 请求路径: /api/tag, 方法: GET
2026-08-11 00:22:12.078 [http-nio-8081-exec-12] INFO  com.knockfish.security.JwtAuthenticationFilter - === 请求路径: /api/user/2, 方法: GET
2026-08-11 00:22:12.082 [http-nio-8081-exec-12] INFO  com.knockfish.aspect.LogAspect - [查询用户信息] 请求开始 - GET /api/user/2 - UserController.getUserById - 参数: 2
2026-08-11 00:22:12.087 [http-nio-8081-exec-9] INFO  com.knockfish.aspect.LogAspect - [查询用户信息] 请求成功 - 执行时间: 8ms
2026-08-11 00:22:12.087 [http-nio-8081-exec-12] INFO  com.knockfish.aspect.LogAspect - [查询用户信息] 请求成功 - 执行时间: 5ms
2026-08-11 00:22:12.090 [http-nio-8081-exec-16] INFO  com.knockfish.aspect.LogAspect - [查询文章列表(含标签)] 请求成功 - 执行时间: 11ms
2026-08-11 00:22:41.563 [http-nio-8081-exec-17] INFO  com.knockfish.security.JwtAuthenticationFilter - === 请求路径: /api/article/with-tag, 方法: GET
2026-08-11 00:22:41.564 [http-nio-8081-exec-20] INFO  com.knockfish.security.JwtAuthenticationFilter - === 请求路径: /api/user/1, 方法: GET
2026-08-11 00:22:41.564 [http-nio-8081-exec-14] INFO  com.knockfish.security.JwtAuthenticationFilter - === 请求路径: /api/tag, 方法: GET
2026-08-11 00:22:41.564 [http-nio-8081-exec-13] INFO  com.knockfish.security.JwtAuthenticationFilter - === 请求路径: /api/user/2, 方法: GET
2026-08-11 00:22:41.565 [http-nio-8081-exec-17] INFO  com.knockfish.aspect.LogAspect - [查询文章列表(含标签)] 请求开始 - GET /api/article/with-tag - ArticleController.getArticleWithTagList - 参数: {"userId":1,"title":null}, 1, 10
2026-08-11 00:22:41.566 [http-nio-8081-exec-20] INFO  com.knockfish.aspect.LogAspect - [查询用户信息] 请求开始 - GET /api/user/1 - UserController.getUserById - 参数: 1
2026-08-11 00:22:41.566 [http-nio-8081-exec-13] INFO  com.knockfish.aspect.LogAspect - [查询用户信息] 请求开始 - GET /api/user/2 - UserController.getUserById - 参数: 2
2026-08-11 00:22:41.573 [http-nio-8081-exec-20] INFO  com.knockfish.aspect.LogAspect - [查询用户信息] 请求成功 - 执行时间: 7ms
2026-08-11 00:22:41.574 [http-nio-8081-exec-13] INFO  com.knockfish.aspect.LogAspect - [查询用户信息] 请求成功 - 执行时间: 8ms
2026-08-11 00:22:41.580 [http-nio-8081-exec-17] INFO  com.knockfish.aspect.LogAspect - [查询文章列表(含标签)] 请求成功 - 执行时间: 15ms
2026-08-11 00:43:57.240 [http-nio-8081-exec-24] INFO  com.knockfish.security.JwtAuthenticationFilter - === 请求路径: /api/user/2, 方法: GET
2026-08-11 00:43:57.240 [http-nio-8081-exec-26] INFO  com.knockfish.security.JwtAuthenticationFilter - === 请求路径: /api/tag, 方法: GET
2026-08-11 00:43:57.240 [http-nio-8081-exec-21] INFO  com.knockfish.security.JwtAuthenticationFilter - === 请求路径: /api/user/1, 方法: GET
2026-08-11 00:43:57.240 [http-nio-8081-exec-23] INFO  com.knockfish.security.JwtAuthenticationFilter - === 请求路径: /api/article/with-tag, 方法: GET
2026-08-11 00:43:57.373 [http-nio-8081-exec-21] INFO  com.knockfish.aspect.LogAspect - [查询用户信息] 请求开始 - GET /api/user/1 - UserController.getUserById - 参数: 1
2026-08-11 00:43:57.373 [http-nio-8081-exec-24] INFO  com.knockfish.aspect.LogAspect - [查询用户信息] 请求开始 - GET /api/user/2 - UserController.getUserById - 参数: 2
2026-08-11 00:43:57.374 [http-nio-8081-exec-23] INFO  com.knockfish.aspect.LogAspect - [查询文章列表(含标签)] 请求开始 - GET /api/article/with-tag - ArticleController.getArticleWithTagList - 参数: {"userId":1,"title":null}, 1, 10
2026-08-11 00:43:57.424 [http-nio-8081-exec-24] INFO  com.knockfish.aspect.LogAspect - [查询用户信息] 请求成功 - 执行时间: 50ms
2026-08-11 00:43:57.424 [http-nio-8081-exec-21] INFO  com.knockfish.aspect.LogAspect - [查询用户信息] 请求成功 - 执行时间: 51ms
2026-08-11 00:43:57.444 [http-nio-8081-exec-23] INFO  com.knockfish.aspect.LogAspect - [查询文章列表(含标签)] 请求成功 - 执行时间: 70ms
2026-08-11 00:44:11.613 [http-nio-8081-exec-27] INFO  com.knockfish.security.JwtAuthenticationFilter - === 请求路径: /api/article/with-tag, 方法: GET
2026-08-11 00:44:11.614 [http-nio-8081-exec-30] INFO  com.knockfish.security.JwtAuthenticationFilter - === 请求路径: /api/tag, 方法: GET
2026-08-11 00:44:11.614 [http-nio-8081-exec-28] INFO  com.knockfish.security.JwtAuthenticationFilter - === 请求路径: /api/user/2, 方法: GET
2026-08-11 00:44:11.615 [http-nio-8081-exec-32] INFO  com.knockfish.security.JwtAuthenticationFilter - === 请求路径: /api/user/1, 方法: GET
2026-08-11 00:44:11.620 [http-nio-8081-exec-27] INFO  com.knockfish.aspect.LogAspect - [查询文章列表(含标签)] 请求开始 - GET /api/article/with-tag - ArticleController.getArticleWithTagList - 参数: {"userId":1,"title":null}, 1, 10
2026-08-11 00:44:11.620 [http-nio-8081-exec-28] INFO  com.knockfish.aspect.LogAspect - [查询用户信息] 请求开始 - GET /api/user/2 - UserController.getUserById - 参数: 2
2026-08-11 00:44:11.620 [http-nio-8081-exec-32] INFO  com.knockfish.aspect.LogAspect - [查询用户信息] 请求开始 - GET /api/user/1 - UserController.getUserById - 参数: 1
2026-08-11 00:44:11.637 [http-nio-8081-exec-28] INFO  com.knockfish.aspect.LogAspect - [查询用户信息] 请求成功 - 执行时间: 17ms
2026-08-11 00:44:11.639 [http-nio-8081-exec-32] INFO  com.knockfish.aspect.LogAspect - [查询用户信息] 请求成功 - 执行时间: 19ms
2026-08-11 00:44:11.659 [http-nio-8081-exec-27] INFO  com.knockfish.aspect.LogAspect - [查询文章列表(含标签)] 请求成功 - 执行时间: 39ms
2026-08-11 00:44:29.652 [http-nio-8081-exec-31] INFO  com.knockfish.security.JwtAuthenticationFilter - === 请求路径: /api/article/with-tag, 方法: GET
2026-08-11 00:44:29.652 [http-nio-8081-exec-34] INFO  com.knockfish.security.JwtAuthenticationFilter - === 请求路径: /api/user/1, 方法: GET
2026-08-11 00:44:29.654 [http-nio-8081-exec-33] INFO  com.knockfish.security.JwtAuthenticationFilter - === 请求路径: /api/tag, 方法: GET
2026-08-11 00:44:29.654 [http-nio-8081-exec-29] INFO  com.knockfish.security.JwtAuthenticationFilter - === 请求路径: /api/user/2, 方法: GET
2026-08-11 00:44:29.655 [http-nio-8081-exec-34] INFO  com.knockfish.aspect.LogAspect - [查询用户信息] 请求开始 - GET /api/user/1 - UserController.getUserById - 参数: 1
2026-08-11 00:44:29.655 [http-nio-8081-exec-29] INFO  com.knockfish.aspect.LogAspect - [查询用户信息] 请求开始 - GET /api/user/2 - UserController.getUserById - 参数: 2
2026-08-11 00:44:29.661 [http-nio-8081-exec-31] INFO  com.knockfish.aspect.LogAspect - [查询文章列表(含标签)] 请求开始 - GET /api/article/with-tag - ArticleController.getArticleWithTagList - 参数: {"userId":1,"title":null}, 1, 10
2026-08-11 00:44:29.759 [http-nio-8081-exec-29] INFO  com.knockfish.aspect.LogAspect - [查询用户信息] 请求成功 - 执行时间: 102ms
2026-08-11 00:44:29.761 [http-nio-8081-exec-31] INFO  com.knockfish.aspect.LogAspect - [查询文章列表(含标签)] 请求成功 - 执行时间: 97ms
2026-08-11 00:44:29.765 [http-nio-8081-exec-34] INFO  com.knockfish.aspect.LogAspect - [查询用户信息] 请求成功 - 执行时间: 110ms
2026-08-11 00:47:00.253 [http-nio-8081-exec-42] INFO  com.knockfish.security.JwtAuthenticationFilter - === 请求路径: /api/article/with-tag, 方法: GET
2026-08-11 00:47:00.259 [http-nio-8081-exec-42] INFO  com.knockfish.aspect.LogAspect - [查询文章列表(含标签)] 请求开始 - GET /api/article/with-tag - ArticleController.getArticleWithTagList - 参数: {"userId":1,"title":null}, 1, 10
2026-08-11 00:47:00.259 [http-nio-8081-exec-38] INFO  com.knockfish.security.JwtAuthenticationFilter - === 请求路径: /api/user/1, 方法: GET
2026-08-11 00:47:00.260 [http-nio-8081-exec-36] INFO  com.knockfish.security.JwtAuthenticationFilter - === 请求路径: /api/user/2, 方法: GET
2026-08-11 00:47:00.262 [http-nio-8081-exec-38] INFO  com.knockfish.aspect.LogAspect - [查询用户信息] 请求开始 - GET /api/user/1 - UserController.getUserById - 参数: 1
2026-08-11 00:47:00.263 [http-nio-8081-exec-45] INFO  com.knockfish.security.JwtAuthenticationFilter - === 请求路径: /api/tag, 方法: GET
2026-08-11 00:47:00.265 [http-nio-8081-exec-36] INFO  com.knockfish.aspect.LogAspect - [查询用户信息] 请求开始 - GET /api/user/2 - UserController.getUserById - 参数: 2
2026-08-11 00:47:00.276 [http-nio-8081-exec-36] INFO  com.knockfish.aspect.LogAspect - [查询用户信息] 请求成功 - 执行时间: 10ms
2026-08-11 00:47:00.276 [http-nio-8081-exec-38] INFO  com.knockfish.aspect.LogAspect - [查询用户信息] 请求成功 - 执行时间: 14ms
2026-08-11 00:47:00.281 [http-nio-8081-exec-42] INFO  com.knockfish.aspect.LogAspect - [查询文章列表(含标签)] 请求成功 - 执行时间: 22ms
2026-08-11 00:47:31.181 [http-nio-8081-exec-50] INFO  com.knockfish.security.JwtAuthenticationFilter - === 请求路径: /api/article/with-tag, 方法: GET
2026-08-11 00:47:31.185 [http-nio-8081-exec-49] INFO  com.knockfish.security.JwtAuthenticationFilter - === 请求路径: /api/tag, 方法: GET
2026-08-11 00:47:31.185 [http-nio-8081-exec-4] INFO  com.knockfish.security.JwtAuthenticationFilter - === 请求路径: /api/user/2, 方法: GET
2026-08-11 00:47:31.185 [http-nio-8081-exec-50] INFO  com.knockfish.aspect.LogAspect - [查询文章列表(含标签)] 请求开始 - GET /api/article/with-tag - ArticleController.getArticleWithTagList - 参数: {"userId":1,"title":null}, 1, 10
2026-08-11 00:47:31.185 [http-nio-8081-exec-43] INFO  com.knockfish.security.JwtAuthenticationFilter - === 请求路径: /api/user/1, 方法: GET
2026-08-11 00:47:31.189 [http-nio-8081-exec-43] INFO  com.knockfish.aspect.LogAspect - [查询用户信息] 请求开始 - GET /api/user/1 - UserController.getUserById - 参数: 1
2026-08-11 00:47:31.192 [http-nio-8081-exec-4] INFO  com.knockfish.aspect.LogAspect - [查询用户信息] 请求开始 - GET /api/user/2 - UserController.getUserById - 参数: 2
2026-08-11 00:47:31.203 [http-nio-8081-exec-43] INFO  com.knockfish.aspect.LogAspect - [查询用户信息] 请求成功 - 执行时间: 13ms
2026-08-11 00:47:31.206 [http-nio-8081-exec-50] INFO  com.knockfish.aspect.LogAspect - [查询文章列表(含标签)] 请求成功 - 执行时间: 20ms
2026-08-11 00:47:31.224 [http-nio-8081-exec-4] INFO  com.knockfish.aspect.LogAspect - [查询用户信息] 请求成功 - 执行时间: 31ms
2026-08-11 00:47:39.617 [http-nio-8081-exec-3] INFO  com.knockfish.security.JwtAuthenticationFilter - === 请求路径: /api/article/with-tag, 方法: GET
2026-08-11 00:47:39.619 [http-nio-8081-exec-47] INFO  com.knockfish.security.JwtAuthenticationFilter - === 请求路径: /api/user/1, 方法: GET
2026-08-11 00:47:39.621 [http-nio-8081-exec-7] INFO  com.knockfish.security.JwtAuthenticationFilter - === 请求路径: /api/user/2, 方法: GET
2026-08-11 00:47:39.623 [http-nio-8081-exec-7] INFO  com.knockfish.aspect.LogAspect - [查询用户信息] 请求开始 - GET /api/user/2 - UserController.getUserById - 参数: 2
2026-08-11 00:47:39.623 [http-nio-8081-exec-47] INFO  com.knockfish.aspect.LogAspect - [查询用户信息] 请求开始 - GET /api/user/1 - UserController.getUserById - 参数: 1
2026-08-11 00:47:39.625 [http-nio-8081-exec-3] INFO  com.knockfish.aspect.LogAspect - [查询文章列表(含标签)] 请求开始 - GET /api/article/with-tag - ArticleController.getArticleWithTagList - 参数: {"userId":1,"title":null}, 1, 10
2026-08-11 00:47:39.631 [http-nio-8081-exec-8] INFO  com.knockfish.security.JwtAuthenticationFilter - === 请求路径: /api/tag, 方法: GET
2026-08-11 00:47:39.682 [http-nio-8081-exec-3] INFO  com.knockfish.aspect.LogAspect - [查询文章列表(含标签)] 请求成功 - 执行时间: 57ms
2026-08-11 00:47:39.700 [http-nio-8081-exec-7] INFO  com.knockfish.aspect.LogAspect - [查询用户信息] 请求成功 - 执行时间: 77ms
2026-08-11 00:47:39.700 [http-nio-8081-exec-47] INFO  com.knockfish.aspect.LogAspect - [查询用户信息] 请求成功 - 执行时间: 77ms
2026-08-11 00:47:52.273 [http-nio-8081-exec-1] INFO  com.knockfish.security.JwtAuthenticationFilter - === 请求路径: /api/article/with-tag, 方法: GET
2026-08-11 00:47:52.273 [http-nio-8081-exec-2] INFO  com.knockfish.security.JwtAuthenticationFilter - === 请求路径: /api/user/1, 方法: GET
2026-08-11 00:47:52.275 [http-nio-8081-exec-5] INFO  com.knockfish.security.JwtAuthenticationFilter - === 请求路径: /api/user/2, 方法: GET
2026-08-11 00:47:52.275 [http-nio-8081-exec-11] INFO  com.knockfish.security.JwtAuthenticationFilter - === 请求路径: /api/tag, 方法: GET
2026-08-11 00:47:52.278 [http-nio-8081-exec-2] INFO  com.knockfish.aspect.LogAspect - [查询用户信息] 请求开始 - GET /api/user/1 - UserController.getUserById - 参数: 1
2026-08-11 00:47:52.278 [http-nio-8081-exec-5] INFO  com.knockfish.aspect.LogAspect - [查询用户信息] 请求开始 - GET /api/user/2 - UserController.getUserById - 参数: 2
2026-08-11 00:47:52.279 [http-nio-8081-exec-1] INFO  com.knockfish.aspect.LogAspect - [查询文章列表(含标签)] 请求开始 - GET /api/article/with-tag - ArticleController.getArticleWithTagList - 参数: {"userId":1,"title":null}, 1, 10
2026-08-11 00:47:52.291 [http-nio-8081-exec-2] INFO  com.knockfish.aspect.LogAspect - [查询用户信息] 请求成功 - 执行时间: 13ms
2026-08-11 00:47:52.292 [http-nio-8081-exec-5] INFO  com.knockfish.aspect.LogAspect - [查询用户信息] 请求成功 - 执行时间: 13ms
2026-08-11 00:47:52.297 [http-nio-8081-exec-1] INFO  com.knockfish.aspect.LogAspect - [查询文章列表(含标签)] 请求成功 - 执行时间: 18ms
2026-08-11 00:48:25.636 [http-nio-8081-exec-16] INFO  com.knockfish.security.JwtAuthenticationFilter - === 请求路径: /api/user/1, 方法: GET
2026-08-11 00:48:25.636 [http-nio-8081-exec-9] INFO  com.knockfish.security.JwtAuthenticationFilter - === 请求路径: /api/article/with-tag, 方法: GET
2026-08-11 00:48:25.637 [http-nio-8081-exec-20] INFO  com.knockfish.security.JwtAuthenticationFilter - === 请求路径: /api/tag, 方法: GET
2026-08-11 00:48:25.639 [http-nio-8081-exec-13] INFO  com.knockfish.security.JwtAuthenticationFilter - === 请求路径: /api/user/2, 方法: GET
2026-08-11 00:48:25.639 [http-nio-8081-exec-9] INFO  com.knockfish.aspect.LogAspect - [查询文章列表(含标签)] 请求开始 - GET /api/article/with-tag - ArticleController.getArticleWithTagList - 参数: {"userId":1,"title":null}, 1, 10
2026-08-11 00:48:25.642 [http-nio-8081-exec-16] INFO  com.knockfish.aspect.LogAspect - [查询用户信息] 请求开始 - GET /api/user/1 - UserController.getUserById - 参数: 1
2026-08-11 00:48:25.644 [http-nio-8081-exec-13] INFO  com.knockfish.aspect.LogAspect - [查询用户信息] 请求开始 - GET /api/user/2 - UserController.getUserById - 参数: 2
2026-08-11 00:48:25.658 [http-nio-8081-exec-16] INFO  com.knockfish.aspect.LogAspect - [查询用户信息] 请求成功 - 执行时间: 16ms
2026-08-11 00:48:25.677 [http-nio-8081-exec-13] INFO  com.knockfish.aspect.LogAspect - [查询用户信息] 请求成功 - 执行时间: 33ms
2026-08-11 00:48:25.668 [http-nio-8081-exec-9] INFO  com.knockfish.aspect.LogAspect - [查询文章列表(含标签)] 请求成功 - 执行时间: 27ms
2026-08-11 00:48:55.447 [http-nio-8081-exec-14] INFO  com.knockfish.security.JwtAuthenticationFilter - === 请求路径: /api/article/with-tag, 方法: GET
2026-08-11 00:48:55.449 [http-nio-8081-exec-17] INFO  com.knockfish.security.JwtAuthenticationFilter - === 请求路径: /api/user/1, 方法: GET
2026-08-11 00:48:55.452 [http-nio-8081-exec-18] INFO  com.knockfish.security.JwtAuthenticationFilter - === 请求路径: /api/tag, 方法: GET
2026-08-11 00:48:55.452 [http-nio-8081-exec-19] INFO  com.knockfish.security.JwtAuthenticationFilter - === 请求路径: /api/user/2, 方法: GET
2026-08-11 00:48:55.454 [http-nio-8081-exec-17] INFO  com.knockfish.aspect.LogAspect - [查询用户信息] 请求开始 - GET /api/user/1 - UserController.getUserById - 参数: 1
2026-08-11 00:48:55.455 [http-nio-8081-exec-14] INFO  com.knockfish.aspect.LogAspect - [查询文章列表(含标签)] 请求开始 - GET /api/article/with-tag - ArticleController.getArticleWithTagList - 参数: {"userId":1,"title":null}, 1, 10
2026-08-11 00:48:55.456 [http-nio-8081-exec-19] INFO  com.knockfish.aspect.LogAspect - [查询用户信息] 请求开始 - GET /api/user/2 - UserController.getUserById - 参数: 2
2026-08-11 00:48:55.478 [http-nio-8081-exec-14] INFO  com.knockfish.aspect.LogAspect - [查询文章列表(含标签)] 请求成功 - 执行时间: 23ms
2026-08-11 00:48:55.489 [http-nio-8081-exec-19] INFO  com.knockfish.aspect.LogAspect - [查询用户信息] 请求成功 - 执行时间: 32ms
2026-08-11 00:48:55.489 [http-nio-8081-exec-17] INFO  com.knockfish.aspect.LogAspect - [查询用户信息] 请求成功 - 执行时间: 34ms
2026-08-11 00:49:10.514 [http-nio-8081-exec-22] INFO  com.knockfish.security.JwtAuthenticationFilter - === 请求路径: /api/article/with-tag, 方法: GET
2026-08-11 00:49:10.514 [http-nio-8081-exec-23] INFO  com.knockfish.security.JwtAuthenticationFilter - === 请求路径: /api/tag, 方法: GET
2026-08-11 00:49:10.515 [http-nio-8081-exec-25] INFO  com.knockfish.security.JwtAuthenticationFilter - === 请求路径: /api/user/1, 方法: GET
2026-08-11 00:49:10.515 [http-nio-8081-exec-24] INFO  com.knockfish.security.JwtAuthenticationFilter - === 请求路径: /api/user/2, 方法: GET
2026-08-11 00:49:10.517 [http-nio-8081-exec-25] INFO  com.knockfish.aspect.LogAspect - [查询用户信息] 请求开始 - GET /api/user/1 - UserController.getUserById - 参数: 1
2026-08-11 00:49:10.517 [http-nio-8081-exec-24] INFO  com.knockfish.aspect.LogAspect - [查询用户信息] 请求开始 - GET /api/user/2 - UserController.getUserById - 参数: 2
2026-08-11 00:49:10.517 [http-nio-8081-exec-22] INFO  com.knockfish.aspect.LogAspect - [查询文章列表(含标签)] 请求开始 - GET /api/article/with-tag - ArticleController.getArticleWithTagList - 参数: {"userId":1,"title":null}, 1, 10
2026-08-11 00:49:10.524 [http-nio-8081-exec-25] INFO  com.knockfish.aspect.LogAspect - [查询用户信息] 请求成功 - 执行时间: 6ms
2026-08-11 00:49:10.526 [http-nio-8081-exec-24] INFO  com.knockfish.aspect.LogAspect - [查询用户信息] 请求成功 - 执行时间: 6ms
2026-08-11 00:49:10.538 [http-nio-8081-exec-22] INFO  com.knockfish.aspect.LogAspect - [查询文章列表(含标签)] 请求成功 - 执行时间: 18ms
2026-08-11 02:27:33.919 [background-preinit] INFO  org.hibernate.validator.internal.util.Version - HV000001: Hibernate Validator 8.0.3.Final
2026-08-11 02:27:34.084 [main] INFO  com.knockfish.KnockfishBlogBackendApplication - Starting KnockfishBlogBackendApplication using Java 17.0.9 with PID 23348 (E:\fish_blog\knockfish-blog-backend\target\classes started by DELL in E:\fish_blog\knockfish-blog-backend)
2026-08-11 02:27:34.088 [main] INFO  com.knockfish.KnockfishBlogBackendApplication - No active profile set, falling back to 1 default profile: "default"
2026-08-11 02:27:37.998 [main] INFO  org.apache.coyote.http11.Http11NioProtocol - Initializing ProtocolHandler ["http-nio-8081"]
2026-08-11 02:27:38.001 [main] INFO  org.apache.catalina.core.StandardService - Starting service [Tomcat]
2026-08-11 02:27:38.002 [main] INFO  org.apache.catalina.core.StandardEngine - Starting Servlet engine: [Apache Tomcat/10.1.53]
2026-08-11 02:27:38.088 [main] INFO  o.a.c.core.ContainerBase.[Tomcat].[localhost].[/] - Initializing Spring embedded WebApplicationContext
2026-08-11 02:27:42.249 [main] INFO  org.apache.coyote.http11.Http11NioProtocol - Starting ProtocolHandler ["http-nio-8081"]
2026-08-11 02:27:42.310 [main] INFO  com.knockfish.KnockfishBlogBackendApplication - Started KnockfishBlogBackendApplication in 9.772 seconds (process running for 11.802)
2026-08-11 02:38:33.816 [http-nio-8081-exec-1] INFO  o.a.c.core.ContainerBase.[Tomcat].[localhost].[/] - Initializing Spring DispatcherServlet 'dispatcherServlet'
2026-08-11 02:38:34.174 [http-nio-8081-exec-1] INFO  com.knockfish.security.JwtAuthenticationFilter - === 请求路径: /api/agent/tag, 方法: GET
2026-08-11 02:38:34.319 [http-nio-8081-exec-1] INFO  com.knockfish.aspect.LogAspect - [agent获取全部标签列表] 请求开始 - GET /api/agent/tag - AgentController.getAllTags - 参数: 无
2026-08-11 02:38:34.348 [http-nio-8081-exec-1] INFO  com.zaxxer.hikari.HikariDataSource - KnockfishHikariCP - Starting...
2026-08-11 02:38:35.180 [http-nio-8081-exec-1] INFO  com.zaxxer.hikari.pool.HikariPool - KnockfishHikariCP - Added connection com.mysql.cj.jdbc.ConnectionImpl@58b5e5aa
2026-08-11 02:38:35.187 [http-nio-8081-exec-1] INFO  com.zaxxer.hikari.HikariDataSource - KnockfishHikariCP - Start completed.
2026-08-11 02:38:35.216 [http-nio-8081-exec-1] INFO  com.knockfish.service.impl.AgentServiceImpl - Agent 获取全部标签列表
2026-08-11 02:38:35.535 [http-nio-8081-exec-1] INFO  com.knockfish.aspect.LogAspect - [agent获取全部标签列表] 请求成功 - 执行时间: 1215ms
2026-08-11 02:39:09.710 [http-nio-8081-exec-4] INFO  com.knockfish.security.JwtAuthenticationFilter - === 请求路径: /api/agent/article/search, 方法: GET
2026-08-11 02:39:09.710 [http-nio-8081-exec-3] INFO  com.knockfish.security.JwtAuthenticationFilter - === 请求路径: /api/agent/article/search, 方法: GET
2026-08-11 02:39:09.765 [http-nio-8081-exec-3] INFO  com.knockfish.aspect.LogAspect - [agent关键词搜索文章] 请求开始 - GET /api/agent/article/search - AgentController.searchArticles - 参数: "前端"
2026-08-11 02:39:09.765 [http-nio-8081-exec-4] INFO  com.knockfish.aspect.LogAspect - [agent关键词搜索文章] 请求开始 - GET /api/agent/article/search - AgentController.searchArticles - 参数: "Vue"
2026-08-11 02:39:09.767 [http-nio-8081-exec-3] INFO  com.knockfish.service.impl.AgentServiceImpl - Agent 关键词搜索文章: keyword=前端
2026-08-11 02:39:09.773 [http-nio-8081-exec-4] INFO  com.knockfish.service.impl.AgentServiceImpl - Agent 关键词搜索文章: keyword=Vue
2026-08-11 02:39:09.859 [http-nio-8081-exec-4] INFO  com.knockfish.aspect.LogAspect - [agent关键词搜索文章] 请求成功 - 执行时间: 94ms
2026-08-11 02:39:09.869 [http-nio-8081-exec-3] INFO  com.knockfish.aspect.LogAspect - [agent关键词搜索文章] 请求成功 - 执行时间: 104ms
2026-08-11 02:40:38.826 [http-nio-8081-exec-7] INFO  com.knockfish.security.JwtAuthenticationFilter - === 请求路径: /api/agent/note/search, 方法: GET
2026-08-11 02:40:38.826 [http-nio-8081-exec-8] INFO  com.knockfish.security.JwtAuthenticationFilter - === 请求路径: /api/agent/article/search, 方法: GET
2026-08-11 02:40:38.829 [http-nio-8081-exec-8] INFO  com.knockfish.aspect.LogAspect - [agent关键词搜索文章] 请求开始 - GET /api/agent/article/search - AgentController.searchArticles - 参数: "MVC MVP MVVM"
2026-08-11 02:40:38.831 [http-nio-8081-exec-7] INFO  com.knockfish.aspect.LogAspect - [agent关键词搜索笔记] 请求开始 - GET /api/agent/note/search - AgentController.searchNotes - 参数: "MVC MVVM 架构"
2026-08-11 02:40:38.833 [http-nio-8081-exec-8] INFO  com.knockfish.service.impl.AgentServiceImpl - Agent 关键词搜索文章: keyword=MVC MVP MVVM
2026-08-11 02:40:38.834 [http-nio-8081-exec-7] INFO  com.knockfish.service.impl.AgentServiceImpl - Agent 关键词搜索笔记: keyword=MVC MVVM 架构
2026-08-11 02:40:38.845 [http-nio-8081-exec-8] INFO  com.knockfish.aspect.LogAspect - [agent关键词搜索文章] 请求成功 - 执行时间: 15ms
2026-08-11 02:40:38.881 [http-nio-8081-exec-7] INFO  com.knockfish.aspect.LogAspect - [agent关键词搜索笔记] 请求成功 - 执行时间: 49ms
2026-08-11 02:42:55.076 [http-nio-8081-exec-12] INFO  com.knockfish.security.JwtAuthenticationFilter - === 请求路径: /api/agent/article/search, 方法: GET
2026-08-11 02:42:55.082 [http-nio-8081-exec-12] INFO  com.knockfish.aspect.LogAspect - [agent关键词搜索文章] 请求开始 - GET /api/agent/article/search - AgentController.searchArticles - 参数: "MVC"
2026-08-11 02:42:55.085 [http-nio-8081-exec-12] INFO  com.knockfish.service.impl.AgentServiceImpl - Agent 关键词搜索文章: keyword=MVC
2026-08-11 02:42:55.100 [http-nio-8081-exec-12] INFO  com.knockfish.aspect.LogAspect - [agent关键词搜索文章] 请求成功 - 执行时间: 17ms
2026-08-11 02:43:59.641 [http-nio-8081-exec-13] INFO  com.knockfish.security.JwtAuthenticationFilter - === 请求路径: /api/agent/article/56, 方法: GET
2026-08-11 02:43:59.724 [http-nio-8081-exec-13] INFO  com.knockfish.aspect.LogAspect - [agent获取文章] 请求开始 - GET /api/agent/article/56 - AgentController.getArticleForAgent - 参数: 56
2026-08-11 02:43:59.727 [http-nio-8081-exec-13] INFO  com.knockfish.service.impl.AgentServiceImpl - Agent 请求获取文章: articleId=56
2026-08-11 02:43:59.744 [http-nio-8081-exec-13] INFO  com.knockfish.aspect.LogAspect - [agent获取文章] 请求成功 - 执行时间: 19ms
2026-08-11 03:20:20.729 [SpringApplicationShutdownHook] INFO  com.zaxxer.hikari.HikariDataSource - KnockfishHikariCP - Shutdown initiated...
2026-08-11 03:20:20.745 [SpringApplicationShutdownHook] INFO  com.zaxxer.hikari.HikariDataSource - KnockfishHikariCP - Shutdown completed.
