2026-07-17 01:37:19.454 [background-preinit] INFO  org.hibernate.validator.internal.util.Version - HV000001: Hibernate Validator 8.0.3.Final
2026-07-17 01:37:19.591 [main] INFO  com.knockfish.KnockfishBlogBackendApplication - Starting KnockfishBlogBackendApplication using Java 17.0.9 with PID 2876 (E:\fish_blog\knockfish-blog-backend\target\classes started by DELL in E:\fish_blog\knockfish-blog-backend)
2026-07-17 01:37:19.594 [main] INFO  com.knockfish.KnockfishBlogBackendApplication - No active profile set, falling back to 1 default profile: "default"
2026-07-17 01:37:23.545 [main] INFO  org.apache.coyote.http11.Http11NioProtocol - Initializing ProtocolHandler ["http-nio-8081"]
2026-07-17 01:37:23.548 [main] INFO  org.apache.catalina.core.StandardService - Starting service [Tomcat]
2026-07-17 01:37:23.549 [main] INFO  org.apache.catalina.core.StandardEngine - Starting Servlet engine: [Apache Tomcat/10.1.53]
2026-07-17 01:37:23.642 [main] INFO  o.a.c.core.ContainerBase.[Tomcat].[localhost].[/] - Initializing Spring embedded WebApplicationContext
2026-07-17 01:37:27.971 [main] INFO  org.apache.coyote.http11.Http11NioProtocol - Starting ProtocolHandler ["http-nio-8081"]
2026-07-17 01:37:28.028 [main] INFO  com.knockfish.KnockfishBlogBackendApplication - Started KnockfishBlogBackendApplication in 9.826 seconds (process running for 11.247)
2026-07-17 01:38:09.339 [http-nio-8081-exec-1] INFO  o.a.c.core.ContainerBase.[Tomcat].[localhost].[/] - Initializing Spring DispatcherServlet 'dispatcherServlet'
2026-07-17 01:38:09.421 [http-nio-8081-exec-2] INFO  com.knockfish.security.JwtAuthenticationFilter - === 请求路径: /api/tag/page, 方法: GET
2026-07-17 01:38:09.621 [http-nio-8081-exec-2] INFO  com.zaxxer.hikari.HikariDataSource - KnockfishHikariCP - Starting...
2026-07-17 01:38:09.983 [http-nio-8081-exec-2] INFO  com.zaxxer.hikari.pool.HikariPool - KnockfishHikariCP - Added connection com.mysql.cj.jdbc.ConnectionImpl@2f28d02
2026-07-17 01:38:09.985 [http-nio-8081-exec-2] INFO  com.zaxxer.hikari.HikariDataSource - KnockfishHikariCP - Start completed.
2026-07-17 01:38:10.331 [http-nio-8081-exec-2] INFO  com.knockfish.aspect.LogAspect - [查询标签列表] 请求开始 - GET /api/tag/page - TagController.getTagListVO - 参数: {"tagName":null}, 1, 10
2026-07-17 01:38:10.505 [http-nio-8081-exec-2] INFO  com.knockfish.aspect.LogAspect - [查询标签列表] 请求成功 - 执行时间: 174ms
2026-07-17 01:38:22.966 [http-nio-8081-exec-4] INFO  com.knockfish.security.JwtAuthenticationFilter - === 请求路径: /api/category/with-site-count, 方法: GET
2026-07-17 01:38:22.998 [http-nio-8081-exec-4] INFO  com.knockfish.aspect.LogAspect - [查询分类列表(含统计)] 请求开始 - GET /api/category/with-site-count - CategoryController.getCategoryWithSiteCountList - 参数: {"categoryName":null}, 1, 10
2026-07-17 01:38:23.060 [http-nio-8081-exec-4] INFO  com.knockfish.aspect.LogAspect - [查询分类列表(含统计)] 请求成功 - 执行时间: 59ms
2026-07-17 01:43:04.967 [http-nio-8081-exec-5] INFO  com.knockfish.security.JwtAuthenticationFilter - === 请求路径: /api/tag/page, 方法: GET
2026-07-17 01:43:04.993 [http-nio-8081-exec-5] INFO  com.knockfish.aspect.LogAspect - [查询标签列表] 请求开始 - GET /api/tag/page - TagController.getTagListVO - 参数: {"tagName":null}, 1, 10
2026-07-17 01:43:05.022 [http-nio-8081-exec-5] INFO  com.knockfish.aspect.LogAspect - [查询标签列表] 请求成功 - 执行时间: 28ms
2026-07-17 01:43:08.224 [http-nio-8081-exec-8] INFO  com.knockfish.security.JwtAuthenticationFilter - === 请求路径: /api/site/with-category, 方法: GET
2026-07-17 01:43:08.417 [http-nio-8081-exec-11] INFO  com.knockfish.security.JwtAuthenticationFilter - === 请求路径: /api/category/options, 方法: GET
2026-07-17 01:43:08.440 [http-nio-8081-exec-11] INFO  com.knockfish.aspect.LogAspect - [获取分类选项] 请求开始 - GET /api/category/options - CategoryController.getCategoryOption - 参数: 无
2026-07-17 01:43:08.445 [http-nio-8081-exec-11] INFO  com.knockfish.aspect.LogAspect - [获取分类选项] 请求成功 - 执行时间: 5ms
2026-07-17 01:43:09.838 [http-nio-8081-exec-12] INFO  com.knockfish.security.JwtAuthenticationFilter - === 请求路径: /api/link/page, 方法: GET
2026-07-17 01:43:09.865 [http-nio-8081-exec-12] INFO  com.knockfish.aspect.LogAspect - [查询友链列表] 请求开始 - GET /api/link/page - LinkController.getLinkListVO - 参数: {"linkName":null}, 1, 10
2026-07-17 01:43:09.933 [http-nio-8081-exec-12] INFO  com.knockfish.aspect.LogAspect - [查询友链列表] 请求成功 - 执行时间: 67ms
2026-07-17 01:43:11.992 [http-nio-8081-exec-14] INFO  com.knockfish.security.JwtAuthenticationFilter - === 请求路径: /api/article/list, 方法: GET
2026-07-17 01:43:12.022 [http-nio-8081-exec-14] INFO  com.knockfish.aspect.LogAspect - [查询文章列表] 请求开始 - GET /api/article/list - ArticleController.getArticleList - 参数: {"userId":null,"title":null}, 1, 10
2026-07-17 01:43:12.053 [http-nio-8081-exec-14] INFO  com.knockfish.aspect.LogAspect - [查询文章列表] 请求成功 - 执行时间: 31ms
2026-07-17 01:43:13.979 [http-nio-8081-exec-15] INFO  com.knockfish.security.JwtAuthenticationFilter - === 请求路径: /api/user/page, 方法: GET
2026-07-17 01:43:14.001 [http-nio-8081-exec-15] INFO  com.knockfish.aspect.LogAspect - [查询用户列表] 请求开始 - GET /api/user/page - UserController.getUserList - 参数: {"username":null,"nickname":null,"email":null}, 1, 10
2026-07-17 01:43:14.027 [http-nio-8081-exec-15] INFO  com.knockfish.aspect.LogAspect - [查询用户列表] 请求成功 - 执行时间: 26ms
2026-07-17 01:43:16.464 [http-nio-8081-exec-18] INFO  com.knockfish.security.JwtAuthenticationFilter - === 请求路径: /api/r2-file/prefix, 方法: GET
2026-07-17 01:43:20.214 [http-nio-8081-exec-20] INFO  com.knockfish.security.JwtAuthenticationFilter - === 请求路径: /api/code-category, 方法: GET
2026-07-17 01:43:20.242 [http-nio-8081-exec-20] INFO  com.knockfish.aspect.LogAspect - [查询代码分类列表] 请求开始 - GET /api/code-category - CodeCategoryController.getCodeCategoryList - 参数: {"codeCategoryName":null}, 1, 10
2026-07-17 01:43:20.262 [http-nio-8081-exec-20] INFO  com.knockfish.aspect.LogAspect - [查询代码分类列表] 请求成功 - 执行时间: 20ms
2026-07-17 01:43:21.789 [http-nio-8081-exec-22] INFO  com.knockfish.security.JwtAuthenticationFilter - === 请求路径: /api/note, 方法: GET
2026-07-17 01:43:21.796 [http-nio-8081-exec-22] INFO  com.knockfish.aspect.LogAspect - [获取笔记列表] 请求开始 - GET /api/note - NoteController.getNoteList - 参数: {"noteTitle":null}, 1, 10
2026-07-17 01:43:21.838 [http-nio-8081-exec-22] INFO  com.knockfish.aspect.LogAspect - [获取笔记列表] 请求成功 - 执行时间: 41ms
2026-07-17 01:43:23.144 [http-nio-8081-exec-24] INFO  com.knockfish.security.JwtAuthenticationFilter - === 请求路径: /api/code-category/menu, 方法: GET
2026-07-17 01:43:23.146 [http-nio-8081-exec-24] INFO  com.knockfish.aspect.LogAspect - [获取代码分类菜单] 请求开始 - GET /api/code-category/menu - CodeCategoryController.getMenuList - 参数: 无
2026-07-17 01:43:23.151 [http-nio-8081-exec-24] INFO  com.knockfish.aspect.LogAspect - [获取代码分类菜单] 请求成功 - 执行时间: 4ms
2026-07-17 01:43:23.221 [http-nio-8081-exec-26] INFO  com.knockfish.security.JwtAuthenticationFilter - === 请求路径: /api/code-snippet/list/0, 方法: GET
2026-07-17 01:43:23.225 [http-nio-8081-exec-26] INFO  com.knockfish.aspect.LogAspect - [获取代码片段列表] 请求开始 - GET /api/code-snippet/list/0 - CodeSnippetController.getCodeSnippetListByCategoryId - 参数: 0, 1, 10
2026-07-17 01:43:23.242 [http-nio-8081-exec-26] INFO  com.knockfish.aspect.LogAspect - [获取代码片段列表] 请求成功 - 执行时间: 17ms
2026-07-17 01:48:46.442 [http-nio-8081-exec-28] INFO  com.knockfish.security.JwtAuthenticationFilter - === 请求路径: /api/article/list, 方法: GET
2026-07-17 01:48:46.467 [http-nio-8081-exec-28] INFO  com.knockfish.aspect.LogAspect - [查询文章列表] 请求开始 - GET /api/article/list - ArticleController.getArticleList - 参数: {"userId":null,"title":null}, 1, 10
2026-07-17 01:48:46.491 [http-nio-8081-exec-28] INFO  com.knockfish.aspect.LogAspect - [查询文章列表] 请求成功 - 执行时间: 24ms
2026-07-17 01:49:25.133 [http-nio-8081-exec-30] INFO  com.knockfish.security.JwtAuthenticationFilter - === 请求路径: /api/article/list, 方法: GET
2026-07-17 01:49:25.151 [http-nio-8081-exec-30] INFO  com.knockfish.aspect.LogAspect - [查询文章列表] 请求开始 - GET /api/article/list - ArticleController.getArticleList - 参数: {"userId":null,"title":null}, 1, 10
2026-07-17 01:49:25.163 [http-nio-8081-exec-30] INFO  com.knockfish.aspect.LogAspect - [查询文章列表] 请求成功 - 执行时间: 12ms
2026-07-17 02:00:00.044 [scheduling-1] INFO  com.knockfish.scheduler.FileCleanupScheduler - ========== 文件资源定时清理任务开始 ==========
2026-07-17 02:00:00.047 [scheduling-1] INFO  c.knockfish.service.impl.FileReferenceServiceImpl - ========== 文件资源清理任务开始 ==========
2026-07-17 02:00:00.075 [scheduling-1] INFO  c.knockfish.service.impl.FileReferenceServiceImpl - 发现 5 个孤立文件待清理:
2026-07-17 02:00:00.075 [scheduling-1] INFO  c.knockfish.service.impl.FileReferenceServiceImpl -   文件ID: 16, 文件路径(key): blog/1/background/494f5c22-5578-44bb-b544-30f0751ba4f5.webp, 文件名: L.jpg, 文件大小: 1864161 bytes, 创建时间: 2026-07-13T20:28:03, 引用类型: background, 引用ID: null
2026-07-17 02:00:00.076 [scheduling-1] INFO  c.knockfish.service.impl.FileReferenceServiceImpl -   文件ID: 17, 文件路径(key): blog/1/background/f23ac8f6-fec0-4842-a0d9-f8096d8cf0f2.webp, 文件名: L.jpg, 文件大小: 1864161 bytes, 创建时间: 2026-07-13T20:29:45, 引用类型: background, 引用ID: null
2026-07-17 02:00:00.076 [scheduling-1] INFO  c.knockfish.service.impl.FileReferenceServiceImpl -   文件ID: 18, 文件路径(key): blog/1/background/f4c21ad8-9515-48fd-9483-19228ff090cb.webp, 文件名: 微信图片_2025-08-08_032212_212.jpg, 文件大小: 269844 bytes, 创建时间: 2026-07-13T20:33:40, 引用类型: background, 引用ID: null
2026-07-17 02:00:00.076 [scheduling-1] INFO  c.knockfish.service.impl.FileReferenceServiceImpl -   文件ID: 19, 文件路径(key): blog/1/background/1a5d27a6-8c14-4089-a589-00401129aed5.webp, 文件名: 微信图片_2025-08-08_032212_212.jpg, 文件大小: 269844 bytes, 创建时间: 2026-07-13T20:33:57, 引用类型: background, 引用ID: null
2026-07-17 02:00:00.076 [scheduling-1] INFO  c.knockfish.service.impl.FileReferenceServiceImpl -   文件ID: 20, 文件路径(key): blog/1/background/06ea1755-c1b9-4480-a017-d3886431b732.webp, 文件名: 微信图片_2025-08-08_032212_212.jpg, 文件大小: 269844 bytes, 创建时间: 2026-07-13T20:34:37, 引用类型: background, 引用ID: null
2026-07-17 02:00:01.863 [scheduling-1] INFO  c.knockfish.service.impl.FileReferenceServiceImpl - 成功删除R2文件: blog/1/background/494f5c22-5578-44bb-b544-30f0751ba4f5.webp
2026-07-17 02:00:02.494 [scheduling-1] INFO  c.knockfish.service.impl.FileReferenceServiceImpl - 成功删除R2文件: blog/1/background/f23ac8f6-fec0-4842-a0d9-f8096d8cf0f2.webp
2026-07-17 02:00:03.199 [scheduling-1] INFO  c.knockfish.service.impl.FileReferenceServiceImpl - 成功删除R2文件: blog/1/background/f4c21ad8-9515-48fd-9483-19228ff090cb.webp
2026-07-17 02:00:03.830 [scheduling-1] INFO  c.knockfish.service.impl.FileReferenceServiceImpl - 成功删除R2文件: blog/1/background/1a5d27a6-8c14-4089-a589-00401129aed5.webp
2026-07-17 02:00:05.514 [scheduling-1] INFO  c.knockfish.service.impl.FileReferenceServiceImpl - 成功删除R2文件: blog/1/background/06ea1755-c1b9-4480-a017-d3886431b732.webp
2026-07-17 02:00:05.560 [scheduling-1] INFO  c.knockfish.service.impl.FileReferenceServiceImpl - 成功从数据库删除 5 条文件引用记录
2026-07-17 02:00:05.560 [scheduling-1] INFO  c.knockfish.service.impl.FileReferenceServiceImpl - 文件资源清理完成，共处理 5 个文件，成功删除 5 个R2文件
2026-07-17 02:00:05.560 [scheduling-1] INFO  c.knockfish.service.impl.FileReferenceServiceImpl - ========== 文件资源清理任务结束 ==========
2026-07-17 02:00:54.387 [http-nio-8081-exec-32] INFO  com.knockfish.security.JwtAuthenticationFilter - === 请求路径: /api/link/page, 方法: GET
2026-07-17 02:00:54.424 [http-nio-8081-exec-32] INFO  com.knockfish.aspect.LogAspect - [查询友链列表] 请求开始 - GET /api/link/page - LinkController.getLinkListVO - 参数: {"linkName":null}, 1, 10
2026-07-17 02:00:54.443 [http-nio-8081-exec-32] INFO  com.knockfish.aspect.LogAspect - [查询友链列表] 请求成功 - 执行时间: 19ms
2026-07-17 02:36:04.440 [http-nio-8081-exec-34] INFO  com.knockfish.security.JwtAuthenticationFilter - === 请求路径: /api/category/with-site-count, 方法: GET
2026-07-17 02:36:04.498 [http-nio-8081-exec-34] INFO  com.knockfish.aspect.LogAspect - [查询分类列表(含统计)] 请求开始 - GET /api/category/with-site-count - CategoryController.getCategoryWithSiteCountList - 参数: {"categoryName":null}, 1, 10
2026-07-17 02:36:04.534 [http-nio-8081-exec-34] INFO  com.knockfish.aspect.LogAspect - [查询分类列表(含统计)] 请求成功 - 执行时间: 35ms
2026-07-17 02:41:05.524 [http-nio-8081-exec-37] INFO  com.knockfish.security.JwtAuthenticationFilter - === 请求路径: /api/dashboard/overview, 方法: GET
2026-07-17 02:41:05.524 [http-nio-8081-exec-41] INFO  com.knockfish.security.JwtAuthenticationFilter - === 请求路径: /api/dashboard/article-trend, 方法: GET
2026-07-17 02:41:05.529 [http-nio-8081-exec-42] INFO  com.knockfish.security.JwtAuthenticationFilter - === 请求路径: /api/dashboard/category-stats, 方法: GET
2026-07-17 02:41:05.530 [http-nio-8081-exec-43] INFO  com.knockfish.security.JwtAuthenticationFilter - === 请求路径: /api/dashboard/activities, 方法: GET
2026-07-17 02:41:05.683 [http-nio-8081-exec-42] INFO  com.knockfish.aspect.LogAspect - [获取文章分类统计] 请求开始 - GET /api/dashboard/category-stats - DashboardController.getCategoryStats - 参数: 无
2026-07-17 02:41:05.689 [http-nio-8081-exec-37] INFO  com.knockfish.aspect.LogAspect - [获取仪表盘概览] 请求开始 - GET /api/dashboard/overview - DashboardController.getOverview - 参数: 无
2026-07-17 02:41:05.722 [http-nio-8081-exec-42] INFO  com.knockfish.aspect.LogAspect - [获取文章分类统计] 请求成功 - 执行时间: 36ms
2026-07-17 02:41:05.746 [http-nio-8081-exec-41] INFO  com.knockfish.aspect.LogAspect - [获取文章发布趋势] 请求开始 - GET /api/dashboard/article-trend - DashboardController.getArticleTrend - 参数: "monthly", null
2026-07-17 02:41:05.778 [http-nio-8081-exec-43] INFO  com.knockfish.aspect.LogAspect - [获取最近动态] 请求开始 - GET /api/dashboard/activities - DashboardController.getActivities - 参数: 10
2026-07-17 02:41:05.825 [http-nio-8081-exec-43] INFO  com.knockfish.aspect.LogAspect - [获取最近动态] 请求成功 - 执行时间: 42ms
2026-07-17 02:41:05.929 [http-nio-8081-exec-41] INFO  com.knockfish.aspect.LogAspect - [获取文章发布趋势] 请求成功 - 执行时间: 182ms
2026-07-17 02:41:06.051 [http-nio-8081-exec-37] INFO  com.knockfish.aspect.LogAspect - [获取仪表盘概览] 请求成功 - 执行时间: 361ms
2026-07-17 02:43:01.104 [http-nio-8081-exec-49] INFO  com.knockfish.security.JwtAuthenticationFilter - === 请求路径: /api/dashboard/article-trend, 方法: GET
2026-07-17 02:43:01.104 [http-nio-8081-exec-48] INFO  com.knockfish.security.JwtAuthenticationFilter - === 请求路径: /api/dashboard/overview, 方法: GET
2026-07-17 02:43:01.106 [http-nio-8081-exec-50] INFO  com.knockfish.security.JwtAuthenticationFilter - === 请求路径: /api/dashboard/activities, 方法: GET
2026-07-17 02:43:01.107 [http-nio-8081-exec-1] INFO  com.knockfish.security.JwtAuthenticationFilter - === 请求路径: /api/dashboard/category-stats, 方法: GET
2026-07-17 02:43:01.127 [http-nio-8081-exec-1] INFO  com.knockfish.aspect.LogAspect - [获取文章分类统计] 请求开始 - GET /api/dashboard/category-stats - DashboardController.getCategoryStats - 参数: 无
2026-07-17 02:43:01.131 [http-nio-8081-exec-48] INFO  com.knockfish.aspect.LogAspect - [获取仪表盘概览] 请求开始 - GET /api/dashboard/overview - DashboardController.getOverview - 参数: 无
2026-07-17 02:43:01.134 [http-nio-8081-exec-49] INFO  com.knockfish.aspect.LogAspect - [获取文章发布趋势] 请求开始 - GET /api/dashboard/article-trend - DashboardController.getArticleTrend - 参数: "monthly", null
2026-07-17 02:43:01.135 [http-nio-8081-exec-50] INFO  com.knockfish.aspect.LogAspect - [获取最近动态] 请求开始 - GET /api/dashboard/activities - DashboardController.getActivities - 参数: 10
2026-07-17 02:43:01.136 [http-nio-8081-exec-49] INFO  com.knockfish.aspect.LogAspect - [获取文章发布趋势] 请求成功 - 执行时间: 2ms
2026-07-17 02:43:01.139 [http-nio-8081-exec-1] INFO  com.knockfish.aspect.LogAspect - [获取文章分类统计] 请求成功 - 执行时间: 12ms
2026-07-17 02:43:01.144 [http-nio-8081-exec-50] INFO  com.knockfish.aspect.LogAspect - [获取最近动态] 请求成功 - 执行时间: 9ms
2026-07-17 02:43:01.154 [http-nio-8081-exec-48] INFO  com.knockfish.aspect.LogAspect - [获取仪表盘概览] 请求成功 - 执行时间: 23ms
2026-07-17 02:54:23.316 [http-nio-8081-exec-7] INFO  com.knockfish.security.JwtAuthenticationFilter - === 请求路径: /api/code-category/menu, 方法: GET
2026-07-17 02:54:23.319 [http-nio-8081-exec-7] INFO  com.knockfish.aspect.LogAspect - [获取代码分类菜单] 请求开始 - GET /api/code-category/menu - CodeCategoryController.getMenuList - 参数: 无
2026-07-17 02:54:23.342 [http-nio-8081-exec-7] INFO  com.knockfish.aspect.LogAspect - [获取代码分类菜单] 请求成功 - 执行时间: 23ms
2026-07-17 02:54:23.457 [http-nio-8081-exec-9] INFO  com.knockfish.security.JwtAuthenticationFilter - === 请求路径: /api/code-snippet/list/0, 方法: GET
2026-07-17 02:54:23.460 [http-nio-8081-exec-9] INFO  com.knockfish.aspect.LogAspect - [获取代码片段列表] 请求开始 - GET /api/code-snippet/list/0 - CodeSnippetController.getCodeSnippetListByCategoryId - 参数: 0, 1, 10
2026-07-17 02:54:23.479 [http-nio-8081-exec-9] INFO  com.knockfish.aspect.LogAspect - [获取代码片段列表] 请求成功 - 执行时间: 19ms
2026-07-17 02:54:33.767 [SpringApplicationShutdownHook] INFO  com.zaxxer.hikari.HikariDataSource - KnockfishHikariCP - Shutdown initiated...
2026-07-17 02:54:33.771 [SpringApplicationShutdownHook] INFO  com.zaxxer.hikari.HikariDataSource - KnockfishHikariCP - Shutdown completed.
2026-07-17 14:12:10.094 [background-preinit] INFO  org.hibernate.validator.internal.util.Version - HV000001: Hibernate Validator 8.0.3.Final
2026-07-17 14:12:10.189 [main] INFO  com.knockfish.KnockfishBlogBackendApplication - Starting KnockfishBlogBackendApplication using Java 17.0.9 with PID 12352 (E:\fish_blog\knockfish-blog-backend\target\classes started by DELL in E:\fish_blog\knockfish-blog-backend)
2026-07-17 14:12:10.191 [main] INFO  com.knockfish.KnockfishBlogBackendApplication - No active profile set, falling back to 1 default profile: "default"
2026-07-17 14:12:18.274 [main] INFO  org.apache.coyote.http11.Http11NioProtocol - Initializing ProtocolHandler ["http-nio-8081"]
2026-07-17 14:12:18.277 [main] INFO  org.apache.catalina.core.StandardService - Starting service [Tomcat]
2026-07-17 14:12:18.278 [main] INFO  org.apache.catalina.core.StandardEngine - Starting Servlet engine: [Apache Tomcat/10.1.53]
2026-07-17 14:12:18.369 [main] INFO  o.a.c.core.ContainerBase.[Tomcat].[localhost].[/] - Initializing Spring embedded WebApplicationContext
2026-07-17 14:12:22.676 [main] INFO  org.apache.coyote.http11.Http11NioProtocol - Starting ProtocolHandler ["http-nio-8081"]
2026-07-17 14:12:22.743 [main] INFO  com.knockfish.KnockfishBlogBackendApplication - Started KnockfishBlogBackendApplication in 13.81 seconds (process running for 15.782)
2026-07-17 14:40:50.974 [http-nio-8081-exec-5] INFO  o.a.c.core.ContainerBase.[Tomcat].[localhost].[/] - Initializing Spring DispatcherServlet 'dispatcherServlet'
2026-07-17 14:40:51.092 [http-nio-8081-exec-4] INFO  com.knockfish.security.JwtAuthenticationFilter - === 请求路径: /api/dashboard/category-stats, 方法: GET
2026-07-17 14:40:51.092 [http-nio-8081-exec-7] INFO  com.knockfish.security.JwtAuthenticationFilter - === 请求路径: /api/dashboard/activities, 方法: GET
2026-07-17 14:40:51.092 [http-nio-8081-exec-8] INFO  com.knockfish.security.JwtAuthenticationFilter - === 请求路径: /api/dashboard/overview, 方法: GET
2026-07-17 14:40:51.092 [http-nio-8081-exec-6] INFO  com.knockfish.security.JwtAuthenticationFilter - === 请求路径: /api/dashboard/article-trend, 方法: GET
2026-07-17 14:40:57.164 [http-nio-8081-exec-10] INFO  com.knockfish.security.JwtAuthenticationFilter - === 请求路径: /api/auth/login, 方法: POST
2026-07-17 14:40:57.230 [http-nio-8081-exec-10] INFO  com.knockfish.aspect.LogAspect - [用户登录] 请求开始 - POST /api/auth/login - AuthController.login - 参数: {"username":"user_fish","password":"123456"}
2026-07-17 14:40:57.266 [http-nio-8081-exec-10] INFO  com.zaxxer.hikari.HikariDataSource - KnockfishHikariCP - Starting...
2026-07-17 14:40:57.662 [http-nio-8081-exec-10] INFO  com.zaxxer.hikari.pool.HikariPool - KnockfishHikariCP - Added connection com.mysql.cj.jdbc.ConnectionImpl@e6677b4
2026-07-17 14:40:57.664 [http-nio-8081-exec-10] INFO  com.zaxxer.hikari.HikariDataSource - KnockfishHikariCP - Start completed.
2026-07-17 14:40:57.948 [http-nio-8081-exec-10] INFO  com.knockfish.service.impl.AuthServiceImpl - 用户登录成功: username=user_fish, userId=3
2026-07-17 14:40:57.954 [http-nio-8081-exec-10] INFO  com.knockfish.aspect.LogAspect - [用户登录] 请求成功 - 执行时间: 719ms - 返回结果: {"code":200,"msg":"请求成功","data":{"userId":3,"username":"user_fish","email":"user_fish@qq.com","nickname":"user_fish","avatar":"https://fishbarn.cn/blog/article-image/2026-06/168954af-15b9-4268-9743-080e1b495538.webp","description":"演示账号","githubUrl":null,"bilibiliUrl":null,"background":null,"createTime":"2026-05-28 11:17:59","roles":null,"token":"eyJhbGciOiJIUzI1NiIsInR5cCI6IkpXVCJ9.eyJ1c2VySWQiOjMsInVzZXJuYW1lIjoidXNlcl9maXNoIiwiZXhwIjoxNzg0NjMwNDU3LCJpYXQiOjE3ODQyNzA0NTd9.7HlkRMBmCV38eOo9pJtpJn5DftNrDXyA6fkM9DVH9e0"}}
2026-07-17 14:40:57.975 [http-nio-8081-exec-12] INFO  com.knockfish.security.JwtAuthenticationFilter - === 请求路径: /api/permission/user/3, 方法: GET
2026-07-17 14:40:58.319 [http-nio-8081-exec-15] INFO  com.knockfish.security.JwtAuthenticationFilter - === 请求路径: /api/dashboard/activities, 方法: GET
2026-07-17 14:40:58.320 [http-nio-8081-exec-13] INFO  com.knockfish.security.JwtAuthenticationFilter - === 请求路径: /api/dashboard/overview, 方法: GET
2026-07-17 14:40:58.321 [http-nio-8081-exec-14] INFO  com.knockfish.security.JwtAuthenticationFilter - === 请求路径: /api/dashboard/article-trend, 方法: GET
2026-07-17 14:40:58.325 [http-nio-8081-exec-16] INFO  com.knockfish.security.JwtAuthenticationFilter - === 请求路径: /api/dashboard/category-stats, 方法: GET
2026-07-17 14:40:58.373 [http-nio-8081-exec-13] INFO  com.knockfish.aspect.LogAspect - [获取仪表盘概览] 请求开始 - GET /api/dashboard/overview - DashboardController.getOverview - 参数: 无
2026-07-17 14:40:58.373 [http-nio-8081-exec-15] INFO  com.knockfish.aspect.LogAspect - [获取最近动态] 请求开始 - GET /api/dashboard/activities - DashboardController.getActivities - 参数: 10
2026-07-17 14:40:58.377 [http-nio-8081-exec-16] INFO  com.knockfish.aspect.LogAspect - [获取文章分类统计] 请求开始 - GET /api/dashboard/category-stats - DashboardController.getCategoryStats - 参数: 无
2026-07-17 14:40:58.390 [http-nio-8081-exec-15] INFO  com.knockfish.aspect.LogAspect - [获取最近动态] 请求成功 - 执行时间: 16ms
2026-07-17 14:40:58.392 [http-nio-8081-exec-14] INFO  com.knockfish.aspect.LogAspect - [获取文章发布趋势] 请求开始 - GET /api/dashboard/article-trend - DashboardController.getArticleTrend - 参数: "monthly", null
2026-07-17 14:40:58.398 [http-nio-8081-exec-16] INFO  com.knockfish.aspect.LogAspect - [获取文章分类统计] 请求成功 - 执行时间: 21ms
2026-07-17 14:40:58.400 [http-nio-8081-exec-14] INFO  com.knockfish.aspect.LogAspect - [获取文章发布趋势] 请求成功 - 执行时间: 7ms
2026-07-17 14:40:58.445 [http-nio-8081-exec-13] INFO  com.knockfish.aspect.LogAspect - [获取仪表盘概览] 请求成功 - 执行时间: 71ms
2026-07-17 14:41:08.395 [http-nio-8081-exec-18] INFO  com.knockfish.security.JwtAuthenticationFilter - === 请求路径: /api/article/list, 方法: GET
2026-07-17 14:41:08.443 [http-nio-8081-exec-18] INFO  com.knockfish.aspect.LogAspect - [查询文章列表] 请求开始 - GET /api/article/list - ArticleController.getArticleList - 参数: {"userId":null,"title":null}, 1, 10
2026-07-17 14:41:08.659 [http-nio-8081-exec-18] INFO  com.knockfish.aspect.LogAspect - [查询文章列表] 请求成功 - 执行时间: 215ms
2026-07-17 14:41:10.025 [http-nio-8081-exec-20] INFO  com.knockfish.security.JwtAuthenticationFilter - === 请求路径: /api/dashboard/overview, 方法: GET
2026-07-17 14:41:10.025 [http-nio-8081-exec-23] INFO  com.knockfish.security.JwtAuthenticationFilter - === 请求路径: /api/dashboard/article-trend, 方法: GET
2026-07-17 14:41:10.037 [http-nio-8081-exec-22] INFO  com.knockfish.security.JwtAuthenticationFilter - === 请求路径: /api/dashboard/latest-articles, 方法: GET
2026-07-17 14:41:10.039 [http-nio-8081-exec-24] INFO  com.knockfish.security.JwtAuthenticationFilter - === 请求路径: /api/dashboard/tag-cloud, 方法: GET
2026-07-17 14:41:10.049 [http-nio-8081-exec-23] INFO  com.knockfish.aspect.LogAspect - [获取文章发布趋势] 请求开始 - GET /api/dashboard/article-trend - DashboardController.getArticleTrend - 参数: "monthly", null
2026-07-17 14:41:10.050 [http-nio-8081-exec-20] INFO  com.knockfish.aspect.LogAspect - [获取仪表盘概览] 请求开始 - GET /api/dashboard/overview - DashboardController.getOverview - 参数: 无
2026-07-17 14:41:10.056 [http-nio-8081-exec-23] INFO  com.knockfish.aspect.LogAspect - [获取文章发布趋势] 请求成功 - 执行时间: 7ms
2026-07-17 14:41:10.063 [http-nio-8081-exec-22] INFO  com.knockfish.aspect.LogAspect - [获取最近文章] 请求开始 - GET /api/dashboard/latest-articles - DashboardController.getLatestArticles - 参数: 10
2026-07-17 14:41:10.066 [http-nio-8081-exec-24] INFO  com.knockfish.aspect.LogAspect - [获取标签云] 请求开始 - GET /api/dashboard/tag-cloud - DashboardController.getTagCloud - 参数: 无
2026-07-17 14:41:10.069 [http-nio-8081-exec-22] INFO  com.knockfish.aspect.LogAspect - [获取最近文章] 请求成功 - 执行时间: 6ms
2026-07-17 14:41:10.074 [http-nio-8081-exec-24] INFO  com.knockfish.aspect.LogAspect - [获取标签云] 请求成功 - 执行时间: 8ms
2026-07-17 14:41:10.084 [http-nio-8081-exec-20] INFO  com.knockfish.aspect.LogAspect - [获取仪表盘概览] 请求成功 - 执行时间: 33ms
2026-07-17 14:41:10.948 [http-nio-8081-exec-25] INFO  com.knockfish.security.JwtAuthenticationFilter - === 请求路径: /api/article/list, 方法: GET
2026-07-17 14:41:10.966 [http-nio-8081-exec-25] INFO  com.knockfish.aspect.LogAspect - [查询文章列表] 请求开始 - GET /api/article/list - ArticleController.getArticleList - 参数: {"userId":null,"title":null}, 1, 10
2026-07-17 14:41:10.974 [http-nio-8081-exec-25] INFO  com.knockfish.aspect.LogAspect - [查询文章列表] 请求成功 - 执行时间: 8ms
2026-07-17 14:41:13.869 [http-nio-8081-exec-27] INFO  com.knockfish.security.JwtAuthenticationFilter - === 请求路径: /api/article/draft-count, 方法: GET
2026-07-17 14:41:13.896 [http-nio-8081-exec-27] INFO  com.knockfish.aspect.LogAspect - [获取草稿数量] 请求开始 - GET /api/article/draft-count - ArticleController.getDraftCount - 参数: 无
2026-07-17 14:41:13.898 [http-nio-8081-exec-27] INFO  com.knockfish.aspect.LogAspect - [获取草稿数量] 请求成功 - 执行时间: 2ms
2026-07-17 14:43:22.371 [http-nio-8081-exec-33] INFO  com.knockfish.security.JwtAuthenticationFilter - === 请求路径: /api/tag/page, 方法: GET
2026-07-17 14:43:22.383 [http-nio-8081-exec-33] INFO  com.knockfish.aspect.LogAspect - [查询标签列表] 请求开始 - GET /api/tag/page - TagController.getTagListVO - 参数: {"tagName":null}, 1, 30
2026-07-17 14:43:22.393 [http-nio-8081-exec-33] INFO  com.knockfish.aspect.LogAspect - [查询标签列表] 请求成功 - 执行时间: 10ms
2026-07-17 14:43:26.682 [http-nio-8081-exec-35] INFO  com.knockfish.security.JwtAuthenticationFilter - === 请求路径: /api/tag/page, 方法: GET
2026-07-17 14:43:26.693 [http-nio-8081-exec-35] INFO  com.knockfish.aspect.LogAspect - [查询标签列表] 请求开始 - GET /api/tag/page - TagController.getTagListVO - 参数: {"tagName":"Re"}, 1, 30
2026-07-17 14:43:26.706 [http-nio-8081-exec-35] INFO  com.knockfish.aspect.LogAspect - [查询标签列表] 请求成功 - 执行时间: 12ms
2026-07-17 15:04:45.402 [http-nio-8081-exec-38] INFO  com.knockfish.security.JwtAuthenticationFilter - === 请求路径: /api/r2-file, 方法: POST
2026-07-17 15:05:00.597 [http-nio-8081-exec-40] INFO  com.knockfish.security.JwtAuthenticationFilter - === 请求路径: /api/article, 方法: POST
2026-07-17 15:05:00.625 [http-nio-8081-exec-40] INFO  com.knockfish.aspect.LogAspect - [新增文章] 请求开始 - POST /api/article - ArticleController.createArticle - 参数: {"title":"Redis","cover":"https://fishbarn.cn/blog/3/cover/a2dc7f95-7378-40a7-8f9f-36e4c523f016.webp","description":"Redis基础","content":"增量同步\n\n缓存数据的分类：\n\n实时同步数据：要求缓存中的数据必须与DB中的数据保持一致。只要DB中的数据发生了改变，缓存中的数据立即消失\n\n阶段性同步数据：非必要实时与DB进行数据同步，添加redis数据生存时长来实现\n\n\n\nRedis的特性：\n\n1. 性能极高\n2. 简单稳定\n3. 持久化\n4. 高可用集群\n5. 丰富的数据类型\n6. 强大的功能\n7. 客户端语言广泛\n8. 支持ACL（Access Control List 访问控制列表，细粒度的权限管理策略）权限控制\n9. 支持多线程 IO 模型\n\n# 配置Redis\n\n## 安装\n\nRedis是基于C语言编写的，因此首先需要安装Redis所需要的gcc依赖\n\n```sh\nyum install -y gcc tcl\n```\n\n将Redis安装包上传到虚拟机的任意目录：例如，放到 /usr/local/src目录，使用 cd 进入该目录\n\n```sh\ncd /usr/local/src\n```\n\n对Redis安装包安装包解压\n\n```sh\ntar -zxvf redis-7.0.15.tar.gz\n```\n\n进入 redis 目录\n\n```\ncd redis-7.0.15\n```\n\n运行编译命令\n\n```\nmake && make install\n```\n\nredis 默认的安装路径在 /usr/local/bin 目录下，如果能进入则说明安装成功\n\n```sh\ncd /usr/local/bin\n```\n\n该目录以及默认配置配置到环境变量，因为可以在任意目录下运行这些命令。其中：\n\n- redis-cli：是 redis 提供的命令行客户端\n- redis-server：是 redis 的服务器启动脚本\n- redis-sentinel：是 redis 的哨兵启动脚本\n\n## 启动\n\nredis的启动方式有很多种，例如：\n\n- 默认启动\n- 指定配置启动\n- 开机自启\n\n**默认启动**\n\n安装完整后，在任意目录输入 `redis-server` 命令启动Redis：\n\n```sh\nredis-server\n```\n\n这种启动属于前台启动，会阻塞整个会话窗口，窗口关闭或者按下 `CTRL + C` 停止运行 Redis，不推荐使用\n\n**指定配置启动**\n\n想要让 Redis 以 后台方式 启动，则必须修改 Redis 的 redis.conf 配置文件（文件在Redis解压缩的文件夹种）\n\n先将这个配置文件备份一份（防止改错）：\n\n```sh\ncp redis.conf redis.conf.bck\n```\n\n然后修改 redis.conf 文件中的一些配置\n\n```properties\n# 监听的地址，默认是 127.0.0.1，会导致只能在本地访问。修改为 0.0.0.0 则可以在任意 IP 访问，生产环境不要设置为 0.0.0.0\nbind 0.0.0.0\n# 守护进程，修改为 yes 后即可后台运行\ndaemonize yes\n# 密码，设置后访问 Redis 必须输入密码\nrequirepass 123321\n```\n\nRedis的其他常见配置\n\n```properties\n# 监听的端口\nport 6379\n# 工作目录，默认是当前目录，也就是运行 redis-server 时的命令，日志、持久化等文件会保存在这个目录\ndir .\n# 数据库数量，设置为 1，代表只使用 1 个库，默认有 16 个库编号 0~15\ndatabases 1\n# 设置 redis 能够使用的最大内存\nmaxmemory 512mb\n# 日志文件，默认为空，不记录日志，可以指定日志文件名\nlogfile \"redis.log\"\n```\n\n启动Redis\n\n```sh\n# 进入redis 安装目录\ncd /usr/local/src/redis-7.0.15\n# 启动\nredis-server redis.conf\n# 查看是否在后台运行\nps -ef | grep redis\n```\n\n停止服务\n\n```sh\n# 利用 redis-cli 来执行 shutdown 命令，即可停止 Redis 服务\n# 如果之前配置了密码，需要通过 -u 来指定密码\nredis-cli -u 密码 shutdown\n```\n\n**开机自启**\n\n也可以通过配置来实现开机自启\n\n首先，新建一个系统服务文件\n\n```sh\nvi /etc/systemd/system/redis.service\n```\n\n内容如下：\n\n```\n[Unit]\nDescription=redis-server\nAfter=network.target\n\n[Service]\nType=forking\nExecStart=/usr/local/bin/redis-server /usr/local/src/redis-7.0.15/redis.conf\nPrivateTmp=true\n\n[Install]\nWantedBy=multi-user.target\n```\n\n然后重载系统服务\n\n```\nsystemctl daemon-reload\n```\n\n现在可以用下面的命令来操作 redis\n\n```properties\n# 启动\nsystemctl start redis\n# 停止\nsystemctl stop redis\n# 重启\nsystemctl restart redis\n# 查看状态\nsystemctl status redis\n```\n\n执行下面的命令，可以让 redis 开机自启\n\n```\nsystemctl enable redis\n```\n\n# Redis客户端\n\n操作Redis实现数据的CRUD，需要用到Redis客户端，包括：\n\n- 命令行客户端\n- 图形化桌面客户端\n- 编程客户端\n\n**Redis命令行客户端**\n\nRedis安装完成后就自带了命令行客户端：redis-cli，使用方式如下：\n\n```\nredis-cli [options] [commonds]\n```\n\n其中常见的options有：\n\n- `-h 127.0.0.1`：指定要连接的redis节点的IP地址，默认是127.0.0.1\n\n- `-p 6379`：指定要连接的redis节点的端口，默认是 6379\n\n- `-a 密码`：指定redis的访问密码\n\n  > 也可以在连接redis后，使用命令 `AUTH 密码` 访问\n\n其中的commonds就是Redis的操作命令，例如：\n\n- `ping`：与redis服务端做心跳测试，服务端正常会返回`pong`\n\n不指定 commond时，会进入`redis-cli`的交互控制台\n\n**图形化桌面客户端**\n\n这里选择安装 Another Redis Desktop Manager 客户端，官网链接：https://goanother.com/cn/\n\n如果存在连接不上的情况，很可能是被虚拟机的防火墙拦截，可以使用下面的命令开放端口\n\n第一步\n\n```\nfirewall-cmd --zone=public --add-port=6379/tcp --permanent \n```\n\n第二步：开放6379端口\n\n```\nfirewall-cmd --reload \n```\n\n# Redis命令\n\n## Redis通用命令\n\n通用指令是部分数据类型都可以使用的指令，常见的有\n\n- KEYS：查看符合模板的索引 key，不建议在生产环境设备上使用\n- DEL：删除一个指定的key\n- EXISTS：判断key是否存在\n- EXPIRE：给一个key设置有效期，有效期到期时该key会被自动删除\n- TTL：查看一个KEY的剩余有效期\n\n可以通过 help [command] 查看一个命令的具体用法\n\n## String类型\n\nString类型，也就是字符串类型，是Redis中最简单的存储类型\n\n其 value 是字符串，根据字符串的格式不同，又可以分为3类：\n\n- string：普通字符串\n- int：整数类型，可以做自增、自减操作\n- float：浮点类型，可以做自增、自减操作\n\n不管是哪种格式，底层都是字节数组形式存储，只不过是编码方式不同\n\nString类型的常见命令：\n\n| 常见命令    | 说明                                                         |\n| ----------- | ------------------------------------------------------------ |\n| set         | 添加或者修改已经存在的一个String类型的键值对                 |\n| get         | 根据key获取String类型的value                                 |\n| mset        | 批量添加多个String类型的键值对                               |\n| mget        | 根据多个key获取多个String类型的value                         |\n| incr        | 让一个整型的key自增1                                         |\n| incrby      | 让一个整型的key自增并指定步长，例如：incrby num 2 让num值自增2 |\n| incrbyfloat | 让一个浮点类型的数字自增并指定步长                           |\n| setnx       | 添加一个String类型的键值对，前提是这个key不存在，否则不执行  |\n| setex       | 添加一个String类型的键值对，并且指定有效期                   |\n\n## key的结构\n\nRedis的key允许有多个单词形成层级结构，多个单词之间用 `:` 隔开，格式如下：\n\n```\n项目名:业务名:类型:id\n```\n\n可以根据自己的需求来删除或添加词条\n\n例如项目名称叫 knockfish，有 user 和 product 两种不同类型的数据，那么可以这样定义key：\n\n- user相关的key：`knockfish:user:1`\n- product相关的key：`knockfish:product:1`\n\n如果 value 是一个java对象，例如一个User对象，则可以将对象序列化为JSON字符串后存储：\n\n| key                 | value                                   |\n| ------------------- | --------------------------------------- |\n| knockfish:user:1    | {\"id\":1, \"name\": \"zhangsan\", \"age\": 20} |\n| knockfish:product:1 | {\"id\":1, \"name\": \"华为\", \"price\": 6999} |\n\n## Hash类型\n\nHash类型，也叫散列，其 value 是一个无序字典，类似于 Java 中的 HashMap 结构\n\nString结构是将对象序列化为JSON字符串后存储，当需要修改对象某个字段时很不方便：\n\n| key              | value                      |\n| ---------------- | -------------------------- |\n| knockfish:user:1 | {name:\"zhangsan\", age: 20} |\n| knockfish:user:2 | {name:\"lisi\", age: 21}     |\n\nHash结构可以将对象中的每个字段独立存储，可以针对单个字段做CRUD：\n\nHash类型的常见命令：\n\n| 常见命令             | 说明                                                         |\n| -------------------- | ------------------------------------------------------------ |\n| hset key field value | 添加或者修改hash类型key的field的值                           |\n| hget key field       | 获取一个hash类型key的field的值                               |\n| hmset                | 批量添加多个hash类型key的field的值                           |\n| hmget                | 批量获取多个hash类型key的ffield的值                          |\n| hgetall              | 获取一个hash类型的key中的所有的fiele和value                  |\n| hkeys                | 获取一个hash类型的key中的所有的field                         |\n| hvals                | 获取一个hash类型的key中的所有的value                         |\n| hincrby              | 让一个hash类型的key的字段值自增并指定步长                    |\n| hsetnx               | 添加一个hash类型的key的field值，前提是这个field不存在，否则不执行 |\n\n## List类型\n\nRedis中的List类型与Java中的LinkedList类似，可以看做是一个双向链表结构。支持正向检索也支持反向检索\n\n特征也与LinkedList类似：\n\n- 有序\n- 元素可重复\n- 插入和删除快\n- 查询速度一般\n\n常用来存储一个有序数据，例如：朋友圈点赞列表，评论列表等\n\nList类型的常见命令：\n\n| 常见命令              | 说明                                                         |\n| --------------------- | ------------------------------------------------------------ |\n| lpush key element ... | 向列表左侧插入一个或多个元素                                 |\n| lpop key              | 移除并返回列表左侧的第一个元素，没有则返回null               |\n| rpush key element ... | 向列表右侧插入一个或多个元素                                 |\n| rpop key              | 移除并返回列表右侧的第一个元素                               |\n| lrange key star end   | 返回一段角标范围内的所有元素                                 |\n| blpop                 | 移除并返回列表左侧的第一个元素，没有元素时等待指定时间，而不是直接返回null |\n| brpop                 | 移除并返回列表右侧的第一个元素，没有元素时等待指定时间，而不是直接返回null |\n\n## Set类型\n\nRedis的Set结构与Java中的HashSet类似，可以看做是一个vlaue为null的HashMap\n\n特征也与HashSet类似：\n\n- 无序\n- 元素不可重复\n- 查找快\n- 支持交集、并集、差集等功能\n\nSet类型的常见命令：\n\n| 常见命令             | 说明                        |\n| -------------------- | --------------------------- |\n| sadd key member ...  | 向set中添加一个或多个元素   |\n| srem key member ...  | 移除set中的指定元素         |\n| scard key            | 返回set中元素的个数         |\n| sismember key member | 判断一个元素是否存在于set中 |\n| smembers             | 获取set中的所有元素         |\n| sinter key1 key2 ... | 求key1与key2的交集          |\n| sdiff key1 key2 ...  | 求key1与key2的差集          |\n| sunion key1 key2 ... | 求key1和key2的并集          |\n\n## SortedSet类型\n\nRedis的SortedSet是一个可排序的set集合，与Java中的TreeSet有些类似，但底层数据结构差别很大。SortedSet中的每一个元素都带有一个score属性，可以基于score属性对元素排序，底层的实现是一个跳表（SkipList）加hash表\n\nSortedSet具备下列特性：\n\n- 可排序\n- 元素不重复\n- 查询速度快\n\n因为SortedSet的可排序特性，经常被用来实现排行榜功能\n\nSortedSet类型的常见命令：\n\n| 常见命令                     | 说明                                                        |\n| ---------------------------- | ----------------------------------------------------------- |\n| zadd key score member        | 添加一个或多个元素到sorted set，如果已经存在则更新其score值 |\n| zrem key member              | 删除sorted set中的一个指定元素                              |\n| zscore key member            | 获取sorted se中的指定元素的score值                          |\n| zrank key member             | 获取sorted set中的指定元素的排名                            |\n| zcard key                    | 获取sorted set中的元素个数                                  |\n| zcount key min max           | 统计score值在给定范围内的所有元素的个数                     |\n| zincrby key increment member | 让sorted set 中的指定元素自增，步长为指定的increment值      |\n| zrange key min max           | 按照score排序后，获取指定排名范围内的元素                   |\n| zrangebyscore key min max    | 按照score排序后，获取指定score范围内的元素                  |\n| zdiff                        | 求差集                                                      |\n| zinter                       | 求交集                                                      |\n| zunion                       | 求并集                                                      |\n\n# Jedis\n\nJedis 的官网地址：https://github.com/redis/jedis\n\n**Jedis连接池**\n\nJedis本身是线程不安全的，并且频繁的创建和销毁连接会有性能损耗，推荐使用Jedis连接池代替Jedis的直连方式\n\n```js\npublic class JedisConnectionFactory{\n    private static final JedisPool jedisPool;\n    static{\n        JedisPoolConfig jedisPoolConfig = new JedisPoolConfig();\n        // 最大连接\n        jedisPoolConfig.setMaxTotal(8);\n        // 最大空闲连接\n        jedisPoolConfig.setMaxIdle(8);\n        // 最小空闲连接\n        jedisPoolConfig.setMinIdle(0);\n        // 设置最长等待时间，ms\n        jedisPoolConfig.setMaxWaitMillis(200);\n        // \"123456\"为密码\n        jedisPool = new JedisPool(jedisPoolConfig, \"192.168.150.101\", 6379, 1000, \"123456\")\n    }\n    // 获取Jedis对象\n    public static Jedis getJedis(){\n        return jedisPool.getResource();\n    }\n}\n```\n\n# SpringDataRedis\n\nSpringData是Spring中数据操作的模块，包含对各种数据库的集成，其中对Redis的集成模块就叫做SpringDataRedis，官网地址：https://spring.io/projects/spring-data-redis\n\n- 提供了对不同Redis客户端的整合（Lettuce和Jedis）\n- 提供了RedisTemplate统一API来操作Redis\n- 支持Redis的发布订阅模型\n- 支持Redis哨兵和Redis集群\n- 支持基于Lettuce的响应式编程\n- 支持基于JDK、JSON、字符串、Spring对象的数据序列化及反序列化\n- 支持基于Redis的JDKCollecion实现\n\nSpringDataRedis中提供了RedisTemplate工具类，其中封装了各种对Redis的操作。并且将不同数据类型的操作API封装到不同的类型中：\n\n| API                         | 返回值类型      | 说明                  |\n| --------------------------- | --------------- | --------------------- |\n| redisTemplate.opsForValue() | ValueOperations | 操作Sring类型数据     |\n| redisTemplate.opsForHash()  | HashOperations  | 操作Hash类型数据      |\n| redisTemplate.opsForList()  | ListOperations  | 操作List类型数据      |\n| redisTemplate.opsForSet()   | SetOperations   | 操作Set类型数据       |\n| redisTemplate.opsForZSet()  | ZSetOperations  | 操作SortedSet类型数据 |\n| redisTemplate               |                 | 通用的命令            |\n\n配置pom.xml依赖\n\n```xml\n<!-- Redis依赖 -->\n<dependency>\n   <groupId>org.springframework.boot</groupId>\n   <artifactId>spring-boot-starter-data-redis</artifactId>\n</dependency>\n<!-- 连接池依赖 -->\n<dependency>\n   <groupId>org.apache.commons</groupId>\n   <artifactId>commons-pool2</artifactId>\n</dependency>\n```\n\n在application.yml配置redis信息\n\n```yml\nspring:\n  data:\n    redis:\n      host: 192.168.216.134\n      port: 6379\n      password: 3414338\n      lettuce:\n        pool:\n          # 最大连接\n          max-active: 8\n          # 最大空闲连接\n          max-idle: 8\n          # 最小空闲连接\n          min-idle: 0\n          # 连接等待时间\n          max-wait: 100\n```\n\n在Springboot测试类编写\n\n```java\n@SpringBootTest\nclass SpringDataRedisApplicationTests {\n   // 注入RedisTemplate\n    @Autowired\n    private RedisTemplate<String, String> redisTemplate;\n\n    @Test\n    void testString(){\n        // 插入一条string类型数据\n        redisTemplate.opsForValue().set(\"name\",\"李四\");\n        // 读取一条string类型数据\n        Object name = redisTemplate.opsForValue().get(\"name\");\n        System.out.println(\"name = \" + name);\n    }\n}\n```\n\n**SpringDataRedis的序列化方式**\n\nRedisTemplate可以接收任意Object作为值写入Redis，只不过写入前会把Object序列化为字节形式，默认是采用JDK序列化，得到的结果是这样的：\n\n```\n\\xe6\\x9d\\x8e\\xe5\\x9b\\x9b\n```\n\n缺点：可读性差，内存占用较大\n\n我们可以自定义RedisTemplate的序列化方式：\n\n```java\n@Bean\npublic RedisTemplate<String, Object> redisTemplate(RedisConnectionFactory redisConnectionFactory) throws UnknowHostException{\n    // 创建Template\n    RedisTemplate<String, Object> redisTemplate = new RedisTemplate<>();\n    // 设置连接工厂\n    redisTemplate.setConnectionFactory(redisConnectionFactory);\n    // 设置序列化工具\n    GenericJackson2JsonRedisSerializer jsonRedisSerializer = new GenericJackson2JsonedisSerializer();\n    // key 和 hashKey 采用string序列化\n    redisTemplate.setKeySerializer(RedisSerializer.string());\n    redisTemplate.setHashKeySerializer(RedisSerializer.string());\n    // value和hashValue采用JSON序列化\n    redisTemplate.setKeySerializer(jsonRedisSerializer);\n    redisTemplate.setHashKeySerializer(jsonRedisSerializer);\n}\n```\n\n**StringReadisTemplate**\n\n为了在反序列化时知道对象类型，JSON序列化器会将类的class类型希尔json结果中，存入Redis，会带来额外的内存开销\n\n```json\n{\n\t\"@class\":\"com.knockfish.pojo.User\",\n    \"name\": \"张三\",\n    \"age\": 21\n}\n```\n\n为了节省内存空间，通常会统一使用String序列化器，要求只能存储String类型的key和value。当需要存储Java对象时，手动完成对象的序列化和反序列化\n\nSpring默认提供了一个StringRedisTemplate类，它的key和value的序列化方式默认都是String方式。省去了我们自定义RedisTemplate的过程：\n\n```java\n@Autowired\nprivate StringRedisTemplate stringRedisTemplate;\n// JSON 工具\nprivate static final ObjectMapper mapper = new ObjectMapper();\n@Test\nvoid testStringTemplate() throws JsonProcessingException{\n    // 准备对象\n    User user = new User(\"李四\", 18);\n    // 手动序列化\n    String json = mapper.writeValueAsString(user);\n    // 写入一条数据到redis\n    stringRedisTemplate.opsForValue().set(\"user:200\", json);\n    \n    // 读取数据\n    String val = stringRedisTemplate.opsForValue().get(\"user:200\");\n    // 反序列化\n    User user1 = mapper.readValue(val, User.class);\n    System.ot.println(\"user1 = \" + user1);\n}\n```\n\n# 什么是缓存\n\n缓存就是数据交换的缓冲区（Cache），是存储数据的临时地方，一般读写性能较高\n\n缓存的作用\n\n- 降低后端负载\n- 提高读写效率，降低响应时间\n\n缓存的成本\n\n- 数据一致性成本\n- 代码维护成本\n- 运维成本\n\n# 缓存穿透\n\n缓存穿透是指客户端请求的数据在缓存中和数据库中都不存在，这样缓存永远不会生效，这些请求都会打到数据库\n\n常见的解决方案有两种：\n\n- 缓存空对象\n  - 优点：实现简单，维护方便\n  - 缺点：额外的内存消耗，可能造成短期的不一致\n- 布隆过滤器\n  - 优点：内存占用较少，没有多余key\n  - 缺点：实现复杂，存在误判可能\n\n# 缓存雪崩\n\n缓存雪崩是指同一时段大量的缓存key同时失效或者Redis服务宕机，导致大量请求到达数据库，带来巨大压力\n\n解决方案：\n\n- 给不同的key的TTL添加随机值\n- 利用Redis集群提高服务的可用性\n- 给缓存业务添加降级限流策略\n- 给业务添加多级缓存\n\n# 缓存击穿\n\n缓存击穿问题也叫热点Key问题，就是一个被高并发访问并且缓存重建业务较复杂的key突然失效了，无数的请求访问会在瞬间给数据带来巨大的冲击\n\n常见的解决方案有两种：\n\n- 互斥锁\n  - 优点：没有额外的内存消耗，保证一致性，实现简单\n  - 缺点：线程需要等待，性能受影响，可能有死锁风险\n- 逻辑过期\n  - 优点：线程无需等待，性能较好\n  - 缺点：不保证一致性，有额外内存消耗，实现复杂","status":"PUBLISH","publishTime":null,"updateTime":null,"tags":[23],"fileIds":null,"userId":null}
2026-07-17 15:05:00.653 [http-nio-8081-exec-40] INFO  com.knockfish.service.impl.ArticleServiceImpl - 文章创建成功: articleId=50, title=Redis
2026-07-17 15:05:00.657 [http-nio-8081-exec-40] INFO  com.knockfish.aspect.LogAspect - [新增文章] 请求成功 - 执行时间: 31ms - 返回结果: {"code":200,"msg":"请求成功","data":50}
2026-07-17 15:05:11.519 [http-nio-8081-exec-41] INFO  com.knockfish.security.JwtAuthenticationFilter - === 请求路径: /api/article, 方法: PUT
2026-07-17 15:05:11.534 [http-nio-8081-exec-41] INFO  com.knockfish.aspect.LogAspect - [更新文章] 请求开始 - PUT /api/article - ArticleController.updateArticle - 参数: {"articleId":50,"title":"测试","cover":"https://fishbarn.cn/blog/3/cover/a2dc7f95-7378-40a7-8f9f-36e4c523f016.webp","description":"Redis基础","content":"增量同步\n\n缓存数据的分类：\n\n实时同步数据：要求缓存中的数据必须与DB中的数据保持一致。只要DB中的数据发生了改变，缓存中的数据立即消失\n\n阶段性同步数据：非必要实时与DB进行数据同步，添加redis数据生存时长来实现\n\n\n\nRedis的特性：\n\n1. 性能极高\n2. 简单稳定\n3. 持久化\n4. 高可用集群\n5. 丰富的数据类型\n6. 强大的功能\n7. 客户端语言广泛\n8. 支持ACL（Access Control List 访问控制列表，细粒度的权限管理策略）权限控制\n9. 支持多线程 IO 模型\n\n# 配置Redis\n\n## 安装\n\nRedis是基于C语言编写的，因此首先需要安装Redis所需要的gcc依赖\n\n```sh\nyum install -y gcc tcl\n```\n\n将Redis安装包上传到虚拟机的任意目录：例如，放到 /usr/local/src目录，使用 cd 进入该目录\n\n```sh\ncd /usr/local/src\n```\n\n对Redis安装包安装包解压\n\n```sh\ntar -zxvf redis-7.0.15.tar.gz\n```\n\n进入 redis 目录\n\n```\ncd redis-7.0.15\n```\n\n运行编译命令\n\n```\nmake && make install\n```\n\nredis 默认的安装路径在 /usr/local/bin 目录下，如果能进入则说明安装成功\n\n```sh\ncd /usr/local/bin\n```\n\n该目录以及默认配置配置到环境变量，因为可以在任意目录下运行这些命令。其中：\n\n- redis-cli：是 redis 提供的命令行客户端\n- redis-server：是 redis 的服务器启动脚本\n- redis-sentinel：是 redis 的哨兵启动脚本\n\n## 启动\n\nredis的启动方式有很多种，例如：\n\n- 默认启动\n- 指定配置启动\n- 开机自启\n\n**默认启动**\n\n安装完整后，在任意目录输入 `redis-server` 命令启动Redis：\n\n```sh\nredis-server\n```\n\n这种启动属于前台启动，会阻塞整个会话窗口，窗口关闭或者按下 `CTRL + C` 停止运行 Redis，不推荐使用\n\n**指定配置启动**\n\n想要让 Redis 以 后台方式 启动，则必须修改 Redis 的 redis.conf 配置文件（文件在Redis解压缩的文件夹种）\n\n先将这个配置文件备份一份（防止改错）：\n\n```sh\ncp redis.conf redis.conf.bck\n```\n\n然后修改 redis.conf 文件中的一些配置\n\n```properties\n# 监听的地址，默认是 127.0.0.1，会导致只能在本地访问。修改为 0.0.0.0 则可以在任意 IP 访问，生产环境不要设置为 0.0.0.0\nbind 0.0.0.0\n# 守护进程，修改为 yes 后即可后台运行\ndaemonize yes\n# 密码，设置后访问 Redis 必须输入密码\nrequirepass 123321\n```\n\nRedis的其他常见配置\n\n```properties\n# 监听的端口\nport 6379\n# 工作目录，默认是当前目录，也就是运行 redis-server 时的命令，日志、持久化等文件会保存在这个目录\ndir .\n# 数据库数量，设置为 1，代表只使用 1 个库，默认有 16 个库编号 0~15\ndatabases 1\n# 设置 redis 能够使用的最大内存\nmaxmemory 512mb\n# 日志文件，默认为空，不记录日志，可以指定日志文件名\nlogfile \"redis.log\"\n```\n\n启动Redis\n\n```sh\n# 进入redis 安装目录\ncd /usr/local/src/redis-7.0.15\n# 启动\nredis-server redis.conf\n# 查看是否在后台运行\nps -ef | grep redis\n```\n\n停止服务\n\n```sh\n# 利用 redis-cli 来执行 shutdown 命令，即可停止 Redis 服务\n# 如果之前配置了密码，需要通过 -u 来指定密码\nredis-cli -u 密码 shutdown\n```\n\n**开机自启**\n\n也可以通过配置来实现开机自启\n\n首先，新建一个系统服务文件\n\n```sh\nvi /etc/systemd/system/redis.service\n```\n\n内容如下：\n\n```\n[Unit]\nDescription=redis-server\nAfter=network.target\n\n[Service]\nType=forking\nExecStart=/usr/local/bin/redis-server /usr/local/src/redis-7.0.15/redis.conf\nPrivateTmp=true\n\n[Install]\nWantedBy=multi-user.target\n```\n\n然后重载系统服务\n\n```\nsystemctl daemon-reload\n```\n\n现在可以用下面的命令来操作 redis\n\n```properties\n# 启动\nsystemctl start redis\n# 停止\nsystemctl stop redis\n# 重启\nsystemctl restart redis\n# 查看状态\nsystemctl status redis\n```\n\n执行下面的命令，可以让 redis 开机自启\n\n```\nsystemctl enable redis\n```\n\n# Redis客户端\n\n操作Redis实现数据的CRUD，需要用到Redis客户端，包括：\n\n- 命令行客户端\n- 图形化桌面客户端\n- 编程客户端\n\n**Redis命令行客户端**\n\nRedis安装完成后就自带了命令行客户端：redis-cli，使用方式如下：\n\n```\nredis-cli [options] [commonds]\n```\n\n其中常见的options有：\n\n- `-h 127.0.0.1`：指定要连接的redis节点的IP地址，默认是127.0.0.1\n\n- `-p 6379`：指定要连接的redis节点的端口，默认是 6379\n\n- `-a 密码`：指定redis的访问密码\n\n  > 也可以在连接redis后，使用命令 `AUTH 密码` 访问\n\n其中的commonds就是Redis的操作命令，例如：\n\n- `ping`：与redis服务端做心跳测试，服务端正常会返回`pong`\n\n不指定 commond时，会进入`redis-cli`的交互控制台\n\n**图形化桌面客户端**\n\n这里选择安装 Another Redis Desktop Manager 客户端，官网链接：https://goanother.com/cn/\n\n如果存在连接不上的情况，很可能是被虚拟机的防火墙拦截，可以使用下面的命令开放端口\n\n第一步\n\n```\nfirewall-cmd --zone=public --add-port=6379/tcp --permanent \n```\n\n第二步：开放6379端口\n\n```\nfirewall-cmd --reload \n```\n\n# Redis命令\n\n## Redis通用命令\n\n通用指令是部分数据类型都可以使用的指令，常见的有\n\n- KEYS：查看符合模板的索引 key，不建议在生产环境设备上使用\n- DEL：删除一个指定的key\n- EXISTS：判断key是否存在\n- EXPIRE：给一个key设置有效期，有效期到期时该key会被自动删除\n- TTL：查看一个KEY的剩余有效期\n\n可以通过 help [command] 查看一个命令的具体用法\n\n## String类型\n\nString类型，也就是字符串类型，是Redis中最简单的存储类型\n\n其 value 是字符串，根据字符串的格式不同，又可以分为3类：\n\n- string：普通字符串\n- int：整数类型，可以做自增、自减操作\n- float：浮点类型，可以做自增、自减操作\n\n不管是哪种格式，底层都是字节数组形式存储，只不过是编码方式不同\n\nString类型的常见命令：\n\n| 常见命令    | 说明                                                         |\n| ----------- | ------------------------------------------------------------ |\n| set         | 添加或者修改已经存在的一个String类型的键值对                 |\n| get         | 根据key获取String类型的value                                 |\n| mset        | 批量添加多个String类型的键值对                               |\n| mget        | 根据多个key获取多个String类型的value                         |\n| incr        | 让一个整型的key自增1                                         |\n| incrby      | 让一个整型的key自增并指定步长，例如：incrby num 2 让num值自增2 |\n| incrbyfloat | 让一个浮点类型的数字自增并指定步长                           |\n| setnx       | 添加一个String类型的键值对，前提是这个key不存在，否则不执行  |\n| setex       | 添加一个String类型的键值对，并且指定有效期                   |\n\n## key的结构\n\nRedis的key允许有多个单词形成层级结构，多个单词之间用 `:` 隔开，格式如下：\n\n```\n项目名:业务名:类型:id\n```\n\n可以根据自己的需求来删除或添加词条\n\n例如项目名称叫 knockfish，有 user 和 product 两种不同类型的数据，那么可以这样定义key：\n\n- user相关的key：`knockfish:user:1`\n- product相关的key：`knockfish:product:1`\n\n如果 value 是一个java对象，例如一个User对象，则可以将对象序列化为JSON字符串后存储：\n\n| key                 | value                                   |\n| ------------------- | --------------------------------------- |\n| knockfish:user:1    | {\"id\":1, \"name\": \"zhangsan\", \"age\": 20} |\n| knockfish:product:1 | {\"id\":1, \"name\": \"华为\", \"price\": 6999} |\n\n## Hash类型\n\nHash类型，也叫散列，其 value 是一个无序字典，类似于 Java 中的 HashMap 结构\n\nString结构是将对象序列化为JSON字符串后存储，当需要修改对象某个字段时很不方便：\n\n| key              | value                      |\n| ---------------- | -------------------------- |\n| knockfish:user:1 | {name:\"zhangsan\", age: 20} |\n| knockfish:user:2 | {name:\"lisi\", age: 21}     |\n\nHash结构可以将对象中的每个字段独立存储，可以针对单个字段做CRUD：\n\nHash类型的常见命令：\n\n| 常见命令             | 说明                                                         |\n| -------------------- | ------------------------------------------------------------ |\n| hset key field value | 添加或者修改hash类型key的field的值                           |\n| hget key field       | 获取一个hash类型key的field的值                               |\n| hmset                | 批量添加多个hash类型key的field的值                           |\n| hmget                | 批量获取多个hash类型key的ffield的值                          |\n| hgetall              | 获取一个hash类型的key中的所有的fiele和value                  |\n| hkeys                | 获取一个hash类型的key中的所有的field                         |\n| hvals                | 获取一个hash类型的key中的所有的value                         |\n| hincrby              | 让一个hash类型的key的字段值自增并指定步长                    |\n| hsetnx               | 添加一个hash类型的key的field值，前提是这个field不存在，否则不执行 |\n\n## List类型\n\nRedis中的List类型与Java中的LinkedList类似，可以看做是一个双向链表结构。支持正向检索也支持反向检索\n\n特征也与LinkedList类似：\n\n- 有序\n- 元素可重复\n- 插入和删除快\n- 查询速度一般\n\n常用来存储一个有序数据，例如：朋友圈点赞列表，评论列表等\n\nList类型的常见命令：\n\n| 常见命令              | 说明                                                         |\n| --------------------- | ------------------------------------------------------------ |\n| lpush key element ... | 向列表左侧插入一个或多个元素                                 |\n| lpop key              | 移除并返回列表左侧的第一个元素，没有则返回null               |\n| rpush key element ... | 向列表右侧插入一个或多个元素                                 |\n| rpop key              | 移除并返回列表右侧的第一个元素                               |\n| lrange key star end   | 返回一段角标范围内的所有元素                                 |\n| blpop                 | 移除并返回列表左侧的第一个元素，没有元素时等待指定时间，而不是直接返回null |\n| brpop                 | 移除并返回列表右侧的第一个元素，没有元素时等待指定时间，而不是直接返回null |\n\n## Set类型\n\nRedis的Set结构与Java中的HashSet类似，可以看做是一个vlaue为null的HashMap\n\n特征也与HashSet类似：\n\n- 无序\n- 元素不可重复\n- 查找快\n- 支持交集、并集、差集等功能\n\nSet类型的常见命令：\n\n| 常见命令             | 说明                        |\n| -------------------- | --------------------------- |\n| sadd key member ...  | 向set中添加一个或多个元素   |\n| srem key member ...  | 移除set中的指定元素         |\n| scard key            | 返回set中元素的个数         |\n| sismember key member | 判断一个元素是否存在于set中 |\n| smembers             | 获取set中的所有元素         |\n| sinter key1 key2 ... | 求key1与key2的交集          |\n| sdiff key1 key2 ...  | 求key1与key2的差集          |\n| sunion key1 key2 ... | 求key1和key2的并集          |\n\n## SortedSet类型\n\nRedis的SortedSet是一个可排序的set集合，与Java中的TreeSet有些类似，但底层数据结构差别很大。SortedSet中的每一个元素都带有一个score属性，可以基于score属性对元素排序，底层的实现是一个跳表（SkipList）加hash表\n\nSortedSet具备下列特性：\n\n- 可排序\n- 元素不重复\n- 查询速度快\n\n因为SortedSet的可排序特性，经常被用来实现排行榜功能\n\nSortedSet类型的常见命令：\n\n| 常见命令                     | 说明                                                        |\n| ---------------------------- | ----------------------------------------------------------- |\n| zadd key score member        | 添加一个或多个元素到sorted set，如果已经存在则更新其score值 |\n| zrem key member              | 删除sorted set中的一个指定元素                              |\n| zscore key member            | 获取sorted se中的指定元素的score值                          |\n| zrank key member             | 获取sorted set中的指定元素的排名                            |\n| zcard key                    | 获取sorted set中的元素个数                                  |\n| zcount key min max           | 统计score值在给定范围内的所有元素的个数                     |\n| zincrby key increment member | 让sorted set 中的指定元素自增，步长为指定的increment值      |\n| zrange key min max           | 按照score排序后，获取指定排名范围内的元素                   |\n| zrangebyscore key min max    | 按照score排序后，获取指定score范围内的元素                  |\n| zdiff                        | 求差集                                                      |\n| zinter                       | 求交集                                                      |\n| zunion                       | 求并集                                                      |\n\n# Jedis\n\nJedis 的官网地址：https://github.com/redis/jedis\n\n**Jedis连接池**\n\nJedis本身是线程不安全的，并且频繁的创建和销毁连接会有性能损耗，推荐使用Jedis连接池代替Jedis的直连方式\n\n```js\npublic class JedisConnectionFactory{\n    private static final JedisPool jedisPool;\n    static{\n        JedisPoolConfig jedisPoolConfig = new JedisPoolConfig();\n        // 最大连接\n        jedisPoolConfig.setMaxTotal(8);\n        // 最大空闲连接\n        jedisPoolConfig.setMaxIdle(8);\n        // 最小空闲连接\n        jedisPoolConfig.setMinIdle(0);\n        // 设置最长等待时间，ms\n        jedisPoolConfig.setMaxWaitMillis(200);\n        // \"123456\"为密码\n        jedisPool = new JedisPool(jedisPoolConfig, \"192.168.150.101\", 6379, 1000, \"123456\")\n    }\n    // 获取Jedis对象\n    public static Jedis getJedis(){\n        return jedisPool.getResource();\n    }\n}\n```\n\n# SpringDataRedis\n\nSpringData是Spring中数据操作的模块，包含对各种数据库的集成，其中对Redis的集成模块就叫做SpringDataRedis，官网地址：https://spring.io/projects/spring-data-redis\n\n- 提供了对不同Redis客户端的整合（Lettuce和Jedis）\n- 提供了RedisTemplate统一API来操作Redis\n- 支持Redis的发布订阅模型\n- 支持Redis哨兵和Redis集群\n- 支持基于Lettuce的响应式编程\n- 支持基于JDK、JSON、字符串、Spring对象的数据序列化及反序列化\n- 支持基于Redis的JDKCollecion实现\n\nSpringDataRedis中提供了RedisTemplate工具类，其中封装了各种对Redis的操作。并且将不同数据类型的操作API封装到不同的类型中：\n\n| API                         | 返回值类型      | 说明                  |\n| --------------------------- | --------------- | --------------------- |\n| redisTemplate.opsForValue() | ValueOperations | 操作Sring类型数据     |\n| redisTemplate.opsForHash()  | HashOperations  | 操作Hash类型数据      |\n| redisTemplate.opsForList()  | ListOperations  | 操作List类型数据      |\n| redisTemplate.opsForSet()   | SetOperations   | 操作Set类型数据       |\n| redisTemplate.opsForZSet()  | ZSetOperations  | 操作SortedSet类型数据 |\n| redisTemplate               |                 | 通用的命令            |\n\n配置pom.xml依赖\n\n```xml\n<!-- Redis依赖 -->\n<dependency>\n   <groupId>org.springframework.boot</groupId>\n   <artifactId>spring-boot-starter-data-redis</artifactId>\n</dependency>\n<!-- 连接池依赖 -->\n<dependency>\n   <groupId>org.apache.commons</groupId>\n   <artifactId>commons-pool2</artifactId>\n</dependency>\n```\n\n在application.yml配置redis信息\n\n```yml\nspring:\n  data:\n    redis:\n      host: 192.168.216.134\n      port: 6379\n      password: 3414338\n      lettuce:\n        pool:\n          # 最大连接\n          max-active: 8\n          # 最大空闲连接\n          max-idle: 8\n          # 最小空闲连接\n          min-idle: 0\n          # 连接等待时间\n          max-wait: 100\n```\n\n在Springboot测试类编写\n\n```java\n@SpringBootTest\nclass SpringDataRedisApplicationTests {\n   // 注入RedisTemplate\n    @Autowired\n    private RedisTemplate<String, String> redisTemplate;\n\n    @Test\n    void testString(){\n        // 插入一条string类型数据\n        redisTemplate.opsForValue().set(\"name\",\"李四\");\n        // 读取一条string类型数据\n        Object name = redisTemplate.opsForValue().get(\"name\");\n        System.out.println(\"name = \" + name);\n    }\n}\n```\n\n**SpringDataRedis的序列化方式**\n\nRedisTemplate可以接收任意Object作为值写入Redis，只不过写入前会把Object序列化为字节形式，默认是采用JDK序列化，得到的结果是这样的：\n\n```\n\\xe6\\x9d\\x8e\\xe5\\x9b\\x9b\n```\n\n缺点：可读性差，内存占用较大\n\n我们可以自定义RedisTemplate的序列化方式：\n\n```java\n@Bean\npublic RedisTemplate<String, Object> redisTemplate(RedisConnectionFactory redisConnectionFactory) throws UnknowHostException{\n    // 创建Template\n    RedisTemplate<String, Object> redisTemplate = new RedisTemplate<>();\n    // 设置连接工厂\n    redisTemplate.setConnectionFactory(redisConnectionFactory);\n    // 设置序列化工具\n    GenericJackson2JsonRedisSerializer jsonRedisSerializer = new GenericJackson2JsonedisSerializer();\n    // key 和 hashKey 采用string序列化\n    redisTemplate.setKeySerializer(RedisSerializer.string());\n    redisTemplate.setHashKeySerializer(RedisSerializer.string());\n    // value和hashValue采用JSON序列化\n    redisTemplate.setKeySerializer(jsonRedisSerializer);\n    redisTemplate.setHashKeySerializer(jsonRedisSerializer);\n}\n```\n\n**StringReadisTemplate**\n\n为了在反序列化时知道对象类型，JSON序列化器会将类的class类型希尔json结果中，存入Redis，会带来额外的内存开销\n\n```json\n{\n\t\"@class\":\"com.knockfish.pojo.User\",\n    \"name\": \"张三\",\n    \"age\": 21\n}\n```\n\n为了节省内存空间，通常会统一使用String序列化器，要求只能存储String类型的key和value。当需要存储Java对象时，手动完成对象的序列化和反序列化\n\nSpring默认提供了一个StringRedisTemplate类，它的key和value的序列化方式默认都是String方式。省去了我们自定义RedisTemplate的过程：\n\n```java\n@Autowired\nprivate StringRedisTemplate stringRedisTemplate;\n// JSON 工具\nprivate static final ObjectMapper mapper = new ObjectMapper();\n@Test\nvoid testStringTemplate() throws JsonProcessingException{\n    // 准备对象\n    User user = new User(\"李四\", 18);\n    // 手动序列化\n    String json = mapper.writeValueAsString(user);\n    // 写入一条数据到redis\n    stringRedisTemplate.opsForValue().set(\"user:200\", json);\n    \n    // 读取数据\n    String val = stringRedisTemplate.opsForValue().get(\"user:200\");\n    // 反序列化\n    User user1 = mapper.readValue(val, User.class);\n    System.ot.println(\"user1 = \" + user1);\n}\n```\n\n# 什么是缓存\n\n缓存就是数据交换的缓冲区（Cache），是存储数据的临时地方，一般读写性能较高\n\n缓存的作用\n\n- 降低后端负载\n- 提高读写效率，降低响应时间\n\n缓存的成本\n\n- 数据一致性成本\n- 代码维护成本\n- 运维成本\n\n# 缓存穿透\n\n缓存穿透是指客户端请求的数据在缓存中和数据库中都不存在，这样缓存永远不会生效，这些请求都会打到数据库\n\n常见的解决方案有两种：\n\n- 缓存空对象\n  - 优点：实现简单，维护方便\n  - 缺点：额外的内存消耗，可能造成短期的不一致\n- 布隆过滤器\n  - 优点：内存占用较少，没有多余key\n  - 缺点：实现复杂，存在误判可能\n\n# 缓存雪崩\n\n缓存雪崩是指同一时段大量的缓存key同时失效或者Redis服务宕机，导致大量请求到达数据库，带来巨大压力\n\n解决方案：\n\n- 给不同的key的TTL添加随机值\n- 利用Redis集群提高服务的可用性\n- 给缓存业务添加降级限流策略\n- 给业务添加多级缓存\n\n# 缓存击穿\n\n缓存击穿问题也叫热点Key问题，就是一个被高并发访问并且缓存重建业务较复杂的key突然失效了，无数的请求访问会在瞬间给数据带来巨大的冲击\n\n常见的解决方案有两种：\n\n- 互斥锁\n  - 优点：没有额外的内存消耗，保证一致性，实现简单\n  - 缺点：线程需要等待，性能受影响，可能有死锁风险\n- 逻辑过期\n  - 优点：线程无需等待，性能较好\n  - 缺点：不保证一致性，有额外内存消耗，实现复杂","status":"PUBLISH","publishTime":null,"updatedTime":null,"fileIds":null,"tags":[23]}
2026-07-17 15:05:11.571 [http-nio-8081-exec-41] INFO  com.knockfish.service.impl.ArticleServiceImpl - 文章更新成功: articleId=50
2026-07-17 15:05:11.575 [http-nio-8081-exec-41] INFO  com.knockfish.aspect.LogAspect - [更新文章] 请求成功 - 执行时间: 41ms
2026-07-17 15:05:13.536 [http-nio-8081-exec-42] INFO  com.knockfish.security.JwtAuthenticationFilter - === 请求路径: /api/article/list, 方法: GET
2026-07-17 15:05:13.547 [http-nio-8081-exec-42] INFO  com.knockfish.aspect.LogAspect - [查询文章列表] 请求开始 - GET /api/article/list - ArticleController.getArticleList - 参数: {"userId":null,"title":null}, 1, 10
2026-07-17 15:05:13.619 [http-nio-8081-exec-42] INFO  com.knockfish.aspect.LogAspect - [查询文章列表] 请求成功 - 执行时间: 71ms
2026-07-17 15:05:23.657 [http-nio-8081-exec-44] INFO  com.knockfish.security.JwtAuthenticationFilter - === 请求路径: /api/tag/page, 方法: GET
2026-07-17 15:05:23.665 [http-nio-8081-exec-44] INFO  com.knockfish.aspect.LogAspect - [查询标签列表] 请求开始 - GET /api/tag/page - TagController.getTagListVO - 参数: {"tagName":null}, 1, 10
2026-07-17 15:05:23.743 [http-nio-8081-exec-44] INFO  com.knockfish.aspect.LogAspect - [查询标签列表] 请求成功 - 执行时间: 78ms
2026-07-17 15:05:26.644 [http-nio-8081-exec-46] INFO  com.knockfish.security.JwtAuthenticationFilter - === 请求路径: /api/category/with-site-count, 方法: GET
2026-07-17 15:05:26.654 [http-nio-8081-exec-46] INFO  com.knockfish.aspect.LogAspect - [查询分类列表(含统计)] 请求开始 - GET /api/category/with-site-count - CategoryController.getCategoryWithSiteCountList - 参数: {"categoryName":null}, 1, 10
2026-07-17 15:05:26.936 [http-nio-8081-exec-46] INFO  com.knockfish.aspect.LogAspect - [查询分类列表(含统计)] 请求成功 - 执行时间: 282ms
2026-07-17 15:05:28.740 [http-nio-8081-exec-48] INFO  com.knockfish.security.JwtAuthenticationFilter - === 请求路径: /api/site/with-category, 方法: GET
2026-07-17 15:05:30.084 [http-nio-8081-exec-50] INFO  com.knockfish.security.JwtAuthenticationFilter - === 请求路径: /api/category/options, 方法: GET
2026-07-17 15:05:30.170 [http-nio-8081-exec-50] INFO  com.knockfish.aspect.LogAspect - [获取分类选项] 请求开始 - GET /api/category/options - CategoryController.getCategoryOption - 参数: 无
2026-07-17 15:05:30.173 [http-nio-8081-exec-50] INFO  com.knockfish.aspect.LogAspect - [获取分类选项] 请求成功 - 执行时间: 2ms
2026-07-17 15:05:37.663 [http-nio-8081-exec-5] INFO  com.knockfish.security.JwtAuthenticationFilter - === 请求路径: /api/link/page, 方法: GET
2026-07-17 15:05:37.680 [http-nio-8081-exec-5] INFO  com.knockfish.aspect.LogAspect - [查询友链列表] 请求开始 - GET /api/link/page - LinkController.getLinkListVO - 参数: {"linkName":null}, 1, 10
2026-07-17 15:05:37.960 [http-nio-8081-exec-5] INFO  com.knockfish.aspect.LogAspect - [查询友链列表] 请求成功 - 执行时间: 279ms
2026-07-17 15:05:39.822 [http-nio-8081-exec-2] INFO  com.knockfish.security.JwtAuthenticationFilter - === 请求路径: /api/r2-file/prefix, 方法: GET
2026-07-17 15:13:39.261 [http-nio-8081-exec-7] INFO  com.knockfish.security.JwtAuthenticationFilter - === 请求路径: /api/category/with-site-count, 方法: GET
2026-07-17 15:13:39.277 [http-nio-8081-exec-7] INFO  com.knockfish.aspect.LogAspect - [查询分类列表(含统计)] 请求开始 - GET /api/category/with-site-count - CategoryController.getCategoryWithSiteCountList - 参数: {"categoryName":null}, 1, 10
2026-07-17 15:13:39.292 [http-nio-8081-exec-7] INFO  com.knockfish.aspect.LogAspect - [查询分类列表(含统计)] 请求成功 - 执行时间: 15ms
2026-07-17 15:13:40.476 [http-nio-8081-exec-4] INFO  com.knockfish.security.JwtAuthenticationFilter - === 请求路径: /api/tag/page, 方法: GET
2026-07-17 15:13:40.488 [http-nio-8081-exec-4] INFO  com.knockfish.aspect.LogAspect - [查询标签列表] 请求开始 - GET /api/tag/page - TagController.getTagListVO - 参数: {"tagName":null}, 1, 10
2026-07-17 15:13:40.502 [http-nio-8081-exec-4] INFO  com.knockfish.aspect.LogAspect - [查询标签列表] 请求成功 - 执行时间: 14ms
2026-07-17 15:13:41.580 [http-nio-8081-exec-6] INFO  com.knockfish.security.JwtAuthenticationFilter - === 请求路径: /api/article/list, 方法: GET
2026-07-17 15:13:41.597 [http-nio-8081-exec-6] INFO  com.knockfish.aspect.LogAspect - [查询文章列表] 请求开始 - GET /api/article/list - ArticleController.getArticleList - 参数: {"userId":null,"title":null}, 1, 10
2026-07-17 15:13:41.607 [http-nio-8081-exec-6] INFO  com.knockfish.aspect.LogAspect - [查询文章列表] 请求成功 - 执行时间: 10ms
2026-07-17 15:13:44.951 [http-nio-8081-exec-9] INFO  com.knockfish.security.JwtAuthenticationFilter - === 请求路径: /api/link/page, 方法: GET
2026-07-17 15:13:44.965 [http-nio-8081-exec-9] INFO  com.knockfish.aspect.LogAspect - [查询友链列表] 请求开始 - GET /api/link/page - LinkController.getLinkListVO - 参数: {"linkName":null}, 1, 10
2026-07-17 15:13:44.977 [http-nio-8081-exec-9] INFO  com.knockfish.aspect.LogAspect - [查询友链列表] 请求成功 - 执行时间: 11ms
2026-07-17 15:13:47.513 [http-nio-8081-exec-11] INFO  com.knockfish.security.JwtAuthenticationFilter - === 请求路径: /api/user/page, 方法: GET
2026-07-17 15:13:47.541 [http-nio-8081-exec-11] INFO  com.knockfish.aspect.LogAspect - [查询用户列表] 请求开始 - GET /api/user/page - UserController.getUserList - 参数: {"username":null,"nickname":null,"email":null}, 1, 10
2026-07-17 15:13:47.567 [http-nio-8081-exec-11] INFO  com.knockfish.aspect.LogAspect - [查询用户列表] 请求成功 - 执行时间: 25ms
2026-07-17 15:13:59.817 [http-nio-8081-exec-12] INFO  com.knockfish.security.JwtAuthenticationFilter - === 请求路径: /api/tag/page, 方法: GET
2026-07-17 15:13:59.828 [http-nio-8081-exec-12] INFO  com.knockfish.aspect.LogAspect - [查询标签列表] 请求开始 - GET /api/tag/page - TagController.getTagListVO - 参数: {"tagName":null}, 1, 10
2026-07-17 15:13:59.835 [http-nio-8081-exec-12] INFO  com.knockfish.aspect.LogAspect - [查询标签列表] 请求成功 - 执行时间: 6ms
2026-07-17 15:14:04.776 [http-nio-8081-exec-15] INFO  com.knockfish.security.JwtAuthenticationFilter - === 请求路径: /api/article/list, 方法: GET
2026-07-17 15:14:04.793 [http-nio-8081-exec-15] INFO  com.knockfish.aspect.LogAspect - [查询文章列表] 请求开始 - GET /api/article/list - ArticleController.getArticleList - 参数: {"userId":null,"title":null}, 1, 10
2026-07-17 15:14:04.804 [http-nio-8081-exec-15] INFO  com.knockfish.aspect.LogAspect - [查询文章列表] 请求成功 - 执行时间: 11ms
2026-07-17 15:14:05.507 [http-nio-8081-exec-16] INFO  com.knockfish.security.JwtAuthenticationFilter - === 请求路径: /api/tag/page, 方法: GET
2026-07-17 15:14:05.515 [http-nio-8081-exec-16] INFO  com.knockfish.aspect.LogAspect - [查询标签列表] 请求开始 - GET /api/tag/page - TagController.getTagListVO - 参数: {"tagName":null}, 1, 10
2026-07-17 15:14:05.522 [http-nio-8081-exec-16] INFO  com.knockfish.aspect.LogAspect - [查询标签列表] 请求成功 - 执行时间: 7ms
2026-07-17 15:14:06.827 [http-nio-8081-exec-14] INFO  com.knockfish.security.JwtAuthenticationFilter - === 请求路径: /api/category/with-site-count, 方法: GET
2026-07-17 15:14:06.837 [http-nio-8081-exec-14] INFO  com.knockfish.aspect.LogAspect - [查询分类列表(含统计)] 请求开始 - GET /api/category/with-site-count - CategoryController.getCategoryWithSiteCountList - 参数: {"categoryName":null}, 1, 10
2026-07-17 15:14:06.844 [http-nio-8081-exec-14] INFO  com.knockfish.aspect.LogAspect - [查询分类列表(含统计)] 请求成功 - 执行时间: 7ms
2026-07-17 15:14:08.275 [http-nio-8081-exec-13] INFO  com.knockfish.security.JwtAuthenticationFilter - === 请求路径: /api/site/with-category, 方法: GET
2026-07-17 15:14:08.368 [http-nio-8081-exec-17] INFO  com.knockfish.security.JwtAuthenticationFilter - === 请求路径: /api/category/options, 方法: GET
2026-07-17 15:14:08.383 [http-nio-8081-exec-17] INFO  com.knockfish.aspect.LogAspect - [获取分类选项] 请求开始 - GET /api/category/options - CategoryController.getCategoryOption - 参数: 无
2026-07-17 15:14:08.388 [http-nio-8081-exec-17] INFO  com.knockfish.aspect.LogAspect - [获取分类选项] 请求成功 - 执行时间: 5ms
2026-07-17 15:14:10.157 [http-nio-8081-exec-18] INFO  com.knockfish.security.JwtAuthenticationFilter - === 请求路径: /api/article/list, 方法: GET
2026-07-17 15:14:10.172 [http-nio-8081-exec-18] INFO  com.knockfish.aspect.LogAspect - [查询文章列表] 请求开始 - GET /api/article/list - ArticleController.getArticleList - 参数: {"userId":null,"title":null}, 1, 10
2026-07-17 15:14:10.179 [http-nio-8081-exec-18] INFO  com.knockfish.aspect.LogAspect - [查询文章列表] 请求成功 - 执行时间: 6ms
2026-07-17 15:14:10.840 [http-nio-8081-exec-21] INFO  com.knockfish.security.JwtAuthenticationFilter - === 请求路径: /api/tag/page, 方法: GET
2026-07-17 15:14:10.854 [http-nio-8081-exec-21] INFO  com.knockfish.aspect.LogAspect - [查询标签列表] 请求开始 - GET /api/tag/page - TagController.getTagListVO - 参数: {"tagName":null}, 1, 10
2026-07-17 15:14:10.863 [http-nio-8081-exec-21] INFO  com.knockfish.aspect.LogAspect - [查询标签列表] 请求成功 - 执行时间: 9ms
2026-07-17 15:14:12.962 [http-nio-8081-exec-19] INFO  com.knockfish.security.JwtAuthenticationFilter - === 请求路径: /api/link/page, 方法: GET
2026-07-17 15:14:12.976 [http-nio-8081-exec-19] INFO  com.knockfish.aspect.LogAspect - [查询友链列表] 请求开始 - GET /api/link/page - LinkController.getLinkListVO - 参数: {"linkName":null}, 1, 10
2026-07-17 15:14:12.985 [http-nio-8081-exec-19] INFO  com.knockfish.aspect.LogAspect - [查询友链列表] 请求成功 - 执行时间: 9ms
2026-07-17 15:14:14.795 [http-nio-8081-exec-23] INFO  com.knockfish.security.JwtAuthenticationFilter - === 请求路径: /api/user/page, 方法: GET
2026-07-17 15:14:14.809 [http-nio-8081-exec-23] INFO  com.knockfish.aspect.LogAspect - [查询用户列表] 请求开始 - GET /api/user/page - UserController.getUserList - 参数: {"username":null,"nickname":null,"email":null}, 1, 10
2026-07-17 15:14:14.839 [http-nio-8081-exec-23] INFO  com.knockfish.aspect.LogAspect - [查询用户列表] 请求成功 - 执行时间: 30ms
2026-07-17 15:14:15.786 [http-nio-8081-exec-24] INFO  com.knockfish.security.JwtAuthenticationFilter - === 请求路径: /api/permission, 方法: GET
2026-07-17 15:14:17.217 [http-nio-8081-exec-25] INFO  com.knockfish.security.JwtAuthenticationFilter - === 请求路径: /api/role/with-permission, 方法: GET
2026-07-17 15:22:51.396 [http-nio-8081-exec-27] INFO  com.knockfish.security.JwtAuthenticationFilter - === 请求路径: /api/tag/page, 方法: GET
2026-07-17 15:22:51.406 [http-nio-8081-exec-27] INFO  com.knockfish.aspect.LogAspect - [查询标签列表] 请求开始 - GET /api/tag/page - TagController.getTagListVO - 参数: {"tagName":null}, 1, 10
2026-07-17 15:22:51.418 [http-nio-8081-exec-27] INFO  com.knockfish.aspect.LogAspect - [查询标签列表] 请求成功 - 执行时间: 12ms
2026-07-17 15:36:50.495 [http-nio-8081-exec-30] INFO  com.knockfish.security.JwtAuthenticationFilter - === 请求路径: /api/tag/page, 方法: GET
2026-07-17 15:36:50.522 [http-nio-8081-exec-30] INFO  com.knockfish.aspect.LogAspect - [查询标签列表] 请求开始 - GET /api/tag/page - TagController.getTagListVO - 参数: {"tagName":null}, 1, 10
2026-07-17 15:36:50.530 [http-nio-8081-exec-30] INFO  com.knockfish.aspect.LogAspect - [查询标签列表] 请求成功 - 执行时间: 8ms
2026-07-17 18:08:33.863 [http-nio-8081-exec-36] INFO  com.knockfish.security.JwtAuthenticationFilter - === 请求路径: /api/dashboard/article-trend, 方法: GET
2026-07-17 18:08:33.863 [http-nio-8081-exec-38] INFO  com.knockfish.security.JwtAuthenticationFilter - === 请求路径: /api/dashboard/category-stats, 方法: GET
2026-07-17 18:08:33.863 [http-nio-8081-exec-37] INFO  com.knockfish.security.JwtAuthenticationFilter - === 请求路径: /api/dashboard/activities, 方法: GET
2026-07-17 18:08:33.863 [http-nio-8081-exec-35] INFO  com.knockfish.security.JwtAuthenticationFilter - === 请求路径: /api/dashboard/overview, 方法: GET
2026-07-17 18:08:34.108 [http-nio-8081-exec-38] INFO  com.knockfish.aspect.LogAspect - [获取文章分类统计] 请求开始 - GET /api/dashboard/category-stats - DashboardController.getCategoryStats - 参数: 无
2026-07-17 18:08:34.108 [http-nio-8081-exec-35] INFO  com.knockfish.aspect.LogAspect - [获取仪表盘概览] 请求开始 - GET /api/dashboard/overview - DashboardController.getOverview - 参数: 无
2026-07-17 18:08:34.116 [http-nio-8081-exec-37] INFO  com.knockfish.aspect.LogAspect - [获取最近动态] 请求开始 - GET /api/dashboard/activities - DashboardController.getActivities - 参数: 10
2026-07-17 18:08:34.116 [http-nio-8081-exec-36] INFO  com.knockfish.aspect.LogAspect - [获取文章发布趋势] 请求开始 - GET /api/dashboard/article-trend - DashboardController.getArticleTrend - 参数: "monthly", null
2026-07-17 18:08:34.129 [http-nio-8081-exec-38] INFO  com.knockfish.aspect.LogAspect - [获取文章分类统计] 请求成功 - 执行时间: 19ms
2026-07-17 18:08:34.133 [http-nio-8081-exec-37] INFO  com.knockfish.aspect.LogAspect - [获取最近动态] 请求成功 - 执行时间: 17ms
2026-07-17 18:08:34.137 [http-nio-8081-exec-36] INFO  com.knockfish.aspect.LogAspect - [获取文章发布趋势] 请求成功 - 执行时间: 20ms
2026-07-17 18:08:34.192 [http-nio-8081-exec-35] INFO  com.knockfish.aspect.LogAspect - [获取仪表盘概览] 请求成功 - 执行时间: 83ms
2026-07-17 18:08:40.081 [http-nio-8081-exec-40] INFO  com.knockfish.security.JwtAuthenticationFilter - === 请求路径: /api/tag/page, 方法: GET
2026-07-17 18:08:40.118 [http-nio-8081-exec-40] INFO  com.knockfish.aspect.LogAspect - [查询标签列表] 请求开始 - GET /api/tag/page - TagController.getTagListVO - 参数: {"tagName":null}, 1, 10
2026-07-17 18:08:40.153 [http-nio-8081-exec-40] INFO  com.knockfish.aspect.LogAspect - [查询标签列表] 请求成功 - 执行时间: 35ms
2026-07-17 18:08:53.418 [http-nio-8081-exec-42] INFO  com.knockfish.security.JwtAuthenticationFilter - === 请求路径: /api/auth/login, 方法: POST
2026-07-17 18:08:53.462 [http-nio-8081-exec-42] INFO  com.knockfish.aspect.LogAspect - [用户登录] 请求开始 - POST /api/auth/login - AuthController.login - 参数: {"username":"knockfish","password":"3414338"}
2026-07-17 18:08:53.604 [http-nio-8081-exec-42] INFO  com.knockfish.service.impl.AuthServiceImpl - 用户登录成功: username=knockfish, userId=1
2026-07-17 18:08:53.605 [http-nio-8081-exec-42] INFO  com.knockfish.aspect.LogAspect - [用户登录] 请求成功 - 执行时间: 141ms - 返回结果: {"code":200,"msg":"请求成功","data":{"userId":1,"username":"knockfish","email":"knockfish@qq.com","nickname":"knock_fish","avatar":"https://fishbarn.cn/blog/article-image/2026-06/168954af-15b9-4268-9743-080e1b495538.webp","description":"博客正在施工中……","githubUrl":null,"bilibiliUrl":null,"background":"https://fishbarn.cn/blog/1/background/06ea1755-c1b9-4480-a017-d3886431b732.webp","createTime":"2026-04-15 14:23:26","roles":null,"token":"eyJhbGciOiJIUzI1NiIsInR5cCI6IkpXVCJ9.eyJ1c2VySWQiOjEsInVzZXJuYW1lIjoia25vY2tmaXNoIiwiZXhwIjoxNzg0NjQyOTMzLCJpYXQiOjE3ODQyODI5MzN9.YcHNqLYfeyshawKhlNRzrJSn0EAHmAw7BPYKGhb6yAc"}}
2026-07-17 18:08:53.653 [http-nio-8081-exec-44] INFO  com.knockfish.security.JwtAuthenticationFilter - === 请求路径: /api/permission/user/1, 方法: GET
2026-07-17 18:08:53.908 [http-nio-8081-exec-45] INFO  com.knockfish.security.JwtAuthenticationFilter - === 请求路径: /api/dashboard/overview, 方法: GET
2026-07-17 18:08:53.910 [http-nio-8081-exec-46] INFO  com.knockfish.security.JwtAuthenticationFilter - === 请求路径: /api/dashboard/article-trend, 方法: GET
2026-07-17 18:08:53.918 [http-nio-8081-exec-47] INFO  com.knockfish.security.JwtAuthenticationFilter - === 请求路径: /api/dashboard/activities, 方法: GET
2026-07-17 18:08:53.918 [http-nio-8081-exec-48] INFO  com.knockfish.security.JwtAuthenticationFilter - === 请求路径: /api/dashboard/category-stats, 方法: GET
2026-07-17 18:08:53.959 [http-nio-8081-exec-46] INFO  com.knockfish.aspect.LogAspect - [获取文章发布趋势] 请求开始 - GET /api/dashboard/article-trend - DashboardController.getArticleTrend - 参数: "monthly", null
2026-07-17 18:08:53.968 [http-nio-8081-exec-46] INFO  com.knockfish.aspect.LogAspect - [获取文章发布趋势] 请求成功 - 执行时间: 8ms
2026-07-17 18:08:54.005 [http-nio-8081-exec-45] INFO  com.knockfish.aspect.LogAspect - [获取仪表盘概览] 请求开始 - GET /api/dashboard/overview - DashboardController.getOverview - 参数: 无
2026-07-17 18:08:54.011 [http-nio-8081-exec-48] INFO  com.knockfish.aspect.LogAspect - [获取文章分类统计] 请求开始 - GET /api/dashboard/category-stats - DashboardController.getCategoryStats - 参数: 无
2026-07-17 18:08:54.020 [http-nio-8081-exec-47] INFO  com.knockfish.aspect.LogAspect - [获取最近动态] 请求开始 - GET /api/dashboard/activities - DashboardController.getActivities - 参数: 10
2026-07-17 18:08:54.023 [http-nio-8081-exec-48] INFO  com.knockfish.aspect.LogAspect - [获取文章分类统计] 请求成功 - 执行时间: 12ms
2026-07-17 18:08:54.037 [http-nio-8081-exec-47] INFO  com.knockfish.aspect.LogAspect - [获取最近动态] 请求成功 - 执行时间: 17ms
2026-07-17 18:08:54.058 [http-nio-8081-exec-45] INFO  com.knockfish.aspect.LogAspect - [获取仪表盘概览] 请求成功 - 执行时间: 52ms
2026-07-17 18:09:01.115 [http-nio-8081-exec-50] INFO  com.knockfish.security.JwtAuthenticationFilter - === 请求路径: /api/article/list, 方法: GET
2026-07-17 18:09:01.142 [http-nio-8081-exec-50] INFO  com.knockfish.aspect.LogAspect - [查询文章列表] 请求开始 - GET /api/article/list - ArticleController.getArticleList - 参数: {"userId":null,"title":null}, 1, 10
2026-07-17 18:09:01.164 [http-nio-8081-exec-50] INFO  com.knockfish.aspect.LogAspect - [查询文章列表] 请求成功 - 执行时间: 20ms
2026-07-17 18:09:05.305 [http-nio-8081-exec-3] INFO  com.knockfish.security.JwtAuthenticationFilter - === 请求路径: /api/tag/page, 方法: GET
2026-07-17 18:09:05.326 [http-nio-8081-exec-3] INFO  com.knockfish.aspect.LogAspect - [查询标签列表] 请求开始 - GET /api/tag/page - TagController.getTagListVO - 参数: {"tagName":null}, 1, 10
2026-07-17 18:09:05.336 [http-nio-8081-exec-3] INFO  com.knockfish.aspect.LogAspect - [查询标签列表] 请求成功 - 执行时间: 10ms
2026-07-17 18:09:21.177 [http-nio-8081-exec-5] INFO  com.knockfish.security.JwtAuthenticationFilter - === 请求路径: /api/tag/page, 方法: GET
2026-07-17 18:09:21.197 [http-nio-8081-exec-5] INFO  com.knockfish.aspect.LogAspect - [查询标签列表] 请求开始 - GET /api/tag/page - TagController.getTagListVO - 参数: {"tagName":null}, 1, 10
2026-07-17 18:09:21.254 [http-nio-8081-exec-5] INFO  com.knockfish.aspect.LogAspect - [查询标签列表] 请求成功 - 执行时间: 56ms
2026-07-17 18:09:28.725 [http-nio-8081-exec-7] INFO  com.knockfish.security.JwtAuthenticationFilter - === 请求路径: /api/tag/page, 方法: GET
2026-07-17 18:09:28.762 [http-nio-8081-exec-7] INFO  com.knockfish.aspect.LogAspect - [查询标签列表] 请求开始 - GET /api/tag/page - TagController.getTagListVO - 参数: {"tagName":null}, 1, 10
2026-07-17 18:09:28.871 [http-nio-8081-exec-7] INFO  com.knockfish.aspect.LogAspect - [查询标签列表] 请求成功 - 执行时间: 108ms
2026-07-17 20:37:07.379 [http-nio-8081-exec-12] INFO  com.knockfish.security.JwtAuthenticationFilter - === 请求路径: /api/dashboard/category-stats, 方法: GET
2026-07-17 20:37:07.379 [http-nio-8081-exec-16] INFO  com.knockfish.security.JwtAuthenticationFilter - === 请求路径: /api/dashboard/activities, 方法: GET
2026-07-17 20:37:07.379 [http-nio-8081-exec-15] INFO  com.knockfish.security.JwtAuthenticationFilter - === 请求路径: /api/dashboard/overview, 方法: GET
2026-07-17 20:37:07.375 [http-nio-8081-exec-14] INFO  com.knockfish.security.JwtAuthenticationFilter - === 请求路径: /api/dashboard/article-trend, 方法: GET
2026-07-17 20:37:07.878 [http-nio-8081-exec-12] INFO  com.knockfish.aspect.LogAspect - [获取文章分类统计] 请求开始 - GET /api/dashboard/category-stats - DashboardController.getCategoryStats - 参数: 无
2026-07-17 20:37:07.899 [http-nio-8081-exec-12] INFO  com.knockfish.aspect.LogAspect - [获取文章分类统计] 请求成功 - 执行时间: 21ms
2026-07-17 20:37:07.899 [http-nio-8081-exec-15] INFO  com.knockfish.aspect.LogAspect - [获取仪表盘概览] 请求开始 - GET /api/dashboard/overview - DashboardController.getOverview - 参数: 无
2026-07-17 20:37:07.900 [http-nio-8081-exec-14] INFO  com.knockfish.aspect.LogAspect - [获取文章发布趋势] 请求开始 - GET /api/dashboard/article-trend - DashboardController.getArticleTrend - 参数: "monthly", null
2026-07-17 20:37:07.915 [http-nio-8081-exec-16] INFO  com.knockfish.aspect.LogAspect - [获取最近动态] 请求开始 - GET /api/dashboard/activities - DashboardController.getActivities - 参数: 10
2026-07-17 20:37:07.930 [http-nio-8081-exec-14] INFO  com.knockfish.aspect.LogAspect - [获取文章发布趋势] 请求成功 - 执行时间: 29ms
2026-07-17 20:37:07.928 [http-nio-8081-exec-16] INFO  com.knockfish.aspect.LogAspect - [获取最近动态] 请求成功 - 执行时间: 13ms
2026-07-17 20:37:08.035 [http-nio-8081-exec-15] INFO  com.knockfish.aspect.LogAspect - [获取仪表盘概览] 请求成功 - 执行时间: 136ms
2026-07-17 20:37:10.638 [http-nio-8081-exec-17] INFO  com.knockfish.security.JwtAuthenticationFilter - === 请求路径: /api/tag/page, 方法: GET
2026-07-17 20:37:10.681 [http-nio-8081-exec-17] INFO  com.knockfish.aspect.LogAspect - [查询标签列表] 请求开始 - GET /api/tag/page - TagController.getTagListVO - 参数: {"tagName":null}, 1, 10
2026-07-17 20:37:10.738 [http-nio-8081-exec-17] INFO  com.knockfish.aspect.LogAspect - [查询标签列表] 请求成功 - 执行时间: 56ms
2026-07-17 20:37:11.883 [http-nio-8081-exec-21] INFO  com.knockfish.security.JwtAuthenticationFilter - === 请求路径: /api/category/with-site-count, 方法: GET
2026-07-17 20:37:11.905 [http-nio-8081-exec-21] INFO  com.knockfish.aspect.LogAspect - [查询分类列表(含统计)] 请求开始 - GET /api/category/with-site-count - CategoryController.getCategoryWithSiteCountList - 参数: {"categoryName":null}, 1, 10
2026-07-17 20:37:11.929 [http-nio-8081-exec-21] INFO  com.knockfish.aspect.LogAspect - [查询分类列表(含统计)] 请求成功 - 执行时间: 23ms
2026-07-17 20:37:28.737 [http-nio-8081-exec-23] INFO  com.knockfish.security.JwtAuthenticationFilter - === 请求路径: /api/auth/login, 方法: POST
2026-07-17 20:37:28.747 [http-nio-8081-exec-23] INFO  com.knockfish.aspect.LogAspect - [用户登录] 请求开始 - POST /api/auth/login - AuthController.login - 参数: {"username":"user_fish","password":"123456"}
2026-07-17 20:37:28.852 [http-nio-8081-exec-23] INFO  com.knockfish.service.impl.AuthServiceImpl - 用户登录成功: username=user_fish, userId=3
2026-07-17 20:37:28.852 [http-nio-8081-exec-23] INFO  com.knockfish.aspect.LogAspect - [用户登录] 请求成功 - 执行时间: 105ms - 返回结果: {"code":200,"msg":"请求成功","data":{"userId":3,"username":"user_fish","email":"user_fish@qq.com","nickname":"user_fish","avatar":"https://fishbarn.cn/blog/article-image/2026-06/168954af-15b9-4268-9743-080e1b495538.webp","description":"演示账号","githubUrl":null,"bilibiliUrl":null,"background":null,"createTime":"2026-05-28 11:17:59","roles":null,"token":"eyJhbGciOiJIUzI1NiIsInR5cCI6IkpXVCJ9.eyJ1c2VySWQiOjMsInVzZXJuYW1lIjoidXNlcl9maXNoIiwiZXhwIjoxNzg0NjUxODQ4LCJpYXQiOjE3ODQyOTE4NDh9.tEt1-a-ltsOZAUV0vQCdUM7cxGuNoio7zj7z6_xEzig"}}
2026-07-17 20:37:28.863 [http-nio-8081-exec-24] INFO  com.knockfish.security.JwtAuthenticationFilter - === 请求路径: /api/permission/user/3, 方法: GET
2026-07-17 20:37:29.016 [http-nio-8081-exec-20] INFO  com.knockfish.security.JwtAuthenticationFilter - === 请求路径: /api/dashboard/overview, 方法: GET
2026-07-17 20:37:29.017 [http-nio-8081-exec-27] INFO  com.knockfish.security.JwtAuthenticationFilter - === 请求路径: /api/dashboard/category-stats, 方法: GET
2026-07-17 20:37:29.017 [http-nio-8081-exec-25] INFO  com.knockfish.security.JwtAuthenticationFilter - === 请求路径: /api/dashboard/article-trend, 方法: GET
2026-07-17 20:37:29.017 [http-nio-8081-exec-26] INFO  com.knockfish.security.JwtAuthenticationFilter - === 请求路径: /api/dashboard/activities, 方法: GET
2026-07-17 20:37:29.031 [http-nio-8081-exec-27] INFO  com.knockfish.aspect.LogAspect - [获取文章分类统计] 请求开始 - GET /api/dashboard/category-stats - DashboardController.getCategoryStats - 参数: 无
2026-07-17 20:37:29.031 [http-nio-8081-exec-25] INFO  com.knockfish.aspect.LogAspect - [获取文章发布趋势] 请求开始 - GET /api/dashboard/article-trend - DashboardController.getArticleTrend - 参数: "monthly", null
2026-07-17 20:37:29.032 [http-nio-8081-exec-20] INFO  com.knockfish.aspect.LogAspect - [获取仪表盘概览] 请求开始 - GET /api/dashboard/overview - DashboardController.getOverview - 参数: 无
2026-07-17 20:37:29.036 [http-nio-8081-exec-27] INFO  com.knockfish.aspect.LogAspect - [获取文章分类统计] 请求成功 - 执行时间: 5ms
2026-07-17 20:37:29.036 [http-nio-8081-exec-25] INFO  com.knockfish.aspect.LogAspect - [获取文章发布趋势] 请求成功 - 执行时间: 5ms
2026-07-17 20:37:29.043 [http-nio-8081-exec-26] INFO  com.knockfish.aspect.LogAspect - [获取最近动态] 请求开始 - GET /api/dashboard/activities - DashboardController.getActivities - 参数: 10
2026-07-17 20:37:29.049 [http-nio-8081-exec-26] INFO  com.knockfish.aspect.LogAspect - [获取最近动态] 请求成功 - 执行时间: 5ms
2026-07-17 20:37:29.064 [http-nio-8081-exec-20] INFO  com.knockfish.aspect.LogAspect - [获取仪表盘概览] 请求成功 - 执行时间: 31ms
2026-07-17 20:37:30.264 [http-nio-8081-exec-30] INFO  com.knockfish.security.JwtAuthenticationFilter - === 请求路径: /api/site/with-category, 方法: GET
2026-07-17 20:37:30.415 [http-nio-8081-exec-32] INFO  com.knockfish.security.JwtAuthenticationFilter - === 请求路径: /api/category/options, 方法: GET
2026-07-17 20:37:30.435 [http-nio-8081-exec-32] INFO  com.knockfish.aspect.LogAspect - [获取分类选项] 请求开始 - GET /api/category/options - CategoryController.getCategoryOption - 参数: 无
2026-07-17 20:37:30.440 [http-nio-8081-exec-32] INFO  com.knockfish.aspect.LogAspect - [获取分类选项] 请求成功 - 执行时间: 5ms
2026-07-17 20:37:31.436 [http-nio-8081-exec-31] INFO  com.knockfish.security.JwtAuthenticationFilter - === 请求路径: /api/category/with-site-count, 方法: GET
2026-07-17 20:37:31.452 [http-nio-8081-exec-31] INFO  com.knockfish.aspect.LogAspect - [查询分类列表(含统计)] 请求开始 - GET /api/category/with-site-count - CategoryController.getCategoryWithSiteCountList - 参数: {"categoryName":null}, 1, 10
2026-07-17 20:37:31.463 [http-nio-8081-exec-31] INFO  com.knockfish.aspect.LogAspect - [查询分类列表(含统计)] 请求成功 - 执行时间: 11ms
2026-07-17 21:07:31.810 [http-nio-8081-exec-35] INFO  com.knockfish.security.JwtAuthenticationFilter - === 请求路径: /api/category/with-site-count, 方法: GET
2026-07-17 21:07:32.379 [http-nio-8081-exec-35] INFO  com.knockfish.aspect.LogAspect - [查询分类列表(含统计)] 请求开始 - GET /api/category/with-site-count - CategoryController.getCategoryWithSiteCountList - 参数: {"categoryName":null}, 1, 10
2026-07-17 21:07:32.580 [http-nio-8081-exec-35] INFO  com.knockfish.aspect.LogAspect - [查询分类列表(含统计)] 请求成功 - 执行时间: 199ms
2026-07-17 21:09:36.884 [http-nio-8081-exec-39] INFO  com.knockfish.security.JwtAuthenticationFilter - === 请求路径: /api/tag/page, 方法: GET
2026-07-17 21:09:36.930 [http-nio-8081-exec-39] INFO  com.knockfish.aspect.LogAspect - [查询标签列表] 请求开始 - GET /api/tag/page - TagController.getTagListVO - 参数: {"tagName":null}, 1, 10
2026-07-17 21:09:36.953 [http-nio-8081-exec-39] INFO  com.knockfish.aspect.LogAspect - [查询标签列表] 请求成功 - 执行时间: 22ms
2026-07-17 21:09:42.615 [http-nio-8081-exec-41] INFO  com.knockfish.security.JwtAuthenticationFilter - === 请求路径: /api/code-category/menu, 方法: GET
2026-07-17 21:09:42.714 [http-nio-8081-exec-41] INFO  com.knockfish.aspect.LogAspect - [获取代码分类菜单] 请求开始 - GET /api/code-category/menu - CodeCategoryController.getMenuList - 参数: 无
2026-07-17 21:09:42.849 [http-nio-8081-exec-41] INFO  com.knockfish.aspect.LogAspect - [获取代码分类菜单] 请求成功 - 执行时间: 135ms
2026-07-17 21:09:42.946 [http-nio-8081-exec-43] INFO  com.knockfish.security.JwtAuthenticationFilter - === 请求路径: /api/code-snippet/list/0, 方法: GET
2026-07-17 21:09:42.977 [http-nio-8081-exec-43] INFO  com.knockfish.aspect.LogAspect - [获取代码片段列表] 请求开始 - GET /api/code-snippet/list/0 - CodeSnippetController.getCodeSnippetListByCategoryId - 参数: 0, 1, 10
2026-07-17 21:09:43.039 [http-nio-8081-exec-43] INFO  com.knockfish.aspect.LogAspect - [获取代码片段列表] 请求成功 - 执行时间: 62ms
2026-07-17 21:09:44.014 [http-nio-8081-exec-46] INFO  com.knockfish.security.JwtAuthenticationFilter - === 请求路径: /api/note, 方法: GET
2026-07-17 21:09:44.060 [http-nio-8081-exec-46] INFO  com.knockfish.aspect.LogAspect - [获取笔记列表] 请求开始 - GET /api/note - NoteController.getNoteList - 参数: {"noteTitle":null}, 1, 10
2026-07-17 21:09:44.126 [http-nio-8081-exec-46] INFO  com.knockfish.aspect.LogAspect - [获取笔记列表] 请求成功 - 执行时间: 66ms
2026-07-17 21:09:48.514 [http-nio-8081-exec-48] INFO  com.knockfish.security.JwtAuthenticationFilter - === 请求路径: /api/tag/page, 方法: GET
2026-07-17 21:09:48.546 [http-nio-8081-exec-48] INFO  com.knockfish.aspect.LogAspect - [查询标签列表] 请求开始 - GET /api/tag/page - TagController.getTagListVO - 参数: {"tagName":null}, 1, 10
2026-07-17 21:09:48.587 [http-nio-8081-exec-48] INFO  com.knockfish.aspect.LogAspect - [查询标签列表] 请求成功 - 执行时间: 41ms
2026-07-17 21:11:20.163 [http-nio-8081-exec-45] INFO  com.knockfish.security.JwtAuthenticationFilter - === 请求路径: /api/tag/page, 方法: GET
2026-07-17 21:11:20.202 [http-nio-8081-exec-45] INFO  com.knockfish.aspect.LogAspect - [查询标签列表] 请求开始 - GET /api/tag/page - TagController.getTagListVO - 参数: {"tagName":null}, 1, 10
2026-07-17 21:11:20.219 [http-nio-8081-exec-45] INFO  com.knockfish.aspect.LogAspect - [查询标签列表] 请求成功 - 执行时间: 17ms
2026-07-17 21:11:35.767 [http-nio-8081-exec-49] INFO  com.knockfish.security.JwtAuthenticationFilter - === 请求路径: /api/tag/page, 方法: GET
2026-07-17 21:11:35.805 [http-nio-8081-exec-49] INFO  com.knockfish.aspect.LogAspect - [查询标签列表] 请求开始 - GET /api/tag/page - TagController.getTagListVO - 参数: {"tagName":null}, 1, 10
2026-07-17 21:11:35.816 [http-nio-8081-exec-49] INFO  com.knockfish.aspect.LogAspect - [查询标签列表] 请求成功 - 执行时间: 11ms
2026-07-17 21:13:32.135 [http-nio-8081-exec-3] INFO  com.knockfish.security.JwtAuthenticationFilter - === 请求路径: /api/tag/page, 方法: GET
2026-07-17 21:13:32.161 [http-nio-8081-exec-3] INFO  com.knockfish.aspect.LogAspect - [查询标签列表] 请求开始 - GET /api/tag/page - TagController.getTagListVO - 参数: {"tagName":null}, 1, 10
2026-07-17 21:13:32.177 [http-nio-8081-exec-3] INFO  com.knockfish.aspect.LogAspect - [查询标签列表] 请求成功 - 执行时间: 15ms
2026-07-17 21:14:27.238 [http-nio-8081-exec-1] INFO  com.knockfish.security.JwtAuthenticationFilter - === 请求路径: /api/site/with-category, 方法: GET
2026-07-17 21:14:27.422 [http-nio-8081-exec-2] INFO  com.knockfish.security.JwtAuthenticationFilter - === 请求路径: /api/category/options, 方法: GET
2026-07-17 21:14:27.447 [http-nio-8081-exec-2] INFO  com.knockfish.aspect.LogAspect - [获取分类选项] 请求开始 - GET /api/category/options - CategoryController.getCategoryOption - 参数: 无
2026-07-17 21:14:27.451 [http-nio-8081-exec-2] INFO  com.knockfish.aspect.LogAspect - [获取分类选项] 请求成功 - 执行时间: 4ms
2026-07-17 21:14:30.739 [http-nio-8081-exec-8] INFO  com.knockfish.security.JwtAuthenticationFilter - === 请求路径: /api/category/with-site-count, 方法: GET
2026-07-17 21:14:30.754 [http-nio-8081-exec-8] INFO  com.knockfish.aspect.LogAspect - [查询分类列表(含统计)] 请求开始 - GET /api/category/with-site-count - CategoryController.getCategoryWithSiteCountList - 参数: {"categoryName":null}, 1, 10
2026-07-17 21:14:30.770 [http-nio-8081-exec-8] INFO  com.knockfish.aspect.LogAspect - [查询分类列表(含统计)] 请求成功 - 执行时间: 15ms
2026-07-17 21:17:13.537 [http-nio-8081-exec-4] INFO  com.knockfish.security.JwtAuthenticationFilter - === 请求路径: /api/category/with-site-count, 方法: GET
2026-07-17 21:17:13.567 [http-nio-8081-exec-4] INFO  com.knockfish.aspect.LogAspect - [查询分类列表(含统计)] 请求开始 - GET /api/category/with-site-count - CategoryController.getCategoryWithSiteCountList - 参数: {"categoryName":null}, 1, 10
2026-07-17 21:17:13.637 [http-nio-8081-exec-4] INFO  com.knockfish.aspect.LogAspect - [查询分类列表(含统计)] 请求成功 - 执行时间: 69ms
2026-07-17 21:17:25.632 [http-nio-8081-exec-11] INFO  com.knockfish.security.JwtAuthenticationFilter - === 请求路径: /api/category/with-site-count, 方法: GET
2026-07-17 21:17:25.655 [http-nio-8081-exec-11] INFO  com.knockfish.aspect.LogAspect - [查询分类列表(含统计)] 请求开始 - GET /api/category/with-site-count - CategoryController.getCategoryWithSiteCountList - 参数: {"categoryName":null}, 1, 10
2026-07-17 21:17:25.715 [http-nio-8081-exec-11] INFO  com.knockfish.aspect.LogAspect - [查询分类列表(含统计)] 请求成功 - 执行时间: 59ms
2026-07-17 22:23:52.850 [http-nio-8081-exec-6] INFO  com.knockfish.security.JwtAuthenticationFilter - === 请求路径: /api/tag/page, 方法: GET
2026-07-17 22:23:53.431 [http-nio-8081-exec-6] INFO  com.knockfish.aspect.LogAspect - [查询标签列表] 请求开始 - GET /api/tag/page - TagController.getTagListVO - 参数: {"tagName":null}, 1, 10
2026-07-17 22:23:53.530 [http-nio-8081-exec-14] INFO  com.knockfish.security.JwtAuthenticationFilter - === 请求路径: /api/tag/page, 方法: GET
2026-07-17 22:23:53.603 [http-nio-8081-exec-14] INFO  com.knockfish.aspect.LogAspect - [查询标签列表] 请求开始 - GET /api/tag/page - TagController.getTagListVO - 参数: {"tagName":null}, 1, 10
2026-07-17 22:23:53.624 [http-nio-8081-exec-6] INFO  com.knockfish.aspect.LogAspect - [查询标签列表] 请求成功 - 执行时间: 190ms
2026-07-17 22:23:53.643 [http-nio-8081-exec-14] INFO  com.knockfish.aspect.LogAspect - [查询标签列表] 请求成功 - 执行时间: 39ms
2026-07-17 23:48:41.763 [http-nio-8081-exec-15] INFO  com.knockfish.security.JwtAuthenticationFilter - === 请求路径: /api/link/page, 方法: GET
2026-07-17 23:48:42.343 [http-nio-8081-exec-15] INFO  com.knockfish.aspect.LogAspect - [查询友链列表] 请求开始 - GET /api/link/page - LinkController.getLinkListVO - 参数: {"linkName":null}, 1, 10
2026-07-17 23:48:42.511 [http-nio-8081-exec-15] INFO  com.knockfish.aspect.LogAspect - [查询友链列表] 请求成功 - 执行时间: 167ms
2026-07-17 23:48:47.371 [http-nio-8081-exec-17] INFO  com.knockfish.security.JwtAuthenticationFilter - === 请求路径: /api/permission, 方法: GET
2026-07-17 23:48:49.776 [http-nio-8081-exec-21] INFO  com.knockfish.security.JwtAuthenticationFilter - === 请求路径: /api/role/with-permission, 方法: GET
2026-07-17 23:48:55.262 [http-nio-8081-exec-23] INFO  com.knockfish.security.JwtAuthenticationFilter - === 请求路径: /api/note, 方法: GET
2026-07-17 23:48:55.291 [http-nio-8081-exec-23] INFO  com.knockfish.aspect.LogAspect - [获取笔记列表] 请求开始 - GET /api/note - NoteController.getNoteList - 参数: {"noteTitle":null}, 1, 10
2026-07-17 23:48:55.646 [http-nio-8081-exec-23] INFO  com.knockfish.aspect.LogAspect - [获取笔记列表] 请求成功 - 执行时间: 355ms
2026-07-17 23:48:56.836 [http-nio-8081-exec-24] INFO  com.knockfish.security.JwtAuthenticationFilter - === 请求路径: /api/code-category, 方法: GET
2026-07-17 23:48:57.137 [http-nio-8081-exec-24] INFO  com.knockfish.aspect.LogAspect - [查询代码分类列表] 请求开始 - GET /api/code-category - CodeCategoryController.getCodeCategoryList - 参数: {"codeCategoryName":null}, 1, 10
2026-07-17 23:48:57.253 [http-nio-8081-exec-24] INFO  com.knockfish.aspect.LogAspect - [查询代码分类列表] 请求成功 - 执行时间: 115ms
2026-07-17 23:48:58.469 [http-nio-8081-exec-27] INFO  com.knockfish.security.JwtAuthenticationFilter - === 请求路径: /api/note, 方法: GET
2026-07-17 23:48:58.476 [http-nio-8081-exec-27] INFO  com.knockfish.aspect.LogAspect - [获取笔记列表] 请求开始 - GET /api/note - NoteController.getNoteList - 参数: {"noteTitle":null}, 1, 10
2026-07-17 23:48:58.556 [http-nio-8081-exec-27] INFO  com.knockfish.aspect.LogAspect - [获取笔记列表] 请求成功 - 执行时间: 78ms
2026-07-17 23:48:59.763 [http-nio-8081-exec-25] INFO  com.knockfish.security.JwtAuthenticationFilter - === 请求路径: /api/code-category, 方法: GET
2026-07-17 23:48:59.806 [http-nio-8081-exec-25] INFO  com.knockfish.aspect.LogAspect - [查询代码分类列表] 请求开始 - GET /api/code-category - CodeCategoryController.getCodeCategoryList - 参数: {"codeCategoryName":null}, 1, 10
2026-07-17 23:48:59.917 [http-nio-8081-exec-25] INFO  com.knockfish.aspect.LogAspect - [查询代码分类列表] 请求成功 - 执行时间: 104ms
2026-07-17 23:49:02.951 [http-nio-8081-exec-26] INFO  com.knockfish.security.JwtAuthenticationFilter - === 请求路径: /api/note, 方法: GET
2026-07-17 23:49:02.955 [http-nio-8081-exec-26] INFO  com.knockfish.aspect.LogAspect - [获取笔记列表] 请求开始 - GET /api/note - NoteController.getNoteList - 参数: {"noteTitle":null}, 1, 10
2026-07-17 23:49:03.014 [http-nio-8081-exec-26] INFO  com.knockfish.aspect.LogAspect - [获取笔记列表] 请求成功 - 执行时间: 59ms
2026-07-17 23:49:10.671 [http-nio-8081-exec-28] INFO  com.knockfish.security.JwtAuthenticationFilter - === 请求路径: /api/code-category/menu, 方法: GET
2026-07-17 23:49:10.678 [http-nio-8081-exec-28] INFO  com.knockfish.aspect.LogAspect - [获取代码分类菜单] 请求开始 - GET /api/code-category/menu - CodeCategoryController.getMenuList - 参数: 无
2026-07-17 23:49:10.717 [http-nio-8081-exec-28] INFO  com.knockfish.aspect.LogAspect - [获取代码分类菜单] 请求成功 - 执行时间: 37ms
2026-07-17 23:49:10.807 [http-nio-8081-exec-29] INFO  com.knockfish.security.JwtAuthenticationFilter - === 请求路径: /api/code-snippet/list/0, 方法: GET
2026-07-17 23:49:10.814 [http-nio-8081-exec-29] INFO  com.knockfish.aspect.LogAspect - [获取代码片段列表] 请求开始 - GET /api/code-snippet/list/0 - CodeSnippetController.getCodeSnippetListByCategoryId - 参数: 0, 1, 10
2026-07-17 23:49:10.870 [http-nio-8081-exec-29] INFO  com.knockfish.aspect.LogAspect - [获取代码片段列表] 请求成功 - 执行时间: 55ms
2026-07-17 23:49:26.635 [http-nio-8081-exec-32] INFO  com.knockfish.security.JwtAuthenticationFilter - === 请求路径: /api/dashboard/overview, 方法: GET
2026-07-17 23:49:26.639 [http-nio-8081-exec-34] INFO  com.knockfish.security.JwtAuthenticationFilter - === 请求路径: /api/dashboard/article-trend, 方法: GET
2026-07-17 23:49:26.677 [http-nio-8081-exec-37] INFO  com.knockfish.security.JwtAuthenticationFilter - === 请求路径: /api/dashboard/category-stats, 方法: GET
2026-07-17 23:49:26.687 [http-nio-8081-exec-36] INFO  com.knockfish.security.JwtAuthenticationFilter - === 请求路径: /api/dashboard/activities, 方法: GET
2026-07-17 23:49:26.857 [http-nio-8081-exec-37] INFO  com.knockfish.aspect.LogAspect - [获取文章分类统计] 请求开始 - GET /api/dashboard/category-stats - DashboardController.getCategoryStats - 参数: 无
2026-07-17 23:49:26.894 [http-nio-8081-exec-34] INFO  com.knockfish.aspect.LogAspect - [获取文章发布趋势] 请求开始 - GET /api/dashboard/article-trend - DashboardController.getArticleTrend - 参数: "monthly", null
2026-07-17 23:49:26.930 [http-nio-8081-exec-34] INFO  com.knockfish.aspect.LogAspect - [获取文章发布趋势] 请求成功 - 执行时间: 36ms
2026-07-17 23:49:26.949 [http-nio-8081-exec-37] INFO  com.knockfish.aspect.LogAspect - [获取文章分类统计] 请求成功 - 执行时间: 92ms
2026-07-17 23:49:27.015 [http-nio-8081-exec-36] INFO  com.knockfish.aspect.LogAspect - [获取最近动态] 请求开始 - GET /api/dashboard/activities - DashboardController.getActivities - 参数: 10
2026-07-17 23:49:27.023 [http-nio-8081-exec-36] INFO  com.knockfish.aspect.LogAspect - [获取最近动态] 请求成功 - 执行时间: 8ms
2026-07-17 23:49:27.054 [http-nio-8081-exec-32] INFO  com.knockfish.aspect.LogAspect - [获取仪表盘概览] 请求开始 - GET /api/dashboard/overview - DashboardController.getOverview - 参数: 无
2026-07-17 23:49:27.284 [http-nio-8081-exec-32] INFO  com.knockfish.aspect.LogAspect - [获取仪表盘概览] 请求成功 - 执行时间: 229ms
