2026-07-24 16:01:23.036 [background-preinit] INFO  org.hibernate.validator.internal.util.Version - HV000001: Hibernate Validator 8.0.3.Final
2026-07-24 16:01:23.170 [main] INFO  com.knockfish.KnockfishBlogBackendApplication - Starting KnockfishBlogBackendApplication using Java 17.0.9 with PID 17840 (E:\fish_blog\knockfish-blog-backend\target\classes started by DELL in E:\fish_blog\knockfish-blog-backend)
2026-07-24 16:01:23.173 [main] INFO  com.knockfish.KnockfishBlogBackendApplication - No active profile set, falling back to 1 default profile: "default"
2026-07-24 16:01:27.431 [main] INFO  org.apache.coyote.http11.Http11NioProtocol - Initializing ProtocolHandler ["http-nio-8081"]
2026-07-24 16:01:27.435 [main] INFO  org.apache.catalina.core.StandardService - Starting service [Tomcat]
2026-07-24 16:01:27.436 [main] INFO  org.apache.catalina.core.StandardEngine - Starting Servlet engine: [Apache Tomcat/10.1.53]
2026-07-24 16:01:27.557 [main] INFO  o.a.c.core.ContainerBase.[Tomcat].[localhost].[/] - Initializing Spring embedded WebApplicationContext
2026-07-24 16:01:29.182 [main] INFO  org.apache.catalina.core.StandardService - Stopping service [Tomcat]
2026-07-24 16:03:28.256 [background-preinit] INFO  org.hibernate.validator.internal.util.Version - HV000001: Hibernate Validator 8.0.3.Final
2026-07-24 16:03:28.387 [main] INFO  com.knockfish.KnockfishBlogBackendApplication - Starting KnockfishBlogBackendApplication using Java 17.0.9 with PID 12340 (E:\fish_blog\knockfish-blog-backend\target\classes started by DELL in E:\fish_blog\knockfish-blog-backend)
2026-07-24 16:03:28.390 [main] INFO  com.knockfish.KnockfishBlogBackendApplication - No active profile set, falling back to 1 default profile: "default"
2026-07-24 16:03:33.352 [main] INFO  org.apache.coyote.http11.Http11NioProtocol - Initializing ProtocolHandler ["http-nio-8081"]
2026-07-24 16:03:33.355 [main] INFO  org.apache.catalina.core.StandardService - Starting service [Tomcat]
2026-07-24 16:03:33.356 [main] INFO  org.apache.catalina.core.StandardEngine - Starting Servlet engine: [Apache Tomcat/10.1.53]
2026-07-24 16:03:33.493 [main] INFO  o.a.c.core.ContainerBase.[Tomcat].[localhost].[/] - Initializing Spring embedded WebApplicationContext
2026-07-24 16:03:39.146 [main] INFO  org.apache.coyote.http11.Http11NioProtocol - Starting ProtocolHandler ["http-nio-8081"]
2026-07-24 16:03:39.223 [main] INFO  com.knockfish.KnockfishBlogBackendApplication - Started KnockfishBlogBackendApplication in 12.205 seconds (process running for 13.819)
2026-07-24 16:04:20.801 [http-nio-8081-exec-1] INFO  o.a.c.core.ContainerBase.[Tomcat].[localhost].[/] - Initializing Spring DispatcherServlet 'dispatcherServlet'
2026-07-24 16:04:20.826 [http-nio-8081-exec-1] INFO  com.knockfish.security.JwtAuthenticationFilter - === 请求路径: /api/r2-file, 方法: POST
2026-07-24 16:06:32.505 [http-nio-8081-exec-3] INFO  com.knockfish.security.JwtAuthenticationFilter - === 请求路径: /api/r2-file, 方法: POST
2026-07-24 16:06:32.619 [http-nio-8081-exec-3] INFO  com.zaxxer.hikari.HikariDataSource - KnockfishHikariCP - Starting...
2026-07-24 16:06:32.999 [http-nio-8081-exec-3] INFO  com.zaxxer.hikari.pool.HikariPool - KnockfishHikariCP - Added connection com.mysql.cj.jdbc.ConnectionImpl@66f0f49a
2026-07-24 16:06:33.002 [http-nio-8081-exec-3] INFO  com.zaxxer.hikari.HikariDataSource - KnockfishHikariCP - Start completed.
2026-07-24 16:07:34.563 [http-nio-8081-exec-5] INFO  com.knockfish.security.JwtAuthenticationFilter - === 请求路径: /api/r2-file, 方法: POST
2026-07-24 16:08:08.220 [SpringApplicationShutdownHook] INFO  com.zaxxer.hikari.HikariDataSource - KnockfishHikariCP - Shutdown initiated...
2026-07-24 16:08:08.230 [SpringApplicationShutdownHook] INFO  com.zaxxer.hikari.HikariDataSource - KnockfishHikariCP - Shutdown completed.
2026-07-24 16:09:51.573 [background-preinit] INFO  org.hibernate.validator.internal.util.Version - HV000001: Hibernate Validator 8.0.3.Final
2026-07-24 16:09:51.674 [main] INFO  c.knockfish.KnockfishBlogBackendApplicationTests - Starting KnockfishBlogBackendApplicationTests using Java 17.0.9 with PID 17264 (started by DELL in E:\fish_blog\knockfish-blog-backend)
2026-07-24 16:09:51.678 [main] INFO  c.knockfish.KnockfishBlogBackendApplicationTests - No active profile set, falling back to 1 default profile: "default"
2026-07-24 16:10:02.126 [main] INFO  c.knockfish.KnockfishBlogBackendApplicationTests - Started KnockfishBlogBackendApplicationTests in 11.429 seconds (process running for 13.596)
2026-07-24 16:30:14.493 [background-preinit] INFO  org.hibernate.validator.internal.util.Version - HV000001: Hibernate Validator 8.0.3.Final
2026-07-24 16:30:14.579 [main] INFO  c.knockfish.KnockfishBlogBackendApplicationTests - Starting KnockfishBlogBackendApplicationTests using Java 17.0.9 with PID 18380 (started by DELL in E:\fish_blog\knockfish-blog-backend)
2026-07-24 16:30:14.583 [main] INFO  c.knockfish.KnockfishBlogBackendApplicationTests - No active profile set, falling back to 1 default profile: "default"
2026-07-24 16:30:24.982 [main] INFO  c.knockfish.KnockfishBlogBackendApplicationTests - Started KnockfishBlogBackendApplicationTests in 11.324 seconds (process running for 13.494)
2026-07-24 17:02:09.749 [background-preinit] INFO  org.hibernate.validator.internal.util.Version - HV000001: Hibernate Validator 8.0.3.Final
2026-07-24 17:02:09.898 [main] INFO  com.knockfish.KnockfishBlogBackendApplication - Starting KnockfishBlogBackendApplication using Java 17.0.9 with PID 1020 (E:\fish_blog\knockfish-blog-backend\target\classes started by DELL in E:\fish_blog\knockfish-blog-backend)
2026-07-24 17:02:09.901 [main] INFO  com.knockfish.KnockfishBlogBackendApplication - No active profile set, falling back to 1 default profile: "default"
2026-07-24 17:02:14.288 [main] INFO  org.apache.coyote.http11.Http11NioProtocol - Initializing ProtocolHandler ["http-nio-8081"]
2026-07-24 17:02:14.292 [main] INFO  org.apache.catalina.core.StandardService - Starting service [Tomcat]
2026-07-24 17:02:14.293 [main] INFO  org.apache.catalina.core.StandardEngine - Starting Servlet engine: [Apache Tomcat/10.1.53]
2026-07-24 17:02:14.466 [main] INFO  o.a.c.core.ContainerBase.[Tomcat].[localhost].[/] - Initializing Spring embedded WebApplicationContext
2026-07-24 17:02:19.705 [main] INFO  org.apache.coyote.http11.Http11NioProtocol - Starting ProtocolHandler ["http-nio-8081"]
2026-07-24 17:02:19.789 [main] INFO  com.knockfish.KnockfishBlogBackendApplication - Started KnockfishBlogBackendApplication in 11.407 seconds (process running for 13.356)
2026-07-24 17:04:04.235 [http-nio-8081-exec-2] INFO  o.a.c.core.ContainerBase.[Tomcat].[localhost].[/] - Initializing Spring DispatcherServlet 'dispatcherServlet'
2026-07-24 17:04:04.283 [http-nio-8081-exec-2] INFO  com.knockfish.security.JwtAuthenticationFilter - === 请求路径: /api/r2-file, 方法: POST
2026-07-24 17:04:04.416 [http-nio-8081-exec-2] INFO  com.zaxxer.hikari.HikariDataSource - KnockfishHikariCP - Starting...
2026-07-24 17:04:04.792 [http-nio-8081-exec-2] INFO  com.zaxxer.hikari.pool.HikariPool - KnockfishHikariCP - Added connection com.mysql.cj.jdbc.ConnectionImpl@72d6d2de
2026-07-24 17:04:04.795 [http-nio-8081-exec-2] INFO  com.zaxxer.hikari.HikariDataSource - KnockfishHikariCP - Start completed.
2026-07-24 17:21:29.930 [SpringApplicationShutdownHook] INFO  com.zaxxer.hikari.HikariDataSource - KnockfishHikariCP - Shutdown initiated...
2026-07-24 17:21:29.941 [SpringApplicationShutdownHook] INFO  com.zaxxer.hikari.HikariDataSource - KnockfishHikariCP - Shutdown completed.
2026-07-24 18:19:48.894 [background-preinit] INFO  org.hibernate.validator.internal.util.Version - HV000001: Hibernate Validator 8.0.3.Final
2026-07-24 18:19:48.958 [main] INFO  c.knockfish.KnockfishBlogBackendApplicationTests - Starting KnockfishBlogBackendApplicationTests using Java 17.0.9 with PID 12464 (started by DELL in E:\fish_blog\knockfish-blog-backend)
2026-07-24 18:19:48.962 [main] INFO  c.knockfish.KnockfishBlogBackendApplicationTests - No active profile set, falling back to 1 default profile: "default"
2026-07-24 18:20:06.446 [main] INFO  c.knockfish.KnockfishBlogBackendApplicationTests - Started KnockfishBlogBackendApplicationTests in 18.822 seconds (process running for 21.82)
