2026-07-16 13:51:36.514 [background-preinit] INFO  org.hibernate.validator.internal.util.Version - HV000001: Hibernate Validator 8.0.3.Final
2026-07-16 13:51:36.614 [main] INFO  c.knockfish.KnockfishBlogBackendApplicationTests - Starting KnockfishBlogBackendApplicationTests using Java 17.0.9 with PID 13912 (started by DELL in E:\fish_blog\knockfish-blog-backend)
2026-07-16 13:51:36.617 [main] INFO  c.knockfish.KnockfishBlogBackendApplicationTests - No active profile set, falling back to 1 default profile: "default"
2026-07-16 13:51:48.502 [main] INFO  c.knockfish.KnockfishBlogBackendApplicationTests - Started KnockfishBlogBackendApplicationTests in 12.799 seconds (process running for 15.417)
2026-07-16 14:15:35.600 [background-preinit] INFO  org.hibernate.validator.internal.util.Version - HV000001: Hibernate Validator 8.0.3.Final
2026-07-16 14:15:35.848 [main] INFO  com.knockfish.KnockfishBlogBackendApplication - Starting KnockfishBlogBackendApplication using Java 17.0.9 with PID 17764 (E:\fish_blog\knockfish-blog-backend\target\classes started by DELL in E:\fish_blog\knockfish-blog-backend)
2026-07-16 14:15:35.857 [main] INFO  com.knockfish.KnockfishBlogBackendApplication - No active profile set, falling back to 1 default profile: "default"
2026-07-16 14:15:40.841 [main] INFO  org.apache.coyote.http11.Http11NioProtocol - Initializing ProtocolHandler ["http-nio-8081"]
2026-07-16 14:15:40.844 [main] INFO  org.apache.catalina.core.StandardService - Starting service [Tomcat]
2026-07-16 14:15:40.845 [main] INFO  org.apache.catalina.core.StandardEngine - Starting Servlet engine: [Apache Tomcat/10.1.53]
2026-07-16 14:15:40.964 [main] INFO  o.a.c.core.ContainerBase.[Tomcat].[localhost].[/] - Initializing Spring embedded WebApplicationContext
2026-07-16 14:15:46.133 [main] INFO  org.apache.coyote.http11.Http11NioProtocol - Starting ProtocolHandler ["http-nio-8081"]
2026-07-16 14:15:46.212 [main] INFO  com.knockfish.KnockfishBlogBackendApplication - Started KnockfishBlogBackendApplication in 12.401 seconds (process running for 14.514)
2026-07-16 14:17:44.083 [http-nio-8081-exec-5] INFO  o.a.c.core.ContainerBase.[Tomcat].[localhost].[/] - Initializing Spring DispatcherServlet 'dispatcherServlet'
2026-07-16 14:17:44.288 [http-nio-8081-exec-8] INFO  com.knockfish.security.JwtAuthenticationFilter - === 请求路径: /api/dashboard/overview, 方法: GET
2026-07-16 14:17:44.288 [http-nio-8081-exec-7] INFO  com.knockfish.security.JwtAuthenticationFilter - === 请求路径: /api/dashboard/category-stats, 方法: GET
2026-07-16 14:17:44.288 [http-nio-8081-exec-2] INFO  com.knockfish.security.JwtAuthenticationFilter - === 请求路径: /api/dashboard/article-trend, 方法: GET
2026-07-16 14:17:44.290 [http-nio-8081-exec-13] INFO  com.knockfish.security.JwtAuthenticationFilter - === 请求路径: /api/dashboard/activities, 方法: GET
2026-07-16 14:17:44.485 [http-nio-8081-exec-2] INFO  com.zaxxer.hikari.HikariDataSource - KnockfishHikariCP - Starting...
2026-07-16 14:17:45.070 [http-nio-8081-exec-2] INFO  com.zaxxer.hikari.pool.HikariPool - KnockfishHikariCP - Added connection com.mysql.cj.jdbc.ConnectionImpl@24dc43c0
2026-07-16 14:17:45.073 [http-nio-8081-exec-2] INFO  com.zaxxer.hikari.HikariDataSource - KnockfishHikariCP - Start completed.
2026-07-16 14:17:45.421 [http-nio-8081-exec-7] INFO  com.knockfish.aspect.LogAspect - [获取文章分类统计] 请求开始 - GET /api/dashboard/category-stats - DashboardController.getCategoryStats - 参数: 无
2026-07-16 14:17:45.421 [http-nio-8081-exec-8] INFO  com.knockfish.aspect.LogAspect - [获取仪表盘概览] 请求开始 - GET /api/dashboard/overview - DashboardController.getOverview - 参数: 无
2026-07-16 14:17:45.439 [http-nio-8081-exec-7] INFO  com.knockfish.aspect.LogAspect - [获取文章分类统计] 请求成功 - 执行时间: 17ms
2026-07-16 14:17:45.460 [http-nio-8081-exec-2] INFO  com.knockfish.aspect.LogAspect - [获取文章发布趋势] 请求开始 - GET /api/dashboard/article-trend - DashboardController.getArticleTrend - 参数: "monthly", null
2026-07-16 14:17:45.463 [http-nio-8081-exec-13] INFO  com.knockfish.aspect.LogAspect - [获取最近动态] 请求开始 - GET /api/dashboard/activities - DashboardController.getActivities - 参数: 10
2026-07-16 14:17:45.476 [http-nio-8081-exec-13] INFO  com.knockfish.aspect.LogAspect - [获取最近动态] 请求成功 - 执行时间: 12ms
2026-07-16 14:17:45.478 [http-nio-8081-exec-2] INFO  com.knockfish.aspect.LogAspect - [获取文章发布趋势] 请求成功 - 执行时间: 17ms
2026-07-16 14:17:45.535 [http-nio-8081-exec-8] INFO  com.knockfish.aspect.LogAspect - [获取仪表盘概览] 请求成功 - 执行时间: 113ms
2026-07-16 14:17:50.835 [http-nio-8081-exec-17] INFO  com.knockfish.security.JwtAuthenticationFilter - === 请求路径: /api/user/page, 方法: GET
2026-07-16 14:17:50.882 [http-nio-8081-exec-17] INFO  com.knockfish.aspect.LogAspect - [查询用户列表] 请求开始 - GET /api/user/page - UserController.getUserList - 参数: {"username":null,"nickname":null,"email":null}, 1, 10
2026-07-16 14:17:51.030 [http-nio-8081-exec-17] INFO  com.knockfish.aspect.LogAspect - [查询用户列表] 请求成功 - 执行时间: 148ms
2026-07-16 14:18:01.836 [http-nio-8081-exec-20] INFO  com.knockfish.security.JwtAuthenticationFilter - === 请求路径: /api/auth/login, 方法: POST
2026-07-16 14:18:01.862 [http-nio-8081-exec-20] INFO  com.knockfish.aspect.LogAspect - [用户登录] 请求开始 - POST /api/auth/login - AuthController.login - 参数: {"username":"user_fish","password":"123456"}
2026-07-16 14:18:01.955 [http-nio-8081-exec-20] INFO  com.knockfish.service.impl.AuthServiceImpl - 用户登录成功: username=user_fish, userId=3
2026-07-16 14:18:01.956 [http-nio-8081-exec-20] INFO  com.knockfish.aspect.LogAspect - [用户登录] 请求成功 - 执行时间: 93ms - 返回结果: {"code":200,"msg":"请求成功","data":{"userId":3,"username":"user_fish","email":"user_fish@qq.com","nickname":"user_fish","avatar":"https://fishbarn.cn/blog/article-image/2026-06/168954af-15b9-4268-9743-080e1b495538.webp","description":"演示账号","githubUrl":null,"bilibiliUrl":null,"background":null,"createTime":"2026-05-28 11:17:59","roles":null,"token":"eyJhbGciOiJIUzI1NiIsInR5cCI6IkpXVCJ9.eyJ1c2VySWQiOjMsInVzZXJuYW1lIjoidXNlcl9maXNoIiwiZXhwIjoxNzg0NTQyNjgxLCJpYXQiOjE3ODQxODI2ODF9.3yO5Y0Z6UD-aDexFKQ0xto3ILPdFOjD-YVURE4eOhIk"}}
2026-07-16 14:18:01.965 [http-nio-8081-exec-14] INFO  com.knockfish.security.JwtAuthenticationFilter - === 请求路径: /api/permission/user/3, 方法: GET
2026-07-16 14:18:02.141 [http-nio-8081-exec-10] INFO  com.knockfish.security.JwtAuthenticationFilter - === 请求路径: /api/dashboard/category-stats, 方法: GET
2026-07-16 14:18:02.142 [http-nio-8081-exec-15] INFO  com.knockfish.security.JwtAuthenticationFilter - === 请求路径: /api/dashboard/article-trend, 方法: GET
2026-07-16 14:18:02.143 [http-nio-8081-exec-18] INFO  com.knockfish.security.JwtAuthenticationFilter - === 请求路径: /api/dashboard/activities, 方法: GET
2026-07-16 14:18:02.143 [http-nio-8081-exec-26] INFO  com.knockfish.security.JwtAuthenticationFilter - === 请求路径: /api/dashboard/overview, 方法: GET
2026-07-16 14:18:02.152 [http-nio-8081-exec-15] INFO  com.knockfish.aspect.LogAspect - [获取文章发布趋势] 请求开始 - GET /api/dashboard/article-trend - DashboardController.getArticleTrend - 参数: "monthly", null
2026-07-16 14:18:02.155 [http-nio-8081-exec-15] INFO  com.knockfish.aspect.LogAspect - [获取文章发布趋势] 请求成功 - 执行时间: 3ms
2026-07-16 14:18:02.157 [http-nio-8081-exec-18] INFO  com.knockfish.aspect.LogAspect - [获取最近动态] 请求开始 - GET /api/dashboard/activities - DashboardController.getActivities - 参数: 10
2026-07-16 14:18:02.157 [http-nio-8081-exec-10] INFO  com.knockfish.aspect.LogAspect - [获取文章分类统计] 请求开始 - GET /api/dashboard/category-stats - DashboardController.getCategoryStats - 参数: 无
2026-07-16 14:18:02.160 [http-nio-8081-exec-26] INFO  com.knockfish.aspect.LogAspect - [获取仪表盘概览] 请求开始 - GET /api/dashboard/overview - DashboardController.getOverview - 参数: 无
2026-07-16 14:18:02.163 [http-nio-8081-exec-10] INFO  com.knockfish.aspect.LogAspect - [获取文章分类统计] 请求成功 - 执行时间: 6ms
2026-07-16 14:18:02.163 [http-nio-8081-exec-18] INFO  com.knockfish.aspect.LogAspect - [获取最近动态] 请求成功 - 执行时间: 6ms
2026-07-16 14:18:02.182 [http-nio-8081-exec-26] INFO  com.knockfish.aspect.LogAspect - [获取仪表盘概览] 请求成功 - 执行时间: 21ms
2026-07-16 14:18:04.803 [http-nio-8081-exec-29] INFO  com.knockfish.security.JwtAuthenticationFilter - === 请求路径: /api/dashboard/overview, 方法: GET
2026-07-16 14:18:04.803 [http-nio-8081-exec-22] INFO  com.knockfish.security.JwtAuthenticationFilter - === 请求路径: /api/dashboard/article-trend, 方法: GET
2026-07-16 14:18:04.808 [http-nio-8081-exec-24] INFO  com.knockfish.security.JwtAuthenticationFilter - === 请求路径: /api/dashboard/tag-cloud, 方法: GET
2026-07-16 14:18:04.808 [http-nio-8081-exec-31] INFO  com.knockfish.security.JwtAuthenticationFilter - === 请求路径: /api/dashboard/latest-articles, 方法: GET
2026-07-16 14:18:04.818 [http-nio-8081-exec-29] INFO  com.knockfish.aspect.LogAspect - [获取仪表盘概览] 请求开始 - GET /api/dashboard/overview - DashboardController.getOverview - 参数: 无
2026-07-16 14:18:04.818 [http-nio-8081-exec-22] INFO  com.knockfish.aspect.LogAspect - [获取文章发布趋势] 请求开始 - GET /api/dashboard/article-trend - DashboardController.getArticleTrend - 参数: "monthly", null
2026-07-16 14:18:04.826 [http-nio-8081-exec-22] INFO  com.knockfish.aspect.LogAspect - [获取文章发布趋势] 请求成功 - 执行时间: 6ms
2026-07-16 14:18:04.830 [http-nio-8081-exec-31] INFO  com.knockfish.aspect.LogAspect - [获取最近文章] 请求开始 - GET /api/dashboard/latest-articles - DashboardController.getLatestArticles - 参数: 10
2026-07-16 14:18:04.833 [http-nio-8081-exec-24] INFO  com.knockfish.aspect.LogAspect - [获取标签云] 请求开始 - GET /api/dashboard/tag-cloud - DashboardController.getTagCloud - 参数: 无
2026-07-16 14:18:04.833 [http-nio-8081-exec-31] INFO  com.knockfish.aspect.LogAspect - [获取最近文章] 请求成功 - 执行时间: 3ms
2026-07-16 14:18:04.836 [http-nio-8081-exec-24] INFO  com.knockfish.aspect.LogAspect - [获取标签云] 请求成功 - 执行时间: 3ms
2026-07-16 14:18:04.844 [http-nio-8081-exec-29] INFO  com.knockfish.aspect.LogAspect - [获取仪表盘概览] 请求成功 - 执行时间: 25ms
2026-07-16 14:18:06.170 [http-nio-8081-exec-16] INFO  com.knockfish.security.JwtAuthenticationFilter - === 请求路径: /api/article/list, 方法: GET
2026-07-16 14:18:06.199 [http-nio-8081-exec-16] INFO  com.knockfish.aspect.LogAspect - [查询文章列表] 请求开始 - GET /api/article/list - ArticleController.getArticleList - 参数: {"userId":null,"title":null}, 1, 10
2026-07-16 14:18:06.216 [http-nio-8081-exec-16] INFO  com.knockfish.aspect.LogAspect - [查询文章列表] 请求成功 - 执行时间: 17ms
2026-07-16 14:18:08.126 [http-nio-8081-exec-28] INFO  com.knockfish.security.JwtAuthenticationFilter - === 请求路径: /api/tag/page, 方法: GET
2026-07-16 14:18:08.147 [http-nio-8081-exec-28] INFO  com.knockfish.aspect.LogAspect - [查询标签列表] 请求开始 - GET /api/tag/page - TagController.getTagListVO - 参数: {"tagName":null}, 1, 10
2026-07-16 14:18:08.159 [http-nio-8081-exec-28] INFO  com.knockfish.aspect.LogAspect - [查询标签列表] 请求成功 - 执行时间: 11ms
2026-07-16 14:18:09.936 [http-nio-8081-exec-30] INFO  com.knockfish.security.JwtAuthenticationFilter - === 请求路径: /api/category/with-site-count, 方法: GET
2026-07-16 14:18:09.946 [http-nio-8081-exec-30] INFO  com.knockfish.aspect.LogAspect - [查询分类列表(含统计)] 请求开始 - GET /api/category/with-site-count - CategoryController.getCategoryWithSiteCountList - 参数: {"categoryName":null}, 1, 10
2026-07-16 14:18:09.966 [http-nio-8081-exec-30] INFO  com.knockfish.aspect.LogAspect - [查询分类列表(含统计)] 请求成功 - 执行时间: 20ms
2026-07-16 14:18:11.075 [http-nio-8081-exec-40] INFO  com.knockfish.security.JwtAuthenticationFilter - === 请求路径: /api/site/with-category, 方法: GET
2026-07-16 14:18:11.176 [http-nio-8081-exec-34] INFO  com.knockfish.security.JwtAuthenticationFilter - === 请求路径: /api/category/options, 方法: GET
2026-07-16 14:18:11.184 [http-nio-8081-exec-34] INFO  com.knockfish.aspect.LogAspect - [获取分类选项] 请求开始 - GET /api/category/options - CategoryController.getCategoryOption - 参数: 无
2026-07-16 14:18:11.190 [http-nio-8081-exec-34] INFO  com.knockfish.aspect.LogAspect - [获取分类选项] 请求成功 - 执行时间: 5ms
2026-07-16 14:18:13.293 [http-nio-8081-exec-43] INFO  com.knockfish.security.JwtAuthenticationFilter - === 请求路径: /api/link/page, 方法: GET
2026-07-16 14:18:13.313 [http-nio-8081-exec-43] INFO  com.knockfish.aspect.LogAspect - [查询友链列表] 请求开始 - GET /api/link/page - LinkController.getLinkListVO - 参数: {"linkName":null}, 1, 10
2026-07-16 14:18:13.326 [http-nio-8081-exec-43] INFO  com.knockfish.aspect.LogAspect - [查询友链列表] 请求成功 - 执行时间: 13ms
2026-07-16 14:18:15.245 [http-nio-8081-exec-12] INFO  com.knockfish.security.JwtAuthenticationFilter - === 请求路径: /api/r2-file/prefix, 方法: GET
2026-07-16 14:18:19.919 [http-nio-8081-exec-41] INFO  com.knockfish.security.JwtAuthenticationFilter - === 请求路径: /api/file-reference/all, 方法: GET
2026-07-16 14:18:19.921 [http-nio-8081-exec-41] INFO  com.knockfish.aspect.LogAspect - [查询所有文件引用] 请求开始 - GET /api/file-reference/all - FileReferenceController.selectAllNoPage - 参数: 无
2026-07-16 14:18:19.921 [http-nio-8081-exec-41] INFO  com.knockfish.controller.FileReferenceController - 查询所有文件引用
2026-07-16 14:18:19.929 [http-nio-8081-exec-41] INFO  com.knockfish.aspect.LogAspect - [查询所有文件引用] 请求成功 - 执行时间: 8ms
2026-07-16 14:18:19.950 [http-nio-8081-exec-48] INFO  com.knockfish.security.JwtAuthenticationFilter - === 请求路径: /api/file-reference/referenced-paths, 方法: GET
2026-07-16 14:18:19.954 [http-nio-8081-exec-48] INFO  com.knockfish.aspect.LogAspect - [查询所有被引用的文件路径] 请求开始 - GET /api/file-reference/referenced-paths - FileReferenceController.selectAllReferencedPaths - 参数: 无
2026-07-16 14:18:19.955 [http-nio-8081-exec-48] INFO  com.knockfish.controller.FileReferenceController - 查询所有被引用的文件路径
2026-07-16 14:18:19.960 [http-nio-8081-exec-48] INFO  com.knockfish.aspect.LogAspect - [查询所有被引用的文件路径] 请求成功 - 执行时间: 5ms
2026-07-16 14:18:28.541 [http-nio-8081-exec-37] INFO  com.knockfish.security.JwtAuthenticationFilter - === 请求路径: /api/user/page, 方法: GET
2026-07-16 14:18:28.552 [http-nio-8081-exec-37] INFO  com.knockfish.aspect.LogAspect - [查询用户列表] 请求开始 - GET /api/user/page - UserController.getUserList - 参数: {"username":null,"nickname":null,"email":null}, 1, 10
2026-07-16 14:18:28.567 [http-nio-8081-exec-37] INFO  com.knockfish.aspect.LogAspect - [查询用户列表] 请求成功 - 执行时间: 15ms
2026-07-16 14:18:31.381 [http-nio-8081-exec-36] INFO  com.knockfish.security.JwtAuthenticationFilter - === 请求路径: /api/permission, 方法: GET
2026-07-16 14:18:32.758 [http-nio-8081-exec-47] INFO  com.knockfish.security.JwtAuthenticationFilter - === 请求路径: /api/role/with-permission, 方法: GET
2026-07-16 14:18:37.166 [http-nio-8081-exec-5] INFO  com.knockfish.security.JwtAuthenticationFilter - === 请求路径: /api/note, 方法: GET
2026-07-16 14:18:37.174 [http-nio-8081-exec-5] INFO  com.knockfish.aspect.LogAspect - [获取笔记列表] 请求开始 - GET /api/note - NoteController.getNoteList - 参数: {"noteTitle":null}, 1, 10
2026-07-16 14:18:37.199 [http-nio-8081-exec-5] INFO  com.knockfish.aspect.LogAspect - [获取笔记列表] 请求成功 - 执行时间: 25ms
2026-07-16 14:18:39.090 [http-nio-8081-exec-1] INFO  com.knockfish.security.JwtAuthenticationFilter - === 请求路径: /api/code-category, 方法: GET
2026-07-16 14:18:39.113 [http-nio-8081-exec-1] INFO  com.knockfish.aspect.LogAspect - [查询代码分类列表] 请求开始 - GET /api/code-category - CodeCategoryController.getCodeCategoryList - 参数: {"codeCategoryName":null}, 1, 10
2026-07-16 14:18:39.129 [http-nio-8081-exec-1] INFO  com.knockfish.aspect.LogAspect - [查询代码分类列表] 请求成功 - 执行时间: 16ms
2026-07-16 14:18:42.106 [http-nio-8081-exec-13] INFO  com.knockfish.security.JwtAuthenticationFilter - === 请求路径: /api/code-category/menu, 方法: GET
2026-07-16 14:18:42.107 [http-nio-8081-exec-13] INFO  com.knockfish.aspect.LogAspect - [获取代码分类菜单] 请求开始 - GET /api/code-category/menu - CodeCategoryController.getMenuList - 参数: 无
2026-07-16 14:18:42.109 [http-nio-8081-exec-13] INFO  com.knockfish.aspect.LogAspect - [获取代码分类菜单] 请求成功 - 执行时间: 2ms
2026-07-16 14:18:42.163 [http-nio-8081-exec-2] INFO  com.knockfish.security.JwtAuthenticationFilter - === 请求路径: /api/code-snippet/list/0, 方法: GET
2026-07-16 14:18:42.164 [http-nio-8081-exec-2] INFO  com.knockfish.aspect.LogAspect - [获取代码片段列表] 请求开始 - GET /api/code-snippet/list/0 - CodeSnippetController.getCodeSnippetListByCategoryId - 参数: 0, 1, 10
2026-07-16 14:18:42.171 [http-nio-8081-exec-2] INFO  com.knockfish.aspect.LogAspect - [获取代码片段列表] 请求成功 - 执行时间: 7ms
2026-07-16 14:18:55.736 [http-nio-8081-exec-9] INFO  com.knockfish.security.JwtAuthenticationFilter - === 请求路径: /api/note, 方法: GET
2026-07-16 14:18:55.738 [http-nio-8081-exec-9] INFO  com.knockfish.aspect.LogAspect - [获取笔记列表] 请求开始 - GET /api/note - NoteController.getNoteList - 参数: {"noteTitle":null}, 1, 10
2026-07-16 14:18:55.746 [http-nio-8081-exec-9] INFO  com.knockfish.aspect.LogAspect - [获取笔记列表] 请求成功 - 执行时间: 8ms
2026-07-16 14:18:56.597 [http-nio-8081-exec-17] INFO  com.knockfish.security.JwtAuthenticationFilter - === 请求路径: /api/code-category, 方法: GET
2026-07-16 14:18:56.608 [http-nio-8081-exec-17] INFO  com.knockfish.aspect.LogAspect - [查询代码分类列表] 请求开始 - GET /api/code-category - CodeCategoryController.getCodeCategoryList - 参数: {"codeCategoryName":null}, 1, 10
2026-07-16 14:18:56.618 [http-nio-8081-exec-17] INFO  com.knockfish.aspect.LogAspect - [查询代码分类列表] 请求成功 - 执行时间: 9ms
2026-07-16 14:18:58.389 [http-nio-8081-exec-11] INFO  com.knockfish.security.JwtAuthenticationFilter - === 请求路径: /api/note, 方法: GET
2026-07-16 14:18:58.391 [http-nio-8081-exec-11] INFO  com.knockfish.aspect.LogAspect - [获取笔记列表] 请求开始 - GET /api/note - NoteController.getNoteList - 参数: {"noteTitle":null}, 1, 10
2026-07-16 14:18:58.403 [http-nio-8081-exec-11] INFO  com.knockfish.aspect.LogAspect - [获取笔记列表] 请求成功 - 执行时间: 12ms
2026-07-16 14:19:03.394 [http-nio-8081-exec-20] INFO  com.knockfish.security.JwtAuthenticationFilter - === 请求路径: /api/role/with-permission, 方法: GET
2026-07-16 14:19:08.155 [http-nio-8081-exec-6] INFO  com.knockfish.security.JwtAuthenticationFilter - === 请求路径: /api/r2-file/prefix, 方法: GET
2026-07-16 14:19:09.054 [http-nio-8081-exec-14] INFO  com.knockfish.security.JwtAuthenticationFilter - === 请求路径: /api/article/list, 方法: GET
2026-07-16 14:19:09.066 [http-nio-8081-exec-14] INFO  com.knockfish.aspect.LogAspect - [查询文章列表] 请求开始 - GET /api/article/list - ArticleController.getArticleList - 参数: {"userId":null,"title":null}, 1, 10
2026-07-16 14:19:09.071 [http-nio-8081-exec-14] INFO  com.knockfish.aspect.LogAspect - [查询文章列表] 请求成功 - 执行时间: 5ms
2026-07-16 14:19:10.563 [http-nio-8081-exec-18] INFO  com.knockfish.security.JwtAuthenticationFilter - === 请求路径: /api/dashboard/latest-articles, 方法: GET
2026-07-16 14:19:10.563 [http-nio-8081-exec-10] INFO  com.knockfish.security.JwtAuthenticationFilter - === 请求路径: /api/dashboard/tag-cloud, 方法: GET
2026-07-16 14:19:10.563 [http-nio-8081-exec-15] INFO  com.knockfish.security.JwtAuthenticationFilter - === 请求路径: /api/dashboard/overview, 方法: GET
2026-07-16 14:19:10.565 [http-nio-8081-exec-26] INFO  com.knockfish.security.JwtAuthenticationFilter - === 请求路径: /api/dashboard/article-trend, 方法: GET
2026-07-16 14:19:10.577 [http-nio-8081-exec-10] INFO  com.knockfish.aspect.LogAspect - [获取标签云] 请求开始 - GET /api/dashboard/tag-cloud - DashboardController.getTagCloud - 参数: 无
2026-07-16 14:19:10.577 [http-nio-8081-exec-15] INFO  com.knockfish.aspect.LogAspect - [获取仪表盘概览] 请求开始 - GET /api/dashboard/overview - DashboardController.getOverview - 参数: 无
2026-07-16 14:19:10.579 [http-nio-8081-exec-18] INFO  com.knockfish.aspect.LogAspect - [获取最近文章] 请求开始 - GET /api/dashboard/latest-articles - DashboardController.getLatestArticles - 参数: 10
2026-07-16 14:19:10.579 [http-nio-8081-exec-10] INFO  com.knockfish.aspect.LogAspect - [获取标签云] 请求成功 - 执行时间: 2ms
2026-07-16 14:19:10.580 [http-nio-8081-exec-26] INFO  com.knockfish.aspect.LogAspect - [获取文章发布趋势] 请求开始 - GET /api/dashboard/article-trend - DashboardController.getArticleTrend - 参数: "monthly", null
2026-07-16 14:19:10.581 [http-nio-8081-exec-18] INFO  com.knockfish.aspect.LogAspect - [获取最近文章] 请求成功 - 执行时间: 2ms
2026-07-16 14:19:10.582 [http-nio-8081-exec-26] INFO  com.knockfish.aspect.LogAspect - [获取文章发布趋势] 请求成功 - 执行时间: 2ms
2026-07-16 14:19:10.597 [http-nio-8081-exec-15] INFO  com.knockfish.aspect.LogAspect - [获取仪表盘概览] 请求成功 - 执行时间: 20ms
2026-07-16 14:19:15.432 [http-nio-8081-exec-21] INFO  com.knockfish.security.JwtAuthenticationFilter - === 请求路径: /api/code-category, 方法: GET
2026-07-16 14:19:15.442 [http-nio-8081-exec-21] INFO  com.knockfish.aspect.LogAspect - [查询代码分类列表] 请求开始 - GET /api/code-category - CodeCategoryController.getCodeCategoryList - 参数: {"codeCategoryName":null}, 1, 10
2026-07-16 14:19:15.460 [http-nio-8081-exec-21] INFO  com.knockfish.aspect.LogAspect - [查询代码分类列表] 请求成功 - 执行时间: 18ms
2026-07-16 14:19:18.202 [http-nio-8081-exec-19] INFO  com.knockfish.security.JwtAuthenticationFilter - === 请求路径: /api/dashboard/overview, 方法: GET
2026-07-16 14:19:18.202 [http-nio-8081-exec-31] INFO  com.knockfish.security.JwtAuthenticationFilter - === 请求路径: /api/dashboard/activities, 方法: GET
2026-07-16 14:19:18.202 [http-nio-8081-exec-22] INFO  com.knockfish.security.JwtAuthenticationFilter - === 请求路径: /api/dashboard/article-trend, 方法: GET
2026-07-16 14:19:18.202 [http-nio-8081-exec-24] INFO  com.knockfish.security.JwtAuthenticationFilter - === 请求路径: /api/dashboard/category-stats, 方法: GET
2026-07-16 14:19:18.210 [http-nio-8081-exec-24] INFO  com.knockfish.aspect.LogAspect - [获取文章分类统计] 请求开始 - GET /api/dashboard/category-stats - DashboardController.getCategoryStats - 参数: 无
2026-07-16 14:19:18.210 [http-nio-8081-exec-19] INFO  com.knockfish.aspect.LogAspect - [获取仪表盘概览] 请求开始 - GET /api/dashboard/overview - DashboardController.getOverview - 参数: 无
2026-07-16 14:19:18.210 [http-nio-8081-exec-31] INFO  com.knockfish.aspect.LogAspect - [获取最近动态] 请求开始 - GET /api/dashboard/activities - DashboardController.getActivities - 参数: 10
2026-07-16 14:19:18.210 [http-nio-8081-exec-22] INFO  com.knockfish.aspect.LogAspect - [获取文章发布趋势] 请求开始 - GET /api/dashboard/article-trend - DashboardController.getArticleTrend - 参数: "monthly", null
2026-07-16 14:19:18.211 [http-nio-8081-exec-22] INFO  com.knockfish.aspect.LogAspect - [获取文章发布趋势] 请求成功 - 执行时间: 1ms
2026-07-16 14:19:18.211 [http-nio-8081-exec-24] INFO  com.knockfish.aspect.LogAspect - [获取文章分类统计] 请求成功 - 执行时间: 1ms
2026-07-16 14:19:18.211 [http-nio-8081-exec-31] INFO  com.knockfish.aspect.LogAspect - [获取最近动态] 请求成功 - 执行时间: 1ms
2026-07-16 14:19:18.227 [http-nio-8081-exec-19] INFO  com.knockfish.aspect.LogAspect - [获取仪表盘概览] 请求成功 - 执行时间: 17ms
2026-07-16 14:19:26.682 [http-nio-8081-exec-29] INFO  com.knockfish.security.JwtAuthenticationFilter - === 请求路径: /api/dashboard/overview, 方法: GET
2026-07-16 14:19:26.682 [http-nio-8081-exec-27] INFO  com.knockfish.security.JwtAuthenticationFilter - === 请求路径: /api/dashboard/article-trend, 方法: GET
2026-07-16 14:19:26.682 [http-nio-8081-exec-16] INFO  com.knockfish.security.JwtAuthenticationFilter - === 请求路径: /api/dashboard/latest-articles, 方法: GET
2026-07-16 14:19:26.682 [http-nio-8081-exec-25] INFO  com.knockfish.security.JwtAuthenticationFilter - === 请求路径: /api/dashboard/tag-cloud, 方法: GET
2026-07-16 14:19:26.697 [http-nio-8081-exec-25] INFO  com.knockfish.aspect.LogAspect - [获取标签云] 请求开始 - GET /api/dashboard/tag-cloud - DashboardController.getTagCloud - 参数: 无
2026-07-16 14:19:26.697 [http-nio-8081-exec-29] INFO  com.knockfish.aspect.LogAspect - [获取仪表盘概览] 请求开始 - GET /api/dashboard/overview - DashboardController.getOverview - 参数: 无
2026-07-16 14:19:26.697 [http-nio-8081-exec-27] INFO  com.knockfish.aspect.LogAspect - [获取文章发布趋势] 请求开始 - GET /api/dashboard/article-trend - DashboardController.getArticleTrend - 参数: "monthly", null
2026-07-16 14:19:26.700 [http-nio-8081-exec-27] INFO  com.knockfish.aspect.LogAspect - [获取文章发布趋势] 请求成功 - 执行时间: 2ms
2026-07-16 14:19:26.700 [http-nio-8081-exec-16] INFO  com.knockfish.aspect.LogAspect - [获取最近文章] 请求开始 - GET /api/dashboard/latest-articles - DashboardController.getLatestArticles - 参数: 10
2026-07-16 14:19:26.700 [http-nio-8081-exec-25] INFO  com.knockfish.aspect.LogAspect - [获取标签云] 请求成功 - 执行时间: 3ms
2026-07-16 14:19:26.704 [http-nio-8081-exec-16] INFO  com.knockfish.aspect.LogAspect - [获取最近文章] 请求成功 - 执行时间: 4ms
2026-07-16 14:19:26.720 [http-nio-8081-exec-29] INFO  com.knockfish.aspect.LogAspect - [获取仪表盘概览] 请求成功 - 执行时间: 22ms
2026-07-16 14:19:32.111 [http-nio-8081-exec-28] INFO  com.knockfish.security.JwtAuthenticationFilter - === 请求路径: /api/dashboard/overview, 方法: GET
2026-07-16 14:19:32.111 [http-nio-8081-exec-38] INFO  com.knockfish.security.JwtAuthenticationFilter - === 请求路径: /api/dashboard/article-trend, 方法: GET
2026-07-16 14:19:32.111 [http-nio-8081-exec-30] INFO  com.knockfish.security.JwtAuthenticationFilter - === 请求路径: /api/dashboard/activities, 方法: GET
2026-07-16 14:19:32.111 [http-nio-8081-exec-23] INFO  com.knockfish.security.JwtAuthenticationFilter - === 请求路径: /api/dashboard/category-stats, 方法: GET
2026-07-16 14:19:32.121 [http-nio-8081-exec-28] INFO  com.knockfish.aspect.LogAspect - [获取仪表盘概览] 请求开始 - GET /api/dashboard/overview - DashboardController.getOverview - 参数: 无
2026-07-16 14:19:32.121 [http-nio-8081-exec-23] INFO  com.knockfish.aspect.LogAspect - [获取文章分类统计] 请求开始 - GET /api/dashboard/category-stats - DashboardController.getCategoryStats - 参数: 无
2026-07-16 14:19:32.121 [http-nio-8081-exec-30] INFO  com.knockfish.aspect.LogAspect - [获取最近动态] 请求开始 - GET /api/dashboard/activities - DashboardController.getActivities - 参数: 10
2026-07-16 14:19:32.121 [http-nio-8081-exec-38] INFO  com.knockfish.aspect.LogAspect - [获取文章发布趋势] 请求开始 - GET /api/dashboard/article-trend - DashboardController.getArticleTrend - 参数: "monthly", null
2026-07-16 14:19:32.122 [http-nio-8081-exec-30] INFO  com.knockfish.aspect.LogAspect - [获取最近动态] 请求成功 - 执行时间: 1ms
2026-07-16 14:19:32.122 [http-nio-8081-exec-23] INFO  com.knockfish.aspect.LogAspect - [获取文章分类统计] 请求成功 - 执行时间: 1ms
2026-07-16 14:19:32.122 [http-nio-8081-exec-38] INFO  com.knockfish.aspect.LogAspect - [获取文章发布趋势] 请求成功 - 执行时间: 1ms
2026-07-16 14:19:32.137 [http-nio-8081-exec-28] INFO  com.knockfish.aspect.LogAspect - [获取仪表盘概览] 请求成功 - 执行时间: 16ms
2026-07-16 14:19:36.272 [http-nio-8081-exec-40] INFO  com.knockfish.security.JwtAuthenticationFilter - === 请求路径: /api/article/list, 方法: GET
2026-07-16 14:19:36.290 [http-nio-8081-exec-40] INFO  com.knockfish.aspect.LogAspect - [查询文章列表] 请求开始 - GET /api/article/list - ArticleController.getArticleList - 参数: {"userId":null,"title":null}, 1, 10
2026-07-16 14:19:36.293 [http-nio-8081-exec-40] INFO  com.knockfish.aspect.LogAspect - [查询文章列表] 请求成功 - 执行时间: 3ms
2026-07-16 14:19:37.981 [http-nio-8081-exec-35] INFO  com.knockfish.security.JwtAuthenticationFilter - === 请求路径: /api/dashboard/activities, 方法: GET
2026-07-16 14:19:37.981 [http-nio-8081-exec-34] INFO  com.knockfish.security.JwtAuthenticationFilter - === 请求路径: /api/dashboard/article-trend, 方法: GET
2026-07-16 14:19:37.981 [http-nio-8081-exec-33] INFO  com.knockfish.security.JwtAuthenticationFilter - === 请求路径: /api/dashboard/overview, 方法: GET
2026-07-16 14:19:37.981 [http-nio-8081-exec-43] INFO  com.knockfish.security.JwtAuthenticationFilter - === 请求路径: /api/dashboard/category-stats, 方法: GET
2026-07-16 14:19:37.991 [http-nio-8081-exec-33] INFO  com.knockfish.aspect.LogAspect - [获取仪表盘概览] 请求开始 - GET /api/dashboard/overview - DashboardController.getOverview - 参数: 无
2026-07-16 14:19:37.991 [http-nio-8081-exec-43] INFO  com.knockfish.aspect.LogAspect - [获取文章分类统计] 请求开始 - GET /api/dashboard/category-stats - DashboardController.getCategoryStats - 参数: 无
2026-07-16 14:19:37.991 [http-nio-8081-exec-34] INFO  com.knockfish.aspect.LogAspect - [获取文章发布趋势] 请求开始 - GET /api/dashboard/article-trend - DashboardController.getArticleTrend - 参数: "monthly", null
2026-07-16 14:19:37.991 [http-nio-8081-exec-35] INFO  com.knockfish.aspect.LogAspect - [获取最近动态] 请求开始 - GET /api/dashboard/activities - DashboardController.getActivities - 参数: 10
2026-07-16 14:19:37.993 [http-nio-8081-exec-34] INFO  com.knockfish.aspect.LogAspect - [获取文章发布趋势] 请求成功 - 执行时间: 2ms
2026-07-16 14:19:37.993 [http-nio-8081-exec-35] INFO  com.knockfish.aspect.LogAspect - [获取最近动态] 请求成功 - 执行时间: 1ms
2026-07-16 14:19:37.993 [http-nio-8081-exec-43] INFO  com.knockfish.aspect.LogAspect - [获取文章分类统计] 请求成功 - 执行时间: 2ms
2026-07-16 14:19:38.018 [http-nio-8081-exec-33] INFO  com.knockfish.aspect.LogAspect - [获取仪表盘概览] 请求成功 - 执行时间: 27ms
2026-07-16 14:21:38.808 [http-nio-8081-exec-39] INFO  com.knockfish.security.JwtAuthenticationFilter - === 请求路径: /api/dashboard/overview, 方法: GET
2026-07-16 14:21:38.808 [http-nio-8081-exec-48] INFO  com.knockfish.security.JwtAuthenticationFilter - === 请求路径: /api/dashboard/tag-cloud, 方法: GET
2026-07-16 14:21:38.808 [http-nio-8081-exec-45] INFO  com.knockfish.security.JwtAuthenticationFilter - === 请求路径: /api/dashboard/article-trend, 方法: GET
2026-07-16 14:21:38.809 [http-nio-8081-exec-37] INFO  com.knockfish.security.JwtAuthenticationFilter - === 请求路径: /api/dashboard/latest-articles, 方法: GET
2026-07-16 14:21:38.823 [http-nio-8081-exec-48] INFO  com.knockfish.aspect.LogAspect - [获取标签云] 请求开始 - GET /api/dashboard/tag-cloud - DashboardController.getTagCloud - 参数: 无
2026-07-16 14:21:38.823 [http-nio-8081-exec-37] INFO  com.knockfish.aspect.LogAspect - [获取最近文章] 请求开始 - GET /api/dashboard/latest-articles - DashboardController.getLatestArticles - 参数: 10
2026-07-16 14:21:38.823 [http-nio-8081-exec-45] INFO  com.knockfish.aspect.LogAspect - [获取文章发布趋势] 请求开始 - GET /api/dashboard/article-trend - DashboardController.getArticleTrend - 参数: "monthly", null
2026-07-16 14:21:38.824 [http-nio-8081-exec-45] INFO  com.knockfish.aspect.LogAspect - [获取文章发布趋势] 请求成功 - 执行时间: 1ms
2026-07-16 14:21:38.825 [http-nio-8081-exec-48] INFO  com.knockfish.aspect.LogAspect - [获取标签云] 请求成功 - 执行时间: 2ms
2026-07-16 14:21:38.825 [http-nio-8081-exec-37] INFO  com.knockfish.aspect.LogAspect - [获取最近文章] 请求成功 - 执行时间: 2ms
2026-07-16 14:21:38.825 [http-nio-8081-exec-39] INFO  com.knockfish.aspect.LogAspect - [获取仪表盘概览] 请求开始 - GET /api/dashboard/overview - DashboardController.getOverview - 参数: 无
2026-07-16 14:21:38.839 [http-nio-8081-exec-39] INFO  com.knockfish.aspect.LogAspect - [获取仪表盘概览] 请求成功 - 执行时间: 13ms
2026-07-16 14:35:26.636 [http-nio-8081-exec-50] INFO  com.knockfish.security.JwtAuthenticationFilter - === 请求路径: /api/auth/login, 方法: POST
2026-07-16 14:35:26.638 [http-nio-8081-exec-50] INFO  com.knockfish.aspect.LogAspect - [用户登录] 请求开始 - POST /api/auth/login - AuthController.login - 参数: {"username":"knockfish","password":"3414338"}
2026-07-16 14:35:26.725 [http-nio-8081-exec-50] INFO  com.knockfish.service.impl.AuthServiceImpl - 用户登录成功: username=knockfish, userId=1
2026-07-16 14:35:26.725 [http-nio-8081-exec-50] INFO  com.knockfish.aspect.LogAspect - [用户登录] 请求成功 - 执行时间: 87ms - 返回结果: {"code":200,"msg":"请求成功","data":{"userId":1,"username":"knockfish","email":"knockfish@qq.com","nickname":"knock_fish","avatar":"https://fishbarn.cn/blog/article-image/2026-06/168954af-15b9-4268-9743-080e1b495538.webp","description":"博客正在施工中……","githubUrl":null,"bilibiliUrl":null,"background":"https://fishbarn.cn/blog/1/background/06ea1755-c1b9-4480-a017-d3886431b732.webp","createTime":"2026-04-15 14:23:26","roles":null,"token":"eyJhbGciOiJIUzI1NiIsInR5cCI6IkpXVCJ9.eyJ1c2VySWQiOjEsInVzZXJuYW1lIjoia25vY2tmaXNoIiwiZXhwIjoxNzg0NTQzNzI2LCJpYXQiOjE3ODQxODM3MjZ9.e7nUej7wW9PQs6u6ul9DEE16wR0G4McOsiCvlPh6YX4"}}
2026-07-16 14:35:26.741 [http-nio-8081-exec-5] INFO  com.knockfish.security.JwtAuthenticationFilter - === 请求路径: /api/permission/user/1, 方法: GET
2026-07-16 14:35:30.677 [http-nio-8081-exec-8] INFO  com.knockfish.security.JwtAuthenticationFilter - === 请求路径: /api/dashboard/overview, 方法: GET
2026-07-16 14:35:30.681 [http-nio-8081-exec-2] INFO  com.knockfish.security.JwtAuthenticationFilter - === 请求路径: /api/dashboard/activities, 方法: GET
2026-07-16 14:35:30.684 [http-nio-8081-exec-9] INFO  com.knockfish.security.JwtAuthenticationFilter - === 请求路径: /api/dashboard/category-stats, 方法: GET
2026-07-16 14:35:30.684 [http-nio-8081-exec-17] INFO  com.knockfish.security.JwtAuthenticationFilter - === 请求路径: /api/dashboard/article-trend, 方法: GET
2026-07-16 14:35:30.702 [http-nio-8081-exec-8] INFO  com.knockfish.aspect.LogAspect - [获取仪表盘概览] 请求开始 - GET /api/dashboard/overview - DashboardController.getOverview - 参数: 无
2026-07-16 14:35:30.706 [http-nio-8081-exec-17] INFO  com.knockfish.aspect.LogAspect - [获取文章发布趋势] 请求开始 - GET /api/dashboard/article-trend - DashboardController.getArticleTrend - 参数: "monthly", null
2026-07-16 14:35:30.707 [http-nio-8081-exec-2] INFO  com.knockfish.aspect.LogAspect - [获取最近动态] 请求开始 - GET /api/dashboard/activities - DashboardController.getActivities - 参数: 10
2026-07-16 14:35:30.711 [http-nio-8081-exec-9] INFO  com.knockfish.aspect.LogAspect - [获取文章分类统计] 请求开始 - GET /api/dashboard/category-stats - DashboardController.getCategoryStats - 参数: 无
2026-07-16 14:35:30.713 [http-nio-8081-exec-17] INFO  com.knockfish.aspect.LogAspect - [获取文章发布趋势] 请求成功 - 执行时间: 7ms
2026-07-16 14:35:30.714 [http-nio-8081-exec-2] INFO  com.knockfish.aspect.LogAspect - [获取最近动态] 请求成功 - 执行时间: 6ms
2026-07-16 14:35:30.714 [http-nio-8081-exec-9] INFO  com.knockfish.aspect.LogAspect - [获取文章分类统计] 请求成功 - 执行时间: 3ms
2026-07-16 14:35:30.848 [http-nio-8081-exec-8] INFO  com.knockfish.aspect.LogAspect - [获取仪表盘概览] 请求成功 - 执行时间: 146ms
2026-07-16 14:40:57.235 [http-nio-8081-exec-18] INFO  com.knockfish.security.JwtAuthenticationFilter - === 请求路径: /api/code-category/menu, 方法: GET
2026-07-16 14:40:57.236 [http-nio-8081-exec-18] INFO  com.knockfish.aspect.LogAspect - [获取代码分类菜单] 请求开始 - GET /api/code-category/menu - CodeCategoryController.getMenuList - 参数: 无
2026-07-16 14:40:57.242 [http-nio-8081-exec-18] INFO  com.knockfish.aspect.LogAspect - [获取代码分类菜单] 请求成功 - 执行时间: 6ms
2026-07-16 14:40:57.291 [http-nio-8081-exec-15] INFO  com.knockfish.security.JwtAuthenticationFilter - === 请求路径: /api/code-snippet/list/0, 方法: GET
2026-07-16 14:40:57.293 [http-nio-8081-exec-15] INFO  com.knockfish.aspect.LogAspect - [获取代码片段列表] 请求开始 - GET /api/code-snippet/list/0 - CodeSnippetController.getCodeSnippetListByCategoryId - 参数: 0, 1, 10
2026-07-16 14:40:57.317 [http-nio-8081-exec-15] INFO  com.knockfish.aspect.LogAspect - [获取代码片段列表] 请求成功 - 执行时间: 24ms
2026-07-16 14:41:09.346 [http-nio-8081-exec-24] INFO  com.knockfish.security.JwtAuthenticationFilter - === 请求路径: /api/user/page, 方法: GET
2026-07-16 14:41:09.374 [http-nio-8081-exec-24] INFO  com.knockfish.aspect.LogAspect - [查询用户列表] 请求开始 - GET /api/user/page - UserController.getUserList - 参数: {"username":null,"nickname":null,"email":null}, 1, 10
2026-07-16 14:41:09.418 [http-nio-8081-exec-24] INFO  com.knockfish.aspect.LogAspect - [查询用户列表] 请求成功 - 执行时间: 43ms
2026-07-16 14:41:17.219 [http-nio-8081-exec-27] INFO  com.knockfish.security.JwtAuthenticationFilter - === 请求路径: /api/role/with-permission, 方法: GET
2026-07-16 14:41:21.460 [http-nio-8081-exec-16] INFO  com.knockfish.security.JwtAuthenticationFilter - === 请求路径: /api/role, 方法: POST
2026-07-16 14:41:21.642 [http-nio-8081-exec-23] INFO  com.knockfish.security.JwtAuthenticationFilter - === 请求路径: /api/permission, 方法: GET
2026-07-16 14:41:34.675 [http-nio-8081-exec-30] INFO  com.knockfish.security.JwtAuthenticationFilter - === 请求路径: /api/role/with-permission, 方法: GET
2026-07-16 14:47:40.851 [http-nio-8081-exec-40] INFO  com.knockfish.security.JwtAuthenticationFilter - === 请求路径: /api/role/with-permission, 方法: GET
2026-07-16 14:48:51.220 [http-nio-8081-exec-35] INFO  com.knockfish.security.JwtAuthenticationFilter - === 请求路径: /api/role/with-permission, 方法: GET
2026-07-16 14:49:11.027 [http-nio-8081-exec-43] INFO  com.knockfish.security.JwtAuthenticationFilter - === 请求路径: /api/role/with-permission, 方法: GET
2026-07-16 14:50:32.327 [http-nio-8081-exec-12] INFO  com.knockfish.security.JwtAuthenticationFilter - === 请求路径: /api/role/with-permission, 方法: GET
2026-07-16 14:50:37.460 [http-nio-8081-exec-32] INFO  com.knockfish.security.JwtAuthenticationFilter - === 请求路径: /api/role/with-permission, 方法: GET
2026-07-16 15:03:24.067 [http-nio-8081-exec-45] INFO  com.knockfish.security.JwtAuthenticationFilter - === 请求路径: /api/tag/page, 方法: GET
2026-07-16 15:03:24.085 [http-nio-8081-exec-45] INFO  com.knockfish.aspect.LogAspect - [查询标签列表] 请求开始 - GET /api/tag/page - TagController.getTagListVO - 参数: {"tagName":null}, 1, 10
2026-07-16 15:03:24.133 [http-nio-8081-exec-45] INFO  com.knockfish.aspect.LogAspect - [查询标签列表] 请求成功 - 执行时间: 48ms
2026-07-16 15:03:26.601 [http-nio-8081-exec-39] INFO  com.knockfish.security.JwtAuthenticationFilter - === 请求路径: /api/article/list, 方法: GET
2026-07-16 15:03:26.628 [http-nio-8081-exec-39] INFO  com.knockfish.aspect.LogAspect - [查询文章列表] 请求开始 - GET /api/article/list - ArticleController.getArticleList - 参数: {"userId":null,"title":null}, 1, 10
2026-07-16 15:03:26.654 [http-nio-8081-exec-39] INFO  com.knockfish.aspect.LogAspect - [查询文章列表] 请求成功 - 执行时间: 25ms
2026-07-16 15:03:28.969 [http-nio-8081-exec-49] INFO  com.knockfish.security.JwtAuthenticationFilter - === 请求路径: /api/link/page, 方法: GET
2026-07-16 15:03:29.006 [http-nio-8081-exec-49] INFO  com.knockfish.aspect.LogAspect - [查询友链列表] 请求开始 - GET /api/link/page - LinkController.getLinkListVO - 参数: {"linkName":null}, 1, 10
2026-07-16 15:03:29.025 [http-nio-8081-exec-49] INFO  com.knockfish.aspect.LogAspect - [查询友链列表] 请求成功 - 执行时间: 18ms
2026-07-16 15:03:32.118 [http-nio-8081-exec-47] INFO  com.knockfish.security.JwtAuthenticationFilter - === 请求路径: /api/r2-file/prefix, 方法: GET
2026-07-16 15:03:35.435 [http-nio-8081-exec-42] INFO  com.knockfish.security.JwtAuthenticationFilter - === 请求路径: /api/permission, 方法: GET
2026-07-16 15:03:37.538 [http-nio-8081-exec-50] INFO  com.knockfish.security.JwtAuthenticationFilter - === 请求路径: /api/user/page, 方法: GET
2026-07-16 15:03:37.586 [http-nio-8081-exec-50] INFO  com.knockfish.aspect.LogAspect - [查询用户列表] 请求开始 - GET /api/user/page - UserController.getUserList - 参数: {"username":null,"nickname":null,"email":null}, 1, 10
2026-07-16 15:03:37.599 [http-nio-8081-exec-50] INFO  com.knockfish.aspect.LogAspect - [查询用户列表] 请求成功 - 执行时间: 13ms
2026-07-16 15:03:39.669 [http-nio-8081-exec-4] INFO  com.knockfish.security.JwtAuthenticationFilter - === 请求路径: /api/role/with-permission, 方法: GET
2026-07-16 15:27:30.766 [http-nio-8081-exec-7] INFO  com.knockfish.security.JwtAuthenticationFilter - === 请求路径: /api/site/with-category, 方法: GET
2026-07-16 15:27:31.070 [http-nio-8081-exec-13] INFO  com.knockfish.security.JwtAuthenticationFilter - === 请求路径: /api/category/options, 方法: GET
2026-07-16 15:27:31.099 [http-nio-8081-exec-13] INFO  com.knockfish.aspect.LogAspect - [获取分类选项] 请求开始 - GET /api/category/options - CategoryController.getCategoryOption - 参数: 无
2026-07-16 15:27:31.107 [http-nio-8081-exec-13] INFO  com.knockfish.aspect.LogAspect - [获取分类选项] 请求成功 - 执行时间: 8ms
2026-07-16 15:27:37.862 [http-nio-8081-exec-9] INFO  com.knockfish.security.JwtAuthenticationFilter - === 请求路径: /api/link/page, 方法: GET
2026-07-16 15:27:37.895 [http-nio-8081-exec-9] INFO  com.knockfish.aspect.LogAspect - [查询友链列表] 请求开始 - GET /api/link/page - LinkController.getLinkListVO - 参数: {"linkName":null}, 1, 10
2026-07-16 15:27:37.904 [http-nio-8081-exec-9] INFO  com.knockfish.aspect.LogAspect - [查询友链列表] 请求成功 - 执行时间: 9ms
2026-07-16 15:27:51.199 [http-nio-8081-exec-2] INFO  com.knockfish.security.JwtAuthenticationFilter - === 请求路径: /api/auth/login, 方法: POST
2026-07-16 15:27:51.202 [http-nio-8081-exec-2] INFO  com.knockfish.aspect.LogAspect - [用户登录] 请求开始 - POST /api/auth/login - AuthController.login - 参数: {"username":"user_fish","password":"123456"}
2026-07-16 15:27:51.345 [http-nio-8081-exec-2] INFO  com.knockfish.service.impl.AuthServiceImpl - 用户登录成功: username=user_fish, userId=3
2026-07-16 15:27:51.346 [http-nio-8081-exec-2] INFO  com.knockfish.aspect.LogAspect - [用户登录] 请求成功 - 执行时间: 143ms - 返回结果: {"code":200,"msg":"请求成功","data":{"userId":3,"username":"user_fish","email":"user_fish@qq.com","nickname":"user_fish","avatar":"https://fishbarn.cn/blog/article-image/2026-06/168954af-15b9-4268-9743-080e1b495538.webp","description":"演示账号","githubUrl":null,"bilibiliUrl":null,"background":null,"createTime":"2026-05-28 11:17:59","roles":null,"token":"eyJhbGciOiJIUzI1NiIsInR5cCI6IkpXVCJ9.eyJ1c2VySWQiOjMsInVzZXJuYW1lIjoidXNlcl9maXNoIiwiZXhwIjoxNzg0NTQ2ODcxLCJpYXQiOjE3ODQxODY4NzF9.45fN91XVWM6v9-a3YAlD8FwobYrP2I8WWTecwS09zlE"}}
2026-07-16 15:27:51.366 [http-nio-8081-exec-8] INFO  com.knockfish.security.JwtAuthenticationFilter - === 请求路径: /api/permission/user/3, 方法: GET
2026-07-16 15:27:53.750 [http-nio-8081-exec-6] INFO  com.knockfish.security.JwtAuthenticationFilter - === 请求路径: /api/dashboard/overview, 方法: GET
2026-07-16 15:27:53.751 [http-nio-8081-exec-14] INFO  com.knockfish.security.JwtAuthenticationFilter - === 请求路径: /api/dashboard/article-trend, 方法: GET
2026-07-16 15:27:53.755 [http-nio-8081-exec-20] INFO  com.knockfish.security.JwtAuthenticationFilter - === 请求路径: /api/dashboard/activities, 方法: GET
2026-07-16 15:27:53.758 [http-nio-8081-exec-11] INFO  com.knockfish.security.JwtAuthenticationFilter - === 请求路径: /api/dashboard/category-stats, 方法: GET
2026-07-16 15:27:53.772 [http-nio-8081-exec-14] INFO  com.knockfish.aspect.LogAspect - [获取文章发布趋势] 请求开始 - GET /api/dashboard/article-trend - DashboardController.getArticleTrend - 参数: "monthly", null
2026-07-16 15:27:53.781 [http-nio-8081-exec-14] INFO  com.knockfish.aspect.LogAspect - [获取文章发布趋势] 请求成功 - 执行时间: 9ms
2026-07-16 15:27:53.783 [http-nio-8081-exec-6] INFO  com.knockfish.aspect.LogAspect - [获取仪表盘概览] 请求开始 - GET /api/dashboard/overview - DashboardController.getOverview - 参数: 无
2026-07-16 15:27:53.790 [http-nio-8081-exec-11] INFO  com.knockfish.aspect.LogAspect - [获取文章分类统计] 请求开始 - GET /api/dashboard/category-stats - DashboardController.getCategoryStats - 参数: 无
2026-07-16 15:27:53.798 [http-nio-8081-exec-20] INFO  com.knockfish.aspect.LogAspect - [获取最近动态] 请求开始 - GET /api/dashboard/activities - DashboardController.getActivities - 参数: 10
2026-07-16 15:27:53.798 [http-nio-8081-exec-11] INFO  com.knockfish.aspect.LogAspect - [获取文章分类统计] 请求成功 - 执行时间: 8ms
2026-07-16 15:27:53.802 [http-nio-8081-exec-20] INFO  com.knockfish.aspect.LogAspect - [获取最近动态] 请求成功 - 执行时间: 4ms
2026-07-16 15:27:53.825 [http-nio-8081-exec-6] INFO  com.knockfish.aspect.LogAspect - [获取仪表盘概览] 请求成功 - 执行时间: 42ms
2026-07-16 15:27:55.399 [http-nio-8081-exec-10] INFO  com.knockfish.security.JwtAuthenticationFilter - === 请求路径: /api/site/with-category, 方法: GET
2026-07-16 15:27:55.570 [http-nio-8081-exec-18] INFO  com.knockfish.security.JwtAuthenticationFilter - === 请求路径: /api/category/options, 方法: GET
2026-07-16 15:27:55.584 [http-nio-8081-exec-18] INFO  com.knockfish.aspect.LogAspect - [获取分类选项] 请求开始 - GET /api/category/options - CategoryController.getCategoryOption - 参数: 无
2026-07-16 15:27:55.586 [http-nio-8081-exec-18] INFO  com.knockfish.aspect.LogAspect - [获取分类选项] 请求成功 - 执行时间: 2ms
2026-07-16 15:27:57.396 [http-nio-8081-exec-26] INFO  com.knockfish.security.JwtAuthenticationFilter - === 请求路径: /api/link/page, 方法: GET
2026-07-16 15:27:57.416 [http-nio-8081-exec-26] INFO  com.knockfish.aspect.LogAspect - [查询友链列表] 请求开始 - GET /api/link/page - LinkController.getLinkListVO - 参数: {"linkName":null}, 1, 10
2026-07-16 15:27:57.425 [http-nio-8081-exec-26] INFO  com.knockfish.aspect.LogAspect - [查询友链列表] 请求成功 - 执行时间: 9ms
2026-07-16 15:28:03.251 [http-nio-8081-exec-21] INFO  com.knockfish.security.JwtAuthenticationFilter - === 请求路径: /api/note, 方法: GET
2026-07-16 15:28:03.254 [http-nio-8081-exec-21] INFO  com.knockfish.aspect.LogAspect - [获取笔记列表] 请求开始 - GET /api/note - NoteController.getNoteList - 参数: {"noteTitle":null}, 1, 10
2026-07-16 15:28:03.293 [http-nio-8081-exec-21] INFO  com.knockfish.aspect.LogAspect - [获取笔记列表] 请求成功 - 执行时间: 39ms
2026-07-16 15:42:24.054 [http-nio-8081-exec-27] INFO  com.knockfish.security.JwtAuthenticationFilter - === 请求路径: /api/note, 方法: GET
2026-07-16 15:42:24.060 [http-nio-8081-exec-27] INFO  com.knockfish.aspect.LogAspect - [获取笔记列表] 请求开始 - GET /api/note - NoteController.getNoteList - 参数: {"noteTitle":null}, 1, 10
2026-07-16 15:42:24.098 [http-nio-8081-exec-27] INFO  com.knockfish.aspect.LogAspect - [获取笔记列表] 请求成功 - 执行时间: 38ms
2026-07-16 15:56:55.196 [http-nio-8081-exec-29] INFO  com.knockfish.security.JwtAuthenticationFilter - === 请求路径: /api/user/page, 方法: GET
2026-07-16 15:56:55.230 [http-nio-8081-exec-29] INFO  com.knockfish.aspect.LogAspect - [查询用户列表] 请求开始 - GET /api/user/page - UserController.getUserList - 参数: {"username":null,"nickname":null,"email":null}, 1, 10
2026-07-16 15:56:55.259 [http-nio-8081-exec-29] INFO  com.knockfish.aspect.LogAspect - [查询用户列表] 请求成功 - 执行时间: 29ms
2026-07-16 15:57:07.796 [http-nio-8081-exec-28] INFO  com.knockfish.security.JwtAuthenticationFilter - === 请求路径: /api/dashboard/overview, 方法: GET
2026-07-16 15:57:07.803 [http-nio-8081-exec-34] INFO  com.knockfish.security.JwtAuthenticationFilter - === 请求路径: /api/dashboard/tag-cloud, 方法: GET
2026-07-16 15:57:07.804 [http-nio-8081-exec-35] INFO  com.knockfish.security.JwtAuthenticationFilter - === 请求路径: /api/dashboard/latest-articles, 方法: GET
2026-07-16 15:57:07.808 [http-nio-8081-exec-43] INFO  com.knockfish.security.JwtAuthenticationFilter - === 请求路径: /api/dashboard/article-trend, 方法: GET
2026-07-16 15:57:07.828 [http-nio-8081-exec-28] INFO  com.knockfish.aspect.LogAspect - [获取仪表盘概览] 请求开始 - GET /api/dashboard/overview - DashboardController.getOverview - 参数: 无
2026-07-16 15:57:07.842 [http-nio-8081-exec-34] INFO  com.knockfish.aspect.LogAspect - [获取标签云] 请求开始 - GET /api/dashboard/tag-cloud - DashboardController.getTagCloud - 参数: 无
2026-07-16 15:57:07.859 [http-nio-8081-exec-34] INFO  com.knockfish.aspect.LogAspect - [获取标签云] 请求成功 - 执行时间: 16ms
2026-07-16 15:57:07.864 [http-nio-8081-exec-35] INFO  com.knockfish.aspect.LogAspect - [获取最近文章] 请求开始 - GET /api/dashboard/latest-articles - DashboardController.getLatestArticles - 参数: 10
2026-07-16 15:57:07.875 [http-nio-8081-exec-35] INFO  com.knockfish.aspect.LogAspect - [获取最近文章] 请求成功 - 执行时间: 11ms
2026-07-16 15:57:07.893 [http-nio-8081-exec-43] INFO  com.knockfish.aspect.LogAspect - [获取文章发布趋势] 请求开始 - GET /api/dashboard/article-trend - DashboardController.getArticleTrend - 参数: "monthly", null
2026-07-16 15:57:07.897 [http-nio-8081-exec-43] INFO  com.knockfish.aspect.LogAspect - [获取文章发布趋势] 请求成功 - 执行时间: 4ms
2026-07-16 15:57:07.909 [http-nio-8081-exec-28] INFO  com.knockfish.aspect.LogAspect - [获取仪表盘概览] 请求成功 - 执行时间: 79ms
2026-07-16 15:57:11.062 [http-nio-8081-exec-12] INFO  com.knockfish.security.JwtAuthenticationFilter - === 请求路径: /api/user/page, 方法: GET
2026-07-16 15:57:11.101 [http-nio-8081-exec-12] INFO  com.knockfish.aspect.LogAspect - [查询用户列表] 请求开始 - GET /api/user/page - UserController.getUserList - 参数: {"username":null,"nickname":null,"email":null}, 1, 10
2026-07-16 15:57:11.131 [http-nio-8081-exec-12] INFO  com.knockfish.aspect.LogAspect - [查询用户列表] 请求成功 - 执行时间: 29ms
2026-07-16 15:57:14.067 [http-nio-8081-exec-32] INFO  com.knockfish.security.JwtAuthenticationFilter - === 请求路径: /api/permission, 方法: GET
2026-07-16 15:57:17.617 [http-nio-8081-exec-48] INFO  com.knockfish.security.JwtAuthenticationFilter - === 请求路径: /api/role/with-permission, 方法: GET
2026-07-16 15:57:20.805 [http-nio-8081-exec-37] INFO  com.knockfish.security.JwtAuthenticationFilter - === 请求路径: /api/link/page, 方法: GET
2026-07-16 15:57:20.833 [http-nio-8081-exec-37] INFO  com.knockfish.aspect.LogAspect - [查询友链列表] 请求开始 - GET /api/link/page - LinkController.getLinkListVO - 参数: {"linkName":null}, 1, 10
2026-07-16 15:57:20.847 [http-nio-8081-exec-37] INFO  com.knockfish.aspect.LogAspect - [查询友链列表] 请求成功 - 执行时间: 13ms
2026-07-16 15:57:23.242 [http-nio-8081-exec-46] INFO  com.knockfish.security.JwtAuthenticationFilter - === 请求路径: /api/site/with-category, 方法: GET
2026-07-16 15:57:23.442 [http-nio-8081-exec-36] INFO  com.knockfish.security.JwtAuthenticationFilter - === 请求路径: /api/category/options, 方法: GET
2026-07-16 15:57:23.464 [http-nio-8081-exec-36] INFO  com.knockfish.aspect.LogAspect - [获取分类选项] 请求开始 - GET /api/category/options - CategoryController.getCategoryOption - 参数: 无
2026-07-16 15:57:23.467 [http-nio-8081-exec-36] INFO  com.knockfish.aspect.LogAspect - [获取分类选项] 请求成功 - 执行时间: 3ms
2026-07-16 15:57:24.991 [http-nio-8081-exec-42] INFO  com.knockfish.security.JwtAuthenticationFilter - === 请求路径: /api/category/with-site-count, 方法: GET
2026-07-16 15:57:25.010 [http-nio-8081-exec-42] INFO  com.knockfish.aspect.LogAspect - [查询分类列表(含统计)] 请求开始 - GET /api/category/with-site-count - CategoryController.getCategoryWithSiteCountList - 参数: {"categoryName":null}, 1, 10
2026-07-16 15:57:25.049 [http-nio-8081-exec-42] INFO  com.knockfish.aspect.LogAspect - [查询分类列表(含统计)] 请求成功 - 执行时间: 38ms
2026-07-16 15:57:25.737 [http-nio-8081-exec-5] INFO  com.knockfish.security.JwtAuthenticationFilter - === 请求路径: /api/tag/page, 方法: GET
2026-07-16 15:57:25.755 [http-nio-8081-exec-5] INFO  com.knockfish.aspect.LogAspect - [查询标签列表] 请求开始 - GET /api/tag/page - TagController.getTagListVO - 参数: {"tagName":null}, 1, 10
2026-07-16 15:57:25.776 [http-nio-8081-exec-5] INFO  com.knockfish.aspect.LogAspect - [查询标签列表] 请求成功 - 执行时间: 21ms
2026-07-16 15:57:26.477 [http-nio-8081-exec-7] INFO  com.knockfish.security.JwtAuthenticationFilter - === 请求路径: /api/article/list, 方法: GET
2026-07-16 15:57:26.510 [http-nio-8081-exec-7] INFO  com.knockfish.aspect.LogAspect - [查询文章列表] 请求开始 - GET /api/article/list - ArticleController.getArticleList - 参数: {"userId":null,"title":null}, 1, 10
2026-07-16 15:57:26.527 [http-nio-8081-exec-7] INFO  com.knockfish.aspect.LogAspect - [查询文章列表] 请求成功 - 执行时间: 16ms
2026-07-16 15:57:28.983 [http-nio-8081-exec-13] INFO  com.knockfish.security.JwtAuthenticationFilter - === 请求路径: /api/code-category, 方法: GET
2026-07-16 15:57:28.998 [http-nio-8081-exec-13] INFO  com.knockfish.aspect.LogAspect - [查询代码分类列表] 请求开始 - GET /api/code-category - CodeCategoryController.getCodeCategoryList - 参数: {"codeCategoryName":null}, 1, 10
2026-07-16 15:57:29.011 [http-nio-8081-exec-13] INFO  com.knockfish.aspect.LogAspect - [查询代码分类列表] 请求成功 - 执行时间: 12ms
2026-07-16 15:57:30.019 [http-nio-8081-exec-2] INFO  com.knockfish.security.JwtAuthenticationFilter - === 请求路径: /api/note, 方法: GET
2026-07-16 15:57:30.022 [http-nio-8081-exec-2] INFO  com.knockfish.aspect.LogAspect - [获取笔记列表] 请求开始 - GET /api/note - NoteController.getNoteList - 参数: {"noteTitle":null}, 1, 10
2026-07-16 15:57:30.056 [http-nio-8081-exec-2] INFO  com.knockfish.aspect.LogAspect - [获取笔记列表] 请求成功 - 执行时间: 33ms
2026-07-16 15:57:31.482 [http-nio-8081-exec-8] INFO  com.knockfish.security.JwtAuthenticationFilter - === 请求路径: /api/code-category/menu, 方法: GET
2026-07-16 15:57:31.483 [http-nio-8081-exec-8] INFO  com.knockfish.aspect.LogAspect - [获取代码分类菜单] 请求开始 - GET /api/code-category/menu - CodeCategoryController.getMenuList - 参数: 无
2026-07-16 15:57:31.487 [http-nio-8081-exec-8] INFO  com.knockfish.aspect.LogAspect - [获取代码分类菜单] 请求成功 - 执行时间: 4ms
2026-07-16 15:57:31.559 [http-nio-8081-exec-11] INFO  com.knockfish.security.JwtAuthenticationFilter - === 请求路径: /api/code-snippet/list/0, 方法: GET
2026-07-16 15:57:31.561 [http-nio-8081-exec-11] INFO  com.knockfish.aspect.LogAspect - [获取代码片段列表] 请求开始 - GET /api/code-snippet/list/0 - CodeSnippetController.getCodeSnippetListByCategoryId - 参数: 0, 1, 10
2026-07-16 15:57:31.572 [http-nio-8081-exec-11] INFO  com.knockfish.aspect.LogAspect - [获取代码片段列表] 请求成功 - 执行时间: 11ms
2026-07-16 16:18:13.678 [http-nio-8081-exec-26] INFO  com.knockfish.security.JwtAuthenticationFilter - === 请求路径: /api/code-category/menu, 方法: GET
2026-07-16 16:18:13.680 [http-nio-8081-exec-26] INFO  com.knockfish.aspect.LogAspect - [获取代码分类菜单] 请求开始 - GET /api/code-category/menu - CodeCategoryController.getMenuList - 参数: 无
2026-07-16 16:18:13.685 [http-nio-8081-exec-26] INFO  com.knockfish.aspect.LogAspect - [获取代码分类菜单] 请求成功 - 执行时间: 5ms
2026-07-16 16:18:13.793 [http-nio-8081-exec-15] INFO  com.knockfish.security.JwtAuthenticationFilter - === 请求路径: /api/code-snippet/list/0, 方法: GET
2026-07-16 16:18:13.802 [http-nio-8081-exec-15] INFO  com.knockfish.aspect.LogAspect - [获取代码片段列表] 请求开始 - GET /api/code-snippet/list/0 - CodeSnippetController.getCodeSnippetListByCategoryId - 参数: 0, 1, 10
2026-07-16 16:18:13.821 [http-nio-8081-exec-15] INFO  com.knockfish.aspect.LogAspect - [获取代码片段列表] 请求成功 - 执行时间: 19ms
2026-07-16 16:18:28.281 [http-nio-8081-exec-21] INFO  com.knockfish.security.JwtAuthenticationFilter - === 请求路径: /api/link/page, 方法: GET
2026-07-16 16:18:28.311 [http-nio-8081-exec-21] INFO  com.knockfish.aspect.LogAspect - [查询友链列表] 请求开始 - GET /api/link/page - LinkController.getLinkListVO - 参数: {"linkName":null}, 1, 10
2026-07-16 16:18:28.320 [http-nio-8081-exec-21] INFO  com.knockfish.aspect.LogAspect - [查询友链列表] 请求成功 - 执行时间: 8ms
2026-07-16 16:18:32.557 [http-nio-8081-exec-22] INFO  com.knockfish.security.JwtAuthenticationFilter - === 请求路径: /api/site/with-category, 方法: GET
2026-07-16 16:18:32.707 [http-nio-8081-exec-31] INFO  com.knockfish.security.JwtAuthenticationFilter - === 请求路径: /api/category/options, 方法: GET
2026-07-16 16:18:32.725 [http-nio-8081-exec-31] INFO  com.knockfish.aspect.LogAspect - [获取分类选项] 请求开始 - GET /api/category/options - CategoryController.getCategoryOption - 参数: 无
2026-07-16 16:18:32.731 [http-nio-8081-exec-31] INFO  com.knockfish.aspect.LogAspect - [获取分类选项] 请求成功 - 执行时间: 5ms
2026-07-16 16:18:53.917 [http-nio-8081-exec-24] INFO  com.knockfish.security.JwtAuthenticationFilter - === 请求路径: /api/dashboard/overview, 方法: GET
2026-07-16 16:18:53.916 [http-nio-8081-exec-19] INFO  com.knockfish.security.JwtAuthenticationFilter - === 请求路径: /api/dashboard/article-trend, 方法: GET
2026-07-16 16:18:53.920 [http-nio-8081-exec-16] INFO  com.knockfish.security.JwtAuthenticationFilter - === 请求路径: /api/dashboard/activities, 方法: GET
2026-07-16 16:18:53.925 [http-nio-8081-exec-29] INFO  com.knockfish.security.JwtAuthenticationFilter - === 请求路径: /api/dashboard/category-stats, 方法: GET
2026-07-16 16:18:53.942 [http-nio-8081-exec-24] INFO  com.knockfish.aspect.LogAspect - [获取仪表盘概览] 请求开始 - GET /api/dashboard/overview - DashboardController.getOverview - 参数: 无
2026-07-16 16:18:53.942 [http-nio-8081-exec-16] INFO  com.knockfish.aspect.LogAspect - [获取最近动态] 请求开始 - GET /api/dashboard/activities - DashboardController.getActivities - 参数: 10
2026-07-16 16:18:53.943 [http-nio-8081-exec-19] INFO  com.knockfish.aspect.LogAspect - [获取文章发布趋势] 请求开始 - GET /api/dashboard/article-trend - DashboardController.getArticleTrend - 参数: "monthly", null
2026-07-16 16:18:53.967 [http-nio-8081-exec-19] INFO  com.knockfish.aspect.LogAspect - [获取文章发布趋势] 请求成功 - 执行时间: 24ms
2026-07-16 16:18:53.973 [http-nio-8081-exec-16] INFO  com.knockfish.aspect.LogAspect - [获取最近动态] 请求成功 - 执行时间: 30ms
2026-07-16 16:18:54.021 [http-nio-8081-exec-29] INFO  com.knockfish.aspect.LogAspect - [获取文章分类统计] 请求开始 - GET /api/dashboard/category-stats - DashboardController.getCategoryStats - 参数: 无
2026-07-16 16:18:54.032 [http-nio-8081-exec-29] INFO  com.knockfish.aspect.LogAspect - [获取文章分类统计] 请求成功 - 执行时间: 10ms
2026-07-16 16:18:54.075 [http-nio-8081-exec-24] INFO  com.knockfish.aspect.LogAspect - [获取仪表盘概览] 请求成功 - 执行时间: 133ms
2026-07-16 16:18:56.163 [http-nio-8081-exec-30] INFO  com.knockfish.security.JwtAuthenticationFilter - === 请求路径: /api/category/with-site-count, 方法: GET
2026-07-16 16:18:56.180 [http-nio-8081-exec-30] INFO  com.knockfish.aspect.LogAspect - [查询分类列表(含统计)] 请求开始 - GET /api/category/with-site-count - CategoryController.getCategoryWithSiteCountList - 参数: {"categoryName":null}, 1, 10
2026-07-16 16:18:56.194 [http-nio-8081-exec-30] INFO  com.knockfish.aspect.LogAspect - [查询分类列表(含统计)] 请求成功 - 执行时间: 14ms
2026-07-16 16:38:20.826 [http-nio-8081-exec-35] INFO  com.knockfish.security.JwtAuthenticationFilter - === 请求路径: /api/category/with-site-count, 方法: GET
2026-07-16 16:38:20.851 [http-nio-8081-exec-35] INFO  com.knockfish.aspect.LogAspect - [查询分类列表(含统计)] 请求开始 - GET /api/category/with-site-count - CategoryController.getCategoryWithSiteCountList - 参数: {"categoryName":null}, 1, 10
2026-07-16 16:38:20.864 [http-nio-8081-exec-35] INFO  com.knockfish.aspect.LogAspect - [查询分类列表(含统计)] 请求成功 - 执行时间: 12ms
2026-07-16 16:38:38.678 [http-nio-8081-exec-43] INFO  com.knockfish.security.JwtAuthenticationFilter - === 请求路径: /api/user/page, 方法: GET
2026-07-16 16:38:38.701 [http-nio-8081-exec-43] INFO  com.knockfish.aspect.LogAspect - [查询用户列表] 请求开始 - GET /api/user/page - UserController.getUserList - 参数: {"username":null,"nickname":null,"email":null}, 1, 10
2026-07-16 16:38:38.723 [http-nio-8081-exec-43] INFO  com.knockfish.aspect.LogAspect - [查询用户列表] 请求成功 - 执行时间: 21ms
2026-07-16 17:11:26.281 [http-nio-8081-exec-44] INFO  com.knockfish.security.JwtAuthenticationFilter - === 请求路径: /api/site/with-category, 方法: GET
2026-07-16 17:11:26.443 [http-nio-8081-exec-41] INFO  com.knockfish.security.JwtAuthenticationFilter - === 请求路径: /api/category/options, 方法: GET
2026-07-16 17:11:26.463 [http-nio-8081-exec-41] INFO  com.knockfish.aspect.LogAspect - [获取分类选项] 请求开始 - GET /api/category/options - CategoryController.getCategoryOption - 参数: 无
2026-07-16 17:11:26.466 [http-nio-8081-exec-41] INFO  com.knockfish.aspect.LogAspect - [获取分类选项] 请求成功 - 执行时间: 3ms
2026-07-16 17:11:31.161 [http-nio-8081-exec-45] INFO  com.knockfish.security.JwtAuthenticationFilter - === 请求路径: /api/link/page, 方法: GET
2026-07-16 17:11:31.188 [http-nio-8081-exec-45] INFO  com.knockfish.aspect.LogAspect - [查询友链列表] 请求开始 - GET /api/link/page - LinkController.getLinkListVO - 参数: {"linkName":null}, 1, 10
2026-07-16 17:11:31.235 [http-nio-8081-exec-45] INFO  com.knockfish.aspect.LogAspect - [查询友链列表] 请求成功 - 执行时间: 47ms
2026-07-16 17:11:32.788 [http-nio-8081-exec-39] INFO  com.knockfish.security.JwtAuthenticationFilter - === 请求路径: /api/tag/page, 方法: GET
2026-07-16 17:11:32.801 [http-nio-8081-exec-39] INFO  com.knockfish.aspect.LogAspect - [查询标签列表] 请求开始 - GET /api/tag/page - TagController.getTagListVO - 参数: {"tagName":null}, 1, 10
2026-07-16 17:11:32.814 [http-nio-8081-exec-39] INFO  com.knockfish.aspect.LogAspect - [查询标签列表] 请求成功 - 执行时间: 13ms
2026-07-16 17:11:34.040 [http-nio-8081-exec-49] INFO  com.knockfish.security.JwtAuthenticationFilter - === 请求路径: /api/article/list, 方法: GET
2026-07-16 17:11:34.058 [http-nio-8081-exec-49] INFO  com.knockfish.aspect.LogAspect - [查询文章列表] 请求开始 - GET /api/article/list - ArticleController.getArticleList - 参数: {"userId":null,"title":null}, 1, 10
2026-07-16 17:11:34.070 [http-nio-8081-exec-49] INFO  com.knockfish.aspect.LogAspect - [查询文章列表] 请求成功 - 执行时间: 12ms
2026-07-16 17:11:37.385 [http-nio-8081-exec-47] INFO  com.knockfish.security.JwtAuthenticationFilter - === 请求路径: /api/user/page, 方法: GET
2026-07-16 17:11:37.400 [http-nio-8081-exec-47] INFO  com.knockfish.aspect.LogAspect - [查询用户列表] 请求开始 - GET /api/user/page - UserController.getUserList - 参数: {"username":null,"nickname":null,"email":null}, 1, 10
2026-07-16 17:11:37.421 [http-nio-8081-exec-47] INFO  com.knockfish.aspect.LogAspect - [查询用户列表] 请求成功 - 执行时间: 20ms
2026-07-16 17:11:38.517 [http-nio-8081-exec-4] INFO  com.knockfish.security.JwtAuthenticationFilter - === 请求路径: /api/permission, 方法: GET
2026-07-16 17:11:40.671 [http-nio-8081-exec-5] INFO  com.knockfish.security.JwtAuthenticationFilter - === 请求路径: /api/role/with-permission, 方法: GET
2026-07-16 17:11:49.192 [http-nio-8081-exec-7] INFO  com.knockfish.security.JwtAuthenticationFilter - === 请求路径: /api/auth/login, 方法: POST
2026-07-16 17:11:49.196 [http-nio-8081-exec-7] INFO  com.knockfish.aspect.LogAspect - [用户登录] 请求开始 - POST /api/auth/login - AuthController.login - 参数: {"username":"knockfish","password":"3414338"}
2026-07-16 17:11:49.292 [http-nio-8081-exec-7] INFO  com.knockfish.service.impl.AuthServiceImpl - 用户登录成功: username=knockfish, userId=1
2026-07-16 17:11:49.292 [http-nio-8081-exec-7] INFO  com.knockfish.aspect.LogAspect - [用户登录] 请求成功 - 执行时间: 96ms - 返回结果: {"code":200,"msg":"请求成功","data":{"userId":1,"username":"knockfish","email":"knockfish@qq.com","nickname":"knock_fish","avatar":"https://fishbarn.cn/blog/article-image/2026-06/168954af-15b9-4268-9743-080e1b495538.webp","description":"博客正在施工中……","githubUrl":null,"bilibiliUrl":null,"background":"https://fishbarn.cn/blog/1/background/06ea1755-c1b9-4480-a017-d3886431b732.webp","createTime":"2026-04-15 14:23:26","roles":null,"token":"eyJhbGciOiJIUzI1NiIsInR5cCI6IkpXVCJ9.eyJ1c2VySWQiOjEsInVzZXJuYW1lIjoia25vY2tmaXNoIiwiZXhwIjoxNzg0NTUzMTA5LCJpYXQiOjE3ODQxOTMxMDl9.iJynIBdAu4f1NQ4sEKcs-OLAmWFWiE0uZ10DgdxTkDQ"}}
2026-07-16 17:11:49.306 [http-nio-8081-exec-13] INFO  com.knockfish.security.JwtAuthenticationFilter - === 请求路径: /api/permission/user/1, 方法: GET
2026-07-16 17:11:49.612 [http-nio-8081-exec-14] INFO  com.knockfish.security.JwtAuthenticationFilter - === 请求路径: /api/dashboard/overview, 方法: GET
2026-07-16 17:11:49.611 [http-nio-8081-exec-17] INFO  com.knockfish.security.JwtAuthenticationFilter - === 请求路径: /api/dashboard/activities, 方法: GET
2026-07-16 17:11:49.612 [http-nio-8081-exec-8] INFO  com.knockfish.security.JwtAuthenticationFilter - === 请求路径: /api/dashboard/category-stats, 方法: GET
2026-07-16 17:11:49.614 [http-nio-8081-exec-11] INFO  com.knockfish.security.JwtAuthenticationFilter - === 请求路径: /api/dashboard/article-trend, 方法: GET
2026-07-16 17:11:49.625 [http-nio-8081-exec-8] INFO  com.knockfish.aspect.LogAspect - [获取文章分类统计] 请求开始 - GET /api/dashboard/category-stats - DashboardController.getCategoryStats - 参数: 无
2026-07-16 17:11:49.628 [http-nio-8081-exec-8] INFO  com.knockfish.aspect.LogAspect - [获取文章分类统计] 请求成功 - 执行时间: 2ms
2026-07-16 17:11:49.628 [http-nio-8081-exec-14] INFO  com.knockfish.aspect.LogAspect - [获取仪表盘概览] 请求开始 - GET /api/dashboard/overview - DashboardController.getOverview - 参数: 无
2026-07-16 17:11:49.628 [http-nio-8081-exec-17] INFO  com.knockfish.aspect.LogAspect - [获取最近动态] 请求开始 - GET /api/dashboard/activities - DashboardController.getActivities - 参数: 10
2026-07-16 17:11:49.628 [http-nio-8081-exec-11] INFO  com.knockfish.aspect.LogAspect - [获取文章发布趋势] 请求开始 - GET /api/dashboard/article-trend - DashboardController.getArticleTrend - 参数: "monthly", null
2026-07-16 17:11:49.633 [http-nio-8081-exec-17] INFO  com.knockfish.aspect.LogAspect - [获取最近动态] 请求成功 - 执行时间: 5ms
2026-07-16 17:11:49.635 [http-nio-8081-exec-11] INFO  com.knockfish.aspect.LogAspect - [获取文章发布趋势] 请求成功 - 执行时间: 7ms
2026-07-16 17:11:49.651 [http-nio-8081-exec-14] INFO  com.knockfish.aspect.LogAspect - [获取仪表盘概览] 请求成功 - 执行时间: 23ms
2026-07-16 17:11:51.056 [http-nio-8081-exec-10] INFO  com.knockfish.security.JwtAuthenticationFilter - === 请求路径: /api/site/with-category, 方法: GET
2026-07-16 17:11:51.139 [http-nio-8081-exec-20] INFO  com.knockfish.security.JwtAuthenticationFilter - === 请求路径: /api/category/options, 方法: GET
2026-07-16 17:11:51.148 [http-nio-8081-exec-20] INFO  com.knockfish.aspect.LogAspect - [获取分类选项] 请求开始 - GET /api/category/options - CategoryController.getCategoryOption - 参数: 无
2026-07-16 17:11:51.149 [http-nio-8081-exec-20] INFO  com.knockfish.aspect.LogAspect - [获取分类选项] 请求成功 - 执行时间: 0ms
2026-07-16 17:11:54.309 [http-nio-8081-exec-6] INFO  com.knockfish.security.JwtAuthenticationFilter - === 请求路径: /api/link/page, 方法: GET
2026-07-16 17:11:54.327 [http-nio-8081-exec-6] INFO  com.knockfish.aspect.LogAspect - [查询友链列表] 请求开始 - GET /api/link/page - LinkController.getLinkListVO - 参数: {"linkName":null}, 1, 10
2026-07-16 17:11:54.339 [http-nio-8081-exec-6] INFO  com.knockfish.aspect.LogAspect - [查询友链列表] 请求成功 - 执行时间: 12ms
2026-07-16 17:11:55.332 [http-nio-8081-exec-18] INFO  com.knockfish.security.JwtAuthenticationFilter - === 请求路径: /api/site/with-category, 方法: GET
2026-07-16 17:11:55.394 [http-nio-8081-exec-26] INFO  com.knockfish.security.JwtAuthenticationFilter - === 请求路径: /api/category/options, 方法: GET
2026-07-16 17:11:55.404 [http-nio-8081-exec-26] INFO  com.knockfish.aspect.LogAspect - [获取分类选项] 请求开始 - GET /api/category/options - CategoryController.getCategoryOption - 参数: 无
2026-07-16 17:11:55.411 [http-nio-8081-exec-26] INFO  com.knockfish.aspect.LogAspect - [获取分类选项] 请求成功 - 执行时间: 7ms
2026-07-16 17:11:56.047 [http-nio-8081-exec-21] INFO  com.knockfish.security.JwtAuthenticationFilter - === 请求路径: /api/category/with-site-count, 方法: GET
2026-07-16 17:11:56.073 [http-nio-8081-exec-21] INFO  com.knockfish.aspect.LogAspect - [查询分类列表(含统计)] 请求开始 - GET /api/category/with-site-count - CategoryController.getCategoryWithSiteCountList - 参数: {"categoryName":null}, 1, 10
2026-07-16 17:11:56.079 [http-nio-8081-exec-21] INFO  com.knockfish.aspect.LogAspect - [查询分类列表(含统计)] 请求成功 - 执行时间: 6ms
2026-07-16 17:12:03.531 [http-nio-8081-exec-22] INFO  com.knockfish.security.JwtAuthenticationFilter - === 请求路径: /api/link/page, 方法: GET
2026-07-16 17:12:03.551 [http-nio-8081-exec-22] INFO  com.knockfish.aspect.LogAspect - [查询友链列表] 请求开始 - GET /api/link/page - LinkController.getLinkListVO - 参数: {"linkName":null}, 1, 10
2026-07-16 17:12:03.556 [http-nio-8081-exec-22] INFO  com.knockfish.aspect.LogAspect - [查询友链列表] 请求成功 - 执行时间: 5ms
2026-07-16 17:12:05.726 [http-nio-8081-exec-31] INFO  com.knockfish.security.JwtAuthenticationFilter - === 请求路径: /api/user/page, 方法: GET
2026-07-16 17:12:05.742 [http-nio-8081-exec-31] INFO  com.knockfish.aspect.LogAspect - [查询用户列表] 请求开始 - GET /api/user/page - UserController.getUserList - 参数: {"username":null,"nickname":null,"email":null}, 1, 10
2026-07-16 17:12:05.766 [http-nio-8081-exec-31] INFO  com.knockfish.aspect.LogAspect - [查询用户列表] 请求成功 - 执行时间: 23ms
2026-07-16 17:21:05.415 [http-nio-8081-exec-24] INFO  com.knockfish.security.JwtAuthenticationFilter - === 请求路径: /api/user/page, 方法: GET
2026-07-16 17:21:05.437 [http-nio-8081-exec-24] INFO  com.knockfish.aspect.LogAspect - [查询用户列表] 请求开始 - GET /api/user/page - UserController.getUserList - 参数: {"username":null,"nickname":null,"email":null}, 1, 10
2026-07-16 17:21:05.462 [http-nio-8081-exec-24] INFO  com.knockfish.aspect.LogAspect - [查询用户列表] 请求成功 - 执行时间: 25ms
2026-07-16 17:25:20.425 [http-nio-8081-exec-38] INFO  com.knockfish.security.JwtAuthenticationFilter - === 请求路径: /api/category/with-site-count, 方法: GET
2026-07-16 17:25:21.364 [http-nio-8081-exec-38] INFO  com.knockfish.aspect.LogAspect - [查询分类列表(含统计)] 请求开始 - GET /api/category/with-site-count - CategoryController.getCategoryWithSiteCountList - 参数: {"categoryName":null}, 1, 10
2026-07-16 17:25:21.399 [http-nio-8081-exec-38] INFO  com.knockfish.aspect.LogAspect - [查询分类列表(含统计)] 请求成功 - 执行时间: 35ms
2026-07-16 17:26:09.847 [http-nio-8081-exec-23] INFO  com.knockfish.security.JwtAuthenticationFilter - === 请求路径: /api/site/with-category, 方法: GET
2026-07-16 17:26:10.627 [http-nio-8081-exec-34] INFO  com.knockfish.security.JwtAuthenticationFilter - === 请求路径: /api/category/options, 方法: GET
2026-07-16 17:26:10.950 [http-nio-8081-exec-34] INFO  com.knockfish.aspect.LogAspect - [获取分类选项] 请求开始 - GET /api/category/options - CategoryController.getCategoryOption - 参数: 无
2026-07-16 17:26:10.957 [http-nio-8081-exec-34] INFO  com.knockfish.aspect.LogAspect - [获取分类选项] 请求成功 - 执行时间: 6ms
2026-07-16 17:26:13.238 [http-nio-8081-exec-35] INFO  com.knockfish.security.JwtAuthenticationFilter - === 请求路径: /api/category/with-site-count, 方法: GET
2026-07-16 17:26:13.259 [http-nio-8081-exec-35] INFO  com.knockfish.aspect.LogAspect - [查询分类列表(含统计)] 请求开始 - GET /api/category/with-site-count - CategoryController.getCategoryWithSiteCountList - 参数: {"categoryName":null}, 1, 10
2026-07-16 17:26:13.334 [http-nio-8081-exec-35] INFO  com.knockfish.aspect.LogAspect - [查询分类列表(含统计)] 请求成功 - 执行时间: 74ms
2026-07-16 17:49:46.083 [background-preinit] INFO  org.hibernate.validator.internal.util.Version - HV000001: Hibernate Validator 8.0.3.Final
2026-07-16 17:49:46.154 [main] INFO  com.knockfish.KnockfishBlogBackendApplication - Starting KnockfishBlogBackendApplication using Java 17.0.9 with PID 20044 (E:\fish_blog\knockfish-blog-backend\target\classes started by DELL in E:\fish_blog\knockfish-blog-backend)
2026-07-16 17:49:46.155 [main] INFO  com.knockfish.KnockfishBlogBackendApplication - No active profile set, falling back to 1 default profile: "default"
2026-07-16 17:49:48.462 [main] INFO  org.apache.coyote.http11.Http11NioProtocol - Initializing ProtocolHandler ["http-nio-8081"]
2026-07-16 17:49:48.463 [main] INFO  org.apache.catalina.core.StandardService - Starting service [Tomcat]
2026-07-16 17:49:48.463 [main] INFO  org.apache.catalina.core.StandardEngine - Starting Servlet engine: [Apache Tomcat/10.1.53]
2026-07-16 17:49:48.535 [main] INFO  o.a.c.core.ContainerBase.[Tomcat].[localhost].[/] - Initializing Spring embedded WebApplicationContext
2026-07-16 17:49:51.656 [main] INFO  org.apache.coyote.http11.Http11NioProtocol - Starting ProtocolHandler ["http-nio-8081"]
2026-07-16 17:49:51.690 [main] INFO  com.knockfish.KnockfishBlogBackendApplication - Started KnockfishBlogBackendApplication in 6.246 seconds (process running for 7.054)
2026-07-16 17:51:22.124 [http-nio-8081-exec-7] INFO  o.a.c.core.ContainerBase.[Tomcat].[localhost].[/] - Initializing Spring DispatcherServlet 'dispatcherServlet'
2026-07-16 17:51:22.217 [http-nio-8081-exec-14] INFO  com.knockfish.security.JwtAuthenticationFilter - === 请求路径: /api/dashboard/category-stats, 方法: GET
2026-07-16 17:51:22.217 [http-nio-8081-exec-8] INFO  com.knockfish.security.JwtAuthenticationFilter - === 请求路径: /api/dashboard/overview, 方法: GET
2026-07-16 17:51:22.218 [http-nio-8081-exec-3] INFO  com.knockfish.security.JwtAuthenticationFilter - === 请求路径: /api/dashboard/article-trend, 方法: GET
2026-07-16 17:51:22.217 [http-nio-8081-exec-17] INFO  com.knockfish.security.JwtAuthenticationFilter - === 请求路径: /api/dashboard/activities, 方法: GET
2026-07-16 17:51:22.331 [http-nio-8081-exec-8] INFO  com.zaxxer.hikari.HikariDataSource - KnockfishHikariCP - Starting...
2026-07-16 17:51:22.930 [http-nio-8081-exec-8] INFO  com.zaxxer.hikari.pool.HikariPool - KnockfishHikariCP - Added connection com.mysql.cj.jdbc.ConnectionImpl@9bc152b
2026-07-16 17:51:22.936 [http-nio-8081-exec-8] INFO  com.zaxxer.hikari.HikariDataSource - KnockfishHikariCP - Start completed.
2026-07-16 17:51:23.276 [http-nio-8081-exec-8] INFO  com.knockfish.aspect.LogAspect - [获取仪表盘概览] 请求开始 - GET /api/dashboard/overview - DashboardController.getOverview - 参数: 无
2026-07-16 17:51:23.276 [http-nio-8081-exec-14] INFO  com.knockfish.aspect.LogAspect - [获取文章分类统计] 请求开始 - GET /api/dashboard/category-stats - DashboardController.getCategoryStats - 参数: 无
2026-07-16 17:51:23.289 [http-nio-8081-exec-14] INFO  com.knockfish.aspect.LogAspect - [获取文章分类统计] 请求成功 - 执行时间: 12ms
2026-07-16 17:51:23.317 [http-nio-8081-exec-3] INFO  com.knockfish.aspect.LogAspect - [获取文章发布趋势] 请求开始 - GET /api/dashboard/article-trend - DashboardController.getArticleTrend - 参数: "monthly", null
2026-07-16 17:51:23.336 [http-nio-8081-exec-17] INFO  com.knockfish.aspect.LogAspect - [获取最近动态] 请求开始 - GET /api/dashboard/activities - DashboardController.getActivities - 参数: 10
2026-07-16 17:51:23.343 [http-nio-8081-exec-3] INFO  com.knockfish.aspect.LogAspect - [获取文章发布趋势] 请求成功 - 执行时间: 26ms
2026-07-16 17:51:23.352 [http-nio-8081-exec-17] INFO  com.knockfish.aspect.LogAspect - [获取最近动态] 请求成功 - 执行时间: 15ms
2026-07-16 17:51:23.379 [http-nio-8081-exec-8] INFO  com.knockfish.aspect.LogAspect - [获取仪表盘概览] 请求成功 - 执行时间: 102ms
2026-07-16 17:51:25.388 [http-nio-8081-exec-11] INFO  com.knockfish.security.JwtAuthenticationFilter - === 请求路径: /api/article/list, 方法: GET
2026-07-16 17:51:25.430 [http-nio-8081-exec-11] INFO  com.knockfish.aspect.LogAspect - [查询文章列表] 请求开始 - GET /api/article/list - ArticleController.getArticleList - 参数: {"userId":null,"title":null}, 1, 10
2026-07-16 17:51:25.577 [http-nio-8081-exec-11] INFO  com.knockfish.aspect.LogAspect - [查询文章列表] 请求成功 - 执行时间: 146ms
2026-07-16 17:51:32.488 [http-nio-8081-exec-10] INFO  com.knockfish.security.JwtAuthenticationFilter - === 请求路径: /api/article/list, 方法: GET
2026-07-16 17:51:32.512 [http-nio-8081-exec-10] INFO  com.knockfish.aspect.LogAspect - [查询文章列表] 请求开始 - GET /api/article/list - ArticleController.getArticleList - 参数: {"userId":null,"title":null}, 1, 10
2026-07-16 17:51:32.527 [http-nio-8081-exec-10] INFO  com.knockfish.aspect.LogAspect - [查询文章列表] 请求成功 - 执行时间: 14ms
2026-07-16 17:51:34.452 [http-nio-8081-exec-29] INFO  com.knockfish.security.JwtAuthenticationFilter - === 请求路径: /api/category/with-site-count, 方法: GET
2026-07-16 17:51:34.462 [http-nio-8081-exec-29] INFO  com.knockfish.aspect.LogAspect - [查询分类列表(含统计)] 请求开始 - GET /api/category/with-site-count - CategoryController.getCategoryWithSiteCountList - 参数: {"categoryName":null}, 1, 10
2026-07-16 17:51:34.480 [http-nio-8081-exec-29] INFO  com.knockfish.aspect.LogAspect - [查询分类列表(含统计)] 请求成功 - 执行时间: 18ms
2026-07-16 17:51:36.928 [http-nio-8081-exec-15] INFO  com.knockfish.security.JwtAuthenticationFilter - === 请求路径: /api/tag/page, 方法: GET
2026-07-16 17:51:36.940 [http-nio-8081-exec-15] INFO  com.knockfish.aspect.LogAspect - [查询标签列表] 请求开始 - GET /api/tag/page - TagController.getTagListVO - 参数: {"tagName":null}, 1, 10
2026-07-16 17:51:36.955 [http-nio-8081-exec-15] INFO  com.knockfish.aspect.LogAspect - [查询标签列表] 请求成功 - 执行时间: 15ms
2026-07-16 17:57:55.972 [http-nio-8081-exec-21] INFO  com.knockfish.security.JwtAuthenticationFilter - === 请求路径: /api/site/with-category, 方法: GET
2026-07-16 17:57:56.123 [http-nio-8081-exec-23] INFO  com.knockfish.security.JwtAuthenticationFilter - === 请求路径: /api/category/options, 方法: GET
2026-07-16 17:57:56.145 [http-nio-8081-exec-23] INFO  com.knockfish.aspect.LogAspect - [获取分类选项] 请求开始 - GET /api/category/options - CategoryController.getCategoryOption - 参数: 无
2026-07-16 17:57:56.150 [http-nio-8081-exec-23] INFO  com.knockfish.aspect.LogAspect - [获取分类选项] 请求成功 - 执行时间: 4ms
2026-07-16 17:58:01.193 [http-nio-8081-exec-24] INFO  com.knockfish.security.JwtAuthenticationFilter - === 请求路径: /api/site/with-category, 方法: GET
2026-07-16 17:58:01.255 [http-nio-8081-exec-25] INFO  com.knockfish.security.JwtAuthenticationFilter - === 请求路径: /api/category/options, 方法: GET
2026-07-16 17:58:01.269 [http-nio-8081-exec-25] INFO  com.knockfish.aspect.LogAspect - [获取分类选项] 请求开始 - GET /api/category/options - CategoryController.getCategoryOption - 参数: 无
2026-07-16 17:58:01.271 [http-nio-8081-exec-25] INFO  com.knockfish.aspect.LogAspect - [获取分类选项] 请求成功 - 执行时间: 2ms
2026-07-16 17:58:10.660 [http-nio-8081-exec-26] INFO  com.knockfish.security.JwtAuthenticationFilter - === 请求路径: /api/site/with-category, 方法: GET
2026-07-16 17:58:10.729 [http-nio-8081-exec-27] INFO  com.knockfish.security.JwtAuthenticationFilter - === 请求路径: /api/category/options, 方法: GET
2026-07-16 17:58:10.739 [http-nio-8081-exec-27] INFO  com.knockfish.aspect.LogAspect - [获取分类选项] 请求开始 - GET /api/category/options - CategoryController.getCategoryOption - 参数: 无
2026-07-16 17:58:10.740 [http-nio-8081-exec-27] INFO  com.knockfish.aspect.LogAspect - [获取分类选项] 请求成功 - 执行时间: 1ms
2026-07-16 17:58:36.091 [http-nio-8081-exec-12] INFO  com.knockfish.security.JwtAuthenticationFilter - === 请求路径: /api/site/with-category, 方法: GET
2026-07-16 17:58:36.204 [http-nio-8081-exec-13] INFO  com.knockfish.security.JwtAuthenticationFilter - === 请求路径: /api/category/options, 方法: GET
2026-07-16 17:58:36.233 [http-nio-8081-exec-13] INFO  com.knockfish.aspect.LogAspect - [获取分类选项] 请求开始 - GET /api/category/options - CategoryController.getCategoryOption - 参数: 无
2026-07-16 17:58:36.237 [http-nio-8081-exec-13] INFO  com.knockfish.aspect.LogAspect - [获取分类选项] 请求成功 - 执行时间: 3ms
2026-07-16 18:49:54.855 [http-nio-8081-exec-2] INFO  com.knockfish.security.JwtAuthenticationFilter - === 请求路径: /api/site/with-category, 方法: GET
2026-07-16 18:49:55.605 [http-nio-8081-exec-33] INFO  com.knockfish.security.JwtAuthenticationFilter - === 请求路径: /api/category/options, 方法: GET
2026-07-16 18:49:55.618 [http-nio-8081-exec-33] INFO  com.knockfish.aspect.LogAspect - [获取分类选项] 请求开始 - GET /api/category/options - CategoryController.getCategoryOption - 参数: 无
2026-07-16 18:49:55.620 [http-nio-8081-exec-33] INFO  com.knockfish.aspect.LogAspect - [获取分类选项] 请求成功 - 执行时间: 2ms
2026-07-16 19:42:29.320 [http-nio-8081-exec-16] INFO  com.knockfish.security.JwtAuthenticationFilter - === 请求路径: /api/tag/page, 方法: GET
2026-07-16 19:42:29.395 [http-nio-8081-exec-16] INFO  com.knockfish.aspect.LogAspect - [查询标签列表] 请求开始 - GET /api/tag/page - TagController.getTagListVO - 参数: {"tagName":null}, 1, 10
2026-07-16 19:42:29.447 [http-nio-8081-exec-16] INFO  com.knockfish.aspect.LogAspect - [查询标签列表] 请求成功 - 执行时间: 50ms
2026-07-16 19:43:09.431 [http-nio-8081-exec-37] INFO  com.knockfish.security.JwtAuthenticationFilter - === 请求路径: /api/tag/page, 方法: GET
2026-07-16 19:43:09.454 [http-nio-8081-exec-37] INFO  com.knockfish.aspect.LogAspect - [查询标签列表] 请求开始 - GET /api/tag/page - TagController.getTagListVO - 参数: {"tagName":null}, 1, 10
2026-07-16 19:43:09.467 [http-nio-8081-exec-37] INFO  com.knockfish.aspect.LogAspect - [查询标签列表] 请求成功 - 执行时间: 13ms
2026-07-16 19:43:58.572 [http-nio-8081-exec-39] INFO  com.knockfish.security.JwtAuthenticationFilter - === 请求路径: /api/tag/page, 方法: GET
2026-07-16 19:43:58.593 [http-nio-8081-exec-39] INFO  com.knockfish.aspect.LogAspect - [查询标签列表] 请求开始 - GET /api/tag/page - TagController.getTagListVO - 参数: {"tagName":null}, 1, 10
2026-07-16 19:43:58.602 [http-nio-8081-exec-39] INFO  com.knockfish.aspect.LogAspect - [查询标签列表] 请求成功 - 执行时间: 8ms
2026-07-16 20:02:27.805 [http-nio-8081-exec-41] INFO  com.knockfish.security.JwtAuthenticationFilter - === 请求路径: /api/tag/page, 方法: GET
2026-07-16 20:02:27.876 [http-nio-8081-exec-41] INFO  com.knockfish.aspect.LogAspect - [查询标签列表] 请求开始 - GET /api/tag/page - TagController.getTagListVO - 参数: {"tagName":null}, 1, 10
2026-07-16 20:02:27.891 [http-nio-8081-exec-41] INFO  com.knockfish.aspect.LogAspect - [查询标签列表] 请求成功 - 执行时间: 15ms
2026-07-16 20:03:10.856 [http-nio-8081-exec-43] INFO  com.knockfish.security.JwtAuthenticationFilter - === 请求路径: /api/tag/page, 方法: GET
2026-07-16 20:03:10.910 [http-nio-8081-exec-43] INFO  com.knockfish.aspect.LogAspect - [查询标签列表] 请求开始 - GET /api/tag/page - TagController.getTagListVO - 参数: {"tagName":null}, 1, 10
2026-07-16 20:03:10.936 [http-nio-8081-exec-43] INFO  com.knockfish.aspect.LogAspect - [查询标签列表] 请求成功 - 执行时间: 26ms
2026-07-16 20:41:14.886 [http-nio-8081-exec-22] INFO  com.knockfish.security.JwtAuthenticationFilter - === 请求路径: /api/tag/page, 方法: GET
2026-07-16 20:41:14.922 [http-nio-8081-exec-22] INFO  com.knockfish.aspect.LogAspect - [查询标签列表] 请求开始 - GET /api/tag/page - TagController.getTagListVO - 参数: {"tagName":null}, 1, 10
2026-07-16 20:41:14.950 [http-nio-8081-exec-22] INFO  com.knockfish.aspect.LogAspect - [查询标签列表] 请求成功 - 执行时间: 27ms
2026-07-16 20:43:37.502 [http-nio-8081-exec-49] INFO  com.knockfish.security.JwtAuthenticationFilter - === 请求路径: /api/tag/page, 方法: GET
2026-07-16 20:43:37.536 [http-nio-8081-exec-49] INFO  com.knockfish.aspect.LogAspect - [查询标签列表] 请求开始 - GET /api/tag/page - TagController.getTagListVO - 参数: {"tagName":null}, 1, 10
2026-07-16 20:43:37.567 [http-nio-8081-exec-49] INFO  com.knockfish.aspect.LogAspect - [查询标签列表] 请求成功 - 执行时间: 31ms
2026-07-16 21:02:29.907 [http-nio-8081-exec-50] INFO  com.knockfish.security.JwtAuthenticationFilter - === 请求路径: /api/tag/page, 方法: GET
2026-07-16 21:02:29.937 [http-nio-8081-exec-50] INFO  com.knockfish.aspect.LogAspect - [查询标签列表] 请求开始 - GET /api/tag/page - TagController.getTagListVO - 参数: {"tagName":null}, 1, 10
2026-07-16 21:02:29.949 [http-nio-8081-exec-50] INFO  com.knockfish.aspect.LogAspect - [查询标签列表] 请求成功 - 执行时间: 12ms
2026-07-16 21:03:17.216 [http-nio-8081-exec-9] INFO  com.knockfish.security.JwtAuthenticationFilter - === 请求路径: /api/tag/page, 方法: GET
2026-07-16 21:03:17.249 [http-nio-8081-exec-9] INFO  com.knockfish.aspect.LogAspect - [查询标签列表] 请求开始 - GET /api/tag/page - TagController.getTagListVO - 参数: {"tagName":null}, 1, 10
2026-07-16 21:03:17.271 [http-nio-8081-exec-9] INFO  com.knockfish.aspect.LogAspect - [查询标签列表] 请求成功 - 执行时间: 22ms
2026-07-16 22:29:21.857 [SpringApplicationShutdownHook] INFO  com.zaxxer.hikari.HikariDataSource - KnockfishHikariCP - Shutdown initiated...
2026-07-16 22:29:21.911 [SpringApplicationShutdownHook] INFO  com.zaxxer.hikari.HikariDataSource - KnockfishHikariCP - Shutdown completed.
